[Apr26 17:21] Linux version 6.2.12-zen1-1-zen (linux-zen@archlinux) (gcc (GCC) 12.2.1 20230201, GNU ld (GNU Binutils) 2.40) #1 ZEN SMP PREEMPT_DYNAMIC Thu, 20 Apr 2023 16:11:27 +0000
[  +0.000000] Command line: BOOT_IMAGE=/vmlinuz-linux-zen root=UUID=eb0f27d9-17de-4fe3-96d3-89bbde76f272 rw rd.udev.log_priority=3 vt.global_cursor_default=0 log_buf_len=1M print-fatal-signals=1 loglevel=3 audit=0 console=tty0 console=ttys0,115200n0 no_timer_check noreplace-smp rcupdate.rcu_expedited=1 tsc=reliable lsm=yama,safesetid,confidentiality,landlock,lockdown,apparmor,bpf l1tf=flush,nosmt mds=full,nosmt tsx_async_abort=full,nosmt mmio_stale_data=full,nosmt retbleed=auto,nosmt mitigations=auto,nosmt nosmt=force pcie_aspm=force init_on_alloc=1 init_on_free=1 page_alloc.shuffle=1 vsyscall=none mce=0 debugfs=on randomize_kstack_offset=on slab_nomerge pti=on slub_debug=ZF slub_debug=P page_poison=on fsck.mode=force mem_encrypt=on vsyscall=none amd_iommu=force_isolation amdgpu.vm_update_mode=0 amdgpu.gpu_recovery=1 amdgpu.virtual_display=NULL amdgpu.audio=1 amdgpu.lbpw=1 amdgpu.tmz=1 amdgpu.freesync_video=1 iommu.strict=1 fsck.mode=force fsck.repair=yes efi=disable_early_pci_dma trace_c
[  +0.000000] x86/fpu: Supporting XSAVE feature 0x001: 'x87 floating point registers'
[  +0.000000] x86/fpu: Supporting XSAVE feature 0x002: 'SSE registers'
[  +0.000000] x86/fpu: Supporting XSAVE feature 0x004: 'AVX registers'
[  +0.000000] x86/fpu: Supporting XSAVE feature 0x200: 'Protection Keys User registers'
[  +0.000000] x86/fpu: xstate_offset[2]:  576, xstate_sizes[2]:  256
[  +0.000000] x86/fpu: xstate_offset[9]:  832, xstate_sizes[9]:    8
[  +0.000000] x86/fpu: Enabled xstate features 0x207, context size is 840 bytes, using 'compacted' format.
[  +0.000000] signal: max sigframe size: 3376
[  +0.000000] BIOS-provided physical RAM map:
[  +0.000000] BIOS-e820: [mem 0x0000000000000000-0x000000000009ffff] usable
[  +0.000000] BIOS-e820: [mem 0x00000000000a0000-0x00000000000fffff] reserved
[  +0.000000] BIOS-e820: [mem 0x0000000000100000-0x0000000009d1efff] usable
[  +0.000000] BIOS-e820: [mem 0x0000000009d1f000-0x0000000009ffffff] reserved
[  +0.000000] BIOS-e820: [mem 0x000000000a000000-0x000000000a1fffff] usable
[  +0.000000] BIOS-e820: [mem 0x000000000a200000-0x000000000a20efff] ACPI NVS
[  +0.000000] BIOS-e820: [mem 0x000000000a20f000-0x000000000affffff] usable
[  +0.000000] BIOS-e820: [mem 0x000000000b000000-0x000000000b01ffff] reserved
[  +0.000000] BIOS-e820: [mem 0x000000000b020000-0x00000000c3f77fff] usable
[  +0.000000] BIOS-e820: [mem 0x00000000c3f78000-0x00000000c4280fff] reserved
[  +0.000000] BIOS-e820: [mem 0x00000000c4281000-0x00000000c42d2fff] ACPI data
[  +0.000000] BIOS-e820: [mem 0x00000000c42d3000-0x00000000c5a4efff] ACPI NVS
[  +0.000000] BIOS-e820: [mem 0x00000000c5a4f000-0x00000000c6959fff] reserved
[  +0.000000] BIOS-e820: [mem 0x00000000c695a000-0x00000000c69fefff] type 20
[  +0.000000] BIOS-e820: [mem 0x00000000c69ff000-0x00000000c7ffffff] usable
[  +0.000000] BIOS-e820: [mem 0x00000000c8000000-0x00000000caffffff] reserved
[  +0.000000] BIOS-e820: [mem 0x00000000cf000000-0x00000000cfffffff] reserved
[  +0.000000] BIOS-e820: [mem 0x00000000f0000000-0x00000000f7ffffff] reserved
[  +0.000000] BIOS-e820: [mem 0x00000000fd200000-0x00000000fd2fffff] reserved
[  +0.000000] BIOS-e820: [mem 0x00000000fd600000-0x00000000fd6fffff] reserved
[  +0.000000] BIOS-e820: [mem 0x00000000fea00000-0x00000000fea0ffff] reserved
[  +0.000000] BIOS-e820: [mem 0x00000000feb80000-0x00000000fec01fff] reserved
[  +0.000000] BIOS-e820: [mem 0x00000000fec10000-0x00000000fec10fff] reserved
[  +0.000000] BIOS-e820: [mem 0x00000000fec30000-0x00000000fec30fff] reserved
[  +0.000000] BIOS-e820: [mem 0x00000000fed00000-0x00000000fed00fff] reserved
[  +0.000000] BIOS-e820: [mem 0x00000000fed40000-0x00000000fed44fff] reserved
[  +0.000000] BIOS-e820: [mem 0x00000000fed80000-0x00000000fed8ffff] reserved
[  +0.000000] BIOS-e820: [mem 0x00000000fedc2000-0x00000000fedcffff] reserved
[  +0.000000] BIOS-e820: [mem 0x00000000fedd4000-0x00000000fedd5fff] reserved
[  +0.000000] BIOS-e820: [mem 0x00000000ff000000-0x00000000ffffffff] reserved
[  +0.000000] BIOS-e820: [mem 0x0000000100000000-0x000000040e2fffff] usable
[  +0.000000] BIOS-e820: [mem 0x000000040e300000-0x000000042fffffff] reserved
[  +0.000000] SMT: Force disabled
[  +0.000000] NX (Execute Disable) protection: active
[  +0.000000] efi: EFI v2.70 by American Megatrends
[  +0.000000] efi: ACPI=0xc42d2000 ACPI 2.0=0xc42d2014 SMBIOS=0xc67f0000 SMBIOS 3.0=0xc67ef000 MEMATTR=0xc26d5418 ESRT=0xc2b2ba18 
[  +0.000000] efi: Remove mem72: MMIO range=[0xf0000000-0xf7ffffff] (128MB) from e820 map
[  +0.000000] e820: remove [mem 0xf0000000-0xf7ffffff] reserved
[  +0.000000] efi: Remove mem73: MMIO range=[0xfd200000-0xfd2fffff] (1MB) from e820 map
[  +0.000000] e820: remove [mem 0xfd200000-0xfd2fffff] reserved
[  +0.000000] efi: Remove mem74: MMIO range=[0xfd600000-0xfd6fffff] (1MB) from e820 map
[  +0.000000] e820: remove [mem 0xfd600000-0xfd6fffff] reserved
[  +0.000000] efi: Not removing mem75: MMIO range=[0xfea00000-0xfea0ffff] (64KB) from e820 map
[  +0.000000] efi: Remove mem76: MMIO range=[0xfeb80000-0xfec01fff] (0MB) from e820 map
[  +0.000000] e820: remove [mem 0xfeb80000-0xfec01fff] reserved
[  +0.000000] efi: Not removing mem77: MMIO range=[0xfec10000-0xfec10fff] (4KB) from e820 map
[  +0.000000] efi: Not removing mem78: MMIO range=[0xfec30000-0xfec30fff] (4KB) from e820 map
[  +0.000000] efi: Not removing mem79: MMIO range=[0xfed00000-0xfed00fff] (4KB) from e820 map
[  +0.000000] efi: Not removing mem80: MMIO range=[0xfed40000-0xfed44fff] (20KB) from e820 map
[  +0.000000] efi: Not removing mem81: MMIO range=[0xfed80000-0xfed8ffff] (64KB) from e820 map
[  +0.000000] efi: Not removing mem82: MMIO range=[0xfedc2000-0xfedcffff] (56KB) from e820 map
[  +0.000000] efi: Not removing mem83: MMIO range=[0xfedd4000-0xfedd5fff] (8KB) from e820 map
[  +0.000000] efi: Remove mem84: MMIO range=[0xff000000-0xffffffff] (16MB) from e820 map
[  +0.000000] e820: remove [mem 0xff000000-0xffffffff] reserved
[  +0.000000] SMBIOS 3.3.0 present.
[  +0.000000] DMI: ASUS System Product Name/ROG STRIX B550-F GAMING, BIOS 3002 02/23/2023
[  +0.000000] tsc: Fast TSC calibration using PIT
[  +0.000000] tsc: Detected 3792.723 MHz processor
[  +0.000000] e820: update [mem 0x00000000-0x00000fff] usable ==> reserved
[  +0.000002] e820: remove [mem 0x000a0000-0x000fffff] usable
[  +0.000006] last_pfn = 0x40e300 max_arch_pfn = 0x400000000
[  +0.000005] x86/PAT: Configuration [0-7]: WB  WC  UC- UC  WB  WP  UC- WT  
[  +0.000562] e820: update [mem 0xd0000000-0xffffffff] usable ==> reserved
[  +0.000006] last_pfn = 0xc8000 max_arch_pfn = 0x400000000
[  +0.002612] esrt: Reserving ESRT space from 0x00000000c2b2ba18 to 0x00000000c2b2ba50.
[  +0.000005] e820: update [mem 0xc2b2b000-0xc2b2bfff] usable ==> reserved
[  +0.000013] Kernel/User page tables isolation: force enabled on command line.
[  +0.000002] Using GB pages for direct mapping
[  +0.000778] printk: log_buf_len: 1048576 bytes
[  +0.000001] printk: early log buf free: 124376(94%)
[  +0.000001] Secure boot disabled
[  +0.000000] RAMDISK: [mem 0x340d3000-0x36060fff]
[  +0.000004] ACPI: Early table checksum verification disabled
[  +0.000002] ACPI: RSDP 0x00000000C42D2014 000024 (v02 ALASKA)
[  +0.000003] ACPI: XSDT 0x00000000C42D1728 0000CC (v01 ALASKA A M I    01072009 AMI  01000013)
[  +0.000003] ACPI: FACP 0x00000000C42C2000 000114 (v06 ALASKA A M I    01072009 AMI  00010013)
[  +0.000004] ACPI: DSDT 0x00000000C42B6000 00B51E (v02 ALASKA A M I    01072009 INTL 20120913)
[  +0.000002] ACPI: FACS 0x00000000C4A34000 000040
[  +0.000001] ACPI: IVRS 0x00000000C42D0000 0000D0 (v02 AMD    AmdTable 00000001 AMD  00000001)
[  +0.000002] ACPI: SSDT 0x00000000C42C8000 0072B0 (v02 AMD    Artic    00000002 MSFT 04000000)
[  +0.000001] ACPI: SSDT 0x00000000C42C4000 003B8E (v02 AMD    AMD AOD  00000001 INTL 20120913)
[  +0.000002] ACPI: SSDT 0x00000000C42C3000 000139 (v02 ALASKA CPUSSDT  01072009 AMI  01072009)
[  +0.000001] ACPI: FIDT 0x00000000C42B5000 00009C (v01 ALASKA A M I    01072009 AMI  00010013)
[  +0.000001] ACPI: FPDT 0x00000000C4291000 000044 (v01 ALASKA A M I    01072009 AMI  01000013)
[  +0.000002] ACPI: MCFG 0x00000000C42B3000 00003C (v01 ALASKA A M I    01072009 MSFT 00010013)
[  +0.000001] ACPI: HPET 0x00000000C42B2000 000038 (v01 ALASKA A M I    01072009 AMI  00000005)
[  +0.000002] ACPI: VFCT 0x00000000C42A3000 00D884 (v01 ALASKA A M I    00000001 AMD  31504F47)
[  +0.000001] ACPI: BGRT 0x00000000C42A2000 000038 (v01 ALASKA A M I    01072009 AMI  00010013)
[  +0.000002] ACPI: SSDT 0x00000000C429F000 0028A4 (v02 AMD    AmdTable 00000001 AMD  00000001)
[  +0.000001] ACPI: CRAT 0x00000000C429E000 000EE8 (v01 AMD    AmdTable 00000001 AMD  00000001)
[  +0.000002] ACPI: CDIT 0x00000000C429D000 000029 (v01 AMD    AmdTable 00000001 AMD  00000001)
[  +0.000001] ACPI: SSDT 0x00000000C429C000 000D53 (v02 AMD    ArticIG2 00000001 INTL 20120913)
[  +0.000002] ACPI: SSDT 0x00000000C429A000 0010C1 (v02 AMD    ArticTPX 00000001 INTL 20120913)
[  +0.000001] ACPI: SSDT 0x00000000C4296000 003E6E (v02 AMD    ArticN   00000001 INTL 20120913)
[  +0.000001] ACPI: WSMT 0x00000000C4295000 000028 (v01 ALASKA A M I    01072009 AMI  00010013)
[  +0.000002] ACPI: APIC 0x00000000C4294000 00015E (v04 ALASKA A M I    01072009 AMI  00010013)
[  +0.000001] ACPI: SSDT 0x00000000C4293000 00007D (v02 AMD    ArticDIS 00000001 INTL 20120913)
[  +0.000002] ACPI: SSDT 0x00000000C4292000 0000BF (v01 AMD    AmdTable 00001000 INTL 20120913)
[  +0.000001] ACPI: Reserving FACP table memory at [mem 0xc42c2000-0xc42c2113]
[  +0.000001] ACPI: Reserving DSDT table memory at [mem 0xc42b6000-0xc42c151d]
[  +0.000000] ACPI: Reserving FACS table memory at [mem 0xc4a34000-0xc4a3403f]
[  +0.000001] ACPI: Reserving IVRS table memory at [mem 0xc42d0000-0xc42d00cf]
[  +0.000000] ACPI: Reserving SSDT table memory at [mem 0xc42c8000-0xc42cf2af]
[  +0.000000] ACPI: Reserving SSDT table memory at [mem 0xc42c4000-0xc42c7b8d]
[  +0.000001] ACPI: Reserving SSDT table memory at [mem 0xc42c3000-0xc42c3138]
[  +0.000000] ACPI: Reserving FIDT table memory at [mem 0xc42b5000-0xc42b509b]
[  +0.000001] ACPI: Reserving FPDT table memory at [mem 0xc4291000-0xc4291043]
[  +0.000000] ACPI: Reserving MCFG table memory at [mem 0xc42b3000-0xc42b303b]
[  +0.000001] ACPI: Reserving HPET table memory at [mem 0xc42b2000-0xc42b2037]
[  +0.000000] ACPI: Reserving VFCT table memory at [mem 0xc42a3000-0xc42b0883]
[  +0.000000] ACPI: Reserving BGRT table memory at [mem 0xc42a2000-0xc42a2037]
[  +0.000001] ACPI: Reserving SSDT table memory at [mem 0xc429f000-0xc42a18a3]
[  +0.000000] ACPI: Reserving CRAT table memory at [mem 0xc429e000-0xc429eee7]
[  +0.000001] ACPI: Reserving CDIT table memory at [mem 0xc429d000-0xc429d028]
[  +0.000000] ACPI: Reserving SSDT table memory at [mem 0xc429c000-0xc429cd52]
[  +0.000000] ACPI: Reserving SSDT table memory at [mem 0xc429a000-0xc429b0c0]
[  +0.000001] ACPI: Reserving SSDT table memory at [mem 0xc4296000-0xc4299e6d]
[  +0.000000] ACPI: Reserving WSMT table memory at [mem 0xc4295000-0xc4295027]
[  +0.000001] ACPI: Reserving APIC table memory at [mem 0xc4294000-0xc429415d]
[  +0.000000] ACPI: Reserving SSDT table memory at [mem 0xc4293000-0xc429307c]
[  +0.000001] ACPI: Reserving SSDT table memory at [mem 0xc4292000-0xc42920be]
[  +0.000050] No NUMA configuration found
[  +0.000001] Faking a node at [mem 0x0000000000000000-0x000000040e2fffff]
[  +0.000002] NODE_DATA(0) allocated [mem 0x40de7b000-0x40de7ffff]
[  +0.000019] Zone ranges:
[  +0.000000]   DMA      [mem 0x0000000000001000-0x0000000000ffffff]
[  +0.000001]   DMA32    [mem 0x0000000001000000-0x00000000ffffffff]
[  +0.000001]   Normal   [mem 0x0000000100000000-0x000000040e2fffff]
[  +0.000001]   Device   empty
[  +0.000001] Movable zone start for each node
[  +0.000000] Early memory node ranges
[  +0.000000]   node   0: [mem 0x0000000000001000-0x000000000009ffff]
[  +0.000001]   node   0: [mem 0x0000000000100000-0x0000000009d1efff]
[  +0.000001]   node   0: [mem 0x000000000a000000-0x000000000a1fffff]
[  +0.000000]   node   0: [mem 0x000000000a20f000-0x000000000affffff]
[  +0.000001]   node   0: [mem 0x000000000b020000-0x00000000c3f77fff]
[  +0.000000]   node   0: [mem 0x00000000c69ff000-0x00000000c7ffffff]
[  +0.000000]   node   0: [mem 0x0000000100000000-0x000000040e2fffff]
[  +0.000002] Initmem setup node 0 [mem 0x0000000000001000-0x000000040e2fffff]
[  +0.000003] On node 0, zone DMA: 1 pages in unavailable ranges
[  +0.000011] On node 0, zone DMA: 96 pages in unavailable ranges
[  +0.000097] On node 0, zone DMA32: 737 pages in unavailable ranges
[  +0.000009] On node 0, zone DMA32: 15 pages in unavailable ranges
[  +0.003510] On node 0, zone DMA32: 32 pages in unavailable ranges
[  +0.000088] On node 0, zone DMA32: 10887 pages in unavailable ranges
[  +0.015831] On node 0, zone Normal: 7424 pages in unavailable ranges
[  +0.000387] ACPI: PM-Timer IO Port: 0x808
[  +0.000006] ACPI: LAPIC_NMI (acpi_id[0xff] high edge lint[0x1])
[  +0.000012] IOAPIC[0]: apic_id 9, version 33, address 0xfec00000, GSI 0-23
[  +0.000004] IOAPIC[1]: apic_id 10, version 33, address 0xfec01000, GSI 24-55
[  +0.000002] ACPI: INT_SRC_OVR (bus 0 bus_irq 0 global_irq 2 dfl dfl)
[  +0.000001] ACPI: INT_SRC_OVR (bus 0 bus_irq 9 global_irq 9 low level)
[  +0.000003] ACPI: Using ACPI (MADT) for SMP configuration information
[  +0.000001] ACPI: HPET id: 0x10228201 base: 0xfed00000
[  +0.000006] e820: update [mem 0xc0696000-0xc0789fff] usable ==> reserved
[  +0.000011] smpboot: Allowing 32 CPUs, 24 hotplug CPUs
[  +0.000017] PM: hibernation: Registered nosave memory: [mem 0x00000000-0x00000fff]
[  +0.000001] PM: hibernation: Registered nosave memory: [mem 0x000a0000-0x000fffff]
[  +0.000001] PM: hibernation: Registered nosave memory: [mem 0x09d1f000-0x09ffffff]
[  +0.000001] PM: hibernation: Registered nosave memory: [mem 0x0a200000-0x0a20efff]
[  +0.000001] PM: hibernation: Registered nosave memory: [mem 0x0b000000-0x0b01ffff]
[  +0.000000] PM: hibernation: Registered nosave memory: [mem 0xc0696000-0xc0789fff]
[  +0.000001] PM: hibernation: Registered nosave memory: [mem 0xc2b2b000-0xc2b2bfff]
[  +0.000001] PM: hibernation: Registered nosave memory: [mem 0xc3f78000-0xc4280fff]
[  +0.000001] PM: hibernation: Registered nosave memory: [mem 0xc4281000-0xc42d2fff]
[  +0.000000] PM: hibernation: Registered nosave memory: [mem 0xc42d3000-0xc5a4efff]
[  +0.000000] PM: hibernation: Registered nosave memory: [mem 0xc5a4f000-0xc6959fff]
[  +0.000001] PM: hibernation: Registered nosave memory: [mem 0xc695a000-0xc69fefff]
[  +0.000000] PM: hibernation: Registered nosave memory: [mem 0xc8000000-0xcaffffff]
[  +0.000001] PM: hibernation: Registered nosave memory: [mem 0xcb000000-0xceffffff]
[  +0.000000] PM: hibernation: Registered nosave memory: [mem 0xcf000000-0xcfffffff]
[  +0.000000] PM: hibernation: Registered nosave memory: [mem 0xd0000000-0xfe9fffff]
[  +0.000001] PM: hibernation: Registered nosave memory: [mem 0xfea00000-0xfea0ffff]
[  +0.000000] PM: hibernation: Registered nosave memory: [mem 0xfea10000-0xfec0ffff]
[  +0.000000] PM: hibernation: Registered nosave memory: [mem 0xfec10000-0xfec10fff]
[  +0.000001] PM: hibernation: Registered nosave memory: [mem 0xfec11000-0xfec2ffff]
[  +0.000000] PM: hibernation: Registered nosave memory: [mem 0xfec30000-0xfec30fff]
[  +0.000000] PM: hibernation: Registered nosave memory: [mem 0xfec31000-0xfecfffff]
[  +0.000001] PM: hibernation: Registered nosave memory: [mem 0xfed00000-0xfed00fff]
[  +0.000000] PM: hibernation: Registered nosave memory: [mem 0xfed01000-0xfed3ffff]
[  +0.000000] PM: hibernation: Registered nosave memory: [mem 0xfed40000-0xfed44fff]
[  +0.000000] PM: hibernation: Registered nosave memory: [mem 0xfed45000-0xfed7ffff]
[  +0.000001] PM: hibernation: Registered nosave memory: [mem 0xfed80000-0xfed8ffff]
[  +0.000000] PM: hibernation: Registered nosave memory: [mem 0xfed90000-0xfedc1fff]
[  +0.000000] PM: hibernation: Registered nosave memory: [mem 0xfedc2000-0xfedcffff]
[  +0.000001] PM: hibernation: Registered nosave memory: [mem 0xfedd0000-0xfedd3fff]
[  +0.000000] PM: hibernation: Registered nosave memory: [mem 0xfedd4000-0xfedd5fff]
[  +0.000000] PM: hibernation: Registered nosave memory: [mem 0xfedd6000-0xffffffff]
[  +0.000001] [mem 0xd0000000-0xfe9fffff] available for PCI devices
[  +0.000001] Booting paravirtualized kernel on bare hardware
[  +0.000002] clocksource: refined-jiffies: mask: 0xffffffff max_cycles: 0xffffffff, max_idle_ns: 1910969940391419 ns
[  +0.003256] setup_percpu: NR_CPUS:320 nr_cpumask_bits:32 nr_cpu_ids:32 nr_node_ids:1
[  +0.000835] percpu: Embedded 63 pages/cpu s221184 r8192 d28672 u262144
[  +0.000006] pcpu-alloc: s221184 r8192 d28672 u262144 alloc=1*2097152
[  +0.000001] pcpu-alloc: [0] 00 01 02 03 04 05 06 07 [0] 08 09 10 11 12 13 14 15 
[  +0.000005] pcpu-alloc: [0] 16 17 18 19 20 21 22 23 [0] 24 25 26 27 28 29 30 31 
[  +0.000016] Fallback order for Node 0: 0 
[  +0.000002] Built 1 zonelists, mobility grouping on.  Total pages: 3948435
[  +0.000001] Policy zone: Normal
[  +0.000001] Kernel command line: BOOT_IMAGE=/vmlinuz-linux-zen root=UUID=eb0f27d9-17de-4fe3-96d3-89bbde76f272 rw rd.udev.log_priority=3 vt.global_cursor_default=0 log_buf_len=1M print-fatal-signals=1 loglevel=3 audit=0 console=tty0 console=ttys0,115200n0 no_timer_check noreplace-smp rcupdate.rcu_expedited=1 tsc=reliable lsm=yama,safesetid,confidentiality,landlock,lockdown,apparmor,bpf l1tf=flush,nosmt mds=full,nosmt tsx_async_abort=full,nosmt mmio_stale_data=full,nosmt retbleed=auto,nosmt mitigations=auto,nosmt nosmt=force pcie_aspm=force init_on_alloc=1 init_on_free=1 page_alloc.shuffle=1 vsyscall=none mce=0 debugfs=on randomize_kstack_offset=on slab_nomerge pti=on slub_debug=ZF slub_debug=P page_poison=on fsck.mode=force mem_encrypt=on vsyscall=none amd_iommu=force_isolation amdgpu.vm_update_mode=0 amdgpu.gpu_recovery=1 amdgpu.virtual_display=NULL amdgpu.audio=1 amdgpu.lbpw=1 amdgpu.tmz=1 amdgpu.freesync_video=1 iommu.strict=1 fsck.mode=force fsck.repair=yes efi=disable_early_pci_dma 
[  +0.000060] audit: disabled (until reboot)
[  +0.000072] PCIe ASPM is forcibly enabled
[  +0.000071] mem auto-init: SLAB_POISON will take precedence over init_on_alloc/init_on_free
[  +0.000104] tsc: Marking TSC unstable due to boot parameter
[  +0.000003] Unknown kernel command line parameters "BOOT_IMAGE=/vmlinuz-linux-zen pti=on mem_encrypt=on", will be passed to user space.
[  +0.000029] random: crng init done
[  +0.001197] Dentry cache hash table entries: 2097152 (order: 12, 16777216 bytes, linear)
[  +0.000631] Inode-cache hash table entries: 1048576 (order: 11, 8388608 bytes, linear)
[  +0.000145] mem auto-init: CONFIG_PAGE_POISONING is on, will take precedence over init_on_alloc and init_on_free
[  +0.000169] mem auto-init: stack:all(zero), heap alloc:off, heap free:off
[  +0.000043] software IO TLB: area num 32.
[  +1.176557] Memory: 15542368K/16045088K available (18432K kernel code, 2116K rwdata, 12416K rodata, 3444K init, 3780K bss, 502460K reserved, 0K cma-reserved)
[  +0.000004] **********************************************************
[  +0.000001] **   NOTICE NOTICE NOTICE NOTICE NOTICE NOTICE NOTICE   **
[  +0.000000] **                                                      **
[  +0.000000] ** This system shows unhashed kernel memory addresses   **
[  +0.000000] ** via the console, logs, and other interfaces. This    **
[  +0.000001] ** might reduce the security of your system.            **
[  +0.000000] **                                                      **
[  +0.000000] ** If you see this message and you are not debugging    **
[  +0.000000] ** the kernel, report this immediately to your system   **
[  +0.000000] ** administrator!                                       **
[  +0.000001] **                                                      **
[  +0.000000] **   NOTICE NOTICE NOTICE NOTICE NOTICE NOTICE NOTICE   **
[  +0.000000] **********************************************************
[  +0.000087] SLUB: HWalign=64, Order=0-3, MinObjects=0, CPUs=32, Nodes=1
[  +0.000010] Kernel/User page tables isolation: enabled
[  +0.000028] ftrace: allocating 44579 entries in 175 pages
[  +0.007967] ftrace: allocated 175 pages with 6 groups
[  +0.000077] Dynamic Preempt: full
[  +0.000042] rcu: Preemptible hierarchical RCU implementation.
[  +0.000001] rcu: 	RCU restricting CPUs from NR_CPUS=320 to nr_cpu_ids=32.
[  +0.000000] rcu: 	RCU priority boosting: priority 1 delay 500 ms.
[  +0.000001] 	All grace periods are expedited (rcu_expedited).
[  +0.000000] 	Trampoline variant of Tasks RCU enabled.
[  +0.000001] 	Rude variant of Tasks RCU enabled.
[  +0.000000] 	Tracing variant of Tasks RCU enabled.
[  +0.000000] rcu: RCU calculated value of scheduler-enlistment delay is 100 jiffies.
[  +0.000000] rcu: Adjusting geometry for rcu_fanout_leaf=16, nr_cpu_ids=32
[  +0.001562] NR_IRQS: 20736, nr_irqs: 1224, preallocated irqs: 16
[  +0.000169] rcu: srcu_init: Setting srcu_struct sizes based on contention.
[  +0.000088] kfence: initialized - using 2097152 bytes for 255 objects at 0xffff99193c600000-0xffff99193c800000
[  +0.000029] Console: colour dummy device 80x25
[  +0.000002] printk: console [tty0] enabled
[  +0.000030] ACPI: Core revision 20221020
[  +0.000110] clocksource: hpet: mask: 0xffffffff max_cycles: 0xffffffff, max_idle_ns: 133484873504 ns
[  +0.000016] APIC: Switch to symmetric I/O mode setup
[  +0.000599] AMD-Vi: Using global IVHD EFR:0x206d73ef22254ade, EFR2:0x0
[  +0.000255] x2apic enabled
[  +0.000005] Switched APIC routing to cluster x2apic.
[  +0.000623] ..TIMER: vector=0x30 apic1=0 pin1=2 apic2=-1 pin2=-1
[  +0.000013] Calibrating delay loop (skipped), value calculated using timer frequency.. 7585.44 BogoMIPS (lpj=3792723)
[  +0.000002] pid_max: default: 32768 minimum: 301
[  +0.007028] LSM: initializing lsm=capability,yama,safesetid,landlock,lockdown,apparmor,bpf
[  +0.000016] Yama: becoming mindful.
[  +0.000007] landlock: Up and running.
[  +0.000027] AppArmor: AppArmor initialized
[  +0.000003] LSM support for eBPF active
[  +0.000045] Mount-cache hash table entries: 32768 (order: 6, 262144 bytes, linear)
[  +0.000029] Mountpoint-cache hash table entries: 32768 (order: 6, 262144 bytes, linear)
[  +0.000198] x86/cpu: User Mode Instruction Prevention (UMIP) activated
[  +0.000027] LVT offset 1 assigned for vector 0xf9
[  +0.000063] LVT offset 2 assigned for vector 0xf4
[  +0.000016] process: using mwait in idle threads
[  +0.000001] Last level iTLB entries: 4KB 512, 2MB 512, 4MB 256
[  +0.000000] Last level dTLB entries: 4KB 2048, 2MB 2048, 4MB 1024, 1GB 0
[  +0.000005] Spectre V1 : Mitigation: usercopy/swapgs barriers and __user pointer sanitization
[  +0.000003] Spectre V2 : Mitigation: Retpolines
[  +0.000001] Spectre V2 : Spectre v2 / SpectreRSB mitigation: Filling RSB on context switch
[  +0.000000] Spectre V2 : Spectre v2 / SpectreRSB : Filling RSB on VMEXIT
[  +0.000001] Spectre V2 : Enabling Restricted Speculation for firmware calls
[  +0.000002] Spectre V2 : mitigation: Enabling conditional Indirect Branch Prediction Barrier
[  +0.000002] Speculative Store Bypass: Mitigation: Speculative Store Bypass disabled via prctl
[  +0.015243] Freeing SMP alternatives memory: 48K
[  +0.102221] smpboot: CPU0: AMD Ryzen 7 5700G with Radeon Graphics (family: 0x19, model: 0x50, stepping: 0x0)
[  +0.000058] cblist_init_generic: Setting adjustable number of callback queues.
[  +0.000000] cblist_init_generic: Setting shift to 5 and lim to 1.
[  +0.000000] cblist_init_generic: Setting shift to 5 and lim to 1.
[  +0.000000] cblist_init_generic: Setting shift to 5 and lim to 1.
[  +0.000000] Performance Events: Fam17h+ core perfctr, AMD PMU driver.
[  +0.000000] ... version:                0
[  +0.000000] ... bit width:              48
[  +0.000000] ... generic registers:      6
[  +0.000000] ... value mask:             0000ffffffffffff
[  +0.000000] ... max period:             00007fffffffffff
[  +0.000000] ... fixed-purpose events:   0
[  +0.000000] ... event mask:             000000000000003f
[  +0.000000] rcu: Hierarchical SRCU implementation.
[  +0.000000] rcu: 	Max phase no-delay instances is 400.
[  +0.000000] NMI watchdog: Enabled. Permanently consumes one hw-PMU counter.
[  +0.000000] smp: Bringing up secondary CPUs ...
[  +0.000000] x86: Booting SMP configuration:
[  +0.000000] .... node  #0, CPUs:        #1  #2  #3  #4  #5  #6  #7
[  +0.002216] smp: Brought up 1 node, 8 CPUs
[  +0.000000] smpboot: Max logical packages: 4
[  +0.000000] smpboot: Total of 8 processors activated (60683.56 BogoMIPS)
[  +0.002150] devtmpfs: initialized
[  +0.000000] x86/mm: Memory block size: 128MB
[  +0.001024] ACPI: PM: Registering ACPI NVS region [mem 0x0a200000-0x0a20efff] (61440 bytes)
[  +0.000000] ACPI: PM: Registering ACPI NVS region [mem 0xc42d3000-0xc5a4efff] (24625152 bytes)
[  +0.000704] clocksource: jiffies: mask: 0xffffffff max_cycles: 0xffffffff, max_idle_ns: 1911260446275000 ns
[  +0.000025] futex hash table entries: 8192 (order: 7, 524288 bytes, linear)
[  +0.000044] pinctrl core: initialized pinctrl subsystem
[  +0.000085] PM: RTC time: 14:21:16, date: 2023-04-26
[  +0.000281] NET: Registered PF_NETLINK/PF_ROUTE protocol family
[  +0.000246] DMA: preallocated 2048 KiB GFP_KERNEL pool for atomic allocations
[  +0.000094] DMA: preallocated 2048 KiB GFP_KERNEL|GFP_DMA pool for atomic allocations
[  +0.000093] DMA: preallocated 2048 KiB GFP_KERNEL|GFP_DMA32 pool for atomic allocations
[  +0.000078] thermal_sys: Registered thermal governor 'fair_share'
[  +0.000001] thermal_sys: Registered thermal governor 'bang_bang'
[  +0.000000] thermal_sys: Registered thermal governor 'step_wise'
[  +0.000001] thermal_sys: Registered thermal governor 'user_space'
[  +0.000000] thermal_sys: Registered thermal governor 'power_allocator'
[  +0.000023] cpuidle: using governor ladder
[  +0.000000] cpuidle: using governor menu
[  +0.000055] acpiphp: ACPI Hot Plug PCI Controller Driver version: 0.5
[  +0.000059] PCI: MMCONFIG for domain 0000 [bus 00-7f] at [mem 0xf0000000-0xf7ffffff] (base 0xf0000000)
[  +0.000004] PCI: not using MMCONFIG
[  +0.000000] PCI: Using configuration type 1 for base access
[  +0.000001] PCI: Using configuration type 1 for extended access
[  +0.000265] kprobes: kprobe jump-optimization is enabled. All kprobes are optimized if possible.
[  +0.002117] HugeTLB: registered 1.00 GiB page size, pre-allocated 0 pages
[  +0.000000] HugeTLB: 16380 KiB vmemmap can be freed for a 1.00 GiB page
[  +0.000000] HugeTLB: registered 2.00 MiB page size, pre-allocated 0 pages
[  +0.000000] HugeTLB: 28 KiB vmemmap can be freed for a 2.00 MiB page
[  +0.000552] ACPI: Added _OSI(Module Device)
[  +0.000001] ACPI: Added _OSI(Processor Device)
[  +0.000001] ACPI: Added _OSI(3.0 _SCP Extensions)
[  +0.000000] ACPI: Added _OSI(Processor Aggregator Device)
[  +0.010157] ACPI: 10 ACPI AML tables successfully acquired and loaded
[  +0.000955] ACPI: [Firmware Bug]: BIOS _OSI(Linux) query ignored
[  +0.001754] ACPI: Interpreter enabled
[  +0.000009] ACPI: PM: (supports S0 S4 S5)
[  +0.000001] ACPI: Using IOAPIC for interrupt routing
[  +0.000471] PCI: MMCONFIG for domain 0000 [bus 00-7f] at [mem 0xf0000000-0xf7ffffff] (base 0xf0000000)
[  +0.000029] PCI: MMCONFIG at [mem 0xf0000000-0xf7ffffff] reserved as ACPI motherboard resource
[  +0.000007] PCI: Using host bridge windows from ACPI; if necessary, use "pci=nocrs" and report a bug
[  +0.000000] PCI: Ignoring E820 reservations for host bridge windows
[  +0.000203] ACPI: Enabled 4 GPEs in block 00 to 1F
[  +0.013295] ACPI: PCI Root Bridge [PCI0] (domain 0000 [bus 00-ff])
[  +0.000000] acpi PNP0A08:00: _OSC: OS supports [ExtendedConfig ASPM ClockPM Segments MSI EDR HPX-Type3]
[  +0.000000] acpi PNP0A08:00: _OSC: platform does not support [PCIeHotplug SHPCHotplug PME LTR DPC]
[  +0.000000] acpi PNP0A08:00: _OSC: OS now controls [AER PCIeCapability]
[  +0.000000] acpi PNP0A08:00: [Firmware Info]: MMCONFIG for domain 0000 [bus 00-7f] only partially covers this bridge
[  +0.000000] PCI host bridge to bus 0000:00
[  +0.000000] pci_bus 0000:00: root bus resource [io  0x0000-0x03af window]
[  +0.000000] pci_bus 0000:00: root bus resource [io  0x03e0-0x0cf7 window]
[  +0.000000] pci_bus 0000:00: root bus resource [io  0x03b0-0x03df window]
[  +0.000000] pci_bus 0000:00: root bus resource [io  0x0d00-0xffff window]
[  +0.000000] pci_bus 0000:00: root bus resource [mem 0x000a0000-0x000dffff window]
[  +0.000000] pci_bus 0000:00: root bus resource [mem 0xd0000000-0xfec2ffff window]
[  +0.000000] pci_bus 0000:00: root bus resource [mem 0xfee00000-0xffffffff window]
[  +0.000000] pci_bus 0000:00: root bus resource [bus 00-ff]
[  +0.000000] pci 0000:00:00.0: [1022:1630] type 00 class 0x060000
[  +0.000056] pci 0000:00:00.2: [1022:1631] type 00 class 0x080600
[  +0.000077] pci 0000:00:01.0: [1022:1632] type 00 class 0x060000
[  +0.000049] pci 0000:00:02.0: [1022:1632] type 00 class 0x060000
[  +0.000045] pci 0000:00:02.1: [1022:1634] type 01 class 0x060400
[  +0.000020] pci 0000:00:02.1: enabling Extended Tags
[  +0.000030] pci 0000:00:02.1: PME# supported from D0 D3hot D3cold
[  +0.000091] pci 0000:00:02.2: [1022:1634] type 01 class 0x060400
[  +0.000048] pci 0000:00:02.2: PME# supported from D0 D3hot D3cold
[  +0.000079] pci 0000:00:08.0: [1022:1632] type 00 class 0x060000
[  +0.000042] pci 0000:00:08.1: [1022:1635] type 01 class 0x060400
[  +0.000019] pci 0000:00:08.1: enabling Extended Tags
[  +0.000029] pci 0000:00:08.1: PME# supported from D0 D3hot D3cold
[  +0.000107] pci 0000:00:14.0: [1022:790b] type 00 class 0x0c0500
[  +0.000108] pci 0000:00:14.3: [1022:790e] type 00 class 0x060100
[  +0.000119] pci 0000:00:18.0: [1022:166a] type 00 class 0x060000
[  +0.000023] pci 0000:00:18.1: [1022:166b] type 00 class 0x060000
[  +0.000023] pci 0000:00:18.2: [1022:166c] type 00 class 0x060000
[  +0.000025] pci 0000:00:18.3: [1022:166d] type 00 class 0x060000
[  +0.000027] pci 0000:00:18.4: [1022:166e] type 00 class 0x060000
[  +0.000023] pci 0000:00:18.5: [1022:166f] type 00 class 0x060000
[  +0.000022] pci 0000:00:18.6: [1022:1670] type 00 class 0x060000
[  +0.000025] pci 0000:00:18.7: [1022:1671] type 00 class 0x060000
[  +0.000084] pci 0000:01:00.0: [1022:43ee] type 00 class 0x0c0330
[  +0.000016] pci 0000:01:00.0: reg 0x10: [mem 0xfcea0000-0xfcea7fff 64bit]
[  +0.000038] pci 0000:01:00.0: enabling Extended Tags
[  +0.000049] pci 0000:01:00.0: PME# supported from D3hot D3cold
[  +0.000120] pci 0000:01:00.1: [1022:43eb] type 00 class 0x010601
[  +0.000044] pci 0000:01:00.1: reg 0x24: [mem 0xfce80000-0xfce9ffff]
[  +0.000007] pci 0000:01:00.1: reg 0x30: [mem 0xfce00000-0xfce7ffff pref]
[  +0.000006] pci 0000:01:00.1: enabling Extended Tags
[  +0.000038] pci 0000:01:00.1: PME# supported from D3hot D3cold
[  +0.000072] pci 0000:01:00.2: [1022:43e9] type 01 class 0x060400
[  +0.000040] pci 0000:01:00.2: enabling Extended Tags
[  +0.000043] pci 0000:01:00.2: PME# supported from D3hot D3cold
[  +0.000080] pci 0000:00:02.1: PCI bridge to [bus 01-07]
[  +0.000002] pci 0000:00:02.1:   bridge window [io  0xf000-0xffff]
[  +0.000002] pci 0000:00:02.1:   bridge window [mem 0xfcd00000-0xfcefffff]
[  +0.000002] pci 0000:00:02.1:   bridge window [mem 0xe0300000-0xe03fffff 64bit pref]
[  +0.000082] pci 0000:02:00.0: [1022:43ea] type 01 class 0x060400
[  +0.000044] pci 0000:02:00.0: enabling Extended Tags
[  +0.000049] pci 0000:02:00.0: PME# supported from D3hot D3cold
[  +0.000091] pci 0000:02:01.0: [1022:43ea] type 01 class 0x060400
[  +0.000045] pci 0000:02:01.0: enabling Extended Tags
[  +0.000050] pci 0000:02:01.0: PME# supported from D3hot D3cold
[  +0.000088] pci 0000:02:02.0: [1022:43ea] type 01 class 0x060400
[  +0.000044] pci 0000:02:02.0: enabling Extended Tags
[  +0.000049] pci 0000:02:02.0: PME# supported from D3hot D3cold
[  +0.000089] pci 0000:02:03.0: [1022:43ea] type 01 class 0x060400
[  +0.000044] pci 0000:02:03.0: enabling Extended Tags
[  +0.000049] pci 0000:02:03.0: PME# supported from D3hot D3cold
[  +0.000094] pci 0000:02:08.0: [1022:43ea] type 01 class 0x060400
[  +0.000044] pci 0000:02:08.0: enabling Extended Tags
[  +0.000049] pci 0000:02:08.0: PME# supported from D3hot D3cold
[  +0.000101] pci 0000:01:00.2: PCI bridge to [bus 02-07]
[  +0.000004] pci 0000:01:00.2:   bridge window [io  0xf000-0xffff]
[  +0.000003] pci 0000:01:00.2:   bridge window [mem 0xfcd00000-0xfcdfffff]
[  +0.000004] pci 0000:01:00.2:   bridge window [mem 0xe0300000-0xe03fffff 64bit pref]
[  +0.000033] pci 0000:02:00.0: PCI bridge to [bus 03]
[  +0.000044] pci 0000:02:01.0: PCI bridge to [bus 04]
[  +0.000069] pci 0000:05:00.0: [10ec:8168] type 00 class 0x020000
[  +0.000022] pci 0000:05:00.0: reg 0x10: [io  0xf000-0xf0ff]
[  +0.000028] pci 0000:05:00.0: reg 0x18: [mem 0xe0304000-0xe0304fff 64bit pref]
[  +0.000019] pci 0000:05:00.0: reg 0x20: [mem 0xe0300000-0xe0303fff 64bit pref]
[  +0.000138] pci 0000:05:00.0: supports D1 D2
[  +0.000000] pci 0000:05:00.0: PME# supported from D0 D1 D2 D3hot D3cold
[  +0.000199] pci 0000:02:02.0: PCI bridge to [bus 05]
[  +0.000004] pci 0000:02:02.0:   bridge window [io  0xf000-0xffff]
[  +0.000007] pci 0000:02:02.0:   bridge window [mem 0xe0300000-0xe03fffff 64bit pref]
[  +0.000062] pci 0000:06:00.0: [13a8:0352] type 00 class 0x070002
[  +0.000024] pci 0000:06:00.0: reg 0x10: [mem 0xfcd00000-0xfcd03fff]
[  +0.000157] pci 0000:06:00.0: PME# supported from D0 D3hot
[  +0.003463] pci 0000:02:03.0: PCI bridge to [bus 06]
[  +0.000007] pci 0000:02:03.0:   bridge window [mem 0xfcd00000-0xfcdfffff]
[  +0.000044] pci 0000:02:08.0: PCI bridge to [bus 07]
[  +0.000080] pci 0000:08:00.0: [1179:010f] type 00 class 0x010802
[  +0.000015] pci 0000:08:00.0: reg 0x10: [mem 0xfcf00000-0xfcf03fff 64bit]
[  +0.000172] pci 0000:00:02.2: PCI bridge to [bus 08]
[  +0.000004] pci 0000:00:02.2:   bridge window [mem 0xfcf00000-0xfcffffff]
[  +0.000068] pci 0000:09:00.0: [1002:1638] type 00 class 0x030000
[  +0.000011] pci 0000:09:00.0: reg 0x10: [mem 0xd0000000-0xdfffffff 64bit pref]
[  +0.000008] pci 0000:09:00.0: reg 0x18: [mem 0xe0000000-0xe01fffff 64bit pref]
[  +0.000005] pci 0000:09:00.0: reg 0x20: [io  0xe000-0xe0ff]
[  +0.000005] pci 0000:09:00.0: reg 0x24: [mem 0xfcc00000-0xfcc7ffff]
[  +0.000009] pci 0000:09:00.0: enabling Extended Tags
[  +0.000012] pci 0000:09:00.0: BAR 0: assigned to efifb
[  +0.000042] pci 0000:09:00.0: PME# supported from D1 D2 D3hot D3cold
[  +0.000035] pci 0000:09:00.0: 126.016 Gb/s available PCIe bandwidth, limited by 8.0 GT/s PCIe x16 link at 0000:00:08.1 (capable of 252.048 Gb/s with 16.0 GT/s PCIe x16 link)
[  +0.000099] pci 0000:09:00.1: [1002:1637] type 00 class 0x040300
[  +0.000009] pci 0000:09:00.1: reg 0x10: [mem 0xfcc88000-0xfcc8bfff]
[  +0.000027] pci 0000:09:00.1: enabling Extended Tags
[  +0.000038] pci 0000:09:00.1: PME# supported from D1 D2 D3hot D3cold
[  +0.000081] pci 0000:09:00.2: [1022:15df] type 00 class 0x108000
[  +0.000017] pci 0000:09:00.2: reg 0x18: [mem 0xfcb00000-0xfcbfffff]
[  +0.000011] pci 0000:09:00.2: reg 0x24: [mem 0xfcc8c000-0xfcc8dfff]
[  +0.000009] pci 0000:09:00.2: enabling Extended Tags
[  +0.000119] pci 0000:09:00.3: [1022:1639] type 00 class 0x0c0330
[  +0.000014] pci 0000:09:00.3: reg 0x10: [mem 0xfca00000-0xfcafffff 64bit]
[  +0.000030] pci 0000:09:00.3: enabling Extended Tags
[  +0.000043] pci 0000:09:00.3: PME# supported from D0 D3hot D3cold
[  +0.000090] pci 0000:09:00.4: [1022:1639] type 00 class 0x0c0330
[  +0.000014] pci 0000:09:00.4: reg 0x10: [mem 0xfc900000-0xfc9fffff 64bit]
[  +0.000030] pci 0000:09:00.4: enabling Extended Tags
[  +0.000041] pci 0000:09:00.4: PME# supported from D0 D3hot D3cold
[  +0.000089] pci 0000:09:00.6: [1022:15e3] type 00 class 0x040300
[  +0.000009] pci 0000:09:00.6: reg 0x10: [mem 0xfcc80000-0xfcc87fff]
[  +0.000027] pci 0000:09:00.6: enabling Extended Tags
[  +0.000037] pci 0000:09:00.6: PME# supported from D0 D3hot D3cold
[  +0.000103] pci 0000:00:08.1: PCI bridge to [bus 09]
[  +0.000003] pci 0000:00:08.1:   bridge window [io  0xe000-0xefff]
[  +0.000003] pci 0000:00:08.1:   bridge window [mem 0xfc900000-0xfccfffff]
[  +0.000003] pci 0000:00:08.1:   bridge window [mem 0xd0000000-0xe01fffff 64bit pref]
[  +0.000378] ACPI: PCI: Interrupt link LNKA configured for IRQ 0
[  +0.000040] ACPI: PCI: Interrupt link LNKB configured for IRQ 0
[  +0.000034] ACPI: PCI: Interrupt link LNKC configured for IRQ 0
[  +0.000041] ACPI: PCI: Interrupt link LNKD configured for IRQ 0
[  +0.000039] ACPI: PCI: Interrupt link LNKE configured for IRQ 0
[  +0.000031] ACPI: PCI: Interrupt link LNKF configured for IRQ 0
[  +0.000031] ACPI: PCI: Interrupt link LNKG configured for IRQ 0
[  +0.000031] ACPI: PCI: Interrupt link LNKH configured for IRQ 0
[  +0.000895] iommu: Default domain type: Translated 
[  +0.000000] iommu: DMA domain TLB invalidation policy: strict mode (set via kernel command line)
[  +0.000107] SCSI subsystem initialized
[  +0.000004] libata version 3.00 loaded.
[  +0.000000] ACPI: bus type USB registered
[  +0.000000] usbcore: registered new interface driver usbfs
[  +0.000000] usbcore: registered new interface driver hub
[  +0.000000] usbcore: registered new device driver usb
[  +0.001331] pps_core: LinuxPPS API ver. 1 registered
[  +0.000001] pps_core: Software ver. 5.3.6 - Copyright 2005-2007 Rodolfo Giometti <giometti@linux.it>
[  +0.000002] PTP clock support registered
[  +0.000006] EDAC MC: Ver: 3.0.0
[  +0.000559] Registered efivars operations
[  +0.000995] NetLabel: Initializing
[  +0.000000] NetLabel:  domain hash size = 128
[  +0.000000] NetLabel:  protocols = UNLABELED CIPSOv4 CALIPSO
[  +0.000000] NetLabel:  unlabeled traffic allowed by default
[  +0.000000] mctp: management component transport protocol core
[  +0.000000] NET: Registered PF_MCTP protocol family
[  +0.000000] PCI: Using ACPI for IRQ routing
[  +0.003437] PCI: pci_cache_line_size set to 64 bytes
[  +0.000051] e820: reserve RAM buffer [mem 0x09d1f000-0x0bffffff]
[  +0.000001] e820: reserve RAM buffer [mem 0x0a200000-0x0bffffff]
[  +0.000001] e820: reserve RAM buffer [mem 0x0b000000-0x0bffffff]
[  +0.000000] e820: reserve RAM buffer [mem 0xc0696000-0xc3ffffff]
[  +0.000001] e820: reserve RAM buffer [mem 0xc2b2b000-0xc3ffffff]
[  +0.000001] e820: reserve RAM buffer [mem 0xc3f78000-0xc3ffffff]
[  +0.000000] e820: reserve RAM buffer [mem 0x40e300000-0x40fffffff]
[  +0.000504] pci 0000:09:00.0: vgaarb: setting as boot VGA device
[  +0.000000] pci 0000:09:00.0: vgaarb: bridge control possible
[  +0.000001] pci 0000:09:00.0: vgaarb: VGA device added: decodes=io+mem,owns=none,locks=none
[  +0.000001] vgaarb: loaded
[  +0.000109] hpet0: at MMIO 0xfed00000, IRQs 2, 8, 0
[  +0.000008] hpet0: 3 comparators, 32-bit 14.318180 MHz counter
[  +0.001911] clocksource: Switched to clocksource hpet
[  +0.000083] VFS: Disk quotas dquot_6.6.0
[  +0.000008] VFS: Dquot-cache hash table entries: 512 (order 0, 4096 bytes)
[  +0.000084] AppArmor: AppArmor Filesystem Enabled
[  +0.000022] pnp: PnP ACPI init
[  +0.000053] system 00:00: [mem 0xf0000000-0xf7ffffff] has been reserved
[  +0.000023] system 00:01: [mem 0x410000000-0x42fffffff window] has been reserved
[  +0.000139] system 00:03: [io  0x0290-0x029f] has been reserved
[  +0.000001] system 00:03: [io  0x0200-0x021f] has been reserved
[  +0.000181] system 00:04: [io  0x04d0-0x04d1] has been reserved
[  +0.000002] system 00:04: [io  0x040b] has been reserved
[  +0.000000] system 00:04: [io  0x04d6] has been reserved
[  +0.000001] system 00:04: [io  0x0c00-0x0c01] has been reserved
[  +0.000001] system 00:04: [io  0x0c14] has been reserved
[  +0.000000] system 00:04: [io  0x0c50-0x0c51] has been reserved
[  +0.000001] system 00:04: [io  0x0c52] has been reserved
[  +0.000000] system 00:04: [io  0x0c6c] has been reserved
[  +0.000001] system 00:04: [io  0x0c6f] has been reserved
[  +0.000001] system 00:04: [io  0x0cd8-0x0cdf] has been reserved
[  +0.000000] system 00:04: [io  0x0800-0x089f] has been reserved
[  +0.000001] system 00:04: [io  0x0b00-0x0b0f] has been reserved
[  +0.000001] system 00:04: [io  0x0b20-0x0b3f] has been reserved
[  +0.000000] system 00:04: [io  0x0900-0x090f] has been reserved
[  +0.000001] system 00:04: [io  0x0910-0x091f] has been reserved
[  +0.000001] system 00:04: [mem 0xfec00000-0xfec00fff] could not be reserved
[  +0.000001] system 00:04: [mem 0xfec01000-0xfec01fff] could not be reserved
[  +0.000001] system 00:04: [mem 0xfedc0000-0xfedc0fff] has been reserved
[  +0.000001] system 00:04: [mem 0xfee00000-0xfee00fff] has been reserved
[  +0.000001] system 00:04: [mem 0xfed80000-0xfed8ffff] could not be reserved
[  +0.000001] system 00:04: [mem 0xfec10000-0xfec10fff] has been reserved
[  +0.000000] system 00:04: [mem 0xff000000-0xffffffff] has been reserved
[  +0.000521] pnp: PnP ACPI: found 5 devices
[  +0.005775] clocksource: acpi_pm: mask: 0xffffff max_cycles: 0xffffff, max_idle_ns: 2085701024 ns
[  +0.000045] NET: Registered PF_INET protocol family
[  +0.000244] IP idents hash table entries: 262144 (order: 9, 2097152 bytes, linear)
[  +0.001648] tcp_listen_portaddr_hash hash table entries: 8192 (order: 5, 131072 bytes, linear)
[  +0.000025] Table-perturb hash table entries: 65536 (order: 6, 262144 bytes, linear)
[  +0.000093] TCP established hash table entries: 131072 (order: 8, 1048576 bytes, linear)
[  +0.000240] TCP bind hash table entries: 65536 (order: 9, 2097152 bytes, linear)
[  +0.000081] TCP: Hash tables configured (established 131072 bind 65536)
[  +0.000102] MPTCP token hash table entries: 16384 (order: 6, 393216 bytes, linear)
[  +0.000033] UDP hash table entries: 8192 (order: 6, 262144 bytes, linear)
[  +0.000034] UDP-Lite hash table entries: 8192 (order: 6, 262144 bytes, linear)
[  +0.000054] NET: Registered PF_UNIX/PF_LOCAL protocol family
[  +0.000005] NET: Registered PF_XDP protocol family
[  +0.000008] pci 0000:02:00.0: PCI bridge to [bus 03]
[  +0.000014] pci 0000:02:01.0: PCI bridge to [bus 04]
[  +0.000010] pci 0000:02:02.0: PCI bridge to [bus 05]
[  +0.000001] pci 0000:02:02.0:   bridge window [io  0xf000-0xffff]
[  +0.000006] pci 0000:02:02.0:   bridge window [mem 0xe0300000-0xe03fffff 64bit pref]
[  +0.000004] pci 0000:02:03.0: PCI bridge to [bus 06]
[  +0.000004] pci 0000:02:03.0:   bridge window [mem 0xfcd00000-0xfcdfffff]
[  +0.000006] pci 0000:02:08.0: PCI bridge to [bus 07]
[  +0.000009] pci 0000:01:00.2: PCI bridge to [bus 02-07]
[  +0.000002] pci 0000:01:00.2:   bridge window [io  0xf000-0xffff]
[  +0.000003] pci 0000:01:00.2:   bridge window [mem 0xfcd00000-0xfcdfffff]
[  +0.000002] pci 0000:01:00.2:   bridge window [mem 0xe0300000-0xe03fffff 64bit pref]
[  +0.000004] pci 0000:00:02.1: PCI bridge to [bus 01-07]
[  +0.000001] pci 0000:00:02.1:   bridge window [io  0xf000-0xffff]
[  +0.000002] pci 0000:00:02.1:   bridge window [mem 0xfcd00000-0xfcefffff]
[  +0.000002] pci 0000:00:02.1:   bridge window [mem 0xe0300000-0xe03fffff 64bit pref]
[  +0.000002] pci 0000:00:02.2: PCI bridge to [bus 08]
[  +0.000002] pci 0000:00:02.2:   bridge window [mem 0xfcf00000-0xfcffffff]
[  +0.000005] pci 0000:00:08.1: PCI bridge to [bus 09]
[  +0.000001] pci 0000:00:08.1:   bridge window [io  0xe000-0xefff]
[  +0.000002] pci 0000:00:08.1:   bridge window [mem 0xfc900000-0xfccfffff]
[  +0.000001] pci 0000:00:08.1:   bridge window [mem 0xd0000000-0xe01fffff 64bit pref]
[  +0.000003] pci_bus 0000:00: resource 4 [io  0x0000-0x03af window]
[  +0.000001] pci_bus 0000:00: resource 5 [io  0x03e0-0x0cf7 window]
[  +0.000001] pci_bus 0000:00: resource 6 [io  0x03b0-0x03df window]
[  +0.000000] pci_bus 0000:00: resource 7 [io  0x0d00-0xffff window]
[  +0.000001] pci_bus 0000:00: resource 8 [mem 0x000a0000-0x000dffff window]
[  +0.000001] pci_bus 0000:00: resource 9 [mem 0xd0000000-0xfec2ffff window]
[  +0.000000] pci_bus 0000:00: resource 10 [mem 0xfee00000-0xffffffff window]
[  +0.000001] pci_bus 0000:01: resource 0 [io  0xf000-0xffff]
[  +0.000000] pci_bus 0000:01: resource 1 [mem 0xfcd00000-0xfcefffff]
[  +0.000001] pci_bus 0000:01: resource 2 [mem 0xe0300000-0xe03fffff 64bit pref]
[  +0.000001] pci_bus 0000:02: resource 0 [io  0xf000-0xffff]
[  +0.000000] pci_bus 0000:02: resource 1 [mem 0xfcd00000-0xfcdfffff]
[  +0.000001] pci_bus 0000:02: resource 2 [mem 0xe0300000-0xe03fffff 64bit pref]
[  +0.000001] pci_bus 0000:05: resource 0 [io  0xf000-0xffff]
[  +0.000000] pci_bus 0000:05: resource 2 [mem 0xe0300000-0xe03fffff 64bit pref]
[  +0.000001] pci_bus 0000:06: resource 1 [mem 0xfcd00000-0xfcdfffff]
[  +0.000000] pci_bus 0000:08: resource 1 [mem 0xfcf00000-0xfcffffff]
[  +0.000001] pci_bus 0000:09: resource 0 [io  0xe000-0xefff]
[  +0.000001] pci_bus 0000:09: resource 1 [mem 0xfc900000-0xfccfffff]
[  +0.000000] pci_bus 0000:09: resource 2 [mem 0xd0000000-0xe01fffff 64bit pref]
[  +0.000167] pci 0000:09:00.1: D0 power state depends on 0000:09:00.0
[  +0.000029] pci 0000:09:00.3: extending delay after power-on from D3hot to 20 msec
[  +0.000084] pci 0000:09:00.4: extending delay after power-on from D3hot to 20 msec
[  +0.000060] PCI: CLS 64 bytes, default 64
[  +0.000006] pci 0000:00:00.2: AMD-Vi: IOMMU performance counters supported
[  +0.000029] pci 0000:00:01.0: Adding to iommu group 0
[  +0.000006] Trying to unpack rootfs image as initramfs...
[  +0.000005] pci 0000:00:02.0: Adding to iommu group 1
[  +0.000006] pci 0000:00:02.1: Adding to iommu group 2
[  +0.000008] pci 0000:00:02.2: Adding to iommu group 3
[  +0.000009] pci 0000:00:08.0: Adding to iommu group 4
[  +0.000007] pci 0000:00:08.1: Adding to iommu group 5
[  +0.000007] pci 0000:00:14.0: Adding to iommu group 6
[  +0.000007] pci 0000:00:14.3: Adding to iommu group 6
[  +0.000016] pci 0000:00:18.0: Adding to iommu group 7
[  +0.000006] pci 0000:00:18.1: Adding to iommu group 7
[  +0.000004] pci 0000:00:18.2: Adding to iommu group 7
[  +0.000005] pci 0000:00:18.3: Adding to iommu group 7
[  +0.000005] pci 0000:00:18.4: Adding to iommu group 7
[  +0.000004] pci 0000:00:18.5: Adding to iommu group 7
[  +0.000007] pci 0000:00:18.6: Adding to iommu group 7
[  +0.000004] pci 0000:00:18.7: Adding to iommu group 7
[  +0.000024] pci 0000:01:00.0: Adding to iommu group 8
[  +0.000010] pci 0000:01:00.1: Adding to iommu group 8
[  +0.000010] pci 0000:01:00.2: Adding to iommu group 8
[  +0.000005] pci 0000:02:00.0: Adding to iommu group 8
[  +0.000004] pci 0000:02:01.0: Adding to iommu group 8
[  +0.000005] pci 0000:02:02.0: Adding to iommu group 8
[  +0.000004] pci 0000:02:03.0: Adding to iommu group 8
[  +0.000006] pci 0000:02:08.0: Adding to iommu group 8
[  +0.000006] pci 0000:05:00.0: Adding to iommu group 8
[  +0.000005] pci 0000:06:00.0: Adding to iommu group 8
[  +0.000009] pci 0000:08:00.0: Adding to iommu group 9
[  +0.000011] pci 0000:09:00.0: Adding to iommu group 10
[  +0.000008] pci 0000:09:00.1: Adding to iommu group 11
[  +0.000009] pci 0000:09:00.2: Adding to iommu group 12
[  +0.000009] pci 0000:09:00.3: Adding to iommu group 13
[  +0.000010] pci 0000:09:00.4: Adding to iommu group 14
[  +0.000010] pci 0000:09:00.6: Adding to iommu group 15
[  +0.002630] pci 0000:00:00.2: can't derive routing for PCI INT A
[  +0.000001] pci 0000:00:00.2: PCI INT A: not connected
[  +0.000198] pci 0000:00:00.2: AMD-Vi: Found IOMMU cap 0x40
[  +0.000001] AMD-Vi: Extended features (0x206d73ef22254ade, 0x0): PPR X2APIC NX GT IA GA PC GA_vAPIC
[  +0.000004] AMD-Vi: Interrupt remapping enabled
[  +0.000001] AMD-Vi: X2APIC enabled
[  +0.000896] AMD-Vi: Virtual APIC enabled
[  +0.000081] PCI-DMA: Using software bounce buffering for IO (SWIOTLB)
[  +0.000001] software IO TLB: mapped [mem 0x00000000bc151000-0x00000000c0151000] (64MB)
[  +0.000137] LVT offset 0 assigned for vector 0x400
[  +0.000083] perf: AMD IBS detected (0x000003ff)
[  +0.000004] perf/amd_iommu: Detected AMD IOMMU #0 (2 banks, 4 counters/bank).
[  +0.000880] Initialise system trusted keyrings
[  +0.000014] Key type blacklist registered
[  +0.000035] workingset: timestamp_bits=41 max_order=22 bucket_order=0
[  +0.000023] zbud: loaded
[  +0.000174] integrity: Platform Keyring initialized
[  +0.000002] integrity: Machine keyring initialized
[  +0.002425] Key type asymmetric registered
[  +0.000001] Asymmetric key parser 'x509' registered
[  +0.000010] Block layer SCSI generic (bsg) driver version 0.4 loaded (major 242)
[  +0.000098] io scheduler mq-deadline registered
[  +0.000001] io scheduler kyber registered
[  +0.000007] io scheduler bfq registered
[  +0.001888] shpchp: Standard Hot Plug PCI Controller Driver version: 0.4
[  +0.000096] input: Power Button as /devices/LNXSYSTM:00/LNXSYBUS:00/PNP0C0C:00/input/input0
[  +0.000013] ACPI: button: Power Button [PWRB]
[  +0.000031] input: Power Button as /devices/LNXSYSTM:00/LNXPWRBN:00/input/input1
[  +0.001030] ACPI: button: Power Button [PWRF]
[  +0.000073] Estimated ratio of average max frequency by base frequency (times 1024): 1141
[  +0.000014] Monitor-Mwait will be used to enter C-1 state
[  +0.000003] ACPI: \_SB_.PLTF.C000: Found 3 idle states
[  +0.000134] ACPI: \_SB_.PLTF.C001: Found 3 idle states
[  +0.000116] ACPI: \_SB_.PLTF.C002: Found 3 idle states
[  +0.000085] ACPI: \_SB_.PLTF.C003: Found 3 idle states
[  +0.000084] ACPI: \_SB_.PLTF.C004: Found 3 idle states
[  +0.000077] ACPI: \_SB_.PLTF.C005: Found 3 idle states
[  +0.000100] ACPI: \_SB_.PLTF.C006: Found 3 idle states
[  +0.000107] ACPI: \_SB_.PLTF.C007: Found 3 idle states
[  +0.000201] Serial: 8250/16550 driver, 32 ports, IRQ sharing enabled
[  +0.000154] serial8250: ttyS0 at I/O 0x3f8 (irq = 4, base_baud = 115200) is a 16550A
[  +0.001183] Non-volatile memory driver v1.3
[  +0.000001] Linux agpgart interface v0.103
[  +0.000073] AMD-Vi: AMD IOMMUv2 loaded and initialized
[  +0.000466] ahci 0000:01:00.1: version 3.0
[  +0.000102] ahci 0000:01:00.1: SSS flag set, parallel bus scan disabled
[  +0.000049] ahci 0000:01:00.1: AHCI 0001.0301 32 slots 6 ports 6 Gbps 0x3f impl SATA mode
[  +0.000001] ahci 0000:01:00.1: flags: 64bit ncq sntf stag pm led clo only pmp pio slum part sxs deso sadm sds apst 
[  +0.000408] scsi host0: ahci
[  +0.000119] scsi host1: ahci
[  +0.000105] scsi host2: ahci
[  +0.000107] scsi host3: ahci
[  +0.000104] scsi host4: ahci
[  +0.000092] scsi host5: ahci
[  +0.000030] ata1: SATA max UDMA/133 abar m131072@0xfce80000 port 0xfce80100 irq 38
[  +0.000002] ata2: SATA max UDMA/133 abar m131072@0xfce80000 port 0xfce80180 irq 38
[  +0.000002] ata3: SATA max UDMA/133 abar m131072@0xfce80000 port 0xfce80200 irq 38
[  +0.000001] ata4: SATA max UDMA/133 abar m131072@0xfce80000 port 0xfce80280 irq 38
[  +0.000001] ata5: SATA max UDMA/133 abar m131072@0xfce80000 port 0xfce80300 irq 38
[  +0.000001] ata6: SATA max UDMA/133 abar m131072@0xfce80000 port 0xfce80380 irq 38
[  +0.000040] ACPI: bus type drm_connector registered
[  +0.000295] usbcore: registered new interface driver usbserial_generic
[  +0.000003] usbserial: USB Serial support registered for generic
[  +0.000052] rtc_cmos 00:02: RTC can wake from S4
[  +0.000193] rtc_cmos 00:02: registered as rtc0
[  +0.000037] rtc_cmos 00:02: setting system clock to 2023-04-26T14:21:17 UTC (1682518877)
[  +0.000021] rtc_cmos 00:02: alarms up to one month, y3k, 114 bytes nvram, hpet irqs
[  +0.000092] ledtrig-cpu: registered to indicate activity on CPUs
[  +0.000151] efifb: probing for efifb
[  +0.000006] efifb: framebuffer at 0xd0000000, using 8128k, total 8128k
[  +0.000000] efifb: mode is 1920x1080x32, linelength=7680, pages=1
[  +0.000001] efifb: scrolling: redraw
[  +0.000000] efifb: Truecolor: size=8:8:8:8, shift=24:16:8:0
[  +0.000037] fbcon: Deferring console take-over
[  +0.000000] fb0: EFI VGA frame buffer device
[  +0.000018] hid: raw HID events driver (C) Jiri Kosina
[  +0.000058] drop_monitor: Initializing network drop monitor service
[  +0.006801] Initializing XFRM netlink socket
[  +0.000026] NET: Registered PF_INET6 protocol family
[  +0.038925] Freeing initrd memory: 32312K
[  +0.004174] Segment Routing with IPv6
[  +0.000002] RPL Segment Routing with IPv6
[  +0.000010] In-situ OAM (IOAM) with IPv6
[  +0.000032] NET: Registered PF_PACKET protocol family
[  +0.000938] microcode: CPU1: patch_level=0x0a50000d
[  +0.000005] microcode: CPU4: patch_level=0x0a50000d
[  +0.000003] microcode: CPU3: patch_level=0x0a50000d
[  +0.000001] microcode: CPU2: patch_level=0x0a50000d
[  +0.000001] microcode: CPU0: patch_level=0x0a50000d
[  +0.000002] microcode: CPU5: patch_level=0x0a50000d
[  +0.000004] microcode: CPU6: patch_level=0x0a50000d
[  +0.000001] microcode: CPU7: patch_level=0x0a50000d
[  +0.000014] microcode: Microcode Update Driver: v2.2.
[  +0.000183] resctrl: L3 allocation detected
[  +0.000002] resctrl: MB allocation detected
[  +0.000001] resctrl: L3 monitoring detected
[  +0.000003] IPI shorthand broadcast: enabled
[  +0.001166] registered taskstats version 1
[  +0.000478] Loading compiled-in X.509 certificates
[  +0.001319] Loaded X.509 cert 'Build time autogenerated kernel key: 7e47ad036b71e1c682b7c306b63313da2703df5e'
[  +0.000960] zswap: loaded using pool lz4/z3fold
[  +0.001584] Key type .fscrypt registered
[  +0.000001] Key type fscrypt-provisioning registered
[  +0.000031] AppArmor: AppArmor sha1 policy hashing enabled
[  +0.000076] integrity: Loading X.509 certificate: UEFI:db
[  +0.000135] integrity: Loaded X.509 cert 'ASUSTeK MotherBoard SW Key Certificate: da83b990422ebc8c441f8d8b039a65a2'
[  +0.000001] integrity: Loading X.509 certificate: UEFI:db
[  +0.000094] integrity: Loaded X.509 cert 'ASUSTeK Notebook SW Key Certificate: b8e581e4df77a5bb4282d5ccfc00c071'
[  +0.000001] integrity: Loading X.509 certificate: UEFI:db
[  +0.000010] integrity: Loaded X.509 cert 'Microsoft Corporation UEFI CA 2011: 13adbf4309bd82709c8cd54f316ed522988a1bd4'
[  +0.000000] integrity: Loading X.509 certificate: UEFI:db
[  +0.000009] integrity: Loaded X.509 cert 'Microsoft Windows Production PCA 2011: a92902398e16c49778cd90f99e4f9ae17c55af53'
[  +0.000000] integrity: Loading X.509 certificate: UEFI:db
[  +0.000087] integrity: Loaded X.509 cert 'Canonical Ltd. Master Certificate Authority: ad91990bc22ab1f517048c23b6655a268e345a63'
[  +0.000434] PM:   Magic number: 3:250:385
[  +0.000015] thermal cooling_device0: hash matches
[  +0.000143] RAS: Correctable Errors collector initialized.
[  +0.251971] ata1: SATA link down (SStatus 0 SControl 330)
[  +0.311883] ata2: SATA link down (SStatus 0 SControl 330)
[  +0.311954] ata3: SATA link down (SStatus 0 SControl 330)
[  +0.312245] ata4: SATA link down (SStatus 0 SControl 330)
[  +0.311954] ata5: SATA link down (SStatus 0 SControl 330)
[  +0.312023] ata6: SATA link down (SStatus 0 SControl 330)
[  +0.001003] Freeing unused decrypted memory: 2036K
[  +0.000433] Freeing unused kernel image (initmem) memory: 3444K
[  +0.000027] Write protecting the kernel read-only data: 32768k
[  +0.000360] Freeing unused kernel image (rodata/data gap) memory: 1920K
[  +0.021924] x86/mm: Checked W+X mappings: passed, no W+X pages found.
[  +0.000005] rodata_test: all tests were successful
[  +0.000002] x86/mm: Checking user space page tables
[  +0.020953] x86/mm: Checked W+X mappings: passed, no W+X pages found.
[  +0.000008] Run /init as init process
[  +0.000001]   with arguments:
[  +0.000001]     /init
[  +0.000001]   with environment:
[  +0.000000]     HOME=/
[  +0.000001]     TERM=linux
[  +0.000000]     BOOT_IMAGE=/vmlinuz-linux-zen
[  +0.000000]     pti=on
[  +0.000001]     mem_encrypt=on
[  +0.011607] fbcon: Taking over console
[  +0.000049] Console: switching to colour frame buffer device 240x67
[  +0.089471] xhci_hcd 0000:01:00.0: xHCI Host Controller
[  +0.000005] xhci_hcd 0000:01:00.0: new USB bus registered, assigned bus number 1
[  +0.007577] nvme 0000:08:00.0: platform quirk: setting simple suspend
[  +0.000073] nvme nvme0: pci function 0000:08:00.0
[  +0.004999] nvme nvme0: 7/0/0 default/read/poll queues
[  +0.001434]  nvme0n1: p1 p2 p3
[  +0.041251] xhci_hcd 0000:01:00.0: hcc params 0x0200ef81 hci version 0x110 quirks 0x0000000000000410
[  +0.000360] xhci_hcd 0000:01:00.0: xHCI Host Controller
[  +0.000001] xhci_hcd 0000:01:00.0: new USB bus registered, assigned bus number 2
[  +0.000002] xhci_hcd 0000:01:00.0: Host supports USB 3.1 Enhanced SuperSpeed
[  +0.000052] usb usb1: New USB device found, idVendor=1d6b, idProduct=0002, bcdDevice= 6.02
[  +0.000002] usb usb1: New USB device strings: Mfr=3, Product=2, SerialNumber=1
[  +0.000001] usb usb1: Product: xHCI Host Controller
[  +0.000000] usb usb1: Manufacturer: Linux 6.2.12-zen1-1-zen xhci-hcd
[  +0.000001] usb usb1: SerialNumber: 0000:01:00.0
[  +0.000486] hub 1-0:1.0: USB hub found
[  +0.000015] hub 1-0:1.0: 10 ports detected
[  +0.006546] usb usb2: We don't know the algorithms for LPM for this host, disabling LPM.
[  +0.000013] usb usb2: New USB device found, idVendor=1d6b, idProduct=0003, bcdDevice= 6.02
[  +0.000001] usb usb2: New USB device strings: Mfr=3, Product=2, SerialNumber=1
[  +0.000001] usb usb2: Product: xHCI Host Controller
[  +0.000000] usb usb2: Manufacturer: Linux 6.2.12-zen1-1-zen xhci-hcd
[  +0.000001] usb usb2: SerialNumber: 0000:01:00.0
[  +0.000102] hub 2-0:1.0: USB hub found
[  +0.000009] hub 2-0:1.0: 4 ports detected
[  +0.002961] xhci_hcd 0000:09:00.3: xHCI Host Controller
[  +0.000004] xhci_hcd 0000:09:00.3: new USB bus registered, assigned bus number 3
[  +0.000103] xhci_hcd 0000:09:00.3: hcc params 0x0268ffe5 hci version 0x110 quirks 0x0000020000000410
[  +0.000261] xhci_hcd 0000:09:00.3: xHCI Host Controller
[  +0.000001] xhci_hcd 0000:09:00.3: new USB bus registered, assigned bus number 4
[  +0.000002] xhci_hcd 0000:09:00.3: Host supports USB 3.1 Enhanced SuperSpeed
[  +0.000021] usb usb3: New USB device found, idVendor=1d6b, idProduct=0002, bcdDevice= 6.02
[  +0.000001] usb usb3: New USB device strings: Mfr=3, Product=2, SerialNumber=1
[  +0.000001] usb usb3: Product: xHCI Host Controller
[  +0.000000] usb usb3: Manufacturer: Linux 6.2.12-zen1-1-zen xhci-hcd
[  +0.000001] usb usb3: SerialNumber: 0000:09:00.3
[  +0.000097] hub 3-0:1.0: USB hub found
[  +0.000005] hub 3-0:1.0: 4 ports detected
[  +0.000135] usb usb4: We don't know the algorithms for LPM for this host, disabling LPM.
[  +0.000015] usb usb4: New USB device found, idVendor=1d6b, idProduct=0003, bcdDevice= 6.02
[  +0.000000] usb usb4: New USB device strings: Mfr=3, Product=2, SerialNumber=1
[  +0.000001] usb usb4: Product: xHCI Host Controller
[  +0.000001] usb usb4: Manufacturer: Linux 6.2.12-zen1-1-zen xhci-hcd
[  +0.000000] usb usb4: SerialNumber: 0000:09:00.3
[  +0.000075] hub 4-0:1.0: USB hub found
[  +0.000004] hub 4-0:1.0: 2 ports detected
[  +0.000125] xhci_hcd 0000:09:00.4: xHCI Host Controller
[  +0.000003] xhci_hcd 0000:09:00.4: new USB bus registered, assigned bus number 5
[  +0.000105] xhci_hcd 0000:09:00.4: hcc params 0x0268ffe5 hci version 0x110 quirks 0x0000020000000410
[  +0.000251] xhci_hcd 0000:09:00.4: xHCI Host Controller
[  +0.000001] xhci_hcd 0000:09:00.4: new USB bus registered, assigned bus number 6
[  +0.000001] xhci_hcd 0000:09:00.4: Host supports USB 3.1 Enhanced SuperSpeed
[  +0.000020] usb usb5: New USB device found, idVendor=1d6b, idProduct=0002, bcdDevice= 6.02
[  +0.000001] usb usb5: New USB device strings: Mfr=3, Product=2, SerialNumber=1
[  +0.000001] usb usb5: Product: xHCI Host Controller
[  +0.000000] usb usb5: Manufacturer: Linux 6.2.12-zen1-1-zen xhci-hcd
[  +0.000001] usb usb5: SerialNumber: 0000:09:00.4
[  +0.000100] hub 5-0:1.0: USB hub found
[  +0.000005] hub 5-0:1.0: 4 ports detected
[  +0.000146] usb usb6: We don't know the algorithms for LPM for this host, disabling LPM.
[  +0.000015] usb usb6: New USB device found, idVendor=1d6b, idProduct=0003, bcdDevice= 6.02
[  +0.000001] usb usb6: New USB device strings: Mfr=3, Product=2, SerialNumber=1
[  +0.000000] usb usb6: Product: xHCI Host Controller
[  +0.000001] usb usb6: Manufacturer: Linux 6.2.12-zen1-1-zen xhci-hcd
[  +0.000000] usb usb6: SerialNumber: 0000:09:00.4
[  +0.000089] hub 6-0:1.0: USB hub found
[  +0.000004] hub 6-0:1.0: 2 ports detected
[  +0.237943] usb 3-1: new low-speed USB device number 2 using xhci_hcd
[  +0.062131] usb 1-6: new full-speed USB device number 2 using xhci_hcd
[  +0.083991] usb 3-1: New USB device found, idVendor=09da, idProduct=2268, bcdDevice= 1.04
[  +0.000003] usb 3-1: New USB device strings: Mfr=1, Product=2, SerialNumber=0
[  +0.000001] usb 3-1: Product: USB Keyboard
[  +0.000001] usb 3-1: Manufacturer: SONiX
[  +0.137871] usb 3-2: new low-speed USB device number 3 using xhci_hcd
[  +0.137281] usb 1-6: config 1 has an invalid interface number: 2 but max is 1
[  +0.000003] usb 1-6: config 1 has no interface number 1
[  +0.004661] usb 3-2: New USB device found, idVendor=1bcf, idProduct=0005, bcdDevice= 0.90
[  +0.000002] usb 3-2: New USB device strings: Mfr=0, Product=2, SerialNumber=0
[  +0.000001] usb 3-2: Product: USB Optical Mouse
[  +0.007365] usb 1-6: New USB device found, idVendor=0b05, idProduct=1939, bcdDevice= 1.00
[  +0.000001] usb 1-6: New USB device strings: Mfr=1, Product=2, SerialNumber=3
[  +0.000001] usb 1-6: Product: AURA LED Controller
[  +0.000001] usb 1-6: Manufacturer: AsusTek Computer Inc.
[  +0.000001] usb 1-6: SerialNumber: 9876543210
[  +0.180248] [drm] amdgpu kernel modesetting enabled.
[  +0.000527] input: SONiX USB Keyboard as /devices/pci0000:00/0000:00:08.1/0000:09:00.3/usb3/3-1/3-1:1.0/0003:09DA:2268.0001/input/input2
[  +0.001903] usb 1-7: new high-speed USB device number 3 using xhci_hcd
[  +0.003539] amdgpu: Virtual CRAT table created for CPU
[  +0.000012] amdgpu: Topology: Add CPU node
[  +0.000073] amdgpu 0000:09:00.0: enabling device (0006 -> 0007)
[  +0.000032] [drm] initializing kernel modesetting (RENOIR 0x1002:0x1638 0x1043:0x8809 0xC8).
[  +0.000006] [drm] register mmio base: 0xFCC00000
[  +0.000001] [drm] register mmio size: 524288
[  +0.000069] [drm] virtual display string:NULL, 0000:09:00.0:virtual_display:0, num_crtc:0
[  +0.001319] [drm] add ip block number 0 <soc15_common>
[  +0.000001] [drm] add ip block number 1 <gmc_v9_0>
[  +0.000000] [drm] add ip block number 2 <vega10_ih>
[  +0.000001] [drm] add ip block number 3 <psp>
[  +0.000001] [drm] add ip block number 4 <smu>
[  +0.000000] [drm] add ip block number 5 <dm>
[  +0.000001] [drm] add ip block number 6 <gfx_v9_0>
[  +0.000000] [drm] add ip block number 7 <sdma_v4_0>
[  +0.000001] [drm] add ip block number 8 <vcn_v2_0>
[  +0.000001] [drm] add ip block number 9 <jpeg_v2_0>
[  +0.000009] amdgpu 0000:09:00.0: amdgpu: Fetched VBIOS from VFCT
[  +0.000001] amdgpu: ATOM BIOS: 113-CEZANNE-018
[  +0.001696] [drm] VCN decode is enabled in VM mode
[  +0.000001] [drm] VCN encode is enabled in VM mode
[  +0.000001] [drm] JPEG decode is enabled in VM mode
[  +0.000067] Console: switching to colour dummy device 80x25
[  +0.000016] amdgpu 0000:09:00.0: vgaarb: deactivate vga console
[  +0.000001] amdgpu 0000:09:00.0: amdgpu: Trusted Memory Zone (TMZ) feature enabled
[  +0.000001] amdgpu 0000:09:00.0: amdgpu: PCIE atomic ops is not supported
[  +0.000004] amdgpu 0000:09:00.0: amdgpu: MODE2 reset
[  +0.000083] [drm] vm size is 262144 GB, 4 levels, block size is 9-bit, fragment size is 9-bit
[  +0.000005] amdgpu 0000:09:00.0: amdgpu: VRAM: 512M 0x000000F400000000 - 0x000000F41FFFFFFF (512M used)
[  +0.000002] amdgpu 0000:09:00.0: amdgpu: GART: 1024M 0x0000000000000000 - 0x000000003FFFFFFF
[  +0.000000] amdgpu 0000:09:00.0: amdgpu: AGP: 267419648M 0x000000F800000000 - 0x0000FFFFFFFFFFFF
[  +0.000005] [drm] Detected VRAM RAM=512M, BAR=512M
[  +0.000000] [drm] RAM width 128bits DDR4
[  +0.000091] [drm] amdgpu: 512M of VRAM memory ready
[  +0.000001] [drm] amdgpu: 7639M of GTT memory ready.
[  +0.000010] [drm] GART: num cpu pages 262144, num gpu pages 262144
[  +0.000122] [drm] PCIE GART of 1024M enabled.
[  +0.000002] [drm] PTB located at 0x000000F41FC00000
[  +0.004964] amdgpu 0000:09:00.0: amdgpu: PSP runtime database doesn't exist
[  +0.000002] amdgpu 0000:09:00.0: amdgpu: PSP runtime database doesn't exist
[  +0.004205] [drm] Loading DMUB firmware via PSP: version=0x01010024
[  +0.020854] [drm] Found VCN firmware Version ENC: 1.19 DEC: 5 VEP: 0 Revision: 0
[  +0.000005] amdgpu 0000:09:00.0: amdgpu: Will use PSP to load VCN firmware
[  +0.013375] hid-generic 0003:09DA:2268.0001: input,hidraw0: USB HID v1.11 Keyboard [SONiX USB Keyboard] on usb-0000:09:00.3-1/input0
[  +0.004575] input: SONiX USB Keyboard Consumer Control as /devices/pci0000:00/0000:00:08.1/0000:09:00.3/usb3/3-1/3-1:1.1/0003:09DA:2268.0002/input/input3
[  +0.051997] input: SONiX USB Keyboard System Control as /devices/pci0000:00/0000:00:08.1/0000:09:00.3/usb3/3-1/3-1:1.1/0003:09DA:2268.0002/input/input4
[  +0.000387] hid-generic 0003:09DA:2268.0002: input,hidraw1: USB HID v1.11 Device [SONiX USB Keyboard] on usb-0000:09:00.3-1/input1
[  +0.006998] hid-generic 0003:0B05:1939.0003: hiddev96,hidraw2: USB HID v1.11 Device [AsusTek Computer Inc. AURA LED Controller] on usb-0000:01:00.0-6/input2
[  +0.004561] input: USB Optical Mouse as /devices/pci0000:00/0000:00:08.1/0000:09:00.3/usb3/3-2/3-2:1.0/0003:1BCF:0005.0004/input/input5
[  +0.000161] hid-generic 0003:1BCF:0005.0004: input,hidraw3: USB HID v1.10 Mouse [USB Optical Mouse] on usb-0000:09:00.3-2/input0
[  +0.000024] usbcore: registered new interface driver usbhid
[  +0.000001] usbhid: USB HID core driver
[  +0.092260] usb 1-7: New USB device found, idVendor=05e3, idProduct=0608, bcdDevice=60.90
[  +0.000003] usb 1-7: New USB device strings: Mfr=0, Product=1, SerialNumber=0
[  +0.000001] usb 1-7: Product: USB2.0 Hub
[  +0.008010] hub 1-7:1.0: USB hub found
[  +0.003974] hub 1-7:1.0: 4 ports detected
[  +0.529234] [drm] reserve 0x400000 from 0xf41f800000 for PSP TMR
[  +0.085660] amdgpu 0000:09:00.0: amdgpu: RAS: optional ras ta ucode is not available
[  +0.011110] amdgpu 0000:09:00.0: amdgpu: RAP: optional rap ta ucode is not available
[  +0.000001] amdgpu 0000:09:00.0: amdgpu: SECUREDISPLAY: securedisplay ta ucode is not available
[  +0.000970] amdgpu 0000:09:00.0: amdgpu: SMU is initialized successfully!
[  +0.000850] [drm] Display Core initialized with v3.2.215!
[  +0.000551] [drm] DMUB hardware initialized: version=0x01010024
[  +0.056698] [drm] kiq ring mec 2 pipe 1 q 0
[  +0.002900] [drm] VCN decode and encode initialized successfully(under DPG Mode).
[  +0.000015] [drm] JPEG decode initialized successfully.
[  +0.001893] kfd kfd: amdgpu: Allocated 3969056 bytes on gart
[  +0.000069] amdgpu: sdma_bitmap: 3
[  +0.001007] memmap_init_zone_device initialised 131072 pages in 0ms
[  +0.000002] amdgpu: HMM registered 512MB device memory
[  +0.000019] amdgpu: SRAT table not found
[  +0.000000] amdgpu: Virtual CRAT table created for GPU
[  +0.000057] amdgpu: Topology: Add dGPU node [0x1638:0x1002]
[  +0.000001] kfd kfd: amdgpu: added device 1002:1638
[  +0.000020] amdgpu 0000:09:00.0: amdgpu: SE 1, SH per SE 1, CU per SH 8, active_cu_number 8
[  +0.000045] amdgpu 0000:09:00.0: amdgpu: ring gfx uses VM inv eng 0 on hub 0
[  +0.000001] amdgpu 0000:09:00.0: amdgpu: ring gfx_low uses VM inv eng 1 on hub 0
[  +0.000001] amdgpu 0000:09:00.0: amdgpu: ring gfx_high uses VM inv eng 4 on hub 0
[  +0.000001] amdgpu 0000:09:00.0: amdgpu: ring comp_1.0.0 uses VM inv eng 5 on hub 0
[  +0.000000] amdgpu 0000:09:00.0: amdgpu: ring comp_1.1.0 uses VM inv eng 6 on hub 0
[  +0.000000] amdgpu 0000:09:00.0: amdgpu: ring comp_1.2.0 uses VM inv eng 7 on hub 0
[  +0.000001] amdgpu 0000:09:00.0: amdgpu: ring comp_1.3.0 uses VM inv eng 8 on hub 0
[  +0.000000] amdgpu 0000:09:00.0: amdgpu: ring comp_1.0.1 uses VM inv eng 9 on hub 0
[  +0.000001] amdgpu 0000:09:00.0: amdgpu: ring comp_1.1.1 uses VM inv eng 10 on hub 0
[  +0.000000] amdgpu 0000:09:00.0: amdgpu: ring comp_1.2.1 uses VM inv eng 11 on hub 0
[  +0.000001] amdgpu 0000:09:00.0: amdgpu: ring comp_1.3.1 uses VM inv eng 12 on hub 0
[  +0.000000] amdgpu 0000:09:00.0: amdgpu: ring kiq_2.1.0 uses VM inv eng 13 on hub 0
[  +0.000001] amdgpu 0000:09:00.0: amdgpu: ring sdma0 uses VM inv eng 0 on hub 1
[  +0.000000] amdgpu 0000:09:00.0: amdgpu: ring vcn_dec uses VM inv eng 1 on hub 1
[  +0.000001] amdgpu 0000:09:00.0: amdgpu: ring vcn_enc0 uses VM inv eng 4 on hub 1
[  +0.000000] amdgpu 0000:09:00.0: amdgpu: ring vcn_enc1 uses VM inv eng 5 on hub 1
[  +0.000001] amdgpu 0000:09:00.0: amdgpu: ring jpeg_dec uses VM inv eng 6 on hub 1
[  +0.001364] [drm] Initialized amdgpu 3.49.0 20150101 for 0000:09:00.0 on minor 0
[  +0.005244] fbcon: amdgpudrmfb (fb0) is primary device
[  +0.000158] [drm] DSC precompute is not needed.
[  +0.075333] Console: switching to colour frame buffer device 240x67
[  +0.018423] amdgpu 0000:09:00.0: [drm] fb0: amdgpudrmfb frame buffer device
[  +1.930252] EXT4-fs (nvme0n1p3): mounted filesystem eb0f27d9-17de-4fe3-96d3-89bbde76f272 with ordered data mode. Quota mode: none.
[  +0.064846] systemd[1]: systemd 253.3-3-arch running in system mode (+PAM +AUDIT -SELINUX -APPARMOR -IMA +SMACK +SECCOMP +GCRYPT +GNUTLS +OPENSSL +ACL +BLKID +CURL +ELFUTILS +FIDO2 +IDN2 -IDN +IPTC +KMOD +LIBCRYPTSETUP +LIBFDISK +PCRE2 -PWQUALITY +P11KIT -QRENCODE +TPM2 +BZIP2 +LZ4 +XZ +ZLIB +ZSTD +BPF_FRAMEWORK +XKBCOMMON +UTMP -SYSVINIT default-hierarchy=unified)
[  +0.000006] systemd[1]: Detected architecture x86-64.
[  +0.000673] systemd[1]: Hostname set to <mksscryerpc>.
[  +0.243819] systemd[1]: bpf-lsm: LSM BPF program attached
[  +0.020781] systemd-fstab-generator[283]: Checking was requested for "/var", but it is not a device.
[  +0.040572] systemd[1]: Configuration file /usr/lib/systemd/system/haveged-service.service is marked world-inaccessible. This has no effect as configuration data is accessible via APIs without restrictions. Proceeding anyway.
[  +0.008654] systemd[1]: Queued start job for default target Graphical Interface.
[  +0.001088] systemd[1]: Created slice Slice /system/getty.
[  +0.000291] systemd[1]: Created slice Slice /system/modprobe.
[  +0.000229] systemd[1]: Created slice Slice /system/systemd-fsck.
[  +0.000206] systemd[1]: Created slice User and Session Slice.
[  +0.000093] systemd[1]: Started Dispatch Password Requests to Console Directory Watch.
[  +0.000087] systemd[1]: Started Forward Password Requests to Wall Directory Watch.
[  +0.000158] systemd[1]: Set up automount Arbitrary Executable File Formats File System Automount Point.
[  +0.000109] systemd[1]: Reached target Local Encrypted Volumes.
[  +0.000054] systemd[1]: Reached target Login Prompts.
[  +0.000049] systemd[1]: Reached target Local Integrity Protected Volumes.
[  +0.000056] systemd[1]: Reached target Path Units.
[  +0.000051] systemd[1]: Reached target Remote File Systems.
[  +0.000048] systemd[1]: Reached target Slice Units.
[  +0.000053] systemd[1]: Reached target Local Verity Protected Volumes.
[  +0.000086] systemd[1]: Listening on Device-mapper event daemon FIFOs.
[  +0.000121] systemd[1]: Listening on LVM2 poll daemon socket.
[  +0.000639] systemd[1]: Listening on Process Core Dump Socket.
[  +0.000132] systemd[1]: Listening on Journal Socket (/dev/log).
[  +0.000127] systemd[1]: Listening on Journal Socket.
[  +0.000242] systemd[1]: Listening on udev Control Socket.
[  +0.000120] systemd[1]: Listening on udev Kernel Socket.
[  +0.000629] systemd[1]: Mounting Huge Pages File System...
[  +0.000559] systemd[1]: Mounting POSIX Message Queue File System...
[  +0.000562] systemd[1]: Mounting Kernel Debug File System...
[  +0.000539] systemd[1]: Mounting Kernel Trace File System...
[  +0.000619] systemd[1]: Starting Create List of Static Device Nodes...
[  +0.000559] systemd[1]: Starting Monitoring of LVM2 mirrors, snapshots etc. using dmeventd or progress polling...
[  +0.000628] systemd[1]: Starting Load Kernel Module configfs...
[  +0.000573] systemd[1]: Starting Load Kernel Module dm_mod...
[  +0.000565] systemd[1]: Starting Load Kernel Module drm...
[  +0.000548] systemd[1]: Starting Load Kernel Module fuse...
[  +0.000568] systemd[1]: Starting Load Kernel Module loop...
[  +0.000095] systemd[1]: File System Check on Root Device was skipped because of an unmet condition check (ConditionPathIsReadWrite=!/).
[  +0.001073] systemd[1]: Starting Load Kernel Modules...
[  +0.000068] systemd[1]: TPM2 PCR Machine ID Measurement was skipped because of an unmet condition check (ConditionPathExists=/sys/firmware/efi/efivars/StubPcrKernelImage-4a67b082-0a4c-41cf-b6c7-440b29bb8c4f).
[  +0.000576] systemd[1]: Starting Remount Root and Kernel File Systems...
[  +0.000608] systemd[1]: Starting Coldplug All udev Devices...
[  +0.001015] systemd[1]: Mounted Huge Pages File System.
[  +0.000111] loop: module loaded
[  +0.000026] systemd[1]: Mounted POSIX Message Queue File System.
[  +0.000120] systemd[1]: Mounted Kernel Debug File System.
[  +0.000113] systemd[1]: Mounted Kernel Trace File System.
[  +0.000256] systemd[1]: Finished Create List of Static Device Nodes.
[  +0.001824] systemd[1]: modprobe@configfs.service: Deactivated successfully.
[  +0.000151] systemd[1]: Finished Load Kernel Module configfs.
[  +0.000219] systemd[1]: modprobe@drm.service: Deactivated successfully.
[  +0.000142] systemd[1]: Finished Load Kernel Module drm.
[  +0.000096] EXT4-fs (nvme0n1p3): re-mounted eb0f27d9-17de-4fe3-96d3-89bbde76f272. Quota mode: none.
[  +0.000591] systemd[1]: modprobe@loop.service: Deactivated successfully.
[  +0.000014] device-mapper: uevent: version 1.0.3
[  +0.000079] device-mapper: ioctl: 4.47.0-ioctl (2022-07-28) initialised: dm-devel@redhat.com
[  +0.000109] systemd[1]: Finished Load Kernel Module loop.
[  +0.000092] fuse: init (API version 7.38)
[  +0.000211] systemd[1]: Finished Remount Root and Kernel File Systems.
[  +0.000228] systemd[1]: modprobe@dm_mod.service: Deactivated successfully.
[  +0.000180] systemd[1]: Finished Load Kernel Module dm_mod.
[  +0.000232] systemd[1]: modprobe@fuse.service: Deactivated successfully.
[  +0.000135] systemd[1]: Finished Load Kernel Module fuse.
[  +0.000241] systemd[1]: Finished Load Kernel Modules.
[  +0.000922] systemd[1]: Mounting FUSE Control File System...
[  +0.000565] systemd[1]: Mounting Kernel Configuration File System...
[  +0.000876] systemd[1]: First Boot Wizard was skipped because of an unmet condition check (ConditionFirstBoot=yes).
[  +0.000326] systemd[1]: Rebuild Hardware Database was skipped because no trigger condition checks were met.
[  +0.000154] systemd[1]: Repartition Root Disk was skipped because no trigger condition checks were met.
[  +0.000540] systemd[1]: Starting Apply Kernel Variables...
[  +0.001350] systemd[1]: Starting Create System Users...
[  +0.001703] systemd[1]: Mounted FUSE Control File System.
[  +0.000903] systemd[1]: Mounted Kernel Configuration File System.
[  +0.001031] systemd[1]: Finished Apply Kernel Variables.
[  +0.013687] systemd[1]: Finished Create System Users.
[  +0.001635] systemd[1]: Starting Create Static Device Nodes in /dev...
[  +0.019913] systemd[1]: Finished Monitoring of LVM2 mirrors, snapshots etc. using dmeventd or progress polling.
[  +0.003814] systemd[1]: Finished Create Static Device Nodes in /dev.
[  +0.001011] systemd[1]: Reached target Preparation for Local File Systems.
[  +0.000854] systemd[1]: var.mount: Directory /var to mount over is not empty, mounting anyway.
[  +0.000560] systemd[1]: Mounting /var...
[  +0.001924] systemd[1]: Started Entropy Daemon based on the HAVEGE algorithm.
[  +0.002162] systemd[1]: Starting Journal Service...
[  +0.001587] systemd[1]: Starting Rule-based Manager for Device Events and Files...
[  +0.001421] systemd[1]: Mounted /var.
[  +0.001459] systemd[1]: Starting Load AppArmor profiles...
[  +0.001548] systemd[1]: Starting Load/Save OS Random Seed...
[  +0.001175] systemd-journald[321]: Collecting audit messages is disabled.
[  +0.012888] systemd[1]: Finished Load/Save OS Random Seed.
[  +0.000783] systemd[1]: First Boot Complete was skipped because of an unmet condition check (ConditionFirstBoot=yes).
[  +0.019497] systemd[1]: Started Rule-based Manager for Device Events and Files.
[  +0.003102] systemd[1]: Finished Coldplug All udev Devices.
[  +0.071408] systemd[1]: Found device THNSN5512GPU7 NVMe TOSHIBA 512GB 2.
[  +0.005351] systemd[1]: Activating swap Swap Partition...
[  +0.005398] Adding 16777212k swap on /dev/nvme0n1p2.  Priority:-2 extents:1 across:16777212k SSFS
[  +0.002318] systemd[1]: Activated swap Swap Partition.
[  +0.001029] systemd[1]: Started Journal Service.
[  +0.017424] systemd-journald[321]: Received client request to flush runtime journal.
[  +0.012697] systemd-journald[321]: /var/log/journal/4363d246c0344e6187bbf7e9048cd6bf/system.journal: Monotonic clock jumped backwards relative to last journal entry, rotating.
[  +0.000008] systemd-journald[321]: Rotating system journal.
[  +0.182735] piix4_smbus 0000:00:14.0: SMBus Host Controller at 0xb00, revision 0
[  +0.000004] piix4_smbus 0000:00:14.0: Using register 0x02 for SMBus port selection
[  +0.000084] piix4_smbus 0000:00:14.0: Auxiliary SMBus Host Controller at 0xb20
[  +0.002457] sp5100_tco: SP5100/SB800 TCO WatchDog Timer Driver
[  +0.000083] sp5100-tco sp5100-tco: Using 0xfeb00000 for watchdog MMIO address
[  +0.000058] sp5100-tco sp5100-tco: initialized. heartbeat=60 sec (nowayout=0)
[  +0.006686] exar_serial 0000:06:00.0: enabling device (0000 -> 0002)
[  +0.000310] 0000:06:00.0: ttyS4 at MMIO 0xfcd00000 (irq = 73, base_baud = 7812500) is a XR17V35X
[  +0.018867] 0000:06:00.0: ttyS5 at MMIO 0xfcd00400 (irq = 73, base_baud = 7812500) is a XR17V35X
[  +0.102117] r8169 0000:05:00.0: enabling device (0000 -> 0003)
[  +0.005796] ccp 0000:09:00.2: enabling device (0000 -> 0002)
[  +0.005145] ccp 0000:09:00.2: ccp: unable to access the device: you might be running a broken BIOS.
[  +0.010146] ccp 0000:09:00.2: tee enabled
[  +0.000007] ccp 0000:09:00.2: psp enabled
[  +0.026591] r8169 0000:05:00.0 eth0: RTL8168e/8111e, 08:be:ac:22:a2:76, XID 2c2, IRQ 74
[  +0.000005] r8169 0000:05:00.0 eth0: jumbo features [frames: 9194 bytes, tx checksumming: ko]
[  +0.015953] RAPL PMU: API unit is 2^-32 Joules, 1 fixed counters, 163840 ms ovfl timer
[  +0.000003] RAPL PMU: hw unit of domain package 2^-16 Joules
[  +0.000510] asus_wmi: ASUS WMI generic driver loaded
[  +0.013177] snd_hda_intel 0000:09:00.1: enabling device (0000 -> 0002)
[  +0.000079] snd_hda_intel 0000:09:00.1: Handle vga_switcheroo audio client
[  +0.000134] snd_hda_intel 0000:09:00.6: enabling device (0000 -> 0002)
[  +0.019298] snd_hda_intel 0000:09:00.1: bound 0000:09:00.0 (ops amdgpu_dm_audio_component_bind_ops [amdgpu])
[  +0.006026] cryptd: max_cpu_qlen set to 1000
[  +0.010117] AVX2 version of gcm_enc/dec engaged.
[  +0.000032] AES CTR mode by8 optimization enabled
[  +0.037272] asus_wmi: Initialization: 0x0
[  +0.000032] asus_wmi: BIOS WMI version: 0.9
[  +0.000126] asus_wmi: SFUN value: 0x0
[  +0.000001] eeepc-wmi eeepc-wmi: Detected ASUSWMI, use DCTS
[  +0.000924] input: Eee PC WMI hotkeys as /devices/platform/eeepc-wmi/input/input8
[  +0.000145] input: HD-Audio Generic HDMI/DP,pcm=3 as /devices/pci0000:00/0000:00:08.1/0000:09:00.1/sound/card0/input6
[  +0.060343] snd_hda_codec_realtek hdaudioC1D0: autoconfig for ALC1220: line_outs=3 (0x14/0x15/0x16/0x0/0x0) type:line
[  +0.000004] snd_hda_codec_realtek hdaudioC1D0:    speaker_outs=0 (0x0/0x0/0x0/0x0/0x0)
[  +0.000001] snd_hda_codec_realtek hdaudioC1D0:    hp_outs=1 (0x1b/0x0/0x0/0x0/0x0)
[  +0.000001] snd_hda_codec_realtek hdaudioC1D0:    mono: mono_out=0x0
[  +0.000001] snd_hda_codec_realtek hdaudioC1D0:    dig-out=0x1e/0x0
[  +0.000001] snd_hda_codec_realtek hdaudioC1D0:    inputs:
[  +0.000001] snd_hda_codec_realtek hdaudioC1D0:      Front Mic=0x19
[  +0.000000] snd_hda_codec_realtek hdaudioC1D0:      Rear Mic=0x18
[  +0.000001] snd_hda_codec_realtek hdaudioC1D0:      Line=0x1a
[  +0.021990] input: HD-Audio Generic HDMI/DP,pcm=7 as /devices/pci0000:00/0000:00:08.1/0000:09:00.1/sound/card0/input7
[  +0.015663] input: HD-Audio Generic Front Mic as /devices/pci0000:00/0000:00:08.1/0000:09:00.6/sound/card1/input9
[  +0.000041] input: HD-Audio Generic Rear Mic as /devices/pci0000:00/0000:00:08.1/0000:09:00.6/sound/card1/input10
[  +0.000026] input: HD-Audio Generic Line as /devices/pci0000:00/0000:00:08.1/0000:09:00.6/sound/card1/input11
[  +0.000026] input: HD-Audio Generic Line Out Front as /devices/pci0000:00/0000:00:08.1/0000:09:00.6/sound/card1/input12
[  +0.000025] input: HD-Audio Generic Line Out Surround as /devices/pci0000:00/0000:00:08.1/0000:09:00.6/sound/card1/input13
[  +0.000031] input: HD-Audio Generic Line Out CLFE as /devices/pci0000:00/0000:00:08.1/0000:09:00.6/sound/card1/input14
[  +0.000025] input: HD-Audio Generic Front Headphone as /devices/pci0000:00/0000:00:08.1/0000:09:00.6/sound/card1/input15
[  +0.012744] MCE: In-kernel MCE decoding enabled.
[  +0.067851] r8169 0000:05:00.0 enp5s0: renamed from eth0
[  +0.000400] intel_rapl_common: Found RAPL domain package
[  +0.000002] intel_rapl_common: Found RAPL domain core
[  +0.346061] xt_connbytes: Forcing CT accounting to be enabled
[  +0.120995] RTL8211DN Gigabit Ethernet r8169-0-500:00: attached PHY driver (mii_bus:phy_addr=r8169-0-500:00, irq=MAC)
[  +0.189850] mousedev: PS/2 mouse device common for all mice
[  +0.061437] r8169 0000:05:00.0 enp5s0: Link is Down
[  +2.059436] r8169 0000:05:00.0 enp5s0: Link is Up - 1Gbps/Full - flow control off
[  +0.000022] IPv6: ADDRCONF(NETDEV_CHANGE): enp5s0: link becomes ready
[  +0.003802] r8169 0000:05:00.0 enp5s0: Link is Up - 1Gbps/Full - flow control off
[  +5.249796] systemd-journald[321]: /var/log/journal/4363d246c0344e6187bbf7e9048cd6bf/user-1000.journal: Monotonic clock jumped backwards relative to last journal entry, rotating.
[Apr26 17:22] r8169 0000:05:00.0 enp5s0: Link is Up - 1Gbps/Full - flow control off
[  +0.010400] r8169 0000:05:00.0 enp5s0: Link is Up - 1Gbps/Full - flow control off
[Apr26 17:27] Iptables: v4Reject: IN=enp5s0 OUT= MAC=08:be:ac:22:a2:76:84:d8:1b:8a:31:73:08:00 SRC=18.66.98.108 DST=192.168.0.240 LEN=2908 TOS=0x00 PREC=0x00 TTL=244 ID=8378 PROTO=TCP SPT=443 DPT=50904 WINDOW=305 RES=0x00 ACK URGP=0 
[  +0.004269] Iptables: v4Reject: IN=enp5s0 OUT= MAC=08:be:ac:22:a2:76:84:d8:1b:8a:31:73:08:00 SRC=18.66.98.108 DST=192.168.0.240 LEN=7192 TOS=0x00 PREC=0x00 TTL=244 ID=8391 PROTO=TCP SPT=443 DPT=50904 WINDOW=305 RES=0x00 ACK URGP=0 
[  +0.008279] Iptables: v4Reject: IN=enp5s0 OUT= MAC=08:be:ac:22:a2:76:84:d8:1b:8a:31:73:08:00 SRC=18.66.98.108 DST=192.168.0.240 LEN=8620 TOS=0x00 PREC=0x00 TTL=244 ID=8448 PROTO=TCP SPT=443 DPT=50904 WINDOW=305 RES=0x00 ACK URGP=0 
[  +0.002187] Iptables: v4Reject: IN=enp5s0 OUT= MAC=08:be:ac:22:a2:76:84:d8:1b:8a:31:73:08:00 SRC=18.66.98.108 DST=192.168.0.240 LEN=4336 TOS=0x00 PREC=0x00 TTL=244 ID=8472 PROTO=TCP SPT=443 DPT=50904 WINDOW=305 RES=0x00 ACK URGP=0 
[  +0.007270] Iptables: v4Reject: IN=enp5s0 OUT= MAC=08:be:ac:22:a2:76:84:d8:1b:8a:31:73:08:00 SRC=18.66.98.108 DST=192.168.0.240 LEN=7192 TOS=0x00 PREC=0x00 TTL=244 ID=8522 PROTO=TCP SPT=443 DPT=50904 WINDOW=305 RES=0x00 ACK URGP=0 
[  +0.005281] Iptables: v4Reject: IN=enp5s0 OUT= MAC=08:be:ac:22:a2:76:84:d8:1b:8a:31:73:08:00 SRC=18.66.98.108 DST=192.168.0.240 LEN=2908 TOS=0x00 PREC=0x00 TTL=244 ID=8566 PROTO=TCP SPT=443 DPT=50904 WINDOW=305 RES=0x00 ACK URGP=0 
[  +0.001550] Iptables: v4Reject: IN=enp5s0 OUT= MAC=08:be:ac:22:a2:76:84:d8:1b:8a:31:73:08:00 SRC=18.66.98.108 DST=192.168.0.240 LEN=8620 TOS=0x00 PREC=0x00 TTL=244 ID=8575 PROTO=TCP SPT=443 DPT=50904 WINDOW=305 RES=0x00 ACK URGP=0 
[Apr26 17:49] systemd-fstab-generator[6899]: Checking was requested for "/var", but it is not a device.
[Apr26 17:53] firefox[32030]: segfault at 0 ip 00007f55d03ae23b sp 00007ffe926cb560 error 6 in libxul.so[7f55cb565000+5f07000] likely on CPU 6 (core 6, socket 0)
[  +0.000009] Code: 0f 1e fa 48 83 ec 08 80 3d eb c7 73 01 00 74 02 58 c3 c6 05 e0 c7 73 01 01 48 8d 05 3b 2e 48 f9 48 8b 0d 70 ff 5f 01 48 89 01 <c7> 04 25 00 00 00 00 9e 01 00 00 ff 15 54 ff 5f 01 cc cc cc cc 53
[  +0.000004] potentially unexpected fatal signal 11.
[  +0.000001] CPU: 6 PID: 32030 Comm: firefox Not tainted 6.2.12-zen1-1-zen #1 1faa92b78502bd84fae46f72b6f278b9e8b79472
[  +0.000003] Hardware name: ASUS System Product Name/ROG STRIX B550-F GAMING, BIOS 3002 02/23/2023
[  +0.000000] RIP: 0033:0x7f55d03ae23b
[  +0.000019] Code: 0f 1e fa 48 83 ec 08 80 3d eb c7 73 01 00 74 02 58 c3 c6 05 e0 c7 73 01 01 48 8d 05 3b 2e 48 f9 48 8b 0d 70 ff 5f 01 48 89 01 <c7> 04 25 00 00 00 00 9e 01 00 00 ff 15 54 ff 5f 01 cc cc cc cc 53
[  +0.000001] RSP: 002b:00007ffe926cb560 EFLAGS: 00010246
[  +0.000001] RAX: 00007f55c983106c RBX: 00007f55d69f3108 RCX: 000055b1c8de72e8
[  +0.000001] RDX: 00007f55d66c66e0 RSI: 0000000000000001 RDI: 0000000000000000
[  +0.000001] RBP: 0000000000000000 R08: 0000000000000000 R09: 0000000000000000
[  +0.000000] R10: 0000000000000001 R11: 0000000000000293 R12: 0000000000000001
[  +0.000001] R13: 00007f55d69f1660 R14: 0000000000000000 R15: 00007f55d66c6600
[  +0.000000] FS:  00007f55d6cad480 GS:  0000000000000000
[Apr26 18:30] Iptables: v4Reject: IN=enp5s0 OUT= MAC=08:be:ac:22:a2:76:84:d8:1b:8a:31:73:08:00 SRC=172.217.16.1 DST=192.168.0.240 LEN=2852 TOS=0x00 PREC=0x00 TTL=121 ID=8748 PROTO=TCP SPT=443 DPT=51704 WINDOW=1045 RES=0x00 ACK URGP=0 
[  +0.000919] Iptables: v4Reject: IN=enp5s0 OUT= MAC=08:be:ac:22:a2:76:84:d8:1b:8a:31:73:08:00 SRC=172.217.16.1 DST=192.168.0.240 LEN=4252 TOS=0x00 PREC=0x00 TTL=121 ID=8758 PROTO=TCP SPT=443 DPT=51704 WINDOW=1045 RES=0x00 ACK URGP=0 
[  +0.002331] Iptables: v4Reject: IN=enp5s0 OUT= MAC=08:be:ac:22:a2:76:84:d8:1b:8a:31:73:08:00 SRC=172.217.16.1 DST=192.168.0.240 LEN=9852 TOS=0x00 PREC=0x00 TTL=121 ID=8785 PROTO=TCP SPT=443 DPT=51704 WINDOW=1045 RES=0x00 ACK URGP=0 
[  +0.001290] Iptables: v4Reject: IN=enp5s0 OUT= MAC=08:be:ac:22:a2:76:84:d8:1b:8a:31:73:08:00 SRC=172.217.16.1 DST=192.168.0.240 LEN=7052 TOS=0x00 PREC=0x00 TTL=121 ID=8805 PROTO=TCP SPT=443 DPT=51704 WINDOW=1045 RES=0x00 ACK URGP=0 
[  +0.000410] Iptables: v4Reject: IN=enp5s0 OUT= MAC=08:be:ac:22:a2:76:84:d8:1b:8a:31:73:08:00 SRC=172.217.16.1 DST=192.168.0.240 LEN=2852 TOS=0x00 PREC=0x00 TTL=121 ID=8811 PROTO=TCP SPT=443 DPT=51704 WINDOW=1045 RES=0x00 ACK URGP=0 
[  +0.000988] Iptables: v4Reject: IN=enp5s0 OUT= MAC=08:be:ac:22:a2:76:84:d8:1b:8a:31:73:08:00 SRC=172.217.16.1 DST=192.168.0.240 LEN=4252 TOS=0x00 PREC=0x00 TTL=121 ID=8821 PROTO=TCP SPT=443 DPT=51704 WINDOW=1045 RES=0x00 ACK URGP=0 
[  +0.002196] Iptables: v4Reject: IN=enp5s0 OUT= MAC=08:be:ac:22:a2:76:84:d8:1b:8a:31:73:08:00 SRC=172.217.16.1 DST=192.168.0.240 LEN=2852 TOS=0x00 PREC=0x00 TTL=121 ID=8857 PROTO=TCP SPT=443 DPT=51704 WINDOW=1045 RES=0x00 ACK URGP=0 
[  +0.003388] Iptables: v4Reject: IN=enp5s0 OUT= MAC=08:be:ac:22:a2:76:84:d8:1b:8a:31:73:08:00 SRC=172.217.16.1 DST=192.168.0.240 LEN=5652 TOS=0x00 PREC=0x00 TTL=121 ID=8893 PROTO=TCP SPT=443 DPT=51704 WINDOW=1045 RES=0x00 ACK URGP=0 
[  +0.104449] Iptables: v4Reject: IN=enp5s0 OUT= MAC=08:be:ac:22:a2:76:84:d8:1b:8a:31:73:08:00 SRC=172.217.16.1 DST=192.168.0.240 LEN=5652 TOS=0x00 PREC=0x00 TTL=121 ID=9720 PROTO=TCP SPT=443 DPT=51704 WINDOW=1088 RES=0x00 ACK URGP=0 
[  +0.006287] Iptables: v4Reject: IN=enp5s0 OUT= MAC=08:be:ac:22:a2:76:84:d8:1b:8a:31:73:08:00 SRC=172.217.16.1 DST=192.168.0.240 LEN=5652 TOS=0x00 PREC=0x00 TTL=121 ID=9773 PROTO=TCP SPT=443 DPT=51704 WINDOW=1088 RES=0x00 ACK URGP=0 
[  +0.000800] Iptables: v4Reject: IN=enp5s0 OUT= MAC=08:be:ac:22:a2:76:84:d8:1b:8a:31:73:08:00 SRC=172.217.16.1 DST=192.168.0.240 LEN=4252 TOS=0x00 PREC=0x00 TTL=121 ID=9784 PROTO=TCP SPT=443 DPT=51704 WINDOW=1088 RES=0x00 ACK URGP=0 
[  +0.003122] Iptables: v4Reject: IN=enp5s0 OUT= MAC=08:be:ac:22:a2:76:84:d8:1b:8a:31:73:08:00 SRC=172.217.16.1 DST=192.168.0.240 LEN=4252 TOS=0x00 PREC=0x00 TTL=121 ID=9814 PROTO=TCP SPT=443 DPT=51704 WINDOW=1088 RES=0x00 ACK URGP=0 
[  +0.000470] Iptables: v4Reject: IN=enp5s0 OUT= MAC=08:be:ac:22:a2:76:84:d8:1b:8a:31:73:08:00 SRC=172.217.16.1 DST=192.168.0.240 LEN=4252 TOS=0x00 PREC=0x00 TTL=121 ID=9818 PROTO=TCP SPT=443 DPT=51704 WINDOW=1088 RES=0x00 ACK URGP=0 
[  +0.001966] Iptables: v4Reject: IN=enp5s0 OUT= MAC=08:be:ac:22:a2:76:84:d8:1b:8a:31:73:08:00 SRC=172.217.16.1 DST=192.168.0.240 LEN=9852 TOS=0x00 PREC=0x00 TTL=121 ID=9835 PROTO=TCP SPT=443 DPT=51704 WINDOW=1088 RES=0x00 ACK URGP=0 
[  +0.002939] Iptables: v4Reject: IN=enp5s0 OUT= MAC=08:be:ac:22:a2:76:84:d8:1b:8a:31:73:08:00 SRC=172.217.16.1 DST=192.168.0.240 LEN=5652 TOS=0x00 PREC=0x00 TTL=121 ID=9870 PROTO=TCP SPT=443 DPT=51704 WINDOW=1088 RES=0x00 ACK URGP=0 
[  +0.107309] Iptables: v4Reject: IN=enp5s0 OUT= MAC=08:be:ac:22:a2:76:84:d8:1b:8a:31:73:08:00 SRC=172.217.16.1 DST=192.168.0.240 LEN=8452 TOS=0x00 PREC=0x00 TTL=121 ID=10645 PROTO=TCP SPT=443 DPT=51704 WINDOW=1117 RES=0x00 ACK URGP=0 
[  +0.003687] Iptables: v4Reject: IN=enp5s0 OUT= MAC=08:be:ac:22:a2:76:84:d8:1b:8a:31:73:08:00 SRC=172.217.16.1 DST=192.168.0.240 LEN=5652 TOS=0x00 PREC=0x00 TTL=121 ID=10686 PROTO=TCP SPT=443 DPT=51704 WINDOW=1117 RES=0x00 ACK URGP=0 
[  +0.005335] Iptables: v4Reject: IN=enp5s0 OUT= MAC=08:be:ac:22:a2:76:84:d8:1b:8a:31:73:08:00 SRC=172.217.16.1 DST=192.168.0.240 LEN=5652 TOS=0x00 PREC=0x00 TTL=121 ID=10732 PROTO=TCP SPT=443 DPT=51704 WINDOW=1117 RES=0x00 ACK URGP=0 
[  +0.004679] Iptables: v4Reject: IN=enp5s0 OUT= MAC=08:be:ac:22:a2:76:84:d8:1b:8a:31:73:08:00 SRC=172.217.16.1 DST=192.168.0.240 LEN=8452 TOS=0x00 PREC=0x00 TTL=121 ID=10770 PROTO=TCP SPT=443 DPT=51704 WINDOW=1117 RES=0x00 ACK URGP=0 
[  +0.000462] Iptables: v4Reject: IN=enp5s0 OUT= MAC=08:be:ac:22:a2:76:84:d8:1b:8a:31:73:08:00 SRC=172.217.16.1 DST=192.168.0.240 LEN=4252 TOS=0x00 PREC=0x00 TTL=121 ID=10777 PROTO=TCP SPT=443 DPT=51704 WINDOW=1117 RES=0x00 ACK URGP=0 
[  +0.001241] Iptables: v4Reject: IN=enp5s0 OUT= MAC=08:be:ac:22:a2:76:84:d8:1b:8a:31:73:08:00 SRC=172.217.16.1 DST=192.168.0.240 LEN=9852 TOS=0x00 PREC=0x00 TTL=121 ID=10783 PROTO=TCP SPT=443 DPT=51704 WINDOW=1117 RES=0x00 ACK URGP=0 
[  +0.000413] Iptables: v4Reject: IN=enp5s0 OUT= MAC=08:be:ac:22:a2:76:84:d8:1b:8a:31:73:08:00 SRC=172.217.16.1 DST=192.168.0.240 LEN=2852 TOS=0x00 PREC=0x00 TTL=121 ID=10792 PROTO=TCP SPT=443 DPT=51704 WINDOW=1117 RES=0x00 ACK URGP=0 
[  +0.107658] Iptables: v4Reject: IN=enp5s0 OUT= MAC=08:be:ac:22:a2:76:84:d8:1b:8a:31:73:08:00 SRC=172.217.16.1 DST=192.168.0.240 LEN=2852 TOS=0x00 PREC=0x00 TTL=121 ID=11265 PROTO=TCP SPT=443 DPT=51704 WINDOW=1168 RES=0x00 ACK URGP=0 
[  +0.003635] Iptables: v4Reject: IN=enp5s0 OUT= MAC=08:be:ac:22:a2:76:84:d8:1b:8a:31:73:08:00 SRC=172.217.16.1 DST=192.168.0.240 LEN=8452 TOS=0x00 PREC=0x00 TTL=121 ID=11293 PROTO=TCP SPT=443 DPT=51704 WINDOW=1168 RES=0x00 ACK URGP=0 
[  +0.002802] Iptables: v4Reject: IN=enp5s0 OUT= MAC=08:be:ac:22:a2:76:84:d8:1b:8a:31:73:08:00 SRC=172.217.16.1 DST=192.168.0.240 LEN=2852 TOS=0x00 PREC=0x00 TTL=121 ID=11312 PROTO=TCP SPT=443 DPT=51704 WINDOW=1168 RES=0x00 ACK URGP=0 
[  +0.001313] Iptables: v4Reject: IN=enp5s0 OUT= MAC=08:be:ac:22:a2:76:84:d8:1b:8a:31:73:08:00 SRC=172.217.16.1 DST=192.168.0.240 LEN=2852 TOS=0x00 PREC=0x00 TTL=121 ID=11324 PROTO=TCP SPT=443 DPT=51704 WINDOW=1168 RES=0x00 ACK URGP=0 
[  +0.000631] Iptables: v4Reject: IN=enp5s0 OUT= MAC=08:be:ac:22:a2:76:84:d8:1b:8a:31:73:08:00 SRC=172.217.16.1 DST=192.168.0.240 LEN=4252 TOS=0x00 PREC=0x00 TTL=121 ID=11328 PROTO=TCP SPT=443 DPT=51704 WINDOW=1168 RES=0x00 ACK URGP=0 
[  +0.000439] Iptables: v4Reject: IN=enp5s0 OUT= MAC=08:be:ac:22:a2:76:84:d8:1b:8a:31:73:08:00 SRC=172.217.16.1 DST=192.168.0.240 LEN=2852 TOS=0x00 PREC=0x00 TTL=121 ID=11332 PROTO=TCP SPT=443 DPT=51704 WINDOW=1168 RES=0x00 ACK URGP=0 
[  +0.000410] Iptables: v4Reject: IN=enp5s0 OUT= MAC=08:be:ac:22:a2:76:84:d8:1b:8a:31:73:08:00 SRC=172.217.16.1 DST=192.168.0.240 LEN=2852 TOS=0x00 PREC=0x00 TTL=121 ID=11336 PROTO=TCP SPT=443 DPT=51704 WINDOW=1168 RES=0x00 ACK URGP=0 
[  +0.001496] Iptables: v4Reject: IN=enp5s0 OUT= MAC=08:be:ac:22:a2:76:84:d8:1b:8a:31:73:08:00 SRC=172.217.16.1 DST=192.168.0.240 LEN=4252 TOS=0x00 PREC=0x00 TTL=121 ID=11348 PROTO=TCP SPT=443 DPT=51704 WINDOW=1168 RES=0x00 ACK URGP=0 
[  +0.000901] Iptables: v4Reject: IN=enp5s0 OUT= MAC=08:be:ac:22:a2:76:84:d8:1b:8a:31:73:08:00 SRC=172.217.16.1 DST=192.168.0.240 LEN=8452 TOS=0x00 PREC=0x00 TTL=121 ID=11353 PROTO=TCP SPT=443 DPT=51704 WINDOW=1168 RES=0x00 ACK URGP=0 
[  +0.000638] Iptables: v4Reject: IN=enp5s0 OUT= MAC=08:be:ac:22:a2:76:84:d8:1b:8a:31:73:08:00 SRC=172.217.16.1 DST=192.168.0.240 LEN=1483 TOS=0x00 PREC=0x00 TTL=121 ID=11364 PROTO=TCP SPT=443 DPT=51704 WINDOW=1168 RES=0x00 ACK PSH URGP=0 
[  +0.003841] Iptables: v4Reject: IN=enp5s0 OUT= MAC=08:be:ac:22:a2:76:84:d8:1b:8a:31:73:08:00 SRC=172.217.16.1 DST=192.168.0.240 LEN=2852 TOS=0x00 PREC=0x00 TTL=121 ID=11396 PROTO=TCP SPT=443 DPT=51704 WINDOW=1168 RES=0x00 ACK URGP=0 
[  +0.001738] Iptables: v4Reject: IN=enp5s0 OUT= MAC=08:be:ac:22:a2:76:84:d8:1b:8a:31:73:08:00 SRC=172.217.16.1 DST=192.168.0.240 LEN=4252 TOS=0x00 PREC=0x00 TTL=121 ID=11417 PROTO=TCP SPT=443 DPT=51704 WINDOW=1168 RES=0x00 ACK URGP=0 
[  +0.091774] Iptables: v4Reject: IN=enp5s0 OUT= MAC=08:be:ac:22:a2:76:84:d8:1b:8a:31:73:08:00 SRC=172.217.16.1 DST=192.168.0.240 LEN=8452 TOS=0x00 PREC=0x00 TTL=121 ID=12025 PROTO=TCP SPT=443 DPT=51704 WINDOW=1189 RES=0x00 ACK URGP=0 
[  +0.002611] Iptables: v4Reject: IN=enp5s0 OUT= MAC=08:be:ac:22:a2:76:84:d8:1b:8a:31:73:08:00 SRC=172.217.16.1 DST=192.168.0.240 LEN=5652 TOS=0x00 PREC=0x00 TTL=121 ID=12057 PROTO=TCP SPT=443 DPT=51704 WINDOW=1189 RES=0x00 ACK URGP=0 
[  +0.001035] Iptables: v4Reject: IN=enp5s0 OUT= MAC=08:be:ac:22:a2:76:84:d8:1b:8a:31:73:08:00 SRC=172.217.16.1 DST=192.168.0.240 LEN=7052 TOS=0x00 PREC=0x00 TTL=121 ID=12064 PROTO=TCP SPT=443 DPT=51704 WINDOW=1189 RES=0x00 ACK URGP=0 
[  +0.001861] Iptables: v4Reject: IN=enp5s0 OUT= MAC=08:be:ac:22:a2:76:84:d8:1b:8a:31:73:08:00 SRC=172.217.16.1 DST=192.168.0.240 LEN=8452 TOS=0x00 PREC=0x00 TTL=121 ID=12079 PROTO=TCP SPT=443 DPT=51704 WINDOW=1189 RES=0x00 ACK URGP=0 
[  +0.000565] Iptables: v4Reject: IN=enp5s0 OUT= MAC=08:be:ac:22:a2:76:84:d8:1b:8a:31:73:08:00 SRC=172.217.16.1 DST=192.168.0.240 LEN=4252 TOS=0x00 PREC=0x00 TTL=121 ID=12087 PROTO=TCP SPT=443 DPT=51704 WINDOW=1189 RES=0x00 ACK URGP=0 
[  +0.000421] Iptables: v4Reject: IN=enp5s0 OUT= MAC=08:be:ac:22:a2:76:84:d8:1b:8a:31:73:08:00 SRC=172.217.16.1 DST=192.168.0.240 LEN=2852 TOS=0x00 PREC=0x00 TTL=121 ID=12091 PROTO=TCP SPT=443 DPT=51704 WINDOW=1189 RES=0x00 ACK URGP=0 
[  +0.001697] Iptables: v4Reject: IN=enp5s0 OUT= MAC=08:be:ac:22:a2:76:84:d8:1b:8a:31:73:08:00 SRC=172.217.16.1 DST=192.168.0.240 LEN=7052 TOS=0x00 PREC=0x00 TTL=121 ID=12102 PROTO=TCP SPT=443 DPT=51704 WINDOW=1189 RES=0x00 ACK URGP=0 
[  +0.005464] Iptables: v4Reject: IN=enp5s0 OUT= MAC=08:be:ac:22:a2:76:84:d8:1b:8a:31:73:08:00 SRC=172.217.16.1 DST=192.168.0.240 LEN=5652 TOS=0x00 PREC=0x00 TTL=121 ID=12149 PROTO=TCP SPT=443 DPT=51704 WINDOW=1189 RES=0x00 ACK URGP=0 
[  +0.005523] Iptables: v4Reject: IN=enp5s0 OUT= MAC=08:be:ac:22:a2:76:84:d8:1b:8a:31:73:08:00 SRC=172.217.16.1 DST=192.168.0.240 LEN=5652 TOS=0x00 PREC=0x00 TTL=121 ID=12195 PROTO=TCP SPT=443 DPT=51704 WINDOW=1189 RES=0x00 ACK URGP=0 
[  +0.100944] Iptables: v4Reject: IN=enp5s0 OUT= MAC=08:be:ac:22:a2:76:84:d8:1b:8a:31:73:08:00 SRC=172.217.16.1 DST=192.168.0.240 LEN=2852 TOS=0x00 PREC=0x00 TTL=121 ID=12900 PROTO=TCP SPT=443 DPT=51704 WINDOW=1196 RES=0x00 ACK URGP=0 
[  +0.000577] Iptables: v4Reject: IN=enp5s0 OUT= MAC=08:be:ac:22:a2:76:84:d8:1b:8a:31:73:08:00 SRC=172.217.16.1 DST=192.168.0.240 LEN=5652 TOS=0x00 PREC=0x00 TTL=121 ID=12903 PROTO=TCP SPT=443 DPT=51704 WINDOW=1196 RES=0x00 ACK URGP=0 
[  +0.002853] Iptables: v4Reject: IN=enp5s0 OUT= MAC=08:be:ac:22:a2:76:84:d8:1b:8a:31:73:08:00 SRC=172.217.16.1 DST=192.168.0.240 LEN=8452 TOS=0x00 PREC=0x00 TTL=121 ID=12925 PROTO=TCP SPT=443 DPT=51704 WINDOW=1196 RES=0x00 ACK URGP=0 
[  +0.007137] Iptables: v4Reject: IN=enp5s0 OUT= MAC=08:be:ac:22:a2:76:84:d8:1b:8a:31:73:08:00 SRC=172.217.16.1 DST=192.168.0.240 LEN=5652 TOS=0x00 PREC=0x00 TTL=121 ID=12986 PROTO=TCP SPT=443 DPT=51704 WINDOW=1196 RES=0x00 ACK URGP=0 
[  +0.000878] Iptables: v4Reject: IN=enp5s0 OUT= MAC=08:be:ac:22:a2:76:84:d8:1b:8a:31:73:08:00 SRC=172.217.16.1 DST=192.168.0.240 LEN=5652 TOS=0x00 PREC=0x00 TTL=121 ID=12993 PROTO=TCP SPT=443 DPT=51704 WINDOW=1196 RES=0x00 ACK URGP=0 
[  +0.109576] Iptables: v4Reject: IN=enp5s0 OUT= MAC=08:be:ac:22:a2:76:84:d8:1b:8a:31:73:08:00 SRC=172.217.16.1 DST=192.168.0.240 LEN=7052 TOS=0x00 PREC=0x00 TTL=121 ID=13719 PROTO=TCP SPT=443 DPT=51704 WINDOW=1211 RES=0x00 ACK URGP=0 
[  +0.002663] Iptables: v4Reject: IN=enp5s0 OUT= MAC=08:be:ac:22:a2:76:84:d8:1b:8a:31:73:08:00 SRC=172.217.16.1 DST=192.168.0.240 LEN=5652 TOS=0x00 PREC=0x00 TTL=121 ID=13734 PROTO=TCP SPT=443 DPT=51704 WINDOW=1211 RES=0x00 ACK URGP=0 
[  +0.000283] Iptables: v4Reject: IN=enp5s0 OUT= MAC=08:be:ac:22:a2:76:84:d8:1b:8a:31:73:08:00 SRC=172.217.16.1 DST=192.168.0.240 LEN=2852 TOS=0x00 PREC=0x00 TTL=121 ID=13752 PROTO=TCP SPT=443 DPT=51704 WINDOW=1211 RES=0x00 ACK URGP=0 
[  +0.000908] Iptables: v4Reject: IN=enp5s0 OUT= MAC=08:be:ac:22:a2:76:84:d8:1b:8a:31:73:08:00 SRC=172.217.16.1 DST=192.168.0.240 LEN=5652 TOS=0x00 PREC=0x00 TTL=121 ID=13766 PROTO=TCP SPT=443 DPT=51704 WINDOW=1211 RES=0x00 ACK URGP=0 
[  +0.000283] Iptables: v4Reject: IN=enp5s0 OUT= MAC=08:be:ac:22:a2:76:84:d8:1b:8a:31:73:08:00 SRC=172.217.16.1 DST=192.168.0.240 LEN=4252 TOS=0x00 PREC=0x00 TTL=121 ID=13781 PROTO=TCP SPT=443 DPT=51704 WINDOW=1211 RES=0x00 ACK URGP=0 
[  +0.003369] Iptables: v4Reject: IN=enp5s0 OUT= MAC=08:be:ac:22:a2:76:84:d8:1b:8a:31:73:08:00 SRC=172.217.16.1 DST=192.168.0.240 LEN=4252 TOS=0x00 PREC=0x00 TTL=121 ID=13821 PROTO=TCP SPT=443 DPT=51704 WINDOW=1211 RES=0x00 ACK URGP=0 
[  +0.000723] Iptables: v4Reject: IN=enp5s0 OUT= MAC=08:be:ac:22:a2:76:84:d8:1b:8a:31:73:08:00 SRC=172.217.16.1 DST=192.168.0.240 LEN=5652 TOS=0x00 PREC=0x00 TTL=121 ID=13826 PROTO=TCP SPT=443 DPT=51704 WINDOW=1211 RES=0x00 ACK URGP=0 
[  +0.000395] Iptables: v4Reject: IN=enp5s0 OUT= MAC=08:be:ac:22:a2:76:84:d8:1b:8a:31:73:08:00 SRC=172.217.16.1 DST=192.168.0.240 LEN=2852 TOS=0x00 PREC=0x00 TTL=121 ID=13831 PROTO=TCP SPT=443 DPT=51704 WINDOW=1211 RES=0x00 ACK URGP=0 
[  +0.003446] Iptables: v4Reject: IN=enp5s0 OUT= MAC=08:be:ac:22:a2:76:84:d8:1b:8a:31:73:08:00 SRC=172.217.16.1 DST=192.168.0.240 LEN=8452 TOS=0x00 PREC=0x00 TTL=121 ID=13856 PROTO=TCP SPT=443 DPT=51704 WINDOW=1211 RES=0x00 ACK URGP=0 
[  +0.000943] Iptables: v4Reject: IN=enp5s0 OUT= MAC=08:be:ac:22:a2:76:84:d8:1b:8a:31:73:08:00 SRC=172.217.16.1 DST=192.168.0.240 LEN=4252 TOS=0x00 PREC=0x00 TTL=121 ID=13867 PROTO=TCP SPT=443 DPT=51704 WINDOW=1211 RES=0x00 ACK URGP=0 
[  +0.000745] Iptables: v4Reject: IN=enp5s0 OUT= MAC=08:be:ac:22:a2:76:84:d8:1b:8a:31:73:08:00 SRC=172.217.16.1 DST=192.168.0.240 LEN=5652 TOS=0x00 PREC=0x00 TTL=121 ID=13872 PROTO=TCP SPT=443 DPT=51704 WINDOW=1211 RES=0x00 ACK URGP=0 
[  +0.000393] Iptables: v4Reject: IN=enp5s0 OUT= MAC=08:be:ac:22:a2:76:84:d8:1b:8a:31:73:08:00 SRC=172.217.16.1 DST=192.168.0.240 LEN=2852 TOS=0x00 PREC=0x00 TTL=121 ID=13877 PROTO=TCP SPT=443 DPT=51704 WINDOW=1211 RES=0x00 ACK URGP=0 
[  +0.001635] Iptables: v4Reject: IN=enp5s0 OUT= MAC=08:be:ac:22:a2:76:84:d8:1b:8a:31:73:08:00 SRC=172.217.16.1 DST=192.168.0.240 LEN=9852 TOS=0x00 PREC=0x00 TTL=121 ID=13885 PROTO=TCP SPT=443 DPT=51704 WINDOW=1211 RES=0x00 ACK URGP=0 
[  +0.000570] Iptables: v4Reject: IN=enp5s0 OUT= MAC=08:be:ac:22:a2:76:84:d8:1b:8a:31:73:08:00 SRC=172.217.16.1 DST=192.168.0.240 LEN=5652 TOS=0x00 PREC=0x00 TTL=121 ID=13893 PROTO=TCP SPT=443 DPT=51704 WINDOW=1211 RES=0x00 ACK URGP=0 
[  +0.000424] Iptables: v4Reject: IN=enp5s0 OUT= MAC=08:be:ac:22:a2:76:84:d8:1b:8a:31:73:08:00 SRC=172.217.16.1 DST=192.168.0.240 LEN=2852 TOS=0x00 PREC=0x00 TTL=121 ID=13898 PROTO=TCP SPT=443 DPT=51704 WINDOW=1211 RES=0x00 ACK URGP=0 
