[Mar 9 18:36] Linux version 6.6.20-1-lts (linux-lts@archlinux) (gcc (GCC) 13.2.1 20230801, GNU ld (GNU Binutils) 2.42.0) #1 SMP PREEMPT_DYNAMIC Sun, 03 Mar 2024 07:25:31 +0000
[  +0.000000] Command line: BOOT_IMAGE=/vmlinuz-linux-lts root=UUID=7bf17edb-b8bf-4757-9cc5-921e34440e42 rw rd.udev.log_priority=3 loglevel=3 audit=0 console=tty0 noreplace-smp rcupdate.rcu_expedited=1 tsc=unstable lsm=capability,yama,safesetid,landlock,lockdown,apparmor,bpf lockdown=integrity apparmor=1 module.sig_enforce=1 mitigations=auto,nosmt l1tf=flush,nosmt mds=full,nosmt tsx_async_abort=full,nosmt mmio_stale_data=full,nosmt retbleed=auto,nosmt nosmt=force pcie_aspm=force init_on_alloc=1 init_on_free=1 page_alloc.shuffle=1 vsyscall=none mce=0 debugfs=on randomize_kstack_offset=on kasan_multi_shot=on slab_nomerge pti=on slub_debug=ZF slub_debug=P page_poison=on fsck.mode=force mem_encrypt=on vsyscall=none amd_iommu=force_isolation amdgpu.gpu_recovery=1 amdgpu.audio=0 amdgpu.lbpw=1 amdgpu.tmz=1 amdgpu.freesync_video=1 iommu.strict=1 iomem=strict fsck.mode=force fsck.repair=yes pci.pcie_scan_all=1 extra_latent_entropy trace_clock=local noexec=on mce=recovery
[  +0.000000] BIOS-provided physical RAM map:
[  +0.000000] BIOS-e820: [mem 0x0000000000000000-0x000000000009ffff] usable
[  +0.000000] BIOS-e820: [mem 0x00000000000a0000-0x00000000000fffff] reserved
[  +0.000000] BIOS-e820: [mem 0x0000000000100000-0x0000000009d1efff] usable
[  +0.000000] BIOS-e820: [mem 0x0000000009d1f000-0x0000000009ffffff] reserved
[  +0.000000] BIOS-e820: [mem 0x000000000a000000-0x000000000a1fffff] usable
[  +0.000000] BIOS-e820: [mem 0x000000000a200000-0x000000000a20efff] ACPI NVS
[  +0.000000] BIOS-e820: [mem 0x000000000a20f000-0x000000000affffff] usable
[  +0.000000] BIOS-e820: [mem 0x000000000b000000-0x000000000b01ffff] reserved
[  +0.000000] BIOS-e820: [mem 0x000000000b020000-0x00000000be278fff] usable
[  +0.000000] BIOS-e820: [mem 0x00000000be279000-0x00000000be279fff] reserved
[  +0.000000] BIOS-e820: [mem 0x00000000be27a000-0x00000000c3c89fff] usable
[  +0.000000] BIOS-e820: [mem 0x00000000c3c8a000-0x00000000c3f92fff] reserved
[  +0.000000] BIOS-e820: [mem 0x00000000c3f93000-0x00000000c3fe3fff] ACPI data
[  +0.000000] BIOS-e820: [mem 0x00000000c3fe4000-0x00000000c574afff] ACPI NVS
[  +0.000000] BIOS-e820: [mem 0x00000000c574b000-0x00000000c69fefff] reserved
[  +0.000000] BIOS-e820: [mem 0x00000000c69ff000-0x00000000c7ffffff] usable
[  +0.000000] BIOS-e820: [mem 0x00000000c8000000-0x00000000caffffff] reserved
[  +0.000000] BIOS-e820: [mem 0x00000000cf000000-0x00000000cfffffff] reserved
[  +0.000000] BIOS-e820: [mem 0x00000000f0000000-0x00000000f7ffffff] reserved
[  +0.000000] BIOS-e820: [mem 0x00000000fd200000-0x00000000fd2fffff] reserved
[  +0.000000] BIOS-e820: [mem 0x00000000fd600000-0x00000000fd6fffff] reserved
[  +0.000000] BIOS-e820: [mem 0x00000000fea00000-0x00000000fea0ffff] reserved
[  +0.000000] BIOS-e820: [mem 0x00000000feb80000-0x00000000fec01fff] reserved
[  +0.000000] BIOS-e820: [mem 0x00000000fec10000-0x00000000fec10fff] reserved
[  +0.000000] BIOS-e820: [mem 0x00000000fec30000-0x00000000fec30fff] reserved
[  +0.000000] BIOS-e820: [mem 0x00000000fed00000-0x00000000fed00fff] reserved
[  +0.000000] BIOS-e820: [mem 0x00000000fed40000-0x00000000fed44fff] reserved
[  +0.000000] BIOS-e820: [mem 0x00000000fed80000-0x00000000fed8ffff] reserved
[  +0.000000] BIOS-e820: [mem 0x00000000fedc2000-0x00000000fedcffff] reserved
[  +0.000000] BIOS-e820: [mem 0x00000000fedd4000-0x00000000fedd5fff] reserved
[  +0.000000] BIOS-e820: [mem 0x00000000ff000000-0x00000000ffffffff] reserved
[  +0.000000] BIOS-e820: [mem 0x0000000100000000-0x000000040e2fffff] usable
[  +0.000000] BIOS-e820: [mem 0x000000040e300000-0x000000042fffffff] reserved
[  +0.000000] Kernel is locked down from command line; see man kernel_lockdown.7
[  +0.000000] SMT: Force disabled
[  +0.000000] NX (Execute Disable) protection: active
[  +0.000000] APIC: Static calls initialized
[  +0.000000] e820: update [mem 0xb49f0018-0xb49fd857] usable ==> usable
[  +0.000000] e820: update [mem 0xb49f0018-0xb49fd857] usable ==> usable
[  +0.000000] extended physical RAM map:
[  +0.000000] reserve setup_data: [mem 0x0000000000000000-0x000000000009ffff] usable
[  +0.000000] reserve setup_data: [mem 0x00000000000a0000-0x00000000000fffff] reserved
[  +0.000000] reserve setup_data: [mem 0x0000000000100000-0x0000000009d1efff] usable
[  +0.000000] reserve setup_data: [mem 0x0000000009d1f000-0x0000000009ffffff] reserved
[  +0.000000] reserve setup_data: [mem 0x000000000a000000-0x000000000a1fffff] usable
[  +0.000000] reserve setup_data: [mem 0x000000000a200000-0x000000000a20efff] ACPI NVS
[  +0.000000] reserve setup_data: [mem 0x000000000a20f000-0x000000000affffff] usable
[  +0.000000] reserve setup_data: [mem 0x000000000b000000-0x000000000b01ffff] reserved
[  +0.000000] reserve setup_data: [mem 0x000000000b020000-0x00000000b49f0017] usable
[  +0.000000] reserve setup_data: [mem 0x00000000b49f0018-0x00000000b49fd857] usable
[  +0.000000] reserve setup_data: [mem 0x00000000b49fd858-0x00000000be278fff] usable
[  +0.000000] reserve setup_data: [mem 0x00000000be279000-0x00000000be279fff] reserved
[  +0.000000] reserve setup_data: [mem 0x00000000be27a000-0x00000000c3c89fff] usable
[  +0.000000] reserve setup_data: [mem 0x00000000c3c8a000-0x00000000c3f92fff] reserved
[  +0.000000] reserve setup_data: [mem 0x00000000c3f93000-0x00000000c3fe3fff] ACPI data
[  +0.000000] reserve setup_data: [mem 0x00000000c3fe4000-0x00000000c574afff] ACPI NVS
[  +0.000000] reserve setup_data: [mem 0x00000000c574b000-0x00000000c69fefff] reserved
[  +0.000000] reserve setup_data: [mem 0x00000000c69ff000-0x00000000c7ffffff] usable
[  +0.000000] reserve setup_data: [mem 0x00000000c8000000-0x00000000caffffff] reserved
[  +0.000000] reserve setup_data: [mem 0x00000000cf000000-0x00000000cfffffff] reserved
[  +0.000000] reserve setup_data: [mem 0x00000000f0000000-0x00000000f7ffffff] reserved
[  +0.000000] reserve setup_data: [mem 0x00000000fd200000-0x00000000fd2fffff] reserved
[  +0.000000] reserve setup_data: [mem 0x00000000fd600000-0x00000000fd6fffff] reserved
[  +0.000000] reserve setup_data: [mem 0x00000000fea00000-0x00000000fea0ffff] reserved
[  +0.000000] reserve setup_data: [mem 0x00000000feb80000-0x00000000fec01fff] reserved
[  +0.000000] reserve setup_data: [mem 0x00000000fec10000-0x00000000fec10fff] reserved
[  +0.000000] reserve setup_data: [mem 0x00000000fec30000-0x00000000fec30fff] reserved
[  +0.000000] reserve setup_data: [mem 0x00000000fed00000-0x00000000fed00fff] reserved
[  +0.000000] reserve setup_data: [mem 0x00000000fed40000-0x00000000fed44fff] reserved
[  +0.000000] reserve setup_data: [mem 0x00000000fed80000-0x00000000fed8ffff] reserved
[  +0.000000] reserve setup_data: [mem 0x00000000fedc2000-0x00000000fedcffff] reserved
[  +0.000000] reserve setup_data: [mem 0x00000000fedd4000-0x00000000fedd5fff] reserved
[  +0.000000] reserve setup_data: [mem 0x00000000ff000000-0x00000000ffffffff] reserved
[  +0.000000] reserve setup_data: [mem 0x0000000100000000-0x000000040e2fffff] usable
[  +0.000000] reserve setup_data: [mem 0x000000040e300000-0x000000042fffffff] reserved
[  +0.000000] efi: EFI v2.7 by American Megatrends
[  +0.000000] efi: ACPI=0xc3fe3000 ACPI 2.0=0xc3fe3014 SMBIOS=0xc67f0000 SMBIOS 3.0=0xc67ef000 MEMATTR=0xc09f5018 ESRT=0xc2318b18 INITRD=0xbb28ff18 RNG=0xc3fc3c18 
[  +0.000000] random: crng init done
[  +0.000000] efi: Remove mem71: MMIO range=[0xf0000000-0xf7ffffff] (128MB) from e820 map
[  +0.000000] e820: remove [mem 0xf0000000-0xf7ffffff] reserved
[  +0.000000] efi: Remove mem72: MMIO range=[0xfd200000-0xfd2fffff] (1MB) from e820 map
[  +0.000000] e820: remove [mem 0xfd200000-0xfd2fffff] reserved
[  +0.000000] efi: Remove mem73: MMIO range=[0xfd600000-0xfd6fffff] (1MB) from e820 map
[  +0.000000] e820: remove [mem 0xfd600000-0xfd6fffff] reserved
[  +0.000000] efi: Not removing mem74: MMIO range=[0xfea00000-0xfea0ffff] (64KB) from e820 map
[  +0.000000] efi: Remove mem75: MMIO range=[0xfeb80000-0xfec01fff] (0MB) from e820 map
[  +0.000000] e820: remove [mem 0xfeb80000-0xfec01fff] reserved
[  +0.000000] efi: Not removing mem76: MMIO range=[0xfec10000-0xfec10fff] (4KB) from e820 map
[  +0.000000] efi: Not removing mem77: MMIO range=[0xfec30000-0xfec30fff] (4KB) from e820 map
[  +0.000000] efi: Not removing mem78: MMIO range=[0xfed00000-0xfed00fff] (4KB) from e820 map
[  +0.000000] efi: Not removing mem79: MMIO range=[0xfed40000-0xfed44fff] (20KB) from e820 map
[  +0.000000] efi: Not removing mem80: MMIO range=[0xfed80000-0xfed8ffff] (64KB) from e820 map
[  +0.000000] efi: Not removing mem81: MMIO range=[0xfedc2000-0xfedcffff] (56KB) from e820 map
[  +0.000000] efi: Not removing mem82: MMIO range=[0xfedd4000-0xfedd5fff] (8KB) from e820 map
[  +0.000000] efi: Remove mem83: MMIO range=[0xff000000-0xffffffff] (16MB) from e820 map
[  +0.000000] e820: remove [mem 0xff000000-0xffffffff] reserved
[  +0.000000] SMBIOS 3.3.0 present.
[  +0.000000] DMI: ASUS System Product Name/ROG STRIX B550-F GAMING, BIOS 3405 12/13/2023
[  +0.000000] tsc: Fast TSC calibration using PIT
[  +0.000000] tsc: Detected 3793.066 MHz processor
[  +0.000000] e820: update [mem 0x00000000-0x00000fff] usable ==> reserved
[  +0.000002] e820: remove [mem 0x000a0000-0x000fffff] usable
[  +0.000005] last_pfn = 0x40e300 max_arch_pfn = 0x400000000
[  +0.000006] MTRR map: 6 entries (4 fixed + 2 variable; max 21), built from 9 variable MTRRs
[  +0.000002] x86/PAT: Configuration [0-7]: WB  WC  UC- UC  WB  WP  UC- WT  
[  +0.000269] e820: update [mem 0xd0000000-0xffffffff] usable ==> reserved
[  +0.000006] last_pfn = 0xc8000 max_arch_pfn = 0x400000000
[  +0.002647] esrt: Reserving ESRT space from 0x00000000c2318b18 to 0x00000000c2318b50.
[  +0.000005] e820: update [mem 0xc2318000-0xc2318fff] usable ==> reserved
[  +0.000013] Kernel/User page tables isolation: force enabled on command line.
[  +0.000001] Using GB pages for direct mapping
[  +0.000618] Secure boot disabled
[  +0.000001] RAMDISK: [mem 0xb5804000-0xb77f3fff]
[  +0.000005] ACPI: Early table checksum verification disabled
[  +0.000003] ACPI: RSDP 0x00000000C3FE3014 000024 (v02 ALASKA)
[  +0.000003] ACPI: XSDT 0x00000000C3FE2728 0000CC (v01 ALASKA A M I    01072009 AMI  01000013)
[  +0.000004] ACPI: FACP 0x00000000C3FD3000 000114 (v06 ALASKA A M I    01072009 AMI  00010013)
[  +0.000004] ACPI: DSDT 0x00000000C3FC8000 00ACC1 (v02 ALASKA A M I    01072009 INTL 20120913)
[  +0.000002] ACPI: FACS 0x00000000C4730000 000040
[  +0.000001] ACPI: IVRS 0x00000000C3FE1000 0000D0 (v02 AMD    AmdTable 00000001 AMD  00000001)
[  +0.000002] ACPI: SSDT 0x00000000C3FD9000 0072B0 (v02 AMD    Artic    00000002 MSFT 04000000)
[  +0.000001] ACPI: SSDT 0x00000000C3FD5000 003B8E (v02 AMD    AMD AOD  00000001 INTL 20120913)
[  +0.000002] ACPI: SSDT 0x00000000C3FD4000 000139 (v02 ALASKA CPUSSDT  01072009 AMI  01072009)
[  +0.000001] ACPI: FIDT 0x00000000C3FC7000 00009C (v01 ALASKA A M I    01072009 AMI  00010013)
[  +0.000002] ACPI: FPDT 0x00000000C3FA3000 000044 (v01 ALASKA A M I    01072009 AMI  01000013)
[  +0.000001] ACPI: MCFG 0x00000000C3FC5000 00003C (v01 ALASKA A M I    01072009 MSFT 00010013)
[  +0.000002] ACPI: HPET 0x00000000C3FC4000 000038 (v01 ALASKA A M I    01072009 AMI  00000005)
[  +0.000001] ACPI: VFCT 0x00000000C3FB5000 00D884 (v01 ALASKA A M I    00000001 AMD  31504F47)
[  +0.000002] ACPI: BGRT 0x00000000C3FB4000 000038 (v01 ALASKA A M I    01072009 AMI  00010013)
[  +0.000001] ACPI: SSDT 0x00000000C3FB1000 0028A4 (v02 AMD    AmdTable 00000001 AMD  00000001)
[  +0.000001] ACPI: CRAT 0x00000000C3FB0000 000EE8 (v01 AMD    AmdTable 00000001 AMD  00000001)
[  +0.000002] ACPI: CDIT 0x00000000C3FAF000 000029 (v01 AMD    AmdTable 00000001 AMD  00000001)
[  +0.000001] ACPI: SSDT 0x00000000C3FAE000 000D53 (v02 AMD    ArticIG2 00000001 INTL 20120913)
[  +0.000002] ACPI: SSDT 0x00000000C3FAC000 0010C1 (v02 AMD    ArticTPX 00000001 INTL 20120913)
[  +0.000001] ACPI: SSDT 0x00000000C3FA8000 003E6E (v02 AMD    ArticN   00000001 INTL 20120913)
[  +0.000002] ACPI: WSMT 0x00000000C3FA7000 000028 (v01 ALASKA A M I    01072009 AMI  00010013)
[  +0.000001] ACPI: APIC 0x00000000C3FA6000 00015E (v04 ALASKA A M I    01072009 AMI  00010013)
[  +0.000002] ACPI: SSDT 0x00000000C3FA5000 00007D (v02 AMD    ArticDIS 00000001 INTL 20120913)
[  +0.000001] ACPI: SSDT 0x00000000C3FA4000 0000BF (v01 AMD    AmdTable 00001000 INTL 20120913)
[  +0.000001] ACPI: Reserving FACP table memory at [mem 0xc3fd3000-0xc3fd3113]
[  +0.000001] ACPI: Reserving DSDT table memory at [mem 0xc3fc8000-0xc3fd2cc0]
[  +0.000000] ACPI: Reserving FACS table memory at [mem 0xc4730000-0xc473003f]
[  +0.000001] ACPI: Reserving IVRS table memory at [mem 0xc3fe1000-0xc3fe10cf]
[  +0.000000] ACPI: Reserving SSDT table memory at [mem 0xc3fd9000-0xc3fe02af]
[  +0.000001] ACPI: Reserving SSDT table memory at [mem 0xc3fd5000-0xc3fd8b8d]
[  +0.000000] ACPI: Reserving SSDT table memory at [mem 0xc3fd4000-0xc3fd4138]
[  +0.000001] ACPI: Reserving FIDT table memory at [mem 0xc3fc7000-0xc3fc709b]
[  +0.000000] ACPI: Reserving FPDT table memory at [mem 0xc3fa3000-0xc3fa3043]
[  +0.000000] ACPI: Reserving MCFG table memory at [mem 0xc3fc5000-0xc3fc503b]
[  +0.000001] ACPI: Reserving HPET table memory at [mem 0xc3fc4000-0xc3fc4037]
[  +0.000000] ACPI: Reserving VFCT table memory at [mem 0xc3fb5000-0xc3fc2883]
[  +0.000001] ACPI: Reserving BGRT table memory at [mem 0xc3fb4000-0xc3fb4037]
[  +0.000000] ACPI: Reserving SSDT table memory at [mem 0xc3fb1000-0xc3fb38a3]
[  +0.000000] ACPI: Reserving CRAT table memory at [mem 0xc3fb0000-0xc3fb0ee7]
[  +0.000001] ACPI: Reserving CDIT table memory at [mem 0xc3faf000-0xc3faf028]
[  +0.000000] ACPI: Reserving SSDT table memory at [mem 0xc3fae000-0xc3faed52]
[  +0.000001] ACPI: Reserving SSDT table memory at [mem 0xc3fac000-0xc3fad0c0]
[  +0.000000] ACPI: Reserving SSDT table memory at [mem 0xc3fa8000-0xc3fabe6d]
[  +0.000000] ACPI: Reserving WSMT table memory at [mem 0xc3fa7000-0xc3fa7027]
[  +0.000001] ACPI: Reserving APIC table memory at [mem 0xc3fa6000-0xc3fa615d]
[  +0.000000] ACPI: Reserving SSDT table memory at [mem 0xc3fa5000-0xc3fa507c]
[  +0.000001] ACPI: Reserving SSDT table memory at [mem 0xc3fa4000-0xc3fa40be]
[  +0.000051] No NUMA configuration found
[  +0.000001] Faking a node at [mem 0x0000000000000000-0x000000040e2fffff]
[  +0.000001] NODE_DATA(0) allocated [mem 0x40e2fb000-0x40e2fffff]
[  +0.000022] Zone ranges:
[  +0.000000]   DMA      [mem 0x0000000000001000-0x0000000000ffffff]
[  +0.000001]   DMA32    [mem 0x0000000001000000-0x00000000ffffffff]
[  +0.000001]   Normal   [mem 0x0000000100000000-0x000000040e2fffff]
[  +0.000001]   Device   empty
[  +0.000000] Movable zone start for each node
[  +0.000001] Early memory node ranges
[  +0.000000]   node   0: [mem 0x0000000000001000-0x000000000009ffff]
[  +0.000001]   node   0: [mem 0x0000000000100000-0x0000000009d1efff]
[  +0.000000]   node   0: [mem 0x000000000a000000-0x000000000a1fffff]
[  +0.000001]   node   0: [mem 0x000000000a20f000-0x000000000affffff]
[  +0.000000]   node   0: [mem 0x000000000b020000-0x00000000be278fff]
[  +0.000001]   node   0: [mem 0x00000000be27a000-0x00000000c3c89fff]
[  +0.000000]   node   0: [mem 0x00000000c69ff000-0x00000000c7ffffff]
[  +0.000001]   node   0: [mem 0x0000000100000000-0x000000040e2fffff]
[  +0.000001] Initmem setup node 0 [mem 0x0000000000001000-0x000000040e2fffff]
[  +0.000002] On node 0, zone DMA: 1 pages in unavailable ranges
[  +0.000011] On node 0, zone DMA: 96 pages in unavailable ranges
[  +0.000096] On node 0, zone DMA32: 737 pages in unavailable ranges
[  +0.000009] On node 0, zone DMA32: 15 pages in unavailable ranges
[  +0.003127] On node 0, zone DMA32: 32 pages in unavailable ranges
[  +0.000117] On node 0, zone DMA32: 1 pages in unavailable ranges
[  +0.000092] On node 0, zone DMA32: 11637 pages in unavailable ranges
[  +0.015731] On node 0, zone Normal: 7424 pages in unavailable ranges
[  +0.000417] ACPI: PM-Timer IO Port: 0x808
[  +0.000006] ACPI: LAPIC_NMI (acpi_id[0xff] high edge lint[0x1])
[  +0.000012] IOAPIC[0]: apic_id 9, version 33, address 0xfec00000, GSI 0-23
[  +0.000005] IOAPIC[1]: apic_id 10, version 33, address 0xfec01000, GSI 24-55
[  +0.000001] ACPI: INT_SRC_OVR (bus 0 bus_irq 0 global_irq 2 dfl dfl)
[  +0.000002] ACPI: INT_SRC_OVR (bus 0 bus_irq 9 global_irq 9 low level)
[  +0.000002] ACPI: Using ACPI (MADT) for SMP configuration information
[  +0.000001] ACPI: HPET id: 0x10228201 base: 0xfed00000
[  +0.000008] e820: update [mem 0xc0292000-0xc0385fff] usable ==> reserved
[  +0.000009] smpboot: Allowing 32 CPUs, 24 hotplug CPUs
[  +0.000018] PM: hibernation: Registered nosave memory: [mem 0x00000000-0x00000fff]
[  +0.000001] PM: hibernation: Registered nosave memory: [mem 0x000a0000-0x000fffff]
[  +0.000001] PM: hibernation: Registered nosave memory: [mem 0x09d1f000-0x09ffffff]
[  +0.000001] PM: hibernation: Registered nosave memory: [mem 0x0a200000-0x0a20efff]
[  +0.000001] PM: hibernation: Registered nosave memory: [mem 0x0b000000-0x0b01ffff]
[  +0.000001] PM: hibernation: Registered nosave memory: [mem 0xb49f0000-0xb49f0fff]
[  +0.000001] PM: hibernation: Registered nosave memory: [mem 0xb49fd000-0xb49fdfff]
[  +0.000001] PM: hibernation: Registered nosave memory: [mem 0xbe279000-0xbe279fff]
[  +0.000001] PM: hibernation: Registered nosave memory: [mem 0xc0292000-0xc0385fff]
[  +0.000000] PM: hibernation: Registered nosave memory: [mem 0xc2318000-0xc2318fff]
[  +0.000001] PM: hibernation: Registered nosave memory: [mem 0xc3c8a000-0xc3f92fff]
[  +0.000001] PM: hibernation: Registered nosave memory: [mem 0xc3f93000-0xc3fe3fff]
[  +0.000000] PM: hibernation: Registered nosave memory: [mem 0xc3fe4000-0xc574afff]
[  +0.000000] PM: hibernation: Registered nosave memory: [mem 0xc574b000-0xc69fefff]
[  +0.000001] PM: hibernation: Registered nosave memory: [mem 0xc8000000-0xcaffffff]
[  +0.000001] PM: hibernation: Registered nosave memory: [mem 0xcb000000-0xceffffff]
[  +0.000000] PM: hibernation: Registered nosave memory: [mem 0xcf000000-0xcfffffff]
[  +0.000000] PM: hibernation: Registered nosave memory: [mem 0xd0000000-0xfe9fffff]
[  +0.000001] PM: hibernation: Registered nosave memory: [mem 0xfea00000-0xfea0ffff]
[  +0.000000] PM: hibernation: Registered nosave memory: [mem 0xfea10000-0xfec0ffff]
[  +0.000000] PM: hibernation: Registered nosave memory: [mem 0xfec10000-0xfec10fff]
[  +0.000001] PM: hibernation: Registered nosave memory: [mem 0xfec11000-0xfec2ffff]
[  +0.000000] PM: hibernation: Registered nosave memory: [mem 0xfec30000-0xfec30fff]
[  +0.000000] PM: hibernation: Registered nosave memory: [mem 0xfec31000-0xfecfffff]
[  +0.000001] PM: hibernation: Registered nosave memory: [mem 0xfed00000-0xfed00fff]
[  +0.000000] PM: hibernation: Registered nosave memory: [mem 0xfed01000-0xfed3ffff]
[  +0.000000] PM: hibernation: Registered nosave memory: [mem 0xfed40000-0xfed44fff]
[  +0.000001] PM: hibernation: Registered nosave memory: [mem 0xfed45000-0xfed7ffff]
[  +0.000000] PM: hibernation: Registered nosave memory: [mem 0xfed80000-0xfed8ffff]
[  +0.000000] PM: hibernation: Registered nosave memory: [mem 0xfed90000-0xfedc1fff]
[  +0.000001] PM: hibernation: Registered nosave memory: [mem 0xfedc2000-0xfedcffff]
[  +0.000000] PM: hibernation: Registered nosave memory: [mem 0xfedd0000-0xfedd3fff]
[  +0.000000] PM: hibernation: Registered nosave memory: [mem 0xfedd4000-0xfedd5fff]
[  +0.000001] PM: hibernation: Registered nosave memory: [mem 0xfedd6000-0xffffffff]
[  +0.000001] [mem 0xd0000000-0xfe9fffff] available for PCI devices
[  +0.000001] Booting paravirtualized kernel on bare hardware
[  +0.000002] clocksource: refined-jiffies: mask: 0xffffffff max_cycles: 0xffffffff, max_idle_ns: 6370452778343963 ns
[  +0.002993] setup_percpu: NR_CPUS:320 nr_cpumask_bits:32 nr_cpu_ids:32 nr_node_ids:1
[  +0.000834] percpu: Embedded 64 pages/cpu s225280 r8192 d28672 u262144
[  +0.000005] pcpu-alloc: s225280 r8192 d28672 u262144 alloc=1*2097152
[  +0.000001] pcpu-alloc: [0] 00 01 02 03 04 05 06 07 [0] 08 09 10 11 12 13 14 15 
[  +0.000005] pcpu-alloc: [0] 16 17 18 19 20 21 22 23 [0] 24 25 26 27 28 29 30 31 
[  +0.000015] Kernel command line: BOOT_IMAGE=/vmlinuz-linux-lts root=UUID=7bf17edb-b8bf-4757-9cc5-921e34440e42 rw rd.udev.log_priority=3 loglevel=3 audit=0 console=tty0 noreplace-smp rcupdate.rcu_expedited=1 tsc=unstable lsm=capability,yama,safesetid,landlock,lockdown,apparmor,bpf lockdown=integrity apparmor=1 module.sig_enforce=1 mitigations=auto,nosmt l1tf=flush,nosmt mds=full,nosmt tsx_async_abort=full,nosmt mmio_stale_data=full,nosmt retbleed=auto,nosmt nosmt=force pcie_aspm=force init_on_alloc=1 init_on_free=1 page_alloc.shuffle=1 vsyscall=none mce=0 debugfs=on randomize_kstack_offset=on kasan_multi_shot=on slab_nomerge pti=on slub_debug=ZF slub_debug=P page_poison=on fsck.mode=force mem_encrypt=on vsyscall=none amd_iommu=force_isolation amdgpu.gpu_recovery=1 amdgpu.audio=0 amdgpu.lbpw=1 amdgpu.tmz=1 amdgpu.freesync_video=1 iommu.strict=1 iomem=strict fsck.mode=force fsck.repair=yes pci.pcie_scan_all=1 extra_latent_entropy trace_clock=local noexec=on mce=recovery
[  +0.000046] audit: disabled (until reboot)
[  +0.000013] tsc: Marking TSC unstable due to boot parameter
[  +0.000066] PCIe ASPM is forcibly enabled
[  +0.000078] mem auto-init: SLAB_POISON will take precedence over init_on_alloc/init_on_free
[  +0.000111] Unknown kernel command line parameters "extra_latent_entropy BOOT_IMAGE=/vmlinuz-linux-lts kasan_multi_shot=on pti=on mem_encrypt=on noexec=on", will be passed to user space.
[  +0.000020] printk: log_buf_len individual max cpu contribution: 4096 bytes
[  +0.000000] printk: log_buf_len total cpu_extra contributions: 126976 bytes
[  +0.000001] printk: log_buf_len min size: 131072 bytes
[  +0.000129] printk: log_buf_len: 262144 bytes
[  +0.000001] printk: early log buf free: 110376(84%)
[  +0.001160] Dentry cache hash table entries: 2097152 (order: 12, 16777216 bytes, linear)
[  +0.000642] Inode-cache hash table entries: 1048576 (order: 11, 8388608 bytes, linear)
[  +0.000074] Fallback order for Node 0: 0 
[  +0.000005] Built 1 zonelists, mobility grouping on.  Total pages: 3947696
[  +0.000001] Policy zone: Normal
[  +0.000005] mem auto-init: CONFIG_PAGE_POISONING is on, will take precedence over init_on_alloc and init_on_free
[  +0.000198] mem auto-init: stack:all(zero), heap alloc:off, heap free:off
[  +0.000043] software IO TLB: area num 32.
[  +1.168855] Memory: 15538124K/16042084K available (16384K kernel code, 2136K rwdata, 13080K rodata, 3416K init, 3840K bss, 503704K reserved, 0K cma-reserved)
[  +0.000004] **********************************************************
[  +0.000000] **   NOTICE NOTICE NOTICE NOTICE NOTICE NOTICE NOTICE   **
[  +0.000001] **                                                      **
[  +0.000000] ** This system shows unhashed kernel memory addresses   **
[  +0.000000] ** via the console, logs, and other interfaces. This    **
[  +0.000000] ** might reduce the security of your system.            **
[  +0.000001] **                                                      **
[  +0.000000] ** If you see this message and you are not debugging    **
[  +0.000000] ** the kernel, report this immediately to your system   **
[  +0.000000] ** administrator!                                       **
[  +0.000001] **                                                      **
[  +0.000000] **   NOTICE NOTICE NOTICE NOTICE NOTICE NOTICE NOTICE   **
[  +0.000000] **********************************************************
[  +0.000132] SLUB: HWalign=64, Order=0-3, MinObjects=0, CPUs=32, Nodes=1
[  +0.000010] Kernel/User page tables isolation: enabled
[  +0.000031] ftrace: allocating 48882 entries in 191 pages
[  +0.008479] ftrace: allocated 191 pages with 7 groups
[  +0.000571] Dynamic Preempt: voluntary
[  +0.000085] rcu: Preemptible hierarchical RCU implementation.
[  +0.000000] rcu: 	RCU restricting CPUs from NR_CPUS=320 to nr_cpu_ids=32.
[  +0.000001] rcu: 	RCU priority boosting: priority 1 delay 500 ms.
[  +0.000001] 	All grace periods are expedited (rcu_expedited).
[  +0.000000] 	Trampoline variant of Tasks RCU enabled.
[  +0.000000] 	Rude variant of Tasks RCU enabled.
[  +0.000000] 	Tracing variant of Tasks RCU enabled.
[  +0.000001] rcu: RCU calculated value of scheduler-enlistment delay is 30 jiffies.
[  +0.000000] rcu: Adjusting geometry for rcu_fanout_leaf=16, nr_cpu_ids=32
[  +0.001656] NR_IRQS: 20736, nr_irqs: 1224, preallocated irqs: 16
[  +0.000185] rcu: srcu_init: Setting srcu_struct sizes based on contention.
[  +0.000089] kfence: initialized - using 2097152 bytes for 255 objects at 0xffff8883fc800000-0xffff8883fca00000
[  +0.000034] Console: colour dummy device 80x25
[  +0.000002] printk: console [tty0] enabled
[  +0.000036] ACPI: Core revision 20230628
[  +0.000117] clocksource: hpet: mask: 0xffffffff max_cycles: 0xffffffff, max_idle_ns: 133484873504 ns
[  +0.000015] APIC: Switch to symmetric I/O mode setup
[  +0.000716] AMD-Vi: Using global IVHD EFR:0x206d73ef22254ade, EFR2:0x0
[  +0.000260] x2apic enabled
[  +0.000046] APIC: Switched APIC routing to: cluster x2apic
[  +0.000610] ..TIMER: vector=0x30 apic1=0 pin1=2 apic2=-1 pin2=-1
[  +0.015042] Calibrating delay loop (skipped), value calculated using timer frequency.. 7589.22 BogoMIPS (lpj=12643553)
[  +0.000015] x86/cpu: User Mode Instruction Prevention (UMIP) activated
[  +0.000031] LVT offset 1 assigned for vector 0xf9
[  +0.000108] LVT offset 2 assigned for vector 0xf4
[  +0.000026] process: using mwait in idle threads
[  +0.000001] Last level iTLB entries: 4KB 512, 2MB 512, 4MB 256
[  +0.000001] Last level dTLB entries: 4KB 2048, 2MB 2048, 4MB 1024, 1GB 0
[  +0.000002] Spectre V1 : Mitigation: usercopy/swapgs barriers and __user pointer sanitization
[  +0.000004] Spectre V2 : Mitigation: Retpolines
[  +0.000000] Spectre V2 : Spectre v2 / SpectreRSB mitigation: Filling RSB on context switch
[  +0.000001] Spectre V2 : Spectre v2 / SpectreRSB : Filling RSB on VMEXIT
[  +0.000000] Spectre V2 : Enabling Restricted Speculation for firmware calls
[  +0.000002] Spectre V2 : mitigation: Enabling conditional Indirect Branch Prediction Barrier
[  +0.000003] Speculative Store Bypass: Mitigation: Speculative Store Bypass disabled via prctl
[  +0.000001] Speculative Return Stack Overflow: Mitigation: Safe RET
[  +0.000005] x86/fpu: Supporting XSAVE feature 0x001: 'x87 floating point registers'
[  +0.000001] x86/fpu: Supporting XSAVE feature 0x002: 'SSE registers'
[  +0.000000] x86/fpu: Supporting XSAVE feature 0x004: 'AVX registers'
[  +0.000001] x86/fpu: Supporting XSAVE feature 0x200: 'Protection Keys User registers'
[  +0.000001] x86/fpu: Supporting XSAVE feature 0x800: 'Control-flow User registers'
[  +0.000000] x86/fpu: xstate_offset[2]:  576, xstate_sizes[2]:  256
[  +0.000001] x86/fpu: xstate_offset[9]:  832, xstate_sizes[9]:    8
[  +0.000001] x86/fpu: xstate_offset[11]:  840, xstate_sizes[11]:   16
[  +0.000000] x86/fpu: Enabled xstate features 0xa07, context size is 856 bytes, using 'compacted' format.
[  +0.018173] Freeing SMP alternatives memory: 40K
[  +0.000002] pid_max: default: 32768 minimum: 301
[  +0.007796] LSM: initializing lsm=capability,yama,safesetid,landlock,lockdown,apparmor,bpf,integrity
[  +0.000022] Yama: becoming mindful.
[  +0.000006] landlock: Up and running.
[  +0.000037] AppArmor: AppArmor initialized
[  +0.000003] LSM support for eBPF active
[  +0.000074] Mount-cache hash table entries: 32768 (order: 6, 262144 bytes, linear)
[  +0.000028] Mountpoint-cache hash table entries: 32768 (order: 6, 262144 bytes, linear)
[  +0.107214] smpboot: CPU0: AMD Ryzen 7 5700G with Radeon Graphics (family: 0x19, model: 0x50, stepping: 0x0)
[  +0.000221] RCU Tasks: Setting shift to 5 and lim to 1 rcu_task_cb_adjust=1.
[  +0.000017] RCU Tasks Rude: Setting shift to 5 and lim to 1 rcu_task_cb_adjust=1.
[  +0.000025] RCU Tasks Trace: Setting shift to 5 and lim to 1 rcu_task_cb_adjust=1.
[  +0.000020] Performance Events: Fam17h+ core perfctr, AMD PMU driver.
[  +0.000006] ... version:                0
[  +0.000001] ... bit width:              48
[  +0.000001] ... generic registers:      6
[  +0.000000] ... value mask:             0000ffffffffffff
[  +0.000001] ... max period:             00007fffffffffff
[  +0.000001] ... fixed-purpose events:   0
[  +0.000001] ... event mask:             000000000000003f
[  +0.000103] signal: max sigframe size: 3376
[  +0.000029] rcu: Hierarchical SRCU implementation.
[  +0.000001] rcu: 	Max phase no-delay instances is 1000.
[  +0.002454] NMI watchdog: Enabled. Permanently consumes one hw-PMU counter.
[  +0.000224] smp: Bringing up secondary CPUs ...
[  +0.000037] smpboot: x86: Booting SMP configuration:
[  +0.000001] .... node  #0, CPUs:        #1  #2  #3  #4  #5  #6  #7
[  +0.001968] smp: Brought up 1 node, 8 CPUs
[  +0.000000] smpboot: Max logical packages: 4
[  +0.000000] smpboot: Total of 8 processors activated (60713.76 BogoMIPS)
[  +0.002276] devtmpfs: initialized
[  +0.000000] x86/mm: Memory block size: 128MB
[  +0.002821] ACPI: PM: Registering ACPI NVS region [mem 0x0a200000-0x0a20efff] (61440 bytes)
[  +0.000000] ACPI: PM: Registering ACPI NVS region [mem 0xc3fe4000-0xc574afff] (24539136 bytes)
[  +0.001062] clocksource: jiffies: mask: 0xffffffff max_cycles: 0xffffffff, max_idle_ns: 6370867519511994 ns
[  +0.000026] futex hash table entries: 8192 (order: 7, 524288 bytes, linear)
[  +0.000096] pinctrl core: initialized pinctrl subsystem
[  +0.000138] PM: RTC time: 00:03:40, date: 2019-01-01
[  +0.000391] NET: Registered PF_NETLINK/PF_ROUTE protocol family
[  +0.000515] DMA: preallocated 2048 KiB GFP_KERNEL pool for atomic allocations
[  +0.000096] DMA: preallocated 2048 KiB GFP_KERNEL|GFP_DMA pool for atomic allocations
[  +0.000099] DMA: preallocated 2048 KiB GFP_KERNEL|GFP_DMA32 pool for atomic allocations
[  +0.000575] thermal_sys: Registered thermal governor 'fair_share'
[  +0.000001] thermal_sys: Registered thermal governor 'bang_bang'
[  +0.000001] thermal_sys: Registered thermal governor 'step_wise'
[  +0.000001] thermal_sys: Registered thermal governor 'user_space'
[  +0.000000] thermal_sys: Registered thermal governor 'power_allocator'
[  +0.000041] cpuidle: using governor ladder
[  +0.000008] cpuidle: using governor menu
[  +0.000157] acpiphp: ACPI Hot Plug PCI Controller Driver version: 0.5
[  +0.000116] PCI: MMCONFIG for domain 0000 [bus 00-7f] at [mem 0xf0000000-0xf7ffffff] (base 0xf0000000)
[  +0.000005] PCI: not using MMCONFIG
[  +0.000001] PCI: Using configuration type 1 for base access
[  +0.000001] PCI: Using configuration type 1 for extended access
[  +0.000622] kprobes: kprobe jump-optimization is enabled. All kprobes are optimized if possible.
[  +0.002320] HugeTLB: registered 1.00 GiB page size, pre-allocated 0 pages
[  +0.000000] HugeTLB: 16380 KiB vmemmap can be freed for a 1.00 GiB page
[  +0.000000] HugeTLB: registered 2.00 MiB page size, pre-allocated 0 pages
[  +0.000000] HugeTLB: 28 KiB vmemmap can be freed for a 2.00 MiB page
[  +0.002389] ACPI: Added _OSI(Module Device)
[  +0.000000] ACPI: Added _OSI(Processor Device)
[  +0.000000] ACPI: Added _OSI(3.0 _SCP Extensions)
[  +0.000000] ACPI: Added _OSI(Processor Aggregator Device)
[  +0.023442] ACPI: 10 ACPI AML tables successfully acquired and loaded
[  +0.002455] ACPI: [Firmware Bug]: BIOS _OSI(Linux) query ignored
[  +0.003936] ACPI: _OSC evaluation for CPUs failed, trying _PDC
[  +0.000920] ACPI: Interpreter enabled
[  +0.000014] ACPI: PM: (supports S0 S4 S5)
[  +0.000001] ACPI: Using IOAPIC for interrupt routing
[  +0.001473] PCI: MMCONFIG for domain 0000 [bus 00-7f] at [mem 0xf0000000-0xf7ffffff] (base 0xf0000000)
[  +0.000060] PCI: MMCONFIG at [mem 0xf0000000-0xf7ffffff] reserved as ACPI motherboard resource
[  +0.000009] PCI: Using host bridge windows from ACPI; if necessary, use "pci=nocrs" and report a bug
[  +0.000001] PCI: Ignoring E820 reservations for host bridge windows
[  +0.000506] ACPI: Enabled 4 GPEs in block 00 to 1F
[  +0.034397] ACPI: PCI Root Bridge [PCI0] (domain 0000 [bus 00-ff])
[  +0.000006] acpi PNP0A08:00: _OSC: OS supports [ExtendedConfig ASPM ClockPM Segments MSI EDR HPX-Type3]
[  +0.000194] acpi PNP0A08:00: _OSC: platform does not support [PCIeHotplug SHPCHotplug PME LTR DPC]
[  +0.000366] acpi PNP0A08:00: _OSC: OS now controls [AER PCIeCapability]
[  +0.000013] acpi PNP0A08:00: [Firmware Info]: MMCONFIG for domain 0000 [bus 00-7f] only partially covers this bridge
[  +0.000631] PCI host bridge to bus 0000:00
[  +0.000002] pci_bus 0000:00: root bus resource [io  0x0000-0x03af window]
[  +0.000002] pci_bus 0000:00: root bus resource [io  0x03e0-0x0cf7 window]
[  +0.000001] pci_bus 0000:00: root bus resource [io  0x03b0-0x03df window]
[  +0.000002] pci_bus 0000:00: root bus resource [io  0x0d00-0xffff window]
[  +0.000001] pci_bus 0000:00: root bus resource [mem 0x000a0000-0x000dffff window]
[  +0.000002] pci_bus 0000:00: root bus resource [mem 0xd0000000-0xfec2ffff window]
[  +0.000001] pci_bus 0000:00: root bus resource [mem 0xfee00000-0xffffffff window]
[  +0.000002] pci_bus 0000:00: root bus resource [bus 00-ff]
[  +0.000015] pci 0000:00:00.0: [1022:1630] type 00 class 0x060000
[  +0.000126] pci 0000:00:00.2: [1022:1631] type 00 class 0x080600
[  +0.000126] pci 0000:00:01.0: [1022:1632] type 00 class 0x060000
[  +0.000068] pci 0000:00:02.0: [1022:1632] type 00 class 0x060000
[  +0.000064] pci 0000:00:02.1: [1022:1634] type 01 class 0x060400
[  +0.000022] pci 0000:00:02.1: enabling Extended Tags
[  +0.000035] pci 0000:00:02.1: PME# supported from D0 D3hot D3cold
[  +0.000163] pci 0000:00:02.2: [1022:1634] type 01 class 0x060400
[  +0.000054] pci 0000:00:02.2: PME# supported from D0 D3hot D3cold
[  +0.000127] pci 0000:00:08.0: [1022:1632] type 00 class 0x060000
[  +0.000062] pci 0000:00:08.1: [1022:1635] type 01 class 0x060400
[  +0.000021] pci 0000:00:08.1: enabling Extended Tags
[  +0.000033] pci 0000:00:08.1: PME# supported from D0 D3hot D3cold
[  +0.000171] pci 0000:00:14.0: [1022:790b] type 00 class 0x0c0500
[  +0.000147] pci 0000:00:14.3: [1022:790e] type 00 class 0x060100
[  +0.000166] pci 0000:00:18.0: [1022:166a] type 00 class 0x060000
[  +0.000045] pci 0000:00:18.1: [1022:166b] type 00 class 0x060000
[  +0.000041] pci 0000:00:18.2: [1022:166c] type 00 class 0x060000
[  +0.000041] pci 0000:00:18.3: [1022:166d] type 00 class 0x060000
[  +0.000044] pci 0000:00:18.4: [1022:166e] type 00 class 0x060000
[  +0.000041] pci 0000:00:18.5: [1022:166f] type 00 class 0x060000
[  +0.000044] pci 0000:00:18.6: [1022:1670] type 00 class 0x060000
[  +0.000044] pci 0000:00:18.7: [1022:1671] type 00 class 0x060000
[  +0.000125] pci 0000:01:00.0: [1022:43ee] type 00 class 0x0c0330
[  +0.000017] pci 0000:01:00.0: reg 0x10: [mem 0xfcea0000-0xfcea7fff 64bit]
[  +0.000038] pci 0000:01:00.0: enabling Extended Tags
[  +0.000054] pci 0000:01:00.0: PME# supported from D3hot D3cold
[  +0.000193] pci 0000:01:00.1: [1022:43eb] type 00 class 0x010601
[  +0.000045] pci 0000:01:00.1: reg 0x24: [mem 0xfce80000-0xfce9ffff]
[  +0.000008] pci 0000:01:00.1: reg 0x30: [mem 0xfce00000-0xfce7ffff pref]
[  +0.000007] pci 0000:01:00.1: enabling Extended Tags
[  +0.000042] pci 0000:01:00.1: PME# supported from D3hot D3cold
[  +0.000116] pci 0000:01:00.2: [1022:43e9] type 01 class 0x060400
[  +0.000041] pci 0000:01:00.2: enabling Extended Tags
[  +0.000047] pci 0000:01:00.2: PME# supported from D3hot D3cold
[  +0.000134] pci 0000:00:02.1: PCI bridge to [bus 01-08]
[  +0.000004] pci 0000:00:02.1:   bridge window [io  0xf000-0xffff]
[  +0.000002] pci 0000:00:02.1:   bridge window [mem 0xfcd00000-0xfcefffff]
[  +0.000004] pci 0000:00:02.1:   bridge window [mem 0xe0300000-0xe03fffff 64bit pref]
[  +0.000154] pci 0000:02:00.0: [1022:43ea] type 01 class 0x060400
[  +0.000046] pci 0000:02:00.0: enabling Extended Tags
[  +0.000059] pci 0000:02:00.0: PME# supported from D3hot D3cold
[  +0.000142] pci 0000:02:01.0: [1022:43ea] type 01 class 0x060400
[  +0.000046] pci 0000:02:01.0: enabling Extended Tags
[  +0.000057] pci 0000:02:01.0: PME# supported from D3hot D3cold
[  +0.000134] pci 0000:02:02.0: [1022:43ea] type 01 class 0x060400
[  +0.000046] pci 0000:02:02.0: enabling Extended Tags
[  +0.000056] pci 0000:02:02.0: PME# supported from D3hot D3cold
[  +0.000136] pci 0000:02:03.0: [1022:43ea] type 01 class 0x060400
[  +0.000045] pci 0000:02:03.0: enabling Extended Tags
[  +0.000057] pci 0000:02:03.0: PME# supported from D3hot D3cold
[  +0.000138] pci 0000:02:04.0: [1022:43ea] type 01 class 0x060400
[  +0.000045] pci 0000:02:04.0: enabling Extended Tags
[  +0.000057] pci 0000:02:04.0: PME# supported from D3hot D3cold
[  +0.000145] pci 0000:02:08.0: [1022:43ea] type 01 class 0x060400
[  +0.000045] pci 0000:02:08.0: enabling Extended Tags
[  +0.000057] pci 0000:02:08.0: PME# supported from D3hot D3cold
[  +0.000152] pci 0000:01:00.2: PCI bridge to [bus 02-08]
[  +0.000006] pci 0000:01:00.2:   bridge window [io  0xf000-0xffff]
[  +0.000003] pci 0000:01:00.2:   bridge window [mem 0xfcd00000-0xfcdfffff]
[  +0.000005] pci 0000:01:00.2:   bridge window [mem 0xe0300000-0xe03fffff 64bit pref]
[  +0.000048] pci 0000:02:00.0: PCI bridge to [bus 03]
[  +0.000063] pci 0000:02:01.0: PCI bridge to [bus 04]
[  +0.000058] pci 0000:02:02.0: PCI bridge to [bus 05]
[  +0.000092] pci 0000:06:00.0: [10ec:8168] type 00 class 0x020000
[  +0.000023] pci 0000:06:00.0: reg 0x10: [io  0xf000-0xf0ff]
[  +0.000029] pci 0000:06:00.0: reg 0x18: [mem 0xe0304000-0xe0304fff 64bit pref]
[  +0.000019] pci 0000:06:00.0: reg 0x20: [mem 0xe0300000-0xe0303fff 64bit pref]
[  +0.000137] pci 0000:06:00.0: supports D1 D2
[  +0.000002] pci 0000:06:00.0: PME# supported from D0 D1 D2 D3hot D3cold
[  +0.000241] pci 0000:02:03.0: PCI bridge to [bus 06]
[  +0.000005] pci 0000:02:03.0:   bridge window [io  0xf000-0xffff]
[  +0.000007] pci 0000:02:03.0:   bridge window [mem 0xe0300000-0xe03fffff 64bit pref]
[  +0.000076] pci 0000:07:00.0: [1344:5404] type 00 class 0x010802
[  +0.000031] pci 0000:07:00.0: reg 0x10: [mem 0xfcd00000-0xfcd03fff 64bit]
[  +0.000405] pci 0000:02:04.0: PCI bridge to [bus 07]
[  +0.000007] pci 0000:02:04.0:   bridge window [mem 0xfcd00000-0xfcdfffff]
[  +0.000044] pci 0000:02:08.0: PCI bridge to [bus 08]
[  +0.000092] pci 0000:09:00.0: [1179:010f] type 00 class 0x010802
[  +0.000014] pci 0000:09:00.0: reg 0x10: [mem 0xfcf00000-0xfcf03fff 64bit]
[  +0.000184] pci 0000:00:02.2: PCI bridge to [bus 09]
[  +0.000004] pci 0000:00:02.2:   bridge window [mem 0xfcf00000-0xfcffffff]
[  +0.000105] pci 0000:0a:00.0: [1002:1638] type 00 class 0x030000
[  +0.000011] pci 0000:0a:00.0: reg 0x10: [mem 0xd0000000-0xdfffffff 64bit pref]
[  +0.000008] pci 0000:0a:00.0: reg 0x18: [mem 0xe0000000-0xe01fffff 64bit pref]
[  +0.000005] pci 0000:0a:00.0: reg 0x20: [io  0xe000-0xe0ff]
[  +0.000006] pci 0000:0a:00.0: reg 0x24: [mem 0xfcc00000-0xfcc7ffff]
[  +0.000008] pci 0000:0a:00.0: enabling Extended Tags
[  +0.000014] pci 0000:0a:00.0: BAR 0: assigned to efifb
[  +0.000038] pci 0000:0a:00.0: PME# supported from D1 D2 D3hot D3cold
[  +0.000039] pci 0000:0a:00.0: 126.016 Gb/s available PCIe bandwidth, limited by 8.0 GT/s PCIe x16 link at 0000:00:08.1 (capable of 252.048 Gb/s with 16.0 GT/s PCIe x16 link)
[  +0.000110] pci 0000:0a:00.1: [1002:1637] type 00 class 0x040300
[  +0.000007] pci 0000:0a:00.1: reg 0x10: [mem 0xfcc88000-0xfcc8bfff]
[  +0.000021] pci 0000:0a:00.1: enabling Extended Tags
[  +0.000032] pci 0000:0a:00.1: PME# supported from D1 D2 D3hot D3cold
[  +0.000104] pci 0000:0a:00.2: [1022:15df] type 00 class 0x108000
[  +0.000014] pci 0000:0a:00.2: reg 0x18: [mem 0xfcb00000-0xfcbfffff]
[  +0.000009] pci 0000:0a:00.2: reg 0x24: [mem 0xfcc8c000-0xfcc8dfff]
[  +0.000007] pci 0000:0a:00.2: enabling Extended Tags
[  +0.000129] pci 0000:0a:00.3: [1022:1639] type 00 class 0x0c0330
[  +0.000011] pci 0000:0a:00.3: reg 0x10: [mem 0xfca00000-0xfcafffff 64bit]
[  +0.000023] pci 0000:0a:00.3: enabling Extended Tags
[  +0.000035] pci 0000:0a:00.3: PME# supported from D0 D3hot D3cold
[  +0.000109] pci 0000:0a:00.4: [1022:1639] type 00 class 0x0c0330
[  +0.000011] pci 0000:0a:00.4: reg 0x10: [mem 0xfc900000-0xfc9fffff 64bit]
[  +0.000023] pci 0000:0a:00.4: enabling Extended Tags
[  +0.000034] pci 0000:0a:00.4: PME# supported from D0 D3hot D3cold
[  +0.000107] pci 0000:0a:00.6: [1022:15e3] type 00 class 0x040300
[  +0.000008] pci 0000:0a:00.6: reg 0x10: [mem 0xfcc80000-0xfcc87fff]
[  +0.000021] pci 0000:0a:00.6: enabling Extended Tags
[  +0.000032] pci 0000:0a:00.6: PME# supported from D0 D3hot D3cold
[  +0.000125] pci 0000:00:08.1: PCI bridge to [bus 0a]
[  +0.000003] pci 0000:00:08.1:   bridge window [io  0xe000-0xefff]
[  +0.000003] pci 0000:00:08.1:   bridge window [mem 0xfc900000-0xfccfffff]
[  +0.000003] pci 0000:00:08.1:   bridge window [mem 0xd0000000-0xe01fffff 64bit pref]
[  +0.000749] ACPI: PCI: Interrupt link LNKA configured for IRQ 0
[  +0.000085] ACPI: PCI: Interrupt link LNKB configured for IRQ 0
[  +0.000076] ACPI: PCI: Interrupt link LNKC configured for IRQ 0
[  +0.000090] ACPI: PCI: Interrupt link LNKD configured for IRQ 0
[  +0.000083] ACPI: PCI: Interrupt link LNKE configured for IRQ 0
[  +0.000069] ACPI: PCI: Interrupt link LNKF configured for IRQ 0
[  +0.000069] ACPI: PCI: Interrupt link LNKG configured for IRQ 0
[  +0.000069] ACPI: PCI: Interrupt link LNKH configured for IRQ 0
[  +0.001255] iommu: Default domain type: Translated
[  +0.000000] iommu: DMA domain TLB invalidation policy: strict mode (set via kernel command line)
[  +0.000000] SCSI subsystem initialized
[  +0.000000] libata version 3.00 loaded.
[  +0.000000] ACPI: bus type USB registered
[  +0.000000] usbcore: registered new interface driver usbfs
[  +0.000000] usbcore: registered new interface driver hub
[  +0.000000] usbcore: registered new device driver usb
[  +0.004055] pps_core: LinuxPPS API ver. 1 registered
[  +0.000001] pps_core: Software ver. 5.3.6 - Copyright 2005-2007 Rodolfo Giometti <giometti@linux.it>
[  +0.000004] PTP clock support registered
[  +0.000008] EDAC MC: Ver: 3.0.0
[  +0.002226] efivars: Registered efivars operations
[  +0.000194] NetLabel: Initializing
[  +0.000001] NetLabel:  domain hash size = 128
[  +0.000000] NetLabel:  protocols = UNLABELED CIPSOv4 CALIPSO
[  +0.000022] NetLabel:  unlabeled traffic allowed by default
[  +0.000005] mctp: management component transport protocol core
[  +0.000001] NET: Registered PF_MCTP protocol family
[  +0.000005] PCI: Using ACPI for IRQ routing
[  +0.002155] PCI: pci_cache_line_size set to 64 bytes
[  +0.000056] e820: reserve RAM buffer [mem 0x09d1f000-0x0bffffff]
[  +0.000002] e820: reserve RAM buffer [mem 0x0a200000-0x0bffffff]
[  +0.000001] e820: reserve RAM buffer [mem 0x0b000000-0x0bffffff]
[  +0.000001] e820: reserve RAM buffer [mem 0xb49f0018-0xb7ffffff]
[  +0.000002] e820: reserve RAM buffer [mem 0xbe279000-0xbfffffff]
[  +0.000001] e820: reserve RAM buffer [mem 0xc0292000-0xc3ffffff]
[  +0.000001] e820: reserve RAM buffer [mem 0xc2318000-0xc3ffffff]
[  +0.000001] e820: reserve RAM buffer [mem 0xc3c8a000-0xc3ffffff]
[  +0.000001] e820: reserve RAM buffer [mem 0x40e300000-0x40fffffff]
[  +0.000856] pci 0000:0a:00.0: vgaarb: setting as boot VGA device
[  +0.000001] pci 0000:0a:00.0: vgaarb: bridge control possible
[  +0.000001] pci 0000:0a:00.0: vgaarb: VGA device added: decodes=io+mem,owns=none,locks=none
[  +0.000002] vgaarb: loaded
[  +0.000277] hpet0: at MMIO 0xfed00000, IRQs 2, 8, 0
[  +0.000010] hpet0: 3 comparators, 32-bit 14.318180 MHz counter
[  +0.003028] clocksource: Switched to clocksource hpet
[  +0.000010] VFS: Disk quotas dquot_6.6.0
[  +0.000000] VFS: Dquot-cache hash table entries: 512 (order 0, 4096 bytes)
[  +0.000000] AppArmor: AppArmor Filesystem Enabled
[  +0.000000] pnp: PnP ACPI init
[  +0.000000] system 00:00: [mem 0xf0000000-0xf7ffffff] has been reserved
[  +0.000000] system 00:01: [mem 0x410000000-0x42fffffff window] has been reserved
[  +0.001943] system 00:03: [io  0x0290-0x029f] has been reserved
[  +0.000002] system 00:03: [io  0x0200-0x021f] has been reserved
[  +0.000413] system 00:04: [io  0x04d0-0x04d1] has been reserved
[  +0.000002] system 00:04: [io  0x040b] has been reserved
[  +0.000002] system 00:04: [io  0x04d6] has been reserved
[  +0.000006] system 00:04: [io  0x0c00-0x0c01] has been reserved
[  +0.000002] system 00:04: [io  0x0c14] has been reserved
[  +0.000001] system 00:04: [io  0x0c50-0x0c51] has been reserved
[  +0.000002] system 00:04: [io  0x0c52] has been reserved
[  +0.000002] system 00:04: [io  0x0c6c] has been reserved
[  +0.000001] system 00:04: [io  0x0c6f] has been reserved
[  +0.000004] system 00:04: [io  0x0cd8-0x0cdf] has been reserved
[  +0.000001] system 00:04: [io  0x0800-0x089f] has been reserved
[  +0.000002] system 00:04: [io  0x0b00-0x0b0f] has been reserved
[  +0.000002] system 00:04: [io  0x0b20-0x0b3f] has been reserved
[  +0.000001] system 00:04: [io  0x0900-0x090f] has been reserved
[  +0.000002] system 00:04: [io  0x0910-0x091f] has been reserved
[  +0.000002] system 00:04: [mem 0xfec00000-0xfec00fff] could not be reserved
[  +0.000002] system 00:04: [mem 0xfec01000-0xfec01fff] could not be reserved
[  +0.000002] system 00:04: [mem 0xfedc0000-0xfedc0fff] has been reserved
[  +0.000002] system 00:04: [mem 0xfee00000-0xfee00fff] has been reserved
[  +0.000002] system 00:04: [mem 0xfed80000-0xfed8ffff] could not be reserved
[  +0.000002] system 00:04: [mem 0xfec10000-0xfec10fff] has been reserved
[  +0.000002] system 00:04: [mem 0xff000000-0xffffffff] has been reserved
[  +0.001163] pnp: PnP ACPI: found 5 devices
[  +0.006428] clocksource: acpi_pm: mask: 0xffffff max_cycles: 0xffffff, max_idle_ns: 2085701024 ns
[  +0.000103] NET: Registered PF_INET protocol family
[  +0.000279] IP idents hash table entries: 262144 (order: 9, 2097152 bytes, linear)
[  +0.001913] tcp_listen_portaddr_hash hash table entries: 8192 (order: 5, 131072 bytes, linear)
[  +0.000023] Table-perturb hash table entries: 65536 (order: 6, 262144 bytes, linear)
[  +0.000078] TCP established hash table entries: 131072 (order: 8, 1048576 bytes, linear)
[  +0.000201] TCP bind hash table entries: 65536 (order: 9, 2097152 bytes, linear)
[  +0.000080] TCP: Hash tables configured (established 131072 bind 65536)
[  +0.000138] MPTCP token hash table entries: 16384 (order: 6, 393216 bytes, linear)
[  +0.000033] UDP hash table entries: 8192 (order: 6, 262144 bytes, linear)
[  +0.000034] UDP-Lite hash table entries: 8192 (order: 6, 262144 bytes, linear)
[  +0.000190] NET: Registered PF_UNIX/PF_LOCAL protocol family
[  +0.000007] NET: Registered PF_XDP protocol family
[  +0.000009] pci 0000:02:00.0: PCI bridge to [bus 03]
[  +0.000016] pci 0000:02:01.0: PCI bridge to [bus 04]
[  +0.000010] pci 0000:02:02.0: PCI bridge to [bus 05]
[  +0.000010] pci 0000:02:03.0: PCI bridge to [bus 06]
[  +0.000002] pci 0000:02:03.0:   bridge window [io  0xf000-0xffff]
[  +0.000006] pci 0000:02:03.0:   bridge window [mem 0xe0300000-0xe03fffff 64bit pref]
[  +0.000005] pci 0000:02:04.0: PCI bridge to [bus 07]
[  +0.000005] pci 0000:02:04.0:   bridge window [mem 0xfcd00000-0xfcdfffff]
[  +0.000007] pci 0000:02:08.0: PCI bridge to [bus 08]
[  +0.000009] pci 0000:01:00.2: PCI bridge to [bus 02-08]
[  +0.000002] pci 0000:01:00.2:   bridge window [io  0xf000-0xffff]
[  +0.000004] pci 0000:01:00.2:   bridge window [mem 0xfcd00000-0xfcdfffff]
[  +0.000003] pci 0000:01:00.2:   bridge window [mem 0xe0300000-0xe03fffff 64bit pref]
[  +0.000005] pci 0000:00:02.1: PCI bridge to [bus 01-08]
[  +0.000002] pci 0000:00:02.1:   bridge window [io  0xf000-0xffff]
[  +0.000002] pci 0000:00:02.1:   bridge window [mem 0xfcd00000-0xfcefffff]
[  +0.000003] pci 0000:00:02.1:   bridge window [mem 0xe0300000-0xe03fffff 64bit pref]
[  +0.000003] pci 0000:00:02.2: PCI bridge to [bus 09]
[  +0.000002] pci 0000:00:02.2:   bridge window [mem 0xfcf00000-0xfcffffff]
[  +0.000005] pci 0000:00:08.1: PCI bridge to [bus 0a]
[  +0.000001] pci 0000:00:08.1:   bridge window [io  0xe000-0xefff]
[  +0.000003] pci 0000:00:08.1:   bridge window [mem 0xfc900000-0xfccfffff]
[  +0.000002] pci 0000:00:08.1:   bridge window [mem 0xd0000000-0xe01fffff 64bit pref]
[  +0.000003] pci_bus 0000:00: resource 4 [io  0x0000-0x03af window]
[  +0.000002] pci_bus 0000:00: resource 5 [io  0x03e0-0x0cf7 window]
[  +0.000001] pci_bus 0000:00: resource 6 [io  0x03b0-0x03df window]
[  +0.000001] pci_bus 0000:00: resource 7 [io  0x0d00-0xffff window]
[  +0.000002] pci_bus 0000:00: resource 8 [mem 0x000a0000-0x000dffff window]
[  +0.000001] pci_bus 0000:00: resource 9 [mem 0xd0000000-0xfec2ffff window]
[  +0.000001] pci_bus 0000:00: resource 10 [mem 0xfee00000-0xffffffff window]
[  +0.000002] pci_bus 0000:01: resource 0 [io  0xf000-0xffff]
[  +0.000001] pci_bus 0000:01: resource 1 [mem 0xfcd00000-0xfcefffff]
[  +0.000001] pci_bus 0000:01: resource 2 [mem 0xe0300000-0xe03fffff 64bit pref]
[  +0.000001] pci_bus 0000:02: resource 0 [io  0xf000-0xffff]
[  +0.000002] pci_bus 0000:02: resource 1 [mem 0xfcd00000-0xfcdfffff]
[  +0.000001] pci_bus 0000:02: resource 2 [mem 0xe0300000-0xe03fffff 64bit pref]
[  +0.000001] pci_bus 0000:06: resource 0 [io  0xf000-0xffff]
[  +0.000001] pci_bus 0000:06: resource 2 [mem 0xe0300000-0xe03fffff 64bit pref]
[  +0.000002] pci_bus 0000:07: resource 1 [mem 0xfcd00000-0xfcdfffff]
[  +0.000001] pci_bus 0000:09: resource 1 [mem 0xfcf00000-0xfcffffff]
[  +0.000002] pci_bus 0000:0a: resource 0 [io  0xe000-0xefff]
[  +0.000001] pci_bus 0000:0a: resource 1 [mem 0xfc900000-0xfccfffff]
[  +0.000001] pci_bus 0000:0a: resource 2 [mem 0xd0000000-0xe01fffff 64bit pref]
[  +0.000296] pci 0000:0a:00.1: D0 power state depends on 0000:0a:00.0
[  +0.000009] pci 0000:0a:00.3: extending delay after power-on from D3hot to 20 msec
[  +0.000168] pci 0000:0a:00.4: extending delay after power-on from D3hot to 20 msec
[  +0.000095] PCI: CLS 64 bytes, default 64
[  +0.000009] pci 0000:00:00.2: AMD-Vi: IOMMU performance counters supported
[  +0.000043] Trying to unpack rootfs image as initramfs...
[  -0.000001] pci 0000:00:01.0: Adding to iommu group 0
[  +0.000024] pci 0000:00:02.0: Adding to iommu group 1
[  +0.000018] pci 0000:00:02.1: Adding to iommu group 2
[  +0.000014] pci 0000:00:02.2: Adding to iommu group 3
[  +0.000022] pci 0000:00:08.0: Adding to iommu group 4
[  +0.000016] pci 0000:00:08.1: Adding to iommu group 5
[  +0.000024] pci 0000:00:14.0: Adding to iommu group 6
[  +0.000013] pci 0000:00:14.3: Adding to iommu group 6
[  +0.000055] pci 0000:00:18.0: Adding to iommu group 7
[  +0.000016] pci 0000:00:18.1: Adding to iommu group 7
[  +0.000015] pci 0000:00:18.2: Adding to iommu group 7
[  +0.000012] pci 0000:00:18.3: Adding to iommu group 7
[  +0.000018] pci 0000:00:18.4: Adding to iommu group 7
[  +0.000013] pci 0000:00:18.5: Adding to iommu group 7
[  +0.000012] pci 0000:00:18.6: Adding to iommu group 7
[  +0.000012] pci 0000:00:18.7: Adding to iommu group 7
[  +0.000034] pci 0000:01:00.0: Adding to iommu group 8
[  +0.000014] pci 0000:01:00.1: Adding to iommu group 8
[  +0.000014] pci 0000:01:00.2: Adding to iommu group 8
[  +0.000006] pci 0000:02:00.0: Adding to iommu group 8
[  +0.000005] pci 0000:02:01.0: Adding to iommu group 8
[  +0.000006] pci 0000:02:02.0: Adding to iommu group 8
[  +0.000005] pci 0000:02:03.0: Adding to iommu group 8
[  +0.000008] pci 0000:02:04.0: Adding to iommu group 8
[  +0.000005] pci 0000:02:08.0: Adding to iommu group 8
[  +0.000006] pci 0000:06:00.0: Adding to iommu group 8
[  +0.000006] pci 0000:07:00.0: Adding to iommu group 8
[  +0.000014] pci 0000:09:00.0: Adding to iommu group 9
[  +0.000022] pci 0000:0a:00.0: Adding to iommu group 10
[  +0.000018] pci 0000:0a:00.1: Adding to iommu group 11
[  +0.000016] pci 0000:0a:00.2: Adding to iommu group 12
[  +0.000015] pci 0000:0a:00.3: Adding to iommu group 13
[  +0.000018] pci 0000:0a:00.4: Adding to iommu group 14
[  +0.000016] pci 0000:0a:00.6: Adding to iommu group 15
[  +0.003444] pci 0000:00:00.2: can't derive routing for PCI INT A
[  +0.000002] pci 0000:00:00.2: PCI INT A: not connected
[  +0.000191] pci 0000:00:00.2: AMD-Vi: Found IOMMU cap 0x40
[  +0.000001] AMD-Vi: Extended features (0x206d73ef22254ade, 0x0): PPR X2APIC NX GT IA GA PC GA_vAPIC
[  +0.000007] AMD-Vi: Interrupt remapping enabled
[  +0.000001] AMD-Vi: X2APIC enabled
[  +0.000172] AMD-Vi: Virtual APIC enabled
[  +0.000014] PCI-DMA: Using software bounce buffering for IO (SWIOTLB)
[  +0.000001] software IO TLB: mapped [mem 0x00000000b09f0000-0x00000000b49f0000] (64MB)
[  +0.000293] LVT offset 0 assigned for vector 0x400
[  +0.001574] perf: AMD IBS detected (0x000003ff)
[  +0.000007] perf/amd_iommu: Detected AMD IOMMU #0 (2 banks, 4 counters/bank).
[  +0.001529] Initialise system trusted keyrings
[  +0.000016] Key type blacklist registered
[  +0.000049] workingset: timestamp_bits=41 max_order=22 bucket_order=0
[  +0.000015] zbud: loaded
[  +0.000288] integrity: Platform Keyring initialized
[  +0.000004] integrity: Machine keyring initialized
[  +0.006557] Key type asymmetric registered
[  +0.000002] Asymmetric key parser 'x509' registered
[  +0.000018] Block layer SCSI generic (bsg) driver version 0.4 loaded (major 242)
[  +0.000065] io scheduler mq-deadline registered
[  +0.000002] io scheduler kyber registered
[  +0.000011] io scheduler bfq registered
[  +0.002491] shpchp: Standard Hot Plug PCI Controller Driver version: 0.4
[  +0.000151] input: Power Button as /devices/LNXSYSTM:00/LNXSYBUS:00/PNP0C0C:00/input/input0
[  +0.000028] ACPI: button: Power Button [PWRB]
[  +0.000037] input: Power Button as /devices/LNXSYSTM:00/LNXPWRBN:00/input/input1
[  +0.000060] ACPI: button: Power Button [PWRF]
[  +0.000100] Estimated ratio of average max frequency by base frequency (times 1024): 1141
[  +0.000020] Monitor-Mwait will be used to enter C-1 state
[  +0.000007] ACPI: \_SB_.PLTF.C000: Found 3 idle states
[  +0.000139] ACPI: \_SB_.PLTF.C001: Found 3 idle states
[  +0.000130] ACPI: \_SB_.PLTF.C002: Found 3 idle states
[  +0.000170] ACPI: \_SB_.PLTF.C003: Found 3 idle states
[  +0.000162] ACPI: \_SB_.PLTF.C004: Found 3 idle states
[  +0.000193] ACPI: \_SB_.PLTF.C005: Found 3 idle states
[  +0.000201] ACPI: \_SB_.PLTF.C006: Found 3 idle states
[  +0.000206] ACPI: \_SB_.PLTF.C007: Found 3 idle states
[  +0.000360] Serial: 8250/16550 driver, 32 ports, IRQ sharing enabled
[  +0.000220] serial8250: ttyS0 at I/O 0x3f8 (irq = 4, base_baud = 115200) is a 16550A
[  +0.002727] Non-volatile memory driver v1.3
[  +0.000002] Linux agpgart interface v0.103
[  +0.000102] AMD-Vi: AMD IOMMUv2 loaded and initialized
[  +0.000049] ACPI: bus type drm_connector registered
[  +0.001488] ahci 0000:01:00.1: version 3.0
[  +0.000129] ahci 0000:01:00.1: SSS flag set, parallel bus scan disabled
[  +0.000047] ahci 0000:01:00.1: AHCI 0001.0301 32 slots 6 ports 6 Gbps 0x3f impl SATA mode
[  +0.000002] ahci 0000:01:00.1: flags: 64bit ncq sntf stag pm led clo only pmp pio slum part sxs deso sadm sds apst 
[  +0.000682] scsi host0: ahci
[  +0.000221] scsi host1: ahci
[  +0.000194] scsi host2: ahci
[  +0.000157] scsi host3: ahci
[  +0.000155] scsi host4: ahci
[  +0.000160] scsi host5: ahci
[  +0.000052] ata1: SATA max UDMA/133 abar m131072@0xfce80000 port 0xfce80100 irq 41
[  +0.000002] ata2: SATA max UDMA/133 abar m131072@0xfce80000 port 0xfce80180 irq 41
[  +0.000002] ata3: SATA max UDMA/133 abar m131072@0xfce80000 port 0xfce80200 irq 41
[  +0.000002] ata4: SATA max UDMA/133 abar m131072@0xfce80000 port 0xfce80280 irq 41
[  +0.000001] ata5: SATA max UDMA/133 abar m131072@0xfce80000 port 0xfce80300 irq 41
[  +0.000002] ata6: SATA max UDMA/133 abar m131072@0xfce80000 port 0xfce80380 irq 41
[  +0.000104] usbcore: registered new interface driver usbserial_generic
[  +0.000009] usbserial: USB Serial support registered for generic
[  +0.000078] rtc_cmos 00:02: RTC can wake from S4
[  +0.000249] rtc_cmos 00:02: registered as rtc0
[  +0.000037] rtc_cmos 00:02: setting system clock to 2019-01-01T00:03:40 UTC (1546301020)
[  +0.000027] rtc_cmos 00:02: alarms up to one month, y3k, 114 bytes nvram
[  +0.001467] ledtrig-cpu: registered to indicate activity on CPUs
[  +0.000514] [drm] Initialized simpledrm 1.0.0 20200625 for simple-framebuffer.0 on minor 0
[  +0.000951] fbcon: Deferring console take-over
[  +0.000002] simple-framebuffer simple-framebuffer.0: [drm] fb0: simpledrmdrmfb frame buffer device
[  +0.000047] hid: raw HID events driver (C) Jiri Kosina
[  +0.000100] drop_monitor: Initializing network drop monitor service
[  +0.009342] Initializing XFRM netlink socket
[  +0.000039] NET: Registered PF_INET6 protocol family
[  +0.037846] Freeing initrd memory: 32704K
[  +0.006645] Segment Routing with IPv6
[  +0.000002] RPL Segment Routing with IPv6
[  +0.000017] In-situ OAM (IOAM) with IPv6
[  +0.000036] NET: Registered PF_PACKET protocol family
[  +0.001611] microcode: CPU1: patch_level=0x0a50000f
[  +0.000008] microcode: CPU0: patch_level=0x0a50000f
[  +0.000003] microcode: CPU2: patch_level=0x0a50000f
[  +0.000001] microcode: CPU4: patch_level=0x0a50000f
[  -0.000001] microcode: CPU3: patch_level=0x0a50000f
[  +0.000003] microcode: CPU5: patch_level=0x0a50000f
[  +0.000001] microcode: CPU6: patch_level=0x0a50000f
[  +0.000001] microcode: CPU7: patch_level=0x0a50000f
[  +0.000022] microcode: Microcode Update Driver: v2.2.
[  +0.000192] resctrl: L3 allocation detected
[  +0.000001] resctrl: MB allocation detected
[  +0.000001] resctrl: L3 monitoring detected
[  +0.000004] IPI shorthand broadcast: enabled
[  +0.002777] registered taskstats version 1
[  +0.000959] Loading compiled-in X.509 certificates
[  +0.002149] Loaded X.509 cert 'Build time autogenerated kernel key: 810ba9fa93fb9b429f9e1ceb239262614dd3725d'
[  +0.003850] zswap: loaded using pool zstd/zsmalloc
[  +0.005250] Key type .fscrypt registered
[  +0.000002] Key type fscrypt-provisioning registered
[  +0.000052] AppArmor: AppArmor sha1 policy hashing enabled
[  +0.000094] integrity: Loading X.509 certificate: UEFI:db
[  +0.000206] integrity: Loaded X.509 cert 'ASUSTeK MotherBoard SW Key Certificate: da83b990422ebc8c441f8d8b039a65a2'
[  +0.000001] integrity: Loading X.509 certificate: UEFI:db
[  +0.000098] integrity: Loaded X.509 cert 'ASUSTeK Notebook SW Key Certificate: b8e581e4df77a5bb4282d5ccfc00c071'
[  +0.000001] integrity: Loading X.509 certificate: UEFI:db
[  +0.000015] integrity: Loaded X.509 cert 'Microsoft Corporation UEFI CA 2011: 13adbf4309bd82709c8cd54f316ed522988a1bd4'
[  +0.000001] integrity: Loading X.509 certificate: UEFI:db
[  +0.000015] integrity: Loaded X.509 cert 'Microsoft Windows Production PCA 2011: a92902398e16c49778cd90f99e4f9ae17c55af53'
[  +0.000001] integrity: Loading X.509 certificate: UEFI:db
[  +0.000100] integrity: Loaded X.509 cert 'Canonical Ltd. Master Certificate Authority: ad91990bc22ab1f517048c23b6655a268e345a63'
[  +0.000677] PM:   Magic number: 3:551:50
[  +0.000070] memory memory82: hash matches
[  +0.004248] RAS: Correctable Errors collector initialized.
[  +0.000035] Lockdown: swapper/0: hibernation is restricted; see man kernel_lockdown.7
[  +0.000048] clk: Disabling unused clocks
[  +0.235192] ata1: SATA link down (SStatus 0 SControl 330)
[  +0.313314] ata2: SATA link down (SStatus 0 SControl 330)
[  +0.313227] ata3: SATA link down (SStatus 0 SControl 330)
[  +0.313630] ata4: SATA link down (SStatus 0 SControl 330)
[  +0.313130] ata5: SATA link down (SStatus 0 SControl 330)
[  +0.313323] ata6: SATA link down (SStatus 0 SControl 330)
[  +0.002223] Freeing unused decrypted memory: 2028K
[  +0.000494] Freeing unused kernel image (initmem) memory: 3416K
[  +0.000043] Write protecting the kernel read-only data: 30720k
[  +0.000423] Freeing unused kernel image (rodata/data gap) memory: 1256K
[  +0.039522] x86/mm: Checked W+X mappings: passed, no W+X pages found.
[  +0.000006] rodata_test: all tests were successful
[  +0.000002] x86/mm: Checking user space page tables
[  +0.037809] x86/mm: Checked W+X mappings: passed, no W+X pages found.
[  +0.000011] Run /init as init process
[  +0.000002]   with arguments:
[  +0.000002]     /init
[  +0.000001]     extra_latent_entropy
[  +0.000001]   with environment:
[  +0.000001]     HOME=/
[  +0.000001]     TERM=linux
[  +0.000001]     BOOT_IMAGE=/vmlinuz-linux-lts
[  +0.000001]     kasan_multi_shot=on
[  +0.000001]     pti=on
[  +0.000001]     mem_encrypt=on
[  +0.000001]     noexec=on
[  +0.016077] fbcon: Taking over console
[  +0.003674] Console: switching to colour frame buffer device 240x67
[  +0.142620] xhci_hcd 0000:01:00.0: xHCI Host Controller
[  +0.000011] xhci_hcd 0000:01:00.0: new USB bus registered, assigned bus number 1
[  +0.011448] nvme 0000:07:00.0: platform quirk: setting simple suspend
[  +0.000068] nvme nvme0: pci function 0000:07:00.0
[  +0.004261] nvme 0000:09:00.0: platform quirk: setting simple suspend
[  +0.000065] nvme nvme1: pci function 0000:09:00.0
[  +0.007422] nvme nvme1: 7/0/0 default/read/poll queues
[  +0.001674]  nvme1n1: p1 p2 p3
[  +0.008224] nvme nvme0: 15/0/0 default/read/poll queues
[  +0.005935]  nvme0n1: p1
[  +0.016693] xhci_hcd 0000:01:00.0: hcc params 0x0200ef81 hci version 0x110 quirks 0x0000000000000410
[  +0.000577] xhci_hcd 0000:01:00.0: xHCI Host Controller
[  +0.000005] xhci_hcd 0000:01:00.0: new USB bus registered, assigned bus number 2
[  +0.000003] xhci_hcd 0000:01:00.0: Host supports USB 3.1 Enhanced SuperSpeed
[  +0.000071] usb usb1: New USB device found, idVendor=1d6b, idProduct=0002, bcdDevice= 6.06
[  +0.000003] usb usb1: New USB device strings: Mfr=3, Product=2, SerialNumber=1
[  +0.000002] usb usb1: Product: xHCI Host Controller
[  +0.000001] usb usb1: Manufacturer: Linux 6.6.20-1-lts xhci-hcd
[  +0.000002] usb usb1: SerialNumber: 0000:01:00.0
[  +0.000204] hub 1-0:1.0: USB hub found
[  +0.000016] hub 1-0:1.0: 10 ports detected
[  +0.017996] usb usb2: We don't know the algorithms for LPM for this host, disabling LPM.
[  +0.000028] usb usb2: New USB device found, idVendor=1d6b, idProduct=0003, bcdDevice= 6.06
[  +0.000002] usb usb2: New USB device strings: Mfr=3, Product=2, SerialNumber=1
[  +0.000002] usb usb2: Product: xHCI Host Controller
[  +0.000001] usb usb2: Manufacturer: Linux 6.6.20-1-lts xhci-hcd
[  +0.000001] usb usb2: SerialNumber: 0000:01:00.0
[  +0.000372] hub 2-0:1.0: USB hub found
[  +0.000011] hub 2-0:1.0: 4 ports detected
[  +0.008069] xhci_hcd 0000:0a:00.3: xHCI Host Controller
[  +0.000013] xhci_hcd 0000:0a:00.3: new USB bus registered, assigned bus number 3
[  +0.000109] xhci_hcd 0000:0a:00.3: hcc params 0x0268ffe5 hci version 0x110 quirks 0x0000020000000410
[  +0.000471] xhci_hcd 0000:0a:00.3: xHCI Host Controller
[  +0.000003] xhci_hcd 0000:0a:00.3: new USB bus registered, assigned bus number 4
[  +0.000002] xhci_hcd 0000:0a:00.3: Host supports USB 3.1 Enhanced SuperSpeed
[  +0.000036] usb usb3: New USB device found, idVendor=1d6b, idProduct=0002, bcdDevice= 6.06
[  +0.000002] usb usb3: New USB device strings: Mfr=3, Product=2, SerialNumber=1
[  +0.000002] usb usb3: Product: xHCI Host Controller
[  +0.000001] usb usb3: Manufacturer: Linux 6.6.20-1-lts xhci-hcd
[  +0.000001] usb usb3: SerialNumber: 0000:0a:00.3
[  +0.000152] hub 3-0:1.0: USB hub found
[  +0.000008] hub 3-0:1.0: 4 ports detected
[  +0.000216] usb usb4: We don't know the algorithms for LPM for this host, disabling LPM.
[  +0.000025] usb usb4: New USB device found, idVendor=1d6b, idProduct=0003, bcdDevice= 6.06
[  +0.000002] usb usb4: New USB device strings: Mfr=3, Product=2, SerialNumber=1
[  +0.000001] usb usb4: Product: xHCI Host Controller
[  +0.000001] usb usb4: Manufacturer: Linux 6.6.20-1-lts xhci-hcd
[  +0.000001] usb usb4: SerialNumber: 0000:0a:00.3
[  +0.000146] hub 4-0:1.0: USB hub found
[  +0.000007] hub 4-0:1.0: 2 ports detected
[  +0.000224] xhci_hcd 0000:0a:00.4: xHCI Host Controller
[  +0.000005] xhci_hcd 0000:0a:00.4: new USB bus registered, assigned bus number 5
[  +0.000099] xhci_hcd 0000:0a:00.4: hcc params 0x0268ffe5 hci version 0x110 quirks 0x0000020000000410
[  +0.000423] xhci_hcd 0000:0a:00.4: xHCI Host Controller
[  +0.000003] xhci_hcd 0000:0a:00.4: new USB bus registered, assigned bus number 6
[  +0.000002] xhci_hcd 0000:0a:00.4: Host supports USB 3.1 Enhanced SuperSpeed
[  +0.000040] usb usb5: New USB device found, idVendor=1d6b, idProduct=0002, bcdDevice= 6.06
[  +0.000002] usb usb5: New USB device strings: Mfr=3, Product=2, SerialNumber=1
[  +0.000001] usb usb5: Product: xHCI Host Controller
[  +0.000001] usb usb5: Manufacturer: Linux 6.6.20-1-lts xhci-hcd
[  +0.000001] usb usb5: SerialNumber: 0000:0a:00.4
[  +0.000142] hub 5-0:1.0: USB hub found
[  +0.000008] hub 5-0:1.0: 4 ports detected
[  +0.000250] usb usb6: We don't know the algorithms for LPM for this host, disabling LPM.
[  +0.000024] usb usb6: New USB device found, idVendor=1d6b, idProduct=0003, bcdDevice= 6.06
[  +0.000002] usb usb6: New USB device strings: Mfr=3, Product=2, SerialNumber=1
[  +0.000001] usb usb6: Product: xHCI Host Controller
[  +0.000001] usb usb6: Manufacturer: Linux 6.6.20-1-lts xhci-hcd
[  +0.000001] usb usb6: SerialNumber: 0000:0a:00.4
[  +0.000133] hub 6-0:1.0: USB hub found
[  +0.000006] hub 6-0:1.0: 2 ports detected
[  +0.236803] usb 1-6: new full-speed USB device number 2 using xhci_hcd
[  +0.013257] usb 3-1: new low-speed USB device number 2 using xhci_hcd
[  +0.158136] usb 3-1: New USB device found, idVendor=09da, idProduct=2268, bcdDevice= 1.04
[  +0.000004] usb 3-1: New USB device strings: Mfr=1, Product=2, SerialNumber=0
[  +0.000002] usb 3-1: Product: USB Keyboard
[  +0.000002] usb 3-1: Manufacturer: SONiX
[  +0.138098] usb 1-6: config 1 has an invalid interface number: 2 but max is 1
[  +0.000004] usb 1-6: config 1 has no interface number 1
[  +0.007630] usb 3-2: new low-speed USB device number 3 using xhci_hcd
[  +0.003965] usb 1-6: New USB device found, idVendor=0b05, idProduct=1939, bcdDevice= 1.00
[  +0.000004] usb 1-6: New USB device strings: Mfr=1, Product=2, SerialNumber=3
[  +0.000002] usb 1-6: Product: AURA LED Controller
[  +0.000001] usb 1-6: Manufacturer: AsusTek Computer Inc.
[  +0.000002] usb 1-6: SerialNumber: 9876543210
[  +0.132532] usb 1-7: new high-speed USB device number 3 using xhci_hcd
[  +0.016745] usb 3-2: New USB device found, idVendor=1bcf, idProduct=0005, bcdDevice= 0.90
[  +0.000005] usb 3-2: New USB device strings: Mfr=0, Product=2, SerialNumber=0
[  +0.000002] usb 3-2: Product: USB Optical Mouse
[  +0.145934] usb 1-7: New USB device found, idVendor=05e3, idProduct=0608, bcdDevice=60.90
[  +0.000004] usb 1-7: New USB device strings: Mfr=0, Product=1, SerialNumber=0
[  +0.000002] usb 1-7: Product: USB2.0 Hub
[  +0.008029] hub 1-7:1.0: USB hub found
[  +0.003956] hub 1-7:1.0: 4 ports detected
[  +0.417286] amdgpu: unknown parameter 'freesync_video' ignored
[  +0.002020] input: SONiX USB Keyboard as /devices/pci0000:00/0000:00:08.1/0000:0a:00.3/usb3/3-1/3-1:1.0/0003:09DA:2268.0001/input/input2
[  +0.000604] [drm] amdgpu kernel modesetting enabled.
[  +0.014429] amdgpu: Virtual CRAT table created for CPU
[  +0.000025] amdgpu: Topology: Add CPU node
[  +0.000117] amdgpu 0000:0a:00.0: enabling device (0006 -> 0007)
[  +0.000047] [drm] initializing kernel modesetting (RENOIR 0x1002:0x1638 0x1043:0x8809 0xC8).
[  +0.000008] [drm] register mmio base: 0xFCC00000
[  +0.000001] [drm] register mmio size: 524288
[  +0.002739] [drm] add ip block number 0 <soc15_common>
[  +0.000002] [drm] add ip block number 1 <gmc_v9_0>
[  +0.000001] [drm] add ip block number 2 <vega10_ih>
[  +0.000001] [drm] add ip block number 3 <psp>
[  +0.000001] [drm] add ip block number 4 <smu>
[  +0.000002] [drm] add ip block number 5 <dm>
[  +0.000001] [drm] add ip block number 6 <gfx_v9_0>
[  +0.000001] [drm] add ip block number 7 <sdma_v4_0>
[  +0.000002] [drm] add ip block number 8 <vcn_v2_0>
[  +0.000001] [drm] add ip block number 9 <jpeg_v2_0>
[  +0.000010] amdgpu 0000:0a:00.0: amdgpu: Fetched VBIOS from VFCT
[  +0.000003] amdgpu: ATOM BIOS: 113-CEZANNE-018
[  +0.003301] [drm] VCN decode is enabled in VM mode
[  +0.000002] [drm] VCN encode is enabled in VM mode
[  +0.001578] [drm] JPEG decode is enabled in VM mode
[  +0.000185] Console: switching to colour dummy device 80x25
[  +0.001370] amdgpu 0000:0a:00.0: vgaarb: deactivate vga console
[  +0.000003] amdgpu 0000:0a:00.0: amdgpu: Trusted Memory Zone (TMZ) feature enabled
[  +0.000003] amdgpu 0000:0a:00.0: amdgpu: MODE2 reset
[  +0.000330] [drm] vm size is 262144 GB, 4 levels, block size is 9-bit, fragment size is 9-bit
[  +0.000005] amdgpu 0000:0a:00.0: amdgpu: VRAM: 512M 0x000000F400000000 - 0x000000F41FFFFFFF (512M used)
[  +0.000002] amdgpu 0000:0a:00.0: amdgpu: GART: 1024M 0x0000000000000000 - 0x000000003FFFFFFF
[  +0.000002] amdgpu 0000:0a:00.0: amdgpu: AGP: 267419648M 0x000000F800000000 - 0x0000FFFFFFFFFFFF
[  +0.000005] [drm] Detected VRAM RAM=512M, BAR=512M
[  +0.000001] [drm] RAM width 128bits DDR4
[  +0.000151] [drm] amdgpu: 512M of VRAM memory ready
[  +0.000001] [drm] amdgpu: 7640M of GTT memory ready.
[  +0.000022] [drm] GART: num cpu pages 262144, num gpu pages 262144
[  +0.000105] [drm] PCIE GART of 1024M enabled.
[  +0.000002] [drm] PTB located at 0x000000F41FC00000
[  +0.000244] [drm] Loading DMUB firmware via PSP: version=0x01010028
[  +0.000497] [drm] Found VCN firmware Version ENC: 1.21 DEC: 6 VEP: 0 Revision: 0
[  +0.000010] amdgpu 0000:0a:00.0: amdgpu: Will use PSP to load VCN firmware
[  +0.030522] hid-generic 0003:09DA:2268.0001: input,hidraw0: USB HID v1.11 Keyboard [SONiX USB Keyboard] on usb-0000:0a:00.3-1/input0
[  +0.004615] input: SONiX USB Keyboard Consumer Control as /devices/pci0000:00/0000:00:08.1/0000:0a:00.3/usb3/3-1/3-1:1.1/0003:09DA:2268.0002/input/input3
[  +0.054864] input: SONiX USB Keyboard System Control as /devices/pci0000:00/0000:00:08.1/0000:0a:00.3/usb3/3-1/3-1:1.1/0003:09DA:2268.0002/input/input4
[  +0.000391] hid-generic 0003:09DA:2268.0002: input,hidraw1: USB HID v1.11 Device [SONiX USB Keyboard] on usb-0000:0a:00.3-1/input1
[  +0.007618] hid-generic 0003:0B05:1939.0003: hiddev96,hidraw2: USB HID v1.11 Device [AsusTek Computer Inc. AURA LED Controller] on usb-0000:01:00.0-6/input2
[  +0.005074] input: USB Optical Mouse as /devices/pci0000:00/0000:00:08.1/0000:0a:00.3/usb3/3-2/3-2:1.0/0003:1BCF:0005.0004/input/input5
[  +0.000365] hid-generic 0003:1BCF:0005.0004: input,hidraw3: USB HID v1.10 Mouse [USB Optical Mouse] on usb-0000:0a:00.3-2/input0
[  +0.000036] usbcore: registered new interface driver usbhid
[  +0.000001] usbhid: USB HID core driver
[  +0.611176] [drm] reserve 0x400000 from 0xf41f800000 for PSP TMR
[  +0.088308] amdgpu 0000:0a:00.0: amdgpu: RAS: optional ras ta ucode is not available
[  +0.011040] amdgpu 0000:0a:00.0: amdgpu: RAP: optional rap ta ucode is not available
[  +0.000002] amdgpu 0000:0a:00.0: amdgpu: SECUREDISPLAY: securedisplay ta ucode is not available
[  +0.000468] amdgpu 0000:0a:00.0: amdgpu: SMU is initialized successfully!
[  +0.000273] [drm] Display Core v3.2.247 initialized on DCN 2.1
[  +0.000003] [drm] DP-HDMI FRL PCON supported
[  +0.000552] [drm] DMUB hardware initialized: version=0x01010028
[  +0.060213] [drm] kiq ring mec 2 pipe 1 q 0
[  +0.004205] [drm] VCN decode and encode initialized successfully(under DPG Mode).
[  +0.000015] [drm] JPEG decode initialized successfully.
[  +0.002925] amdgpu: HMM registered 512MB device memory
[  +0.001145] kfd kfd: amdgpu: Allocated 3969056 bytes on gart
[  +0.000011] kfd kfd: amdgpu: Total number of KFD nodes to be created: 1
[  +0.000093] amdgpu: Virtual CRAT table created for GPU
[  +0.000606] amdgpu: Topology: Add dGPU node [0x1638:0x1002]
[  +0.000002] kfd kfd: amdgpu: added device 1002:1638
[  +0.000076] amdgpu 0000:0a:00.0: amdgpu: SE 1, SH per SE 1, CU per SH 8, active_cu_number 8
[  +0.000155] amdgpu 0000:0a:00.0: amdgpu: ring gfx uses VM inv eng 0 on hub 0
[  +0.000002] amdgpu 0000:0a:00.0: amdgpu: ring gfx_low uses VM inv eng 1 on hub 0
[  +0.000001] amdgpu 0000:0a:00.0: amdgpu: ring gfx_high uses VM inv eng 4 on hub 0
[  +0.000001] amdgpu 0000:0a:00.0: amdgpu: ring comp_1.0.0 uses VM inv eng 5 on hub 0
[  +0.000001] amdgpu 0000:0a:00.0: amdgpu: ring comp_1.1.0 uses VM inv eng 6 on hub 0
[  +0.000002] amdgpu 0000:0a:00.0: amdgpu: ring comp_1.2.0 uses VM inv eng 7 on hub 0
[  +0.000001] amdgpu 0000:0a:00.0: amdgpu: ring comp_1.3.0 uses VM inv eng 8 on hub 0
[  +0.000001] amdgpu 0000:0a:00.0: amdgpu: ring comp_1.0.1 uses VM inv eng 9 on hub 0
[  +0.000001] amdgpu 0000:0a:00.0: amdgpu: ring comp_1.1.1 uses VM inv eng 10 on hub 0
[  +0.000001] amdgpu 0000:0a:00.0: amdgpu: ring comp_1.2.1 uses VM inv eng 11 on hub 0
[  +0.000001] amdgpu 0000:0a:00.0: amdgpu: ring comp_1.3.1 uses VM inv eng 12 on hub 0
[  +0.000002] amdgpu 0000:0a:00.0: amdgpu: ring kiq_0.2.1.0 uses VM inv eng 13 on hub 0
[  +0.000001] amdgpu 0000:0a:00.0: amdgpu: ring sdma0 uses VM inv eng 0 on hub 8
[  +0.000001] amdgpu 0000:0a:00.0: amdgpu: ring vcn_dec uses VM inv eng 1 on hub 8
[  +0.000001] amdgpu 0000:0a:00.0: amdgpu: ring vcn_enc0 uses VM inv eng 4 on hub 8
[  +0.000001] amdgpu 0000:0a:00.0: amdgpu: ring vcn_enc1 uses VM inv eng 5 on hub 8
[  +0.000001] amdgpu 0000:0a:00.0: amdgpu: ring jpeg_dec uses VM inv eng 6 on hub 8
[  +0.000875] [drm] Initialized amdgpu 3.54.0 20150101 for 0000:0a:00.0 on minor 1
[  +0.006881] fbcon: amdgpudrmfb (fb0) is primary device
[  +0.000192] [drm] DSC precompute is not needed.
[  +0.051218] Console: switching to colour frame buffer device 240x67
[  +0.018127] amdgpu 0000:0a:00.0: [drm] fb0: amdgpudrmfb frame buffer device
[  +1.835196] EXT4-fs (nvme1n1p3): mounted filesystem 7bf17edb-b8bf-4757-9cc5-921e34440e42 r/w with ordered data mode. Quota mode: none.
[  +0.048443] systemd[1]: System time before build time, advancing clock.
[  +0.025503] systemd[1]: systemd 255.4-2-arch running in system mode (+PAM +AUDIT -SELINUX -APPARMOR -IMA +SMACK +SECCOMP +GCRYPT +GNUTLS +OPENSSL +ACL +BLKID +CURL +ELFUTILS +FIDO2 +IDN2 -IDN +IPTC +KMOD +LIBCRYPTSETUP +LIBFDISK +PCRE2 +PWQUALITY +P11KIT +QRENCODE +TPM2 +BZIP2 +LZ4 +XZ +ZLIB +ZSTD +BPF_FRAMEWORK +XKBCOMMON +UTMP -SYSVINIT default-hierarchy=unified)
[  +0.000007] systemd[1]: Detected architecture x86-64.
[  +0.000880] systemd[1]: Hostname set to <klimenkomaximsergievich>.
[  +0.371521] systemd[1]: bpf-lsm: LSM BPF program attached
[  +0.021652] systemd-fstab-generator[288]: Checking was requested for "/home", but it is not a device.
[  +0.000459] systemd-fstab-generator[288]: Checking was requested for "/var", but it is not a device.
[  +0.062287] systemd[1]: Queued start job for default target Graphical Interface.
[  +0.006963] systemd[1]: Created slice Slice /system/dirmngr.
[  +0.000414] systemd[1]: Created slice Slice /system/getty.
[  +0.000346] systemd[1]: Created slice Slice /system/gpg-agent.
[  +0.000342] systemd[1]: Created slice Slice /system/gpg-agent-browser.
[  +0.000347] systemd[1]: Created slice Slice /system/gpg-agent-extra.
[  +0.000363] systemd[1]: Created slice Slice /system/gpg-agent-ssh.
[  +0.000351] systemd[1]: Created slice Slice /system/keyboxd.
[  +0.000353] systemd[1]: Created slice Slice /system/modprobe.
[  +0.000342] systemd[1]: Created slice Slice /system/systemd-fsck.
[  +0.000320] systemd[1]: Created slice User and Session Slice.
[  +0.000107] systemd[1]: Started Dispatch Password Requests to Console Directory Watch.
[  +0.000097] systemd[1]: Started Forward Password Requests to Wall Directory Watch.
[  +0.000216] systemd[1]: Set up automount Arbitrary Executable File Formats File System Automount Point.
[  +0.000063] systemd[1]: Expecting device /dev/disk/by-uuid/67794419-6020-4e6c-8920-9b3691b421a5...
[  +0.000047] systemd[1]: Expecting device /dev/disk/by-uuid/70991fce-1e1a-4127-a1a5-ff8e690d7735...
[  +0.000046] systemd[1]: Expecting device /dev/disk/by-uuid/ADA6-5BBC...
[  +0.000046] systemd[1]: Reached target Local Encrypted Volumes.
[  +0.000047] systemd[1]: Reached target Login Prompts.
[  +0.000046] systemd[1]: Reached target Local Integrity Protected Volumes.
[  +0.000052] systemd[1]: Reached target Path Units.
[  +0.000046] systemd[1]: Reached target Remote File Systems.
[  +0.000045] systemd[1]: Reached target Slice Units.
[  +0.000050] systemd[1]: Reached target Local Verity Protected Volumes.
[  +0.000106] systemd[1]: Listening on Device-mapper event daemon FIFOs.
[  +0.000168] systemd[1]: Listening on LVM2 poll daemon socket.
[  +0.000819] systemd[1]: Listening on Process Core Dump Socket.
[  +0.000177] systemd[1]: Listening on Journal Socket (/dev/log).
[  +0.000167] systemd[1]: Listening on Journal Socket.
[  +0.000068] systemd[1]: TPM2 PCR Extension (Varlink) was skipped because of an unmet condition check (ConditionSecurity=measured-uki).
[  +0.000250] systemd[1]: Listening on udev Control Socket.
[  +0.000143] systemd[1]: Listening on udev Kernel Socket.
[  +0.000914] systemd[1]: Mounting Huge Pages File System...
[  +0.000650] systemd[1]: Mounting POSIX Message Queue File System...
[  +0.000618] systemd[1]: Mounting /dev/tmp...
[  +0.000667] systemd[1]: Mounting Kernel Debug File System...
[  +0.000740] systemd[1]: Mounting Kernel Trace File System...
[  +0.000748] systemd[1]: Starting Create List of Static Device Nodes...
[  +0.000663] systemd[1]: Starting Monitoring of LVM2 mirrors, snapshots etc. using dmeventd or progress polling...
[  +0.002401] systemd[1]: Starting Load Kernel Module configfs...
[  +0.001032] systemd[1]: Starting Load Kernel Module dm_mod...
[  +0.000747] systemd[1]: Starting Load Kernel Module drm...
[  +0.000791] systemd[1]: Starting Load Kernel Module fuse...
[  +0.000744] systemd[1]: Starting Load Kernel Module loop...
[  +0.000079] systemd[1]: File System Check on Root Device was skipped because of an unmet condition check (ConditionPathIsReadWrite=!/).
[  +0.001445] systemd[1]: Starting Journal Service...
[  +0.001195] systemd[1]: Starting Load Kernel Modules...
[  +0.000057] systemd[1]: TPM2 PCR Machine ID Measurement was skipped because of an unmet condition check (ConditionSecurity=measured-uki).
[  +0.000655] systemd[1]: Starting Remount Root and Kernel File Systems...
[  +0.000077] systemd[1]: TPM2 SRK Setup (Early) was skipped because of an unmet condition check (ConditionSecurity=measured-uki).
[  +0.000686] systemd[1]: Starting Coldplug All udev Devices...
[  +0.001311] systemd[1]: Mounted Huge Pages File System.
[  +0.000202] systemd[1]: Mounted POSIX Message Queue File System.
[  +0.001124] systemd[1]: Mounted /dev/tmp.
[  +0.000148] systemd[1]: Mounted Kernel Debug File System.
[  +0.000140] systemd[1]: Mounted Kernel Trace File System.
[  +0.000741] systemd[1]: Finished Create List of Static Device Nodes.
[  +0.002732] systemd[1]: modprobe@configfs.service: Deactivated successfully.
[  +0.000583] systemd[1]: Finished Load Kernel Module configfs.
[  +0.000400] loop: module loaded
[  +0.000041] device-mapper: uevent: version 1.0.3
[  +0.000207] device-mapper: ioctl: 4.48.0-ioctl (2023-03-01) initialised: dm-devel@redhat.com
[  +0.000313] systemd[1]: modprobe@drm.service: Deactivated successfully.
[  +0.000218] systemd[1]: Finished Load Kernel Module drm.
[  +0.000926] EXT4-fs (nvme1n1p3): re-mounted 7bf17edb-b8bf-4757-9cc5-921e34440e42 r/w. Quota mode: none.
[  +0.000172] systemd[1]: modprobe@dm_mod.service: Deactivated successfully.
[  +0.000196] systemd[1]: Finished Load Kernel Module dm_mod.
[  +0.000039] fuse: init (API version 7.39)
[  +0.000927] systemd[1]: modprobe@fuse.service: Deactivated successfully.
[  +0.000202] systemd[1]: Finished Load Kernel Module fuse.
[  +0.000621] systemd[1]: modprobe@loop.service: Deactivated successfully.
[  +0.000192] systemd[1]: Finished Load Kernel Module loop.
[  +0.000316] systemd-journald[310]: Collecting audit messages is disabled.
[  +0.000262] systemd[1]: Finished Load Kernel Modules.
[  +0.000557] systemd[1]: Finished Remount Root and Kernel File Systems.
[  +0.001470] systemd[1]: Mounting FUSE Control File System...
[  +0.000955] systemd[1]: Mounting Kernel Configuration File System...
[  +0.000618] systemd[1]: Rebuild Hardware Database was skipped because no trigger condition checks were met.
[  +0.000063] systemd[1]: Repartition Root Disk was skipped because no trigger condition checks were met.
[  +0.000673] systemd[1]: Starting Apply Kernel Variables...
[  +0.000917] systemd[1]: Starting Create Static Device Nodes in /dev gracefully...
[  +0.003112] systemd[1]: Mounted FUSE Control File System.
[  +0.000509] systemd[1]: Mounted Kernel Configuration File System.
[  +0.006101] systemd[1]: Finished Apply Kernel Variables.
[  +0.020553] systemd[1]: Finished Create Static Device Nodes in /dev gracefully.
[  +0.001506] systemd[1]: Starting Create System Users...
[  +0.010695] systemd[1]: Finished Monitoring of LVM2 mirrors, snapshots etc. using dmeventd or progress polling.
[  +0.011907] systemd[1]: Finished Create System Users.
[  +0.001445] systemd[1]: Starting Create Static Device Nodes in /dev...
[  +0.009548] systemd[1]: Started Journal Service.
[  +0.045252] systemd-journald[310]: Received client request to flush runtime journal.
[  +0.022301] systemd-journald[310]: /var/log/journal/749ac78a84c54f12b1c0fc65231f173b/system.journal: Realtime clock jumped backwards relative to last journal entry, rotating.
[  +0.000007] systemd-journald[310]: Rotating system journal.
[  +0.080325] Adding 17825788k swap on /dev/nvme1n1p2.  Priority:-2 extents:1 across:17825788k SS
[  +0.025716] ccp 0000:0a:00.2: enabling device (0000 -> 0002)
[  +0.007933] piix4_smbus 0000:00:14.0: SMBus Host Controller at 0xb00, revision 0
[  +0.000003] piix4_smbus 0000:00:14.0: Using register 0x02 for SMBus port selection
[  +0.000082] piix4_smbus 0000:00:14.0: Auxiliary SMBus Host Controller at 0xb20
[  +0.002143] ccp 0000:0a:00.2: ccp: unable to access the device: you might be running a broken BIOS.
[  +0.008825] sp5100_tco: SP5100/SB800 TCO WatchDog Timer Driver
[  +0.000099] sp5100-tco sp5100-tco: Using 0xfeb00000 for watchdog MMIO address
[  +0.001221] ccp 0000:0a:00.2: tee enabled
[  +0.000091] ccp 0000:0a:00.2: psp enabled
[  +0.011063] r8169 0000:06:00.0: enabling device (0000 -> 0003)
[  +0.000808] sp5100-tco sp5100-tco: initialized. heartbeat=60 sec (nowayout=0)
[  +0.004299] i8042: PNP: No PS/2 controller found.
[  +0.003774] RAPL PMU: API unit is 2^-32 Joules, 1 fixed counters, 163840 ms ovfl timer
[  +0.000003] RAPL PMU: hw unit of domain package 2^-16 Joules
[  +0.003806] cryptd: max_cpu_qlen set to 1000
[  +0.024247] AVX2 version of gcm_enc/dec engaged.
[  +0.000082] AES CTR mode by8 optimization enabled
[  +0.006109] r8169 0000:06:00.0 eth0: RTL8168e/8111e, 08:be:ac:22:a2:75, XID 2c2, IRQ 94
[  +0.000004] r8169 0000:06:00.0 eth0: jumbo features [frames: 9194 bytes, tx checksumming: ko]
[  +0.000276] asus_wmi: ASUS WMI generic driver loaded
[  +0.005505] asus_wmi: Initialization: 0x0
[  +0.000060] asus_wmi: BIOS WMI version: 0.9
[  +0.000333] asus_wmi: SFUN value: 0x0
[  +0.000002] eeepc-wmi eeepc-wmi: Detected ASUSWMI, use DCTS
[  +0.003984] input: Eee PC WMI hotkeys as /devices/platform/eeepc-wmi/input/input6
[  +0.017278] snd_hda_intel 0000:0a:00.1: enabling device (0000 -> 0002)
[  +0.000085] snd_hda_intel 0000:0a:00.1: Handle vga_switcheroo audio client
[  +0.003064] snd_hda_intel 0000:0a:00.6: enabling device (0000 -> 0002)
[  +0.031954] MCE: In-kernel MCE decoding enabled.
[  +0.012559] input: HD-Audio Generic HDMI/DP,pcm=3 as /devices/pci0000:00/0000:00:08.1/0000:0a:00.1/sound/card0/input7
[  +0.002514] snd_hda_codec_realtek hdaudioC1D0: autoconfig for ALC1220: line_outs=3 (0x14/0x15/0x16/0x0/0x0) type:line
[  +0.000004] snd_hda_codec_realtek hdaudioC1D0:    speaker_outs=0 (0x0/0x0/0x0/0x0/0x0)
[  +0.000002] snd_hda_codec_realtek hdaudioC1D0:    hp_outs=1 (0x1b/0x0/0x0/0x0/0x0)
[  +0.000001] snd_hda_codec_realtek hdaudioC1D0:    mono: mono_out=0x0
[  +0.000002] snd_hda_codec_realtek hdaudioC1D0:    dig-out=0x1e/0x0
[  +0.000001] snd_hda_codec_realtek hdaudioC1D0:    inputs:
[  +0.000001] snd_hda_codec_realtek hdaudioC1D0:      Front Mic=0x19
[  +0.000001] snd_hda_codec_realtek hdaudioC1D0:      Rear Mic=0x18
[  +0.000002] snd_hda_codec_realtek hdaudioC1D0:      Line=0x1a
[  +0.001337] r8169 0000:06:00.0 enp6s0: renamed from eth0
[  +0.008115] input: HD-Audio Generic HDMI/DP,pcm=7 as /devices/pci0000:00/0000:00:08.1/0000:0a:00.1/sound/card0/input8
[  +0.007888] mousedev: PS/2 mouse device common for all mice
[  +0.003031] intel_rapl_common: Found RAPL domain package
[  +0.000002] intel_rapl_common: Found RAPL domain core
[  +0.007366] input: HD-Audio Generic Front Mic as /devices/pci0000:00/0000:00:08.1/0000:0a:00.6/sound/card1/input9
[  +0.000075] input: HD-Audio Generic Rear Mic as /devices/pci0000:00/0000:00:08.1/0000:0a:00.6/sound/card1/input10
[  +0.000081] input: HD-Audio Generic Line as /devices/pci0000:00/0000:00:08.1/0000:0a:00.6/sound/card1/input11
[  +0.000063] input: HD-Audio Generic Line Out Front as /devices/pci0000:00/0000:00:08.1/0000:0a:00.6/sound/card1/input12
[  +0.000055] input: HD-Audio Generic Line Out Surround as /devices/pci0000:00/0000:00:08.1/0000:0a:00.6/sound/card1/input13
[  +0.000054] input: HD-Audio Generic Line Out CLFE as /devices/pci0000:00/0000:00:08.1/0000:0a:00.6/sound/card1/input14
[  +0.003157] input: HD-Audio Generic Front Headphone as /devices/pci0000:00/0000:00:08.1/0000:0a:00.6/sound/card1/input15
[  +0.576972] FAT-fs (nvme1n1p1): Volume was not properly unmounted. Some data may be corrupt. Please run fsck.
[Mar 9 18:37] EXT4-fs (nvme0n1p1): mounted filesystem 70991fce-1e1a-4127-a1a5-ff8e690d7735 r/w with ordered data mode. Quota mode: none.
[  +0.284561] xt_connbytes: Forcing CT accounting to be enabled
[  +0.149967] RTL8211DN Gigabit Ethernet r8169-0-600:00: attached PHY driver (mii_bus:phy_addr=r8169-0-600:00, irq=MAC)
[  +0.258134] r8169 0000:06:00.0 enp6s0: Link is Down
[  +0.148900] Lockdown: Xorg: raw io port access is restricted; see man kernel_lockdown.7
[  +0.711100] Lockdown: systemd-logind: hibernation is restricted; see man kernel_lockdown.7
[  +0.001384] Lockdown: systemd-logind: hibernation is restricted; see man kernel_lockdown.7
[  +0.000310] Lockdown: systemd-logind: hibernation is restricted; see man kernel_lockdown.7
[  +0.040927] sddm-greeter[738]: memfd_create() called without MFD_EXEC or MFD_NOEXEC_SEAL set
[  +7.351158] systemd-journald[310]: /var/log/journal/749ac78a84c54f12b1c0fc65231f173b/user-1000.journal: Journal file uses a different sequence number ID, rotating.
[ +13.973594] Iptables: IPT OUTPUT packet dIN= OUT=lo SRC=127.0.0.1 DST=127.0.0.1 LEN=60 TOS=0x00 PREC=0x00 TTL=64 ID=21435 DF PROTO=UDP SPT=33432 DPT=53 LEN=40 
[  +0.558087] Iptables: IPT OUTPUT packet dIN= OUT=lo SRC=127.0.0.1 DST=127.0.0.1 LEN=60 TOS=0x00 PREC=0x00 TTL=64 ID=60853 DF PROTO=UDP SPT=49094 DPT=53 LEN=40 
[  +0.000261] Iptables: IPT OUTPUT packet dIN= OUT=lo SRC=127.0.0.1 DST=127.0.0.1 LEN=60 TOS=0x00 PREC=0x00 TTL=64 ID=60854 DF PROTO=UDP SPT=49094 DPT=53 LEN=40 
[ +20.205543] Iptables: IPT OUTPUT packet dIN= OUT=lo SRC=127.0.0.1 DST=127.0.0.1 LEN=81 TOS=0x00 PREC=0x00 TTL=64 ID=64615 DF PROTO=UDP SPT=59560 DPT=53 LEN=61 
[Mar 9 18:38] Iptables: IPT OUTPUT packet dIN= OUT=lo SRC=127.0.0.1 DST=127.0.0.1 LEN=59 TOS=0x00 PREC=0x00 TTL=64 ID=63050 DF PROTO=UDP SPT=58842 DPT=53 LEN=39 
[ +20.224655] Iptables: IPT OUTPUT packet dIN= OUT=lo SRC=127.0.0.1 DST=127.0.0.1 LEN=61 TOS=0x00 PREC=0x00 TTL=64 ID=46530 DF PROTO=UDP SPT=47199 DPT=53 LEN=41 
[ +15.560848] r8169 0000:06:00.0 enp6s0: Link is Up - 100Mbps/Full - flow control rx/tx
[  +0.013976] Iptables: v6Deny: IN= OUT=enp6s0 SRC=0000:0000:0000:0000:0000:0000:0000:0000 DST=ff02:0000:0000:0000:0000:0000:0000:0016 LEN=76 TC=0 HOPLIMIT=1 FLOWLBL=0 PROTO=ICMPv6 TYPE=143 CODE=0 MARK=0xd4 
[  +0.009989] Iptables: v6Deny: IN= OUT=enp6s0 SRC=0000:0000:0000:0000:0000:0000:0000:0000 DST=ff02:0000:0000:0000:0000:0001:ff50:4a0d LEN=72 TC=0 HOPLIMIT=255 FLOWLBL=0 PROTO=ICMPv6 TYPE=135 CODE=0 
[  +0.996731] Iptables: v6Deny: IN= OUT=enp6s0 SRC=0000:0000:0000:0000:0000:0000:0000:0000 DST=ff02:0000:0000:0000:0000:0000:0000:0016 LEN=76 TC=0 HOPLIMIT=1 FLOWLBL=0 PROTO=ICMPv6 TYPE=143 CODE=0 MARK=0xd4 
[  +0.026951] Iptables: IPT OUTPUT packet dIN= OUT=enp6s0 SRC=fe80:0000:0000:0000:a2e9:7f3e:1450:4a0d DST=ff02:0000:0000:0000:0000:0000:0000:0016 LEN=76 TC=0 HOPLIMIT=1 FLOWLBL=0 PROTO=ICMPv6 TYPE=143 CODE=0 MARK=0xd4 
[  +0.000007] Iptables: v6Deny: IN= OUT=enp6s0 SRC=fe80:0000:0000:0000:a2e9:7f3e:1450:4a0d DST=ff02:0000:0000:0000:0000:0000:0000:0016 LEN=76 TC=0 HOPLIMIT=1 FLOWLBL=0 PROTO=ICMPv6 TYPE=143 CODE=0 MARK=0xd4 
[  +0.194361] Iptables: IPT OUTPUT packet dIN= OUT=enp6s0 SRC=fe80:0000:0000:0000:a2e9:7f3e:1450:4a0d DST=ff02:0000:0000:0000:0000:0000:0000:0002 LEN=48 TC=0 HOPLIMIT=255 FLOWLBL=344014 PROTO=ICMPv6 TYPE=133 CODE=0 
[  +0.000008] Iptables: v6Deny: IN= OUT=enp6s0 SRC=fe80:0000:0000:0000:a2e9:7f3e:1450:4a0d DST=ff02:0000:0000:0000:0000:0000:0000:0002 LEN=48 TC=0 HOPLIMIT=255 FLOWLBL=344014 PROTO=ICMPv6 TYPE=133 CODE=0 
[  +0.008930] Iptables: IPT OUTPUT packet dIN= OUT=enp6s0 SRC=fe80:0000:0000:0000:a2e9:7f3e:1450:4a0d DST=ff02:0000:0000:0000:0000:0000:0000:0016 LEN=76 TC=0 HOPLIMIT=1 FLOWLBL=0 PROTO=ICMPv6 TYPE=143 CODE=0 MARK=0xd4 
[  +0.000011] Iptables: v6Deny: IN= OUT=enp6s0 SRC=fe80:0000:0000:0000:a2e9:7f3e:1450:4a0d DST=ff02:0000:0000:0000:0000:0000:0000:0016 LEN=76 TC=0 HOPLIMIT=1 FLOWLBL=0 PROTO=ICMPv6 TYPE=143 CODE=0 MARK=0xd4 
[  +2.757114] Iptables: IPT OUTPUT packet dIN= OUT=lo SRC=127.0.0.1 DST=127.0.0.1 LEN=70 TOS=0x00 PREC=0x00 TTL=64 ID=20961 DF PROTO=UDP SPT=41737 DPT=53 LEN=50 
[  +1.086098] Iptables: v6Deny: IN= OUT=enp6s0 SRC=fe80:0000:0000:0000:a2e9:7f3e:1450:4a0d DST=ff02:0000:0000:0000:0000:0000:0000:0002 LEN=48 TC=0 HOPLIMIT=255 FLOWLBL=344014 PROTO=ICMPv6 TYPE=133 CODE=0 
[  +8.080835] Iptables: v6Deny: IN= OUT=enp6s0 SRC=fe80:0000:0000:0000:a2e9:7f3e:1450:4a0d DST=ff02:0000:0000:0000:0000:0000:0000:0002 LEN=48 TC=0 HOPLIMIT=255 FLOWLBL=344014 PROTO=ICMPv6 TYPE=133 CODE=0 
[Mar 9 18:39] Iptables: IPT OUTPUT packet dIN= OUT=lo SRC=127.0.0.1 DST=127.0.0.1 LEN=61 TOS=0x00 PREC=0x00 TTL=64 ID=13806 DF PROTO=UDP SPT=54167 DPT=53 LEN=41 
[  +5.427607] Iptables: IPT OUTPUT packet dIN= OUT=enp6s0 SRC=fe80:0000:0000:0000:a2e9:7f3e:1450:4a0d DST=ff02:0000:0000:0000:0000:0000:0000:0002 LEN=48 TC=0 HOPLIMIT=255 FLOWLBL=344014 PROTO=ICMPv6 TYPE=133 CODE=0 
[  +0.000010] Iptables: v6Deny: IN= OUT=enp6s0 SRC=fe80:0000:0000:0000:a2e9:7f3e:1450:4a0d DST=ff02:0000:0000:0000:0000:0000:0000:0002 LEN=48 TC=0 HOPLIMIT=255 FLOWLBL=344014 PROTO=ICMPv6 TYPE=133 CODE=0 
[ +14.681929] Iptables: IPT OUTPUT packet dIN= OUT=lo SRC=127.0.0.1 DST=127.0.0.1 LEN=61 TOS=0x00 PREC=0x00 TTL=64 ID=24473 DF PROTO=UDP SPT=35717 DPT=53 LEN=41 
[  +1.726656] Iptables: v6Deny: IN= OUT=enp6s0 SRC=0000:0000:0000:0000:0000:0000:0000:0000 DST=ff02:0000:0000:0000:0000:0000:0000:0016 LEN=76 TC=0 HOPLIMIT=1 FLOWLBL=0 PROTO=ICMPv6 TYPE=143 CODE=0 MARK=0xd4 
[  +0.463341] Iptables: v6Deny: IN= OUT=enp6s0 SRC=0000:0000:0000:0000:0000:0000:0000:0000 DST=ff02:0000:0000:0000:0000:0000:0000:0016 LEN=76 TC=0 HOPLIMIT=1 FLOWLBL=0 PROTO=ICMPv6 TYPE=143 CODE=0 MARK=0xd4 
[  +0.426646] Iptables: v6Deny: IN= OUT=enp6s0 SRC=0000:0000:0000:0000:0000:0000:0000:0000 DST=ff02:0000:0000:0000:0000:0001:ff50:4a0d LEN=72 TC=0 HOPLIMIT=255 FLOWLBL=0 PROTO=ICMPv6 TYPE=135 CODE=0 
[  +1.010034] Iptables: IPT OUTPUT packet dIN= OUT=enp6s0 SRC=fe80:0000:0000:0000:a2e9:7f3e:1450:4a0d DST=ff02:0000:0000:0000:0000:0000:0000:0016 LEN=76 TC=0 HOPLIMIT=1 FLOWLBL=0 PROTO=ICMPv6 TYPE=143 CODE=0 MARK=0xd4 
[  +0.000011] Iptables: v6Deny: IN= OUT=enp6s0 SRC=fe80:0000:0000:0000:a2e9:7f3e:1450:4a0d DST=ff02:0000:0000:0000:0000:0000:0000:0016 LEN=76 TC=0 HOPLIMIT=1 FLOWLBL=0 PROTO=ICMPv6 TYPE=143 CODE=0 MARK=0xd4 
[  +0.052798] Iptables: v6Deny: IN= OUT=enp6s0 SRC=fe80:0000:0000:0000:a2e9:7f3e:1450:4a0d DST=ff02:0000:0000:0000:0000:0000:0000:0002 LEN=48 TC=0 HOPLIMIT=255 FLOWLBL=344014 PROTO=ICMPv6 TYPE=133 CODE=0 
[  +0.297181] Iptables: v6Deny: IN= OUT=enp6s0 SRC=fe80:0000:0000:0000:a2e9:7f3e:1450:4a0d DST=ff02:0000:0000:0000:0000:0000:0000:0016 LEN=76 TC=0 HOPLIMIT=1 FLOWLBL=0 PROTO=ICMPv6 TYPE=143 CODE=0 MARK=0xd4 
[  +3.877848] Iptables: v6Deny: IN= OUT=enp6s0 SRC=fe80:0000:0000:0000:a2e9:7f3e:1450:4a0d DST=ff02:0000:0000:0000:0000:0000:0000:0002 LEN=48 TC=0 HOPLIMIT=255 FLOWLBL=344014 PROTO=ICMPv6 TYPE=133 CODE=0 
[  +8.697743] Iptables: v6Deny: IN= OUT=enp6s0 SRC=fe80:0000:0000:0000:a2e9:7f3e:1450:4a0d DST=ff02:0000:0000:0000:0000:0000:0000:0002 LEN=48 TC=0 HOPLIMIT=255 FLOWLBL=344014 PROTO=ICMPv6 TYPE=133 CODE=0 
[  +3.771252] Iptables: IPT OUTPUT packet dIN= OUT=enp6s0 SRC=192.168.1.100 DST=149.154.167.216 LEN=52 TOS=0x00 PREC=0x00 TTL=64 ID=27311 DF PROTO=TCP SPT=57342 DPT=443 WINDOW=11839 RES=0x00 ACK FIN URGP=0 
[ +13.774703] Iptables: IPT OUTPUT packet dIN= OUT=enp6s0 SRC=fe80:0000:0000:0000:a2e9:7f3e:1450:4a0d DST=ff02:0000:0000:0000:0000:0000:0000:0002 LEN=48 TC=0 HOPLIMIT=255 FLOWLBL=344014 PROTO=ICMPv6 TYPE=133 CODE=0 
[  +0.000010] Iptables: v6Deny: IN= OUT=enp6s0 SRC=fe80:0000:0000:0000:a2e9:7f3e:1450:4a0d DST=ff02:0000:0000:0000:0000:0000:0000:0002 LEN=48 TC=0 HOPLIMIT=255 FLOWLBL=344014 PROTO=ICMPv6 TYPE=133 CODE=0 
[Mar 9 18:40] Iptables: IPT OUTPUT packet dIN= OUT=enp6s0 SRC=192.168.1.100 DST=216.58.215.110 LEN=1278 TOS=0x00 PREC=0x00 TTL=64 ID=30885 DF PROTO=UDP SPT=46976 DPT=443 LEN=1258 
[ +19.073396] Iptables: IPT OUTPUT packet dIN= OUT=enp6s0 SRC=192.168.1.100 DST=192.168.1.1 LEN=72 TOS=0x00 PREC=0x00 TTL=64 ID=19827 DF PROTO=UDP SPT=36433 DPT=53 LEN=52 
[ +10.507732] Iptables: IPT OUTPUT packet dIN= OUT=enp6s0 SRC=fe80:0000:0000:0000:a2e9:7f3e:1450:4a0d DST=ff02:0000:0000:0000:0000:0000:0000:0002 LEN=48 TC=0 HOPLIMIT=255 FLOWLBL=344014 PROTO=ICMPv6 TYPE=133 CODE=0 
[  +0.000010] Iptables: v6Deny: IN= OUT=enp6s0 SRC=fe80:0000:0000:0000:a2e9:7f3e:1450:4a0d DST=ff02:0000:0000:0000:0000:0000:0000:0002 LEN=48 TC=0 HOPLIMIT=255 FLOWLBL=344014 PROTO=ICMPv6 TYPE=133 CODE=0 
[ +10.476217] Iptables: IPT OUTPUT packet dIN= OUT=enp6s0 SRC=192.168.1.100 DST=216.58.215.110 LEN=52 TOS=0x00 PREC=0x00 TTL=64 ID=31801 DF PROTO=TCP SPT=49964 DPT=443 WINDOW=249 RES=0x00 ACK URGP=0 
[Mar 9 18:41] Iptables: IPT OUTPUT packet dIN= OUT=enp6s0 SRC=192.168.1.100 DST=142.250.75.14 LEN=352 TOS=0x00 PREC=0x00 TTL=64 ID=18725 DF PROTO=UDP SPT=48517 DPT=443 LEN=332 
[ +19.741701] Iptables: IPT OUTPUT packet dIN= OUT=enp6s0 SRC=192.168.1.100 DST=216.58.208.206 LEN=61 TOS=0x00 PREC=0x00 TTL=64 ID=26766 DF PROTO=UDP SPT=58564 DPT=443 LEN=41 
[ +19.722732] Iptables: IPT OUTPUT packet dIN= OUT=enp6s0 SRC=fe80:0000:0000:0000:a2e9:7f3e:1450:4a0d DST=ff02:0000:0000:0000:0000:0000:0000:0002 LEN=48 TC=0 HOPLIMIT=255 FLOWLBL=344014 PROTO=ICMPv6 TYPE=133 CODE=0 
[  +0.000008] Iptables: v6Deny: IN= OUT=enp6s0 SRC=fe80:0000:0000:0000:a2e9:7f3e:1450:4a0d DST=ff02:0000:0000:0000:0000:0000:0000:0002 LEN=48 TC=0 HOPLIMIT=255 FLOWLBL=344014 PROTO=ICMPv6 TYPE=133 CODE=0 
[  +0.488902] Iptables: IPT OUTPUT packet dIN= OUT=enp6s0 SRC=192.168.1.100 DST=172.64.153.54 LEN=52 TOS=0x00 PREC=0x00 TTL=64 ID=54339 DF PROTO=TCP SPT=42576 DPT=443 WINDOW=9452 RES=0x00 ACK URGP=0 
[Mar 9 18:42] Iptables: IPT OUTPUT packet dIN= OUT=enp6s0 SRC=192.168.1.100 DST=78.154.186.170 LEN=52 TOS=0x00 PREC=0x00 TTL=64 ID=20493 DF PROTO=TCP SPT=35482 DPT=443 WINDOW=11391 RES=0x00 ACK URGP=0 
[ +20.007930] Iptables: IPT OUTPUT packet dIN= OUT=enp6s0 SRC=192.168.1.100 DST=216.58.208.206 LEN=60 TOS=0x00 PREC=0x00 TTL=64 ID=58352 DF PROTO=UDP SPT=34040 DPT=443 LEN=40 
[ +19.998342] Iptables: IPT OUTPUT packet dIN= OUT=enp6s0 SRC=192.168.1.100 DST=216.58.215.110 LEN=70 TOS=0x00 PREC=0x00 TTL=64 ID=35634 DF PROTO=UDP SPT=35563 DPT=443 LEN=50 
[Mar 9 18:43] Iptables: IPT OUTPUT packet dIN= OUT=enp6s0 SRC=192.168.1.100 DST=104.18.131.236 LEN=52 TOS=0x00 PREC=0x00 TTL=64 ID=32046 DF PROTO=TCP SPT=54928 DPT=443 WINDOW=249 RES=0x00 ACK URGP=0 
[ +19.951088] Iptables: IPT OUTPUT packet dIN= OUT=enp6s0 SRC=192.168.1.100 DST=172.67.97.54 LEN=80 TOS=0x00 PREC=0x00 TTL=64 ID=38912 DF PROTO=TCP SPT=36190 DPT=443 WINDOW=15940 RES=0x00 ACK URGP=0 
[ +19.999255] Iptables: IPT OUTPUT packet dIN= OUT=enp6s0 SRC=192.168.1.100 DST=104.25.94.5 LEN=64 TOS=0x00 PREC=0x00 TTL=64 ID=11236 DF PROTO=TCP SPT=39318 DPT=443 WINDOW=32437 RES=0x00 ACK URGP=0 
[Mar 9 18:44] Iptables: IPT OUTPUT packet dIN= OUT=enp6s0 SRC=fe80:0000:0000:0000:a2e9:7f3e:1450:4a0d DST=ff02:0000:0000:0000:0000:0000:0000:0002 LEN=48 TC=0 HOPLIMIT=255 FLOWLBL=344014 PROTO=ICMPv6 TYPE=133 CODE=0 
[  +0.000007] Iptables: v6Deny: IN= OUT=enp6s0 SRC=fe80:0000:0000:0000:a2e9:7f3e:1450:4a0d DST=ff02:0000:0000:0000:0000:0000:0000:0002 LEN=48 TC=0 HOPLIMIT=255 FLOWLBL=344014 PROTO=ICMPv6 TYPE=133 CODE=0 
[  +1.990344] Iptables: IPT OUTPUT packet dIN= OUT=enp6s0 SRC=192.168.1.100 DST=104.25.94.5 LEN=52 TOS=0x00 PREC=0x00 TTL=64 ID=62636 DF PROTO=TCP SPT=39318 DPT=443 WINDOW=32437 RES=0x00 ACK URGP=0 
[ +20.965841] Iptables: IPT OUTPUT packet dIN= OUT=enp6s0 SRC=192.168.1.100 DST=146.112.41.2 LEN=60 TOS=0x00 PREC=0x00 TTL=64 ID=46595 DF PROTO=TCP SPT=58326 DPT=443 WINDOW=32120 RES=0x00 SYN URGP=0 
[  +1.967995] systemd-fstab-generator[4772]: Checking was requested for "/home", but it is not a device.
[  +0.000069] systemd-fstab-generator[4772]: Checking was requested for "/var", but it is not a device.
[ +18.718999] Iptables: IPT OUTPUT packet dIN= OUT=enp6s0 SRC=192.168.1.100 DST=18.244.110.166 LEN=52 TOS=0x00 PREC=0x00 TTL=64 ID=61843 DF PROTO=TCP SPT=46114 DPT=443 WINDOW=249 RES=0x00 ACK URGP=0 
[Mar 9 18:45] Iptables: IPT OUTPUT packet dIN= OUT=enp6s0 SRC=192.168.1.100 DST=52.29.123.56 LEN=76 TOS=0x00 PREC=0x00 TTL=64 ID=18857 DF PROTO=TCP SPT=41726 DPT=443 WINDOW=928 RES=0x00 ACK PSH URGP=0 
[ +21.660262] Iptables: IPT OUTPUT packet dIN= OUT=enp6s0 SRC=192.168.1.100 DST=142.250.203.142 LEN=1278 TOS=0x00 PREC=0x00 TTL=64 ID=12920 DF PROTO=UDP SPT=35031 DPT=443 LEN=1258 
[ +18.934671] Iptables: IPT OUTPUT packet dIN= OUT=enp6s0 SRC=192.168.1.100 DST=18.244.102.10 LEN=52 TOS=0x00 PREC=0x00 TTL=64 ID=49130 DF PROTO=TCP SPT=54172 DPT=443 WINDOW=298 RES=0x00 ACK URGP=0 
[Mar 9 18:46] Iptables: IPT OUTPUT packet dIN= OUT=enp6s0 SRC=192.168.1.100 DST=192.168.1.1 LEN=52 TOS=0x00 PREC=0x00 TTL=64 ID=50622 DF PROTO=TCP SPT=33164 DPT=443 WINDOW=249 RES=0x00 ACK URGP=0 
[ +20.406996] Iptables: IPT OUTPUT packet dIN= OUT=enp6s0 SRC=192.168.1.100 DST=142.250.184.163 LEN=52 TOS=0x00 PREC=0x00 TTL=64 ID=53205 DF PROTO=TCP SPT=55922 DPT=443 WINDOW=249 RES=0x00 ACK FIN URGP=0 
[ +19.511457] Iptables: IPT OUTPUT packet dIN= OUT=enp6s0 SRC=192.168.1.100 DST=142.250.75.14 LEN=61 TOS=0x00 PREC=0x00 TTL=64 ID=19416 DF PROTO=UDP SPT=48517 DPT=443 LEN=41 
[Mar 9 18:47] Iptables: IPT OUTPUT packet dIN= OUT=enp6s0 SRC=192.168.1.100 DST=216.58.209.10 LEN=57 TOS=0x00 PREC=0x00 TTL=64 ID=59787 DF PROTO=UDP SPT=53245 DPT=443 LEN=37 
[ +18.735650] Iptables: IPT OUTPUT packet dIN= OUT=enp6s0 SRC=192.168.1.100 DST=142.250.203.206 LEN=1271 TOS=0x00 PREC=0x00 TTL=64 ID=55411 DF PROTO=UDP SPT=56799 DPT=443 LEN=1251 
[ +19.832981] Iptables: IPT OUTPUT packet dIN= OUT=enp6s0 SRC=192.168.1.100 DST=216.58.208.197 LEN=2852 TOS=0x00 PREC=0x00 TTL=64 ID=41298 DF PROTO=TCP SPT=51404 DPT=443 WINDOW=32448 RES=0x00 ACK PSH URGP=0 
[Mar 9 18:48] Iptables: IPT OUTPUT packet dIN= OUT=enp6s0 SRC=192.168.1.100 DST=216.58.209.10 LEN=57 TOS=0x00 PREC=0x00 TTL=64 ID=59851 DF PROTO=UDP SPT=53245 DPT=443 LEN=37 
[ +20.072415] Iptables: IPT OUTPUT packet dIN= OUT=enp6s0 SRC=192.168.1.100 DST=185.199.110.153 LEN=52 TOS=0x00 PREC=0x00 TTL=64 ID=43958 DF PROTO=TCP SPT=41904 DPT=443 WINDOW=249 RES=0x00 ACK URGP=0 
[  +7.086686] Iptables: IPT OUTPUT packet dIN= OUT=enp6s0 SRC=fe80:0000:0000:0000:a2e9:7f3e:1450:4a0d DST=ff02:0000:0000:0000:0000:0000:0000:0002 LEN=48 TC=0 HOPLIMIT=255 FLOWLBL=344014 PROTO=ICMPv6 TYPE=133 CODE=0 
