[    0.000000] Linux version 5.19.9-1-clear (linux-clear@archlinux) (gcc (GCC) 12.2.0, GNU ld (GNU Binutils) 2.39.0) #1 SMP Tue, 20 Sep 2022 17:07:32 +0000
[    0.000000] Command line: BOOT_IMAGE=/boot/vmlinuz-linux-clear root=UUID=e6727f08-bac3-4fb3-a50f-4968f15ad046 rw quiet resume=UUID=461941d7-17b5-4263-aa6c-be6c2432f14d loglevel=3 audit=0 apparmor=1 sm=landlock,lockdown,yama,apparmor,bpf l1tf=full,force mds=full,nosmt mitigations=auto,nosmt nosmt=force pcie_aspm=force init_on_alloc=1 init_on_free=1 randomize_kstack_offset=on slab_nomerge pti=on slub_debug=ZF slub_debug=P page_poison=1 fsck.mode=force fsck.repair=yes 915.modeset=1 i915.fastboot=1 i915.enable_fbc=1 iommu.strict=1 intremap=on
[    0.000000] KERNEL supported cpus:
[    0.000000]   Intel GenuineIntel
[    0.000000]   AMD AuthenticAMD
[    0.000000]   Hygon HygonGenuine
[    0.000000] x86/fpu: Supporting XSAVE feature 0x001: 'x87 floating point registers'
[    0.000000] x86/fpu: Supporting XSAVE feature 0x002: 'SSE registers'
[    0.000000] x86/fpu: Supporting XSAVE feature 0x004: 'AVX registers'
[    0.000000] x86/fpu: Supporting XSAVE feature 0x008: 'MPX bounds registers'
[    0.000000] x86/fpu: Supporting XSAVE feature 0x010: 'MPX CSR'
[    0.000000] x86/fpu: xstate_offset[2]:  576, xstate_sizes[2]:  256
[    0.000000] x86/fpu: xstate_offset[3]:  832, xstate_sizes[3]:   64
[    0.000000] x86/fpu: xstate_offset[4]:  896, xstate_sizes[4]:   64
[    0.000000] x86/fpu: Enabled xstate features 0x1f, context size is 960 bytes, using 'compacted' format.
[    0.000000] signal: max sigframe size: 2032
[    0.000000] BIOS-provided physical RAM map:
[    0.000000] BIOS-e820: [mem 0x0000000000000000-0x0000000000057fff] usable
[    0.000000] BIOS-e820: [mem 0x0000000000058000-0x0000000000058fff] reserved
[    0.000000] BIOS-e820: [mem 0x0000000000059000-0x000000000009dfff] usable
[    0.000000] BIOS-e820: [mem 0x000000000009e000-0x00000000000fffff] reserved
[    0.000000] BIOS-e820: [mem 0x0000000000100000-0x000000002ab5dfff] usable
[    0.000000] BIOS-e820: [mem 0x000000002ab5e000-0x000000002ab5efff] ACPI NVS
[    0.000000] BIOS-e820: [mem 0x000000002ab5f000-0x000000002ab88fff] reserved
[    0.000000] BIOS-e820: [mem 0x000000002ab89000-0x00000000389c2fff] usable
[    0.000000] BIOS-e820: [mem 0x00000000389c3000-0x0000000038d7efff] reserved
[    0.000000] BIOS-e820: [mem 0x0000000038d7f000-0x0000000038dbcfff] ACPI data
[    0.000000] BIOS-e820: [mem 0x0000000038dbd000-0x0000000039426fff] ACPI NVS
[    0.000000] BIOS-e820: [mem 0x0000000039427000-0x000000003a425fff] reserved
[    0.000000] BIOS-e820: [mem 0x000000003a426000-0x000000003a4fefff] type 20
[    0.000000] BIOS-e820: [mem 0x000000003a4ff000-0x000000003a4fffff] usable
[    0.000000] BIOS-e820: [mem 0x000000003a500000-0x000000003fffffff] reserved
[    0.000000] BIOS-e820: [mem 0x00000000e0000000-0x00000000efffffff] reserved
[    0.000000] BIOS-e820: [mem 0x00000000fe000000-0x00000000fe010fff] reserved
[    0.000000] BIOS-e820: [mem 0x00000000fec00000-0x00000000fec00fff] reserved
[    0.000000] BIOS-e820: [mem 0x00000000fee00000-0x00000000fee00fff] reserved
[    0.000000] BIOS-e820: [mem 0x00000000ff000000-0x00000000ffffffff] reserved
[    0.000000] BIOS-e820: [mem 0x0000000100000000-0x00000008bdffffff] usable
[    0.000000] SMT: Force disabled
[    0.000000] NX (Execute Disable) protection: active
[    0.000000] efi: EFI v2.40 by American Megatrends
[    0.000000] efi: ACPI=0x38d8b000 ACPI 2.0=0x38d8b000 SMBIOS=0xf0000 ESRT=0x3a1c5018 MEMATTR=0x36614018 
[    0.000000] SMBIOS 2.8 present.
[    0.000000] DMI: Dell Inc. Precision 5510/08R8KJ, BIOS 1.23.0 07/06/2022
[    0.000000] tsc: Detected 2800.000 MHz processor
[    0.000000] tsc: Detected 2799.927 MHz TSC
[    0.000897] e820: update [mem 0x00000000-0x00000fff] usable ==> reserved
[    0.000900] e820: remove [mem 0x000a0000-0x000fffff] usable
[    0.000909] last_pfn = 0x8be000 max_arch_pfn = 0x400000000
[    0.001011] x86/PAT: Configuration [0-7]: WB  WC  UC- UC  WB  WP  UC- WT  
[    0.001498] last_pfn = 0x3a500 max_arch_pfn = 0x400000000
[    0.009279] esrt: Reserving ESRT space from 0x000000003a1c5018 to 0x000000003a1c5050.
[    0.009287] Using GB pages for direct mapping
[    0.009451] Secure boot disabled
[    0.009451] RAMDISK: [mem 0x34b5b000-0x35614fff]
[    0.009456] ACPI: Early table checksum verification disabled
[    0.009458] ACPI: RSDP 0x0000000038D8B000 000024 (v02 DELL  )
[    0.009462] ACPI: XSDT 0x0000000038D8B0C0 0000FC (v01 DELL   CBX3     01072009 AMI  00010013)
[    0.009467] ACPI: FACP 0x0000000038DABF78 00010C (v05 DELL   CBX3     01072009 AMI  00010013)
[    0.009473] ACPI: DSDT 0x0000000038D8B248 020D2E (v02 DELL   CBX3     01072009 INTL 20120913)
[    0.009476] ACPI: FACS 0x0000000039420D80 000040
[    0.009478] ACPI: APIC 0x0000000038DAC088 000084 (v03 DELL   CBX3     01072009 AMI  00010013)
[    0.009481] ACPI: FPDT 0x0000000038DAC110 000044 (v01 DELL   CBX3     01072009 AMI  00010013)
[    0.009483] ACPI: MCFG 0x0000000038DAC158 00003C (v01 DELL   CBX3     01072009 MSFT 00000097)
[    0.009485] ACPI: HPET 0x0000000038DAC198 000038 (v01 DELL   CBX3     01072009 AMI. 0005000B)
[    0.009488] ACPI: SSDT 0x0000000038DAC1D0 00046D (v01 SataRe SataTabl 00001000 INTL 20120913)
[    0.009491] ACPI: LPIT 0x0000000038DAC640 000094 (v01 INTEL  SKL      00000000 MSFT 0000005F)
[    0.009493] ACPI: SSDT 0x0000000038DAC6D8 000248 (v02 INTEL  sensrhub 00000000 INTL 20120913)
[    0.009496] ACPI: SSDT 0x0000000038DAC920 002BAE (v02 INTEL  PtidDevc 00001000 INTL 20120913)
[    0.009499] ACPI: SSDT 0x0000000038DAF4D0 000024 (v02 INTEL  OEM_RTD3 00001000 INTL 20120913)
[    0.009501] ACPI: SSDT 0x0000000038DAF4F8 000BE3 (v02 INTEL  Ther_Rvp 00001000 INTL 20120913)
[    0.009504] ACPI: SSDT 0x0000000038DB00E0 0004DC (v02 INTEL  zpodd    00001000 INTL 20120913)
[    0.009506] ACPI: DBGP 0x0000000038DB05C0 000034 (v01 INTEL           00000000 MSFT 0000005F)
[    0.009509] ACPI: DBG2 0x0000000038DB05F8 000054 (v00 INTEL           00000000 MSFT 0000005F)
[    0.009511] ACPI: SSDT 0x0000000038DB0650 000775 (v02 INTEL  xh_rvp10 00000000 INTL 20120913)
[    0.009514] ACPI: BOOT 0x0000000038DB0DC8 000028 (v01 DELL   CBX3     01072009 AMI  00010013)
[    0.009517] ACPI: SSDT 0x0000000038DB0DF0 0037D6 (v02 SaSsdt SaSsdt   00003000 INTL 20120913)
[    0.009519] ACPI: UEFI 0x0000000038DB45C8 000042 (v01                 00000000      00000000)
[    0.009522] ACPI: SSDT 0x0000000038DB4610 000E73 (v02 CpuRef CpuSsdt  00003000 INTL 20120913)
[    0.009524] ACPI: SSDT 0x0000000038DB5488 0044FA (v02 DptfTa DptfTabl 00001000 INTL 20120913)
[    0.009527] ACPI: MSDM 0x0000000038DB9988 000055 (v03 DELL   CBX3     06222004 AMI  00010013)
[    0.009529] ACPI: SLIC 0x0000000038DB99E0 000176 (v03 DELL   CBX3     01072009 MSFT 00010013)
[    0.009532] ACPI: TCPA 0x0000000038DB9B58 000032 (v02 ALASKA NAPAASF  00000000 MSFT 01000013)
[    0.009534] ACPI: BGRT 0x0000000038DB9B90 000038 (v00 ?Hr;            01072009 AMI  00010013)
[    0.009537] ACPI: SSDT 0x0000000038DB9BC8 0000C3 (v02 SgRef  SgPeg    00001000 INTL 20120913)
[    0.009540] ACPI: SSDT 0x0000000038DB9C90 001868 (v01 OptRef OptTabl  00001000 INTL 20120913)
[    0.009542] ACPI: ASF! 0x0000000038DBB4F8 0000A5 (v32 INTEL   HCG     00000001 TFSM 000F4240)
[    0.009544] ACPI: Reserving FACP table memory at [mem 0x38dabf78-0x38dac083]
[    0.009546] ACPI: Reserving DSDT table memory at [mem 0x38d8b248-0x38dabf75]
[    0.009547] ACPI: Reserving FACS table memory at [mem 0x39420d80-0x39420dbf]
[    0.009547] ACPI: Reserving APIC table memory at [mem 0x38dac088-0x38dac10b]
[    0.009548] ACPI: Reserving FPDT table memory at [mem 0x38dac110-0x38dac153]
[    0.009549] ACPI: Reserving MCFG table memory at [mem 0x38dac158-0x38dac193]
[    0.009550] ACPI: Reserving HPET table memory at [mem 0x38dac198-0x38dac1cf]
[    0.009551] ACPI: Reserving SSDT table memory at [mem 0x38dac1d0-0x38dac63c]
[    0.009551] ACPI: Reserving LPIT table memory at [mem 0x38dac640-0x38dac6d3]
[    0.009552] ACPI: Reserving SSDT table memory at [mem 0x38dac6d8-0x38dac91f]
[    0.009553] ACPI: Reserving SSDT table memory at [mem 0x38dac920-0x38daf4cd]
[    0.009554] ACPI: Reserving SSDT table memory at [mem 0x38daf4d0-0x38daf4f3]
[    0.009555] ACPI: Reserving SSDT table memory at [mem 0x38daf4f8-0x38db00da]
[    0.009555] ACPI: Reserving SSDT table memory at [mem 0x38db00e0-0x38db05bb]
[    0.009556] ACPI: Reserving DBGP table memory at [mem 0x38db05c0-0x38db05f3]
[    0.009557] ACPI: Reserving DBG2 table memory at [mem 0x38db05f8-0x38db064b]
[    0.009558] ACPI: Reserving SSDT table memory at [mem 0x38db0650-0x38db0dc4]
[    0.009559] ACPI: Reserving BOOT table memory at [mem 0x38db0dc8-0x38db0def]
[    0.009559] ACPI: Reserving SSDT table memory at [mem 0x38db0df0-0x38db45c5]
[    0.009560] ACPI: Reserving UEFI table memory at [mem 0x38db45c8-0x38db4609]
[    0.009561] ACPI: Reserving SSDT table memory at [mem 0x38db4610-0x38db5482]
[    0.009562] ACPI: Reserving SSDT table memory at [mem 0x38db5488-0x38db9981]
[    0.009563] ACPI: Reserving MSDM table memory at [mem 0x38db9988-0x38db99dc]
[    0.009563] ACPI: Reserving SLIC table memory at [mem 0x38db99e0-0x38db9b55]
[    0.009564] ACPI: Reserving TCPA table memory at [mem 0x38db9b58-0x38db9b89]
[    0.009565] ACPI: Reserving BGRT table memory at [mem 0x38db9b90-0x38db9bc7]
[    0.009566] ACPI: Reserving SSDT table memory at [mem 0x38db9bc8-0x38db9c8a]
[    0.009567] ACPI: Reserving SSDT table memory at [mem 0x38db9c90-0x38dbb4f7]
[    0.009568] ACPI: Reserving ASF! table memory at [mem 0x38dbb4f8-0x38dbb59c]
[    0.009680] No NUMA configuration found
[    0.009681] Faking a node at [mem 0x0000000000000000-0x00000008bdffffff]
[    0.009692] NODE_DATA(0) allocated [mem 0x8bdfd5000-0x8bdffffff]
[    0.009745] Zone ranges:
[    0.009745]   DMA      [mem 0x0000000000001000-0x0000000000ffffff]
[    0.009747]   DMA32    [mem 0x0000000001000000-0x00000000ffffffff]
[    0.009749]   Normal   [mem 0x0000000100000000-0x00000008bdffffff]
[    0.009750]   Device   empty
[    0.009751] Movable zone start for each node
[    0.009753] Early memory node ranges
[    0.009753]   node   0: [mem 0x0000000000001000-0x0000000000057fff]
[    0.009754]   node   0: [mem 0x0000000000059000-0x000000000009dfff]
[    0.009755]   node   0: [mem 0x0000000000100000-0x000000002ab5dfff]
[    0.009756]   node   0: [mem 0x000000002ab89000-0x00000000389c2fff]
[    0.009757]   node   0: [mem 0x000000003a4ff000-0x000000003a4fffff]
[    0.009758]   node   0: [mem 0x0000000100000000-0x00000008bdffffff]
[    0.009762] Initmem setup node 0 [mem 0x0000000000001000-0x00000008bdffffff]
[    0.009766] On node 0, zone DMA: 1 pages in unavailable ranges
[    0.009767] On node 0, zone DMA: 1 pages in unavailable ranges
[    0.009796] On node 0, zone DMA: 98 pages in unavailable ranges
[    0.011452] On node 0, zone DMA32: 43 pages in unavailable ranges
[    0.011516] On node 0, zone DMA32: 6972 pages in unavailable ranges
[    0.071337] On node 0, zone Normal: 23296 pages in unavailable ranges
[    0.071423] On node 0, zone Normal: 8192 pages in unavailable ranges
[    0.071443] Reserving Intel graphics memory at [mem 0x3c000000-0x3fffffff]
[    0.072441] ACPI: PM-Timer IO Port: 0x1808
[    0.072446] ACPI: LAPIC_NMI (acpi_id[0x01] high edge lint[0x1])
[    0.072448] ACPI: LAPIC_NMI (acpi_id[0x02] high edge lint[0x1])
[    0.072449] ACPI: LAPIC_NMI (acpi_id[0x03] high edge lint[0x1])
[    0.072449] ACPI: LAPIC_NMI (acpi_id[0x04] high edge lint[0x1])
[    0.072475] IOAPIC[0]: apic_id 2, version 32, address 0xfec00000, GSI 0-119
[    0.072478] ACPI: INT_SRC_OVR (bus 0 bus_irq 0 global_irq 2 dfl dfl)
[    0.072479] ACPI: INT_SRC_OVR (bus 0 bus_irq 9 global_irq 9 high level)
[    0.072483] ACPI: Using ACPI (MADT) for SMP configuration information
[    0.072484] ACPI: HPET id: 0x8086a701 base: 0xfed00000
[    0.072490] e820: update [mem 0x36353000-0x363d6fff] usable ==> reserved
[    0.072502] TSC deadline timer available
[    0.072503] smpboot: Allowing 4 CPUs, 0 hotplug CPUs
[    0.072522] PM: hibernation: Registered nosave memory: [mem 0x00000000-0x00000fff]
[    0.072524] PM: hibernation: Registered nosave memory: [mem 0x00058000-0x00058fff]
[    0.072526] PM: hibernation: Registered nosave memory: [mem 0x0009e000-0x000fffff]
[    0.072527] PM: hibernation: Registered nosave memory: [mem 0x2ab5e000-0x2ab5efff]
[    0.072528] PM: hibernation: Registered nosave memory: [mem 0x2ab5f000-0x2ab88fff]
[    0.072530] PM: hibernation: Registered nosave memory: [mem 0x36353000-0x363d6fff]
[    0.072531] PM: hibernation: Registered nosave memory: [mem 0x389c3000-0x38d7efff]
[    0.072532] PM: hibernation: Registered nosave memory: [mem 0x38d7f000-0x38dbcfff]
[    0.072532] PM: hibernation: Registered nosave memory: [mem 0x38dbd000-0x39426fff]
[    0.072533] PM: hibernation: Registered nosave memory: [mem 0x39427000-0x3a425fff]
[    0.072533] PM: hibernation: Registered nosave memory: [mem 0x3a426000-0x3a4fefff]
[    0.072535] PM: hibernation: Registered nosave memory: [mem 0x3a500000-0x3fffffff]
[    0.072536] PM: hibernation: Registered nosave memory: [mem 0x40000000-0xdfffffff]
[    0.072536] PM: hibernation: Registered nosave memory: [mem 0xe0000000-0xefffffff]
[    0.072537] PM: hibernation: Registered nosave memory: [mem 0xf0000000-0xfdffffff]
[    0.072537] PM: hibernation: Registered nosave memory: [mem 0xfe000000-0xfe010fff]
[    0.072538] PM: hibernation: Registered nosave memory: [mem 0xfe011000-0xfebfffff]
[    0.072539] PM: hibernation: Registered nosave memory: [mem 0xfec00000-0xfec00fff]
[    0.072539] PM: hibernation: Registered nosave memory: [mem 0xfec01000-0xfedfffff]
[    0.072540] PM: hibernation: Registered nosave memory: [mem 0xfee00000-0xfee00fff]
[    0.072540] PM: hibernation: Registered nosave memory: [mem 0xfee01000-0xfeffffff]
[    0.072541] PM: hibernation: Registered nosave memory: [mem 0xff000000-0xffffffff]
[    0.072542] [mem 0x40000000-0xdfffffff] available for PCI devices
[    0.072543] Booting paravirtualized kernel on bare hardware
[    0.072545] clocksource: refined-jiffies: mask: 0xffffffff max_cycles: 0xffffffff, max_idle_ns: 1910969940391419 ns
[    0.072555] setup_percpu: NR_CPUS:320 nr_cpumask_bits:320 nr_cpu_ids:4 nr_node_ids:1
[    0.072683] percpu: Embedded 60 pages/cpu s208896 r8192 d28672 u524288
[    0.072690] pcpu-alloc: s208896 r8192 d28672 u524288 alloc=1*2097152
[    0.072692] pcpu-alloc: [0] 0 1 2 3 
[    0.072711] Fallback order for Node 0: 0 
[    0.072713] Built 1 zonelists, mobility grouping on.  Total pages: 8219378
[    0.072714] Policy zone: Normal
[    0.072715] Kernel command line: BOOT_IMAGE=/boot/vmlinuz-linux-clear root=UUID=e6727f08-bac3-4fb3-a50f-4968f15ad046 rw quiet resume=UUID=461941d7-17b5-4263-aa6c-be6c2432f14d loglevel=3 audit=0 apparmor=1 sm=landlock,lockdown,yama,apparmor,bpf l1tf=full,force mds=full,nosmt mitigations=auto,nosmt nosmt=force pcie_aspm=force init_on_alloc=1 init_on_free=1 randomize_kstack_offset=on slab_nomerge pti=on slub_debug=ZF slub_debug=P page_poison=1 fsck.mode=force fsck.repair=yes 915.modeset=1 i915.fastboot=1 i915.enable_fbc=1 iommu.strict=1 intremap=on
[    0.072793] audit: disabled (until reboot)
[    0.072878] PCIe ASPM is forcibly enabled
[    0.073088] Unknown kernel command line parameters "BOOT_IMAGE=/boot/vmlinuz-linux-clear sm=landlock,lockdown,yama,apparmor,bpf pti=on slub_debug=P page_poison=1", will be passed to user space.
[    0.074491] Dentry cache hash table entries: 4194304 (order: 13, 33554432 bytes, linear)
[    0.075354] Inode-cache hash table entries: 2097152 (order: 12, 16777216 bytes, linear)
[    0.075416] mem auto-init: stack:off, heap alloc:on, heap free:on
[    0.075417] mem auto-init: clearing system memory may take some time...
[    2.837379] Memory: 32667148K/33400020K available (22544K kernel code, 2879K rwdata, 6752K rodata, 2152K init, 5004K bss, 732612K reserved, 0K cma-reserved)
[    2.838561] SLUB: HWalign=64, Order=0-3, MinObjects=0, CPUs=4, Nodes=1
[    2.838596] Kernel/User page tables isolation: enabled
[    2.838766] rcu: Hierarchical RCU implementation.
[    2.838767] rcu: 	RCU event tracing is enabled.
[    2.838768] rcu: 	CONFIG_RCU_FANOUT set to non-default value of 32.
[    2.838768] rcu: 	RCU restricting CPUs from NR_CPUS=320 to nr_cpu_ids=4.
[    2.838770] 	Tracing variant of Tasks RCU enabled.
[    2.838770] rcu: RCU calculated value of scheduler-enlistment delay is 100 jiffies.
[    2.838771] rcu: Adjusting geometry for rcu_fanout_leaf=16, nr_cpu_ids=4
[    2.845115] NR_IRQS: 20736, nr_irqs: 1024, preallocated irqs: 16
[    2.845317] rcu: srcu_init: Setting srcu_struct sizes based on contention.
[    2.845452] random: crng init done
[    2.845480] spurious 8259A interrupt: IRQ7.
[    2.845504] Console: colour dummy device 80x25
[    2.845523] printk: console [tty0] enabled
[    2.845542] ACPI: Core revision 20220331
[    2.845822] clocksource: hpet: mask: 0xffffffff max_cycles: 0xffffffff, max_idle_ns: 79635855245 ns
[    2.845920] APIC: Switch to symmetric I/O mode setup
[    2.847180] x2apic: IRQ remapping doesn't support X2APIC mode
[    2.850275] ..TIMER: vector=0x30 apic1=0 pin1=2 apic2=0 pin2=0
[    2.854888] clocksource: tsc-early: mask: 0xffffffffffffffff max_cycles: 0x285bfbafad2, max_idle_ns: 440795215530 ns
[    2.854893] Calibrating delay loop (skipped), value calculated using timer frequency.. 5599.85 BogoMIPS (lpj=2799927)
[    2.854895] pid_max: default: 32768 minimum: 301
[    2.859638] LSM: Security Framework initializing
[    2.859643] Yama: becoming mindful.
[    2.859661] Mount-cache hash table entries: 65536 (order: 7, 524288 bytes, linear)
[    2.859665] Mountpoint-cache hash table entries: 65536 (order: 7, 524288 bytes, linear)
[    2.859857] x86/cpu: VMX (outside TXT) disabled by BIOS
[    2.859858] x86/cpu: SGX disabled by BIOS.
[    2.859863] CPU0: Thermal monitoring enabled (TM1)
[    2.859924] process: using mwait in idle threads
[    2.859926] Last level iTLB entries: 4KB 128, 2MB 8, 4MB 8
[    2.859928] Last level dTLB entries: 4KB 64, 2MB 0, 4MB 0, 1GB 4
[    2.859934] Spectre V1 : Mitigation: usercopy/swapgs barriers and __user pointer sanitization
[    2.859938] Spectre V2 : Mitigation: Retpolines
[    2.859939] Spectre V2 : Spectre v2 / SpectreRSB mitigation: Filling RSB on context switch
[    2.859940] Spectre V2 : Spectre v2 / SpectreRSB : Filling RSB on VMEXIT
[    2.859940] Spectre V2 : Enabling Restricted Speculation for firmware calls
[    2.859941] RETBleed: WARNING: Spectre v2 mitigation leaves CPU vulnerable to RETBleed attacks, data leaks possible!
[    2.859941] RETBleed: Vulnerable
[    2.859944] Spectre V2 : mitigation: Enabling conditional Indirect Branch Prediction Barrier
[    2.859947] Speculative Store Bypass: Mitigation: Speculative Store Bypass disabled via prctl
[    2.859956] MDS: Mitigation: Clear CPU buffers
[    2.859957] TAA: Mitigation: TSX disabled
[    2.859957] MMIO Stale Data: Mitigation: Clear CPU buffers
[    2.859963] SRBDS: Mitigation: Microcode
[    2.880015] clr: Applying alternatives
[    2.880305] clr: Applying alternatives done
[    2.880343] Freeing SMP alternatives memory: 56K
[    2.880945] smpboot: CPU0: Intel(R) Xeon(R) CPU E3-1505M v5 @ 2.80GHz (family: 0x6, model: 0x5e, stepping: 0x3)
[    2.881035] cblist_init_generic: Setting adjustable number of callback queues.
[    2.881037] cblist_init_generic: Setting shift to 2 and lim to 1.
[    2.881047] Performance Events: PEBS fmt3+, Skylake events, 32-deep LBR, full-width counters, Intel PMU driver.
[    2.881068] ... version:                4
[    2.881069] ... bit width:              48
[    2.881070] ... generic registers:      8
[    2.881070] ... value mask:             0000ffffffffffff
[    2.881071] ... max period:             00007fffffffffff
[    2.881072] ... fixed-purpose events:   3
[    2.881073] ... event mask:             00000007000000ff
[    2.881168] Estimated ratio of average max frequency by base frequency (times 1024): 1206
[    2.881182] rcu: Hierarchical SRCU implementation.
[    2.881183] rcu: 	Max phase no-delay instances is 400.
[    2.881932] NMI watchdog: Enabled. Permanently consumes one hw-PMU counter.
[    2.881980] smp: Bringing up secondary CPUs ...
[    2.882040] x86: Booting SMP configuration:
[    2.882041] .... node  #0, CPUs:      #1 #2 #3
[    2.886025] smp: Brought up 1 node, 4 CPUs
[    2.886025] smpboot: Max logical packages: 1
[    2.886025] smpboot: Total of 4 processors activated (22399.41 BogoMIPS)
[    2.887670] devtmpfs: initialized
[    2.887670] x86/mm: Memory block size: 128MB
[    2.890039] ACPI: PM: Registering ACPI NVS region [mem 0x2ab5e000-0x2ab5efff] (4096 bytes)
[    2.890041] ACPI: PM: Registering ACPI NVS region [mem 0x38dbd000-0x39426fff] (6725632 bytes)
[    2.890154] clocksource: jiffies: mask: 0xffffffff max_cycles: 0xffffffff, max_idle_ns: 1911260446275000 ns
[    2.890158] futex hash table entries: 1024 (order: 4, 65536 bytes, linear)
[    2.890194] pinctrl core: initialized pinctrl subsystem
[    2.890559] NET: Registered PF_NETLINK/PF_ROUTE protocol family
[    2.890938] DMA: preallocated 4096 KiB GFP_KERNEL pool for atomic allocations
[    2.890945] DMA: preallocated 4096 KiB GFP_KERNEL|GFP_DMA pool for atomic allocations
[    2.890951] DMA: preallocated 4096 KiB GFP_KERNEL|GFP_DMA32 pool for atomic allocations
[    2.891026] thermal_sys: Registered thermal governor 'fair_share'
[    2.891027] thermal_sys: Registered thermal governor 'bang_bang'
[    2.891028] thermal_sys: Registered thermal governor 'step_wise'
[    2.891028] thermal_sys: Registered thermal governor 'user_space'
[    2.891038] cpuidle: using governor ladder
[    2.891041] cpuidle: using governor menu
[    2.891193] Simple Boot Flag at 0x47 set to 0x80
[    2.891193] HugeTLB: can optimize 4095 vmemmap pages for hugepages-1048576kB
[    2.891193] ACPI FADT declares the system doesn't support PCIe ASPM, so disable it
[    2.891193] acpiphp: ACPI Hot Plug PCI Controller Driver version: 0.5
[    2.891193] dca service started, version 1.12.1
[    2.891193] PCI: MMCONFIG for domain 0000 [bus 00-ff] at [mem 0xe0000000-0xefffffff] (base 0xe0000000)
[    2.891193] PCI: MMCONFIG at [mem 0xe0000000-0xefffffff] reserved in E820
[    2.891193] PCI: Using configuration type 1 for base access
[    2.891262] ENERGY_PERF_BIAS: Set to 'normal', was 'performance'
[    2.893680] kprobes: kprobe jump-optimization is enabled. All kprobes are optimized if possible.
[    2.893687] HugeTLB: can optimize 7 vmemmap pages for hugepages-2048kB
[    2.893687] HugeTLB registered 1.00 GiB page size, pre-allocated 0 pages
[    2.893687] HugeTLB registered 2.00 MiB page size, pre-allocated 0 pages
[    2.893687] cryptd: max_cpu_qlen set to 1000
[    2.910032] raid6: avx2x4   gen() 30436 MB/s
[    2.926894] raid6: avx2x2   gen() 28888 MB/s
[    2.943900] raid6: avx2x1   gen() 26009 MB/s
[    2.943901] raid6: using algorithm avx2x4 gen() 30436 MB/s
[    2.960904] raid6: .... xor() 14944 MB/s, rmw enabled
[    2.960905] raid6: using avx2x2 recovery algorithm
[    2.960947] ACPI: Added _OSI(Module Device)
[    2.960948] ACPI: Added _OSI(Processor Device)
[    2.960949] ACPI: Added _OSI(3.0 _SCP Extensions)
[    2.960949] ACPI: Added _OSI(Processor Aggregator Device)
[    2.960950] ACPI: Added _OSI(Linux-Dell-Video)
[    2.960951] ACPI: Added _OSI(Linux-Lenovo-NV-HDMI-Audio)
[    2.960952] ACPI: Added _OSI(Linux-HPI-Hybrid-Graphics)
[    3.005397] ACPI: 13 ACPI AML tables successfully acquired and loaded
[    3.008151] ACPI: [Firmware Bug]: BIOS _OSI(Linux) query ignored
[    3.020650] ACPI: Dynamic OEM Table Load:
[    3.020658] ACPI: SSDT 0xFFFF90ECC0EF1800 00061E (v02 PmRef  Cpu0Ist  00003000 INTL 20120913)
[    3.022009] ACPI: \_PR_.CPU0: _OSC native thermal LVT Acked
[    3.023615] ACPI: Dynamic OEM Table Load:
[    3.023621] ACPI: SSDT 0xFFFF90ECC0DBE800 00037F (v02 PmRef  Cpu0Cst  00003001 INTL 20120913)
[    3.025569] ACPI: Dynamic OEM Table Load:
[    3.025575] ACPI: SSDT 0xFFFF90ECC0EF3000 0005AA (v02 PmRef  ApIst    00003000 INTL 20120913)
[    3.027234] ACPI: Dynamic OEM Table Load:
[    3.027239] ACPI: SSDT 0xFFFF90ECC01C7C00 000119 (v02 PmRef  ApCst    00003000 INTL 20120913)
[    3.030698] ACPI: EC: EC started
[    3.030699] ACPI: EC: interrupt blocked
[    3.039612] ACPI: EC: EC_CMD/EC_SC=0x934, EC_DATA=0x930
[    3.039615] ACPI: \_SB_.PCI0.LPCB.ECDV: Boot DSDT EC used to handle transactions
[    3.039616] ACPI: Interpreter enabled
[    3.039661] ACPI: PM: (supports S0 S4 S5)
[    3.039662] ACPI: Using IOAPIC for interrupt routing
[    3.039710] PCI: Using host bridge windows from ACPI; if necessary, use "pci=nocrs" and report a bug
[    3.039711] PCI: Using E820 reservations for host bridge windows
[    3.040466] ACPI: Enabled 9 GPEs in block 00 to 7F
[    3.042361] ACPI: PM: Power Resource [PG00]
[    3.078500] ACPI: PM: Power Resource [PG01]
[    3.078981] ACPI: PM: Power Resource [PG02]
[    3.080999] ACPI: PM: Power Resource [WRST]
[    3.081365] ACPI: PM: Power Resource [WRST]
[    3.081730] ACPI: PM: Power Resource [WRST]
[    3.082097] ACPI: PM: Power Resource [WRST]
[    3.082463] ACPI: PM: Power Resource [WRST]
[    3.082827] ACPI: PM: Power Resource [WRST]
[    3.083193] ACPI: PM: Power Resource [WRST]
[    3.083558] ACPI: PM: Power Resource [WRST]
[    3.083922] ACPI: PM: Power Resource [WRST]
[    3.084288] ACPI: PM: Power Resource [WRST]
[    3.084654] ACPI: PM: Power Resource [WRST]
[    3.085019] ACPI: PM: Power Resource [WRST]
[    3.085382] ACPI: PM: Power Resource [WRST]
[    3.085748] ACPI: PM: Power Resource [WRST]
[    3.086117] ACPI: PM: Power Resource [WRST]
[    3.086483] ACPI: PM: Power Resource [WRST]
[    3.086845] ACPI: PM: Power Resource [WRST]
[    3.087211] ACPI: PM: Power Resource [WRST]
[    3.087573] ACPI: PM: Power Resource [WRST]
[    3.088304] ACPI: PM: Power Resource [WRST]
[    3.106538] ACPI: PM: Power Resource [FN00]
[    3.106628] ACPI: PM: Power Resource [FN01]
[    3.106713] ACPI: PM: Power Resource [FN02]
[    3.106797] ACPI: PM: Power Resource [FN03]
[    3.106882] ACPI: PM: Power Resource [FN04]
[    3.107947] ACPI: PCI Root Bridge [PCI0] (domain 0000 [bus 00-fe])
[    3.107955] acpi PNP0A08:00: _OSC: OS supports [ExtendedConfig ASPM ClockPM Segments MSI HPX-Type3]
[    3.108005] acpi PNP0A08:00: _OSC: OS requested [PCIeHotplug SHPCHotplug PME AER PCIeCapability LTR]
[    3.108007] acpi PNP0A08:00: _OSC: platform willing to grant [PCIeHotplug SHPCHotplug PME AER PCIeCapability LTR]
[    3.108009] acpi PNP0A08:00: _OSC: platform retains control of PCIe features (AE_ERROR)
[    3.108612] PCI host bridge to bus 0000:00
[    3.108614] pci_bus 0000:00: root bus resource [io  0x0000-0x0cf7 window]
[    3.108616] pci_bus 0000:00: root bus resource [io  0x0d00-0xffff window]
[    3.108618] pci_bus 0000:00: root bus resource [mem 0x000a0000-0x000dffff window]
[    3.108619] pci_bus 0000:00: root bus resource [mem 0x000e4000-0x000effff window]
[    3.108621] pci_bus 0000:00: root bus resource [mem 0x40000000-0xdfffffff window]
[    3.108622] pci_bus 0000:00: root bus resource [mem 0xfd000000-0xfe7fffff window]
[    3.108624] pci_bus 0000:00: root bus resource [bus 00-fe]
[    3.108642] pci 0000:00:00.0: [8086:1918] type 00 class 0x060000
[    3.108728] pci 0000:00:01.0: [8086:1901] type 01 class 0x060400
[    3.108795] pci 0000:00:01.0: PME# supported from D0 D3hot D3cold
[    3.109217] pci 0000:00:02.0: [8086:191d] type 00 class 0x030000
[    3.109237] pci 0000:00:02.0: reg 0x10: [mem 0xdb000000-0xdbffffff 64bit]
[    3.109251] pci 0000:00:02.0: reg 0x18: [mem 0x70000000-0x7fffffff 64bit pref]
[    3.109260] pci 0000:00:02.0: reg 0x20: [io  0xf000-0xf03f]
[    3.109289] pci 0000:00:02.0: BAR 2: assigned to efifb
[    3.109293] pci 0000:00:02.0: Video device with shadowed ROM at [mem 0x000c0000-0x000dffff]
[    3.109449] pci 0000:00:04.0: [8086:1903] type 00 class 0x118000
[    3.109466] pci 0000:00:04.0: reg 0x10: [mem 0xddd20000-0xddd27fff 64bit]
[    3.109779] pci 0000:00:14.0: [8086:a12f] type 00 class 0x0c0330
[    3.109806] pci 0000:00:14.0: reg 0x10: [mem 0xddd10000-0xddd1ffff 64bit]
[    3.109897] pci 0000:00:14.0: PME# supported from D3hot D3cold
[    3.110166] pci 0000:00:14.2: [8086:a131] type 00 class 0x118000
[    3.110192] pci 0000:00:14.2: reg 0x10: [mem 0xddd38000-0xddd38fff 64bit]
[    3.110379] pci 0000:00:15.0: [8086:a160] type 00 class 0x118000
[    3.110587] pci 0000:00:15.0: reg 0x10: [mem 0xddd37000-0xddd37fff 64bit]
[    3.111479] pci 0000:00:15.1: [8086:a161] type 00 class 0x118000
[    3.111688] pci 0000:00:15.1: reg 0x10: [mem 0xddd36000-0xddd36fff 64bit]
[    3.112643] pci 0000:00:16.0: [8086:a13a] type 00 class 0x078000
[    3.112668] pci 0000:00:16.0: reg 0x10: [mem 0xddd35000-0xddd35fff 64bit]
[    3.112745] pci 0000:00:16.0: PME# supported from D3hot
[    3.112993] pci 0000:00:17.0: [8086:a102] type 00 class 0x010601
[    3.113019] pci 0000:00:17.0: reg 0x10: [mem 0xddd30000-0xddd31fff]
[    3.113034] pci 0000:00:17.0: reg 0x14: [mem 0xddd34000-0xddd340ff]
[    3.113049] pci 0000:00:17.0: reg 0x18: [io  0xf090-0xf097]
[    3.113065] pci 0000:00:17.0: reg 0x1c: [io  0xf080-0xf083]
[    3.113080] pci 0000:00:17.0: reg 0x20: [io  0xf060-0xf07f]
[    3.113095] pci 0000:00:17.0: reg 0x24: [mem 0xddd33000-0xddd337ff]
[    3.113142] pci 0000:00:17.0: PME# supported from D3hot
[    3.113418] pci 0000:00:1c.0: [8086:a110] type 01 class 0x060400
[    3.113506] pci 0000:00:1c.0: PME# supported from D0 D3hot D3cold
[    3.114063] pci 0000:00:1c.1: [8086:a111] type 01 class 0x060400
[    3.114153] pci 0000:00:1c.1: PME# supported from D0 D3hot D3cold
[    3.114711] pci 0000:00:1d.0: [8086:a118] type 01 class 0x060400
[    3.114803] pci 0000:00:1d.0: PME# supported from D0 D3hot D3cold
[    3.115358] pci 0000:00:1d.4: [8086:a11c] type 01 class 0x060400
[    3.115442] pci 0000:00:1d.4: PME# supported from D0 D3hot D3cold
[    3.115983] pci 0000:00:1d.6: [8086:a11e] type 01 class 0x060400
[    3.116074] pci 0000:00:1d.6: PME# supported from D0 D3hot D3cold
[    3.116617] pci 0000:00:1f.0: [8086:a150] type 00 class 0x060100
[    3.116990] pci 0000:00:1f.2: [8086:a121] type 00 class 0x058000
[    3.117007] pci 0000:00:1f.2: reg 0x10: [mem 0xddd2c000-0xddd2ffff]
[    3.117289] pci 0000:00:1f.3: [8086:a170] type 00 class 0x040380
[    3.117316] pci 0000:00:1f.3: reg 0x10: [mem 0xddd28000-0xddd2bfff 64bit]
[    3.117350] pci 0000:00:1f.3: reg 0x20: [mem 0xddd00000-0xddd0ffff 64bit]
[    3.117398] pci 0000:00:1f.3: PME# supported from D3hot D3cold
[    3.118006] pci 0000:00:1f.4: [8086:a123] type 00 class 0x0c0500
[    3.118064] pci 0000:00:1f.4: reg 0x10: [mem 0xddd32000-0xddd320ff 64bit]
[    3.118136] pci 0000:00:1f.4: reg 0x20: [io  0xf040-0xf05f]
[    3.118464] pci 0000:01:00.0: [10de:13b1] type 00 class 0x030200
[    3.118486] pci 0000:01:00.0: reg 0x10: [mem 0xdc000000-0xdcffffff]
[    3.118507] pci 0000:01:00.0: reg 0x14: [mem 0xb0000000-0xbfffffff 64bit pref]
[    3.118527] pci 0000:01:00.0: reg 0x1c: [mem 0xc0000000-0xc1ffffff 64bit pref]
[    3.118540] pci 0000:01:00.0: reg 0x24: [io  0xe000-0xe07f]
[    3.118554] pci 0000:01:00.0: reg 0x30: [mem 0xdd000000-0xdd07ffff pref]
[    3.118571] pci 0000:01:00.0: Enabling HDA controller
[    3.118621] pci 0000:01:00.0: 64.000 Gb/s available PCIe bandwidth, limited by 5.0 GT/s PCIe x16 link at 0000:00:01.0 (capable of 126.016 Gb/s with 8.0 GT/s PCIe x16 link)
[    3.118949] pci 0000:00:01.0: PCI bridge to [bus 01]
[    3.118952] pci 0000:00:01.0:   bridge window [io  0xe000-0xefff]
[    3.118955] pci 0000:00:01.0:   bridge window [mem 0xdc000000-0xdd0fffff]
[    3.118958] pci 0000:00:01.0:   bridge window [mem 0xb0000000-0xc1ffffff 64bit pref]
[    3.119055] pci 0000:02:00.0: [8086:24f3] type 00 class 0x028000
[    3.119107] pci 0000:02:00.0: reg 0x10: [mem 0xddc00000-0xddc01fff 64bit]
[    3.119316] pci 0000:02:00.0: PME# supported from D0 D3hot D3cold
[    3.119793] pci 0000:00:1c.0: PCI bridge to [bus 02]
[    3.119797] pci 0000:00:1c.0:   bridge window [mem 0xddc00000-0xddcfffff]
[    3.119860] pci 0000:03:00.0: [10ec:525a] type 00 class 0xff0000
[    3.119899] pci 0000:03:00.0: reg 0x14: [mem 0xdd100000-0xdd100fff]
[    3.120041] pci 0000:03:00.0: supports D1 D2
[    3.120042] pci 0000:03:00.0: PME# supported from D1 D2 D3hot D3cold
[    3.120427] pci 0000:00:1c.1: PCI bridge to [bus 03]
[    3.120430] pci 0000:00:1c.1:   bridge window [io  0xd000-0xdfff]
[    3.120433] pci 0000:00:1c.1:   bridge window [mem 0xdd100000-0xddafffff]
[    3.120436] pci 0000:00:1c.1:   bridge window [mem 0xc2100000-0xc2afffff 64bit pref]
[    3.120490] pci 0000:04:00.0: [1179:010f] type 00 class 0x010802
[    3.120518] pci 0000:04:00.0: reg 0x10: [mem 0xddb00000-0xddb03fff 64bit]
[    3.120581] pci 0000:04:00.0: enabling Extended Tags
[    3.123958] pci 0000:00:1d.0: PCI bridge to [bus 04]
[    3.123963] pci 0000:00:1d.0:   bridge window [mem 0xddb00000-0xddbfffff]
[    3.124011] pci 0000:00:1d.4: PCI bridge to [bus 05]
[    3.124056] pci 0000:00:1d.6: PCI bridge to [bus 06-3e]
[    3.124060] pci 0000:00:1d.6:   bridge window [mem 0xc4000000-0xda0fffff]
[    3.124064] pci 0000:00:1d.6:   bridge window [mem 0x80000000-0xa1ffffff 64bit pref]
[    3.126893] ACPI: PCI: Interrupt link LNKA configured for IRQ 11
[    3.126960] ACPI: PCI: Interrupt link LNKB configured for IRQ 10
[    3.127024] ACPI: PCI: Interrupt link LNKC configured for IRQ 11
[    3.127088] ACPI: PCI: Interrupt link LNKD configured for IRQ 11
[    3.127151] ACPI: PCI: Interrupt link LNKE configured for IRQ 11
[    3.127215] ACPI: PCI: Interrupt link LNKF configured for IRQ 11
[    3.127279] ACPI: PCI: Interrupt link LNKG configured for IRQ 11
[    3.127344] ACPI: PCI: Interrupt link LNKH configured for IRQ 11
[    3.130673] ACPI: EC: interrupt unblocked
[    3.130674] ACPI: EC: event unblocked
[    3.130682] ACPI: EC: EC_CMD/EC_SC=0x934, EC_DATA=0x930
[    3.130684] ACPI: EC: GPE=0x14
[    3.130685] ACPI: \_SB_.PCI0.LPCB.ECDV: Boot DSDT EC initialization complete
[    3.130687] ACPI: \_SB_.PCI0.LPCB.ECDV: EC: Used to handle transactions and events
[    3.130759] iommu: Default domain type: Passthrough 
[    3.130759] SCSI subsystem initialized
[    3.130759] libata version 3.00 loaded.
[    3.130759] ACPI: bus type USB registered
[    3.130759] usbcore: registered new interface driver usbfs
[    3.130896] usbcore: registered new interface driver hub
[    3.130902] usbcore: registered new device driver usb
[    3.130922] pps_core: LinuxPPS API ver. 1 registered
[    3.130922] pps_core: Software ver. 5.3.6 - Copyright 2005-2007 Rodolfo Giometti <giometti@linux.it>
[    3.130925] PTP clock support registered
[    3.130938] Registered efivars operations
[    3.131009] NetLabel: Initializing
[    3.131011] NetLabel:  domain hash size = 128
[    3.131011] NetLabel:  protocols = UNLABELED CIPSOv4 CALIPSO
[    3.131026] NetLabel:  unlabeled traffic allowed by default
[    3.131026] PCI: Using ACPI for IRQ routing
[    3.155190] PCI: pci_cache_line_size set to 64 bytes
[    3.155298] e820: reserve RAM buffer [mem 0x00058000-0x0005ffff]
[    3.155300] e820: reserve RAM buffer [mem 0x0009e000-0x0009ffff]
[    3.155301] e820: reserve RAM buffer [mem 0x2ab5e000-0x2bffffff]
[    3.155302] e820: reserve RAM buffer [mem 0x36353000-0x37ffffff]
[    3.155303] e820: reserve RAM buffer [mem 0x389c3000-0x3bffffff]
[    3.155304] e820: reserve RAM buffer [mem 0x3a500000-0x3bffffff]
[    3.155305] e820: reserve RAM buffer [mem 0x8be000000-0x8bfffffff]
[    3.155318] pci 0000:00:02.0: vgaarb: setting as boot VGA device
[    3.155318] pci 0000:00:02.0: vgaarb: bridge control possible
[    3.155318] pci 0000:00:02.0: vgaarb: VGA device added: decodes=io+mem,owns=io+mem,locks=none
[    3.155318] vgaarb: loaded
[    3.156307] hpet0: at MMIO 0xfed00000, IRQs 2, 8, 0, 0, 0, 0, 0, 0
[    3.156314] hpet0: 8 comparators, 64-bit 24.000000 MHz counter
[    3.157910] clocksource: Switched to clocksource tsc-early
[    3.158051] pnp: PnP ACPI init
[    3.158292] system 00:00: [io  0x0680-0x069f] has been reserved
[    3.158295] system 00:00: [io  0xffff] has been reserved
[    3.158297] system 00:00: [io  0xffff] has been reserved
[    3.158298] system 00:00: [io  0xffff] has been reserved
[    3.158299] system 00:00: [io  0x1800-0x18fe] has been reserved
[    3.158301] system 00:00: [io  0x164e-0x164f] has been reserved
[    3.158408] system 00:01: [io  0x0800-0x087f] has been reserved
[    3.158467] system 00:03: [io  0x1854-0x1857] has been reserved
[    3.158962] system 00:06: [mem 0xfed10000-0xfed17fff] has been reserved
[    3.158964] system 00:06: [mem 0xfed18000-0xfed18fff] has been reserved
[    3.158966] system 00:06: [mem 0xfed19000-0xfed19fff] has been reserved
[    3.158967] system 00:06: [mem 0xe0000000-0xefffffff] has been reserved
[    3.158968] system 00:06: [mem 0xfed20000-0xfed3ffff] has been reserved
[    3.158970] system 00:06: [mem 0xfed90000-0xfed93fff] has been reserved
[    3.158971] system 00:06: [mem 0xfed45000-0xfed8ffff] has been reserved
[    3.158973] system 00:06: [mem 0xff000000-0xffffffff] has been reserved
[    3.158974] system 00:06: [mem 0xfee00000-0xfeefffff] could not be reserved
[    3.158976] system 00:06: [mem 0xdffe0000-0xdfffffff] has been reserved
[    3.159022] system 00:07: [mem 0xfd000000-0xfdabffff] has been reserved
[    3.159024] system 00:07: [mem 0xfdad0000-0xfdadffff] has been reserved
[    3.159026] system 00:07: [mem 0xfdb00000-0xfdffffff] has been reserved
[    3.159027] system 00:07: [mem 0xfe000000-0xfe01ffff] could not be reserved
[    3.159028] system 00:07: [mem 0xfe036000-0xfe03bfff] has been reserved
[    3.159030] system 00:07: [mem 0xfe03d000-0xfe3fffff] has been reserved
[    3.159031] system 00:07: [mem 0xfe410000-0xfe7fffff] has been reserved
[    3.159382] system 00:08: [io  0xff00-0xfffe] has been reserved
[    3.160827] system 00:09: [mem 0xfdaf0000-0xfdafffff] has been reserved
[    3.160829] system 00:09: [mem 0xfdae0000-0xfdaeffff] has been reserved
[    3.160831] system 00:09: [mem 0xfdac0000-0xfdacffff] has been reserved
[    3.163357] pnp: PnP ACPI: found 11 devices
[    3.168909] clocksource: acpi_pm: mask: 0xffffff max_cycles: 0xffffff, max_idle_ns: 2085701024 ns
[    3.168971] NET: Registered PF_INET protocol family
[    3.168999] IP idents hash table entries: 262144 (order: 9, 2097152 bytes, linear)
[    3.171801] tcp_listen_portaddr_hash hash table entries: 16384 (order: 6, 262144 bytes, linear)
[    3.171825] Table-perturb hash table entries: 65536 (order: 6, 262144 bytes, linear)
[    3.171837] TCP established hash table entries: 262144 (order: 9, 2097152 bytes, linear)
[    3.172150] TCP bind hash table entries: 65536 (order: 8, 1048576 bytes, linear)
[    3.172236] TCP: Hash tables configured (established 262144 bind 65536)
[    3.172277] MPTCP token hash table entries: 32768 (order: 7, 786432 bytes, linear)
[    3.172392] UDP hash table entries: 16384 (order: 7, 524288 bytes, linear)
[    3.172444] UDP-Lite hash table entries: 16384 (order: 7, 524288 bytes, linear)
[    3.172515] NET: Registered PF_UNIX/PF_LOCAL protocol family
[    3.172521] NET: Registered PF_XDP protocol family
[    3.172527] pci 0000:00:1d.6: bridge window [io  0x1000-0x0fff] to [bus 06-3e] add_size 1000
[    3.172534] pci 0000:00:1d.6: BAR 13: assigned [io  0x2000-0x2fff]
[    3.172537] pci 0000:00:01.0: PCI bridge to [bus 01]
[    3.172539] pci 0000:00:01.0:   bridge window [io  0xe000-0xefff]
[    3.172546] pci 0000:00:01.0:   bridge window [mem 0xdc000000-0xdd0fffff]
[    3.172551] pci 0000:00:01.0:   bridge window [mem 0xb0000000-0xc1ffffff 64bit pref]
[    3.172561] pci 0000:00:1c.0: PCI bridge to [bus 02]
[    3.172568] pci 0000:00:1c.0:   bridge window [mem 0xddc00000-0xddcfffff]
[    3.172582] pci 0000:00:1c.1: PCI bridge to [bus 03]
[    3.172583] pci 0000:00:1c.1:   bridge window [io  0xd000-0xdfff]
[    3.172590] pci 0000:00:1c.1:   bridge window [mem 0xdd100000-0xddafffff]
[    3.172596] pci 0000:00:1c.1:   bridge window [mem 0xc2100000-0xc2afffff 64bit pref]
[    3.172605] pci 0000:00:1d.0: PCI bridge to [bus 04]
[    3.172612] pci 0000:00:1d.0:   bridge window [mem 0xddb00000-0xddbfffff]
[    3.172625] pci 0000:00:1d.4: PCI bridge to [bus 05]
[    3.172644] pci 0000:00:1d.6: PCI bridge to [bus 06-3e]
[    3.172646] pci 0000:00:1d.6:   bridge window [io  0x2000-0x2fff]
[    3.172653] pci 0000:00:1d.6:   bridge window [mem 0xc4000000-0xda0fffff]
[    3.172658] pci 0000:00:1d.6:   bridge window [mem 0x80000000-0xa1ffffff 64bit pref]
[    3.172668] pci_bus 0000:00: resource 4 [io  0x0000-0x0cf7 window]
[    3.172669] pci_bus 0000:00: resource 5 [io  0x0d00-0xffff window]
[    3.172671] pci_bus 0000:00: resource 6 [mem 0x000a0000-0x000dffff window]
[    3.172672] pci_bus 0000:00: resource 7 [mem 0x000e4000-0x000effff window]
[    3.172673] pci_bus 0000:00: resource 8 [mem 0x40000000-0xdfffffff window]
[    3.172675] pci_bus 0000:00: resource 9 [mem 0xfd000000-0xfe7fffff window]
[    3.172676] pci_bus 0000:01: resource 0 [io  0xe000-0xefff]
[    3.172677] pci_bus 0000:01: resource 1 [mem 0xdc000000-0xdd0fffff]
[    3.172678] pci_bus 0000:01: resource 2 [mem 0xb0000000-0xc1ffffff 64bit pref]
[    3.172680] pci_bus 0000:02: resource 1 [mem 0xddc00000-0xddcfffff]
[    3.172681] pci_bus 0000:03: resource 0 [io  0xd000-0xdfff]
[    3.172682] pci_bus 0000:03: resource 1 [mem 0xdd100000-0xddafffff]
[    3.172683] pci_bus 0000:03: resource 2 [mem 0xc2100000-0xc2afffff 64bit pref]
[    3.172685] pci_bus 0000:04: resource 1 [mem 0xddb00000-0xddbfffff]
[    3.172686] pci_bus 0000:06: resource 0 [io  0x2000-0x2fff]
[    3.172687] pci_bus 0000:06: resource 1 [mem 0xc4000000-0xda0fffff]
[    3.172688] pci_bus 0000:06: resource 2 [mem 0x80000000-0xa1ffffff 64bit pref]
[    3.173126] PCI: CLS 0 bytes, default 64
[    3.173131] PCI-DMA: Using software bounce buffering for IO (SWIOTLB)
[    3.173132] software IO TLB: mapped [mem 0x0000000030b5b000-0x0000000034b5b000] (64MB)
[    3.173161] Trying to unpack rootfs image as initramfs...
[    3.180057] RAPL PMU: API unit is 2^-32 Joules, 4 fixed counters, 655360 ms ovfl timer
[    3.180059] RAPL PMU: hw unit of domain pp0-core 2^-14 Joules
[    3.180060] RAPL PMU: hw unit of domain package 2^-14 Joules
[    3.180061] RAPL PMU: hw unit of domain dram 2^-14 Joules
[    3.180062] RAPL PMU: hw unit of domain pp1-gpu 2^-14 Joules
[    3.180510] kvm: support for 'kvm_intel' disabled by bios
[    3.181940] Initialise system trusted keyrings
[    3.181961] workingset: timestamp_bits=36 max_order=23 bucket_order=0
[    3.182895] zbud: loaded
[    3.183207] squashfs: version 4.0 (2009/01/31) Phillip Lougher
[    3.183244] fuse: init (API version 7.36)
[    3.183277] SGI XFS with ACLs, security attributes, realtime, no debug enabled
[    3.191935] NET: Registered PF_ALG protocol family
[    3.191937] xor: automatically using best checksumming function   avx       
[    3.191938] Key type asymmetric registered
[    3.191939] Asymmetric key parser 'x509' registered
[    3.191948] Block layer SCSI generic (bsg) driver version 0.4 loaded (major 248)
[    3.191965] io scheduler mq-deadline registered
[    3.191966] io scheduler kyber registered
[    3.191984] io scheduler bfq registered
[    3.194603] shpchp: Standard Hot Plug PCI Controller Driver version: 0.4
[    3.194940] input: Lid Switch as /devices/LNXSYSTM:00/LNXSYBUS:00/PNP0C0D:00/input/input0
[    3.194971] ACPI: button: Lid Switch [LID0]
[    3.194997] input: Power Button as /devices/LNXSYSTM:00/LNXSYBUS:00/PNP0C0C:00/input/input1
[    3.195021] ACPI: button: Power Button [PBTN]
[    3.195043] input: Sleep Button as /devices/LNXSYSTM:00/LNXSYBUS:00/PNP0C0E:00/input/input2
[    3.195056] ACPI: button: Sleep Button [SBTN]
[    3.195082] input: Power Button as /devices/LNXSYSTM:00/LNXPWRBN:00/input/input3
[    3.195104] ACPI: button: Power Button [PWRF]
[    3.195406] ioatdma: Intel(R) QuickData Technology Driver 5.00
[    3.195441] idxd driver failed to load without MOVDIR64B.
[    3.195483] Serial: 8250/16550 driver, 4 ports, IRQ sharing disabled
[    3.196798] loop: module loaded
[    3.207836] isci: Intel(R) C600 SAS Controller Driver - version 1.2.0
[    3.207857] Microchip SmartPQI Driver (v2.1.14-035)
[    3.207870] megasas: 07.719.03.00-rc1
[    3.207884] mpt3sas version 42.100.00.00 loaded
[    3.207948] VMware PVSCSI driver - version 1.0.7.0-k
[    3.207956] hv_vmbus: registering driver hv_storvsc
[    3.208089] nvme nvme0: pci function 0000:04:00.0
[    3.208133] ahci 0000:00:17.0: version 3.0
[    3.208372] ahci 0000:00:17.0: AHCI 0001.0301 32 slots 1 ports 6 Gbps 0x2 impl SATA mode
[    3.208376] ahci 0000:00:17.0: flags: 64bit ncq sntf stag pm led clo only pio slum part ems deso sadm sds apst 
[    3.208559] scsi host0: ahci
[    3.208636] scsi host1: ahci
[    3.208667] ata1: DUMMY
[    3.208670] ata2: SATA max UDMA/133 abar m2048@0xddd33000 port 0xddd33180 irq 128
[    3.208762] tun: Universal TUN/TAP device driver, 1.6
[    3.208790] e100: Intel(R) PRO/100 Network Driver
[    3.208791] e100: Copyright(c) 1999-2006 Intel Corporation
[    3.208935] Fusion MPT base driver 3.04.20
[    3.208936] Copyright (c) 1999-2008 LSI Corporation
[    3.208938] Fusion MPT SPI Host driver 3.04.20
[    3.208947] Fusion MPT SAS Host driver 3.04.20
[    3.208979] VFIO - User Level meta-driver version: 0.3
[    3.208980] ehci_hcd: USB 2.0 'Enhanced' Host Controller (EHCI) Driver
[    3.208983] ehci-pci: EHCI PCI platform driver
[    3.208990] ohci_hcd: USB 1.1 'Open' Host Controller (OHCI) Driver
[    3.208992] ohci-pci: OHCI PCI platform driver
[    3.208998] uhci_hcd: USB Universal Host Controller Interface driver
[    3.209136] xhci_hcd 0000:00:14.0: xHCI Host Controller
[    3.209142] xhci_hcd 0000:00:14.0: new USB bus registered, assigned bus number 1
[    3.210204] xhci_hcd 0000:00:14.0: hcc params 0x200077c1 hci version 0x100 quirks 0x0000000001109810
[    3.210459] xhci_hcd 0000:00:14.0: xHCI Host Controller
[    3.210462] xhci_hcd 0000:00:14.0: new USB bus registered, assigned bus number 2
[    3.210464] xhci_hcd 0000:00:14.0: Host supports USB 3.0 SuperSpeed
[    3.210494] usb usb1: New USB device found, idVendor=1d6b, idProduct=0002, bcdDevice= 5.19
[    3.210497] usb usb1: New USB device strings: Mfr=3, Product=2, SerialNumber=1
[    3.210498] usb usb1: Product: xHCI Host Controller
[    3.210500] usb usb1: Manufacturer: Linux 5.19.9-1-clear xhci-hcd
[    3.210501] usb usb1: SerialNumber: 0000:00:14.0
[    3.210580] hub 1-0:1.0: USB hub found
[    3.210596] hub 1-0:1.0: 16 ports detected
[    3.213070] usb usb2: New USB device found, idVendor=1d6b, idProduct=0003, bcdDevice= 5.19
[    3.213073] usb usb2: New USB device strings: Mfr=3, Product=2, SerialNumber=1
[    3.213074] usb usb2: Product: xHCI Host Controller
[    3.213075] usb usb2: Manufacturer: Linux 5.19.9-1-clear xhci-hcd
[    3.213076] usb usb2: SerialNumber: 0000:00:14.0
[    3.213140] hub 2-0:1.0: USB hub found
[    3.213152] hub 2-0:1.0: 10 ports detected
[    3.213757] usb: port power management may be unreliable
[    3.214790] usbcore: registered new interface driver uas
[    3.214800] usbcore: registered new interface driver usb-storage
[    3.214806] usbcore: registered new interface driver ums-realtek
[    3.214844] nvme nvme0: 4/0/0 default/read/poll queues
[    3.214987] rtc_cmos 00:02: RTC can wake from S4
[    3.215650] rtc_cmos 00:02: registered as rtc0
[    3.215652] rtc_cmos 00:02: alarms up to one month, y3k, 242 bytes nvram, hpet irqs
[    3.216161]  nvme0n1: p1 p2 p3
[    3.216274] device-mapper: ioctl: 4.47.0-ioctl (2022-07-28) initialised: dm-devel@redhat.com
[    3.216316] intel_pstate: Intel P-state driver initializing
[    3.216446] intel_pstate: HWP enabled
[    3.216453] sdhci: Secure Digital Host Controller Interface driver
[    3.216454] sdhci: Copyright(c) Pierre Ossman
[    3.216701] No iBFT detected.
[    3.216723] simple-framebuffer simple-framebuffer.0: framebuffer at 0x70000000, 0x7e9000 bytes
[    3.216725] simple-framebuffer simple-framebuffer.0: format=a8r8g8b8, mode=1920x1080x32, linelength=7680
[    3.216745] fbcon: Deferring console take-over
[    3.216746] simple-framebuffer simple-framebuffer.0: fb0: simplefb registered!
[    3.216751] EFI Variables Facility v0.08 2004-May-17
[    3.228877] pstore: Registered efi as persistent store backend
[    3.448897] usb 1-4: new full-speed USB device number 2 using xhci_hcd
[    3.516664] ata2: SATA link down (SStatus 4 SControl 300)
[    3.576172] usb 1-4: New USB device found, idVendor=8087, idProduct=0a2b, bcdDevice= 0.01
[    3.576175] usb 1-4: New USB device strings: Mfr=0, Product=0, SerialNumber=0
[    3.613389] Freeing initrd memory: 10984K
[    3.618493] hid: raw HID events driver (C) Jiri Kosina
[    3.618600] usbcore: registered new interface driver usbhid
[    3.618602] usbhid: USB HID core driver
[    3.618719] intel_rapl_common: Found RAPL domain package
[    3.618733] intel_rapl_common: Found RAPL domain core
[    3.618734] intel_rapl_common: Found RAPL domain uncore
[    3.618735] intel_rapl_common: Found RAPL domain dram
[    3.618850] drop_monitor: Initializing network drop monitor service
[    3.618956] Initializing XFRM netlink socket
[    3.619009] NET: Registered PF_INET6 protocol family
[    3.619231] Segment Routing with IPv6
[    3.619236] In-situ OAM (IOAM) with IPv6
[    3.619250] NET: Registered PF_PACKET protocol family
[    3.619268] Bridge firewalling registered
[    3.619594] microcode: sig=0x506e3, pf=0x20, revision=0xf0
[    3.619603] microcode: Microcode Update Driver: v2.2.
[    3.619607] IPI shorthand broadcast: enabled
[    3.619610] AVX2 version of gcm_enc/dec engaged.
[    3.619653] AES CTR mode by8 optimization enabled
[    3.619815] sched_clock: Marking stable (3617320196, 2481132)->(3625254041, -5452713)
[    3.619930] registered taskstats version 1
[    3.619934] Loading compiled-in X.509 certificates
[    3.690924] usb 1-12: new high-speed USB device number 3 using xhci_hcd
[    3.784709] Loaded X.509 cert 'Build time autogenerated kernel key: a55462afe5568351f553e9b77b2a44cb10b04979'
[    3.785259] zswap: loaded using pool zstd/zbud
[    3.785334] Key type ._fscrypt registered
[    3.785335] Key type .fscrypt registered
[    3.785336] Key type fscrypt-provisioning registered
[    3.785513] Btrfs loaded, crc32c=crc32c-intel, zoned=yes, fsverity=no
[    3.785675] pstore: Using crash dump compression: zstd
[    3.787717] Key type encrypted registered
[    3.821383] "cryptomgr_test" (261) uses obsolete ecb(arc4) skcipher
[    3.852284] usb 1-12: New USB device found, idVendor=0c45, idProduct=6713, bcdDevice=56.05
[    3.852287] usb 1-12: New USB device strings: Mfr=2, Product=1, SerialNumber=0
[    3.852288] usb 1-12: Product: Integrated_Webcam_HD
[    3.852290] usb 1-12: Manufacturer: CN045G2872487664B1NNA01
[    3.894999] RAS: Correctable Errors collector initialized.
[    3.895421] Freeing unused decrypted memory: 2036K
[    3.895729] Freeing unused kernel image (initmem) memory: 2152K
[    3.899915] Write protecting the kernel read-only data: 32768k
[    3.900547] Freeing unused kernel image (text/rodata gap) memory: 2028K
[    3.900815] Freeing unused kernel image (rodata/data gap) memory: 1440K
[    3.900870] Run /init as init process
[    3.900871]   with arguments:
[    3.900872]     /init
[    3.900873]   with environment:
[    3.900874]     HOME=/
[    3.900889]     TERM=linux
[    3.900890]     BOOT_IMAGE=/boot/vmlinuz-linux-clear
[    3.900890]     sm=landlock,lockdown,yama,apparmor,bpf
[    3.900894]     pti=on
[    3.900894]     slub_debug=P
[    3.900895]     page_poison=1
[    3.922289] fbcon: Taking over console
[    3.922342] Console: switching to colour frame buffer device 240x67
[    4.007623] i8042: PNP: PS/2 Controller [PNP0303:PS2K,PNP0f13:PS2M] at 0x60,0x64 irq 1,12
[    4.013375] i8042: Warning: Keylock active
[    4.015838] serio: i8042 KBD port at 0x60,0x64 irq 1
[    4.015842] serio: i8042 AUX port at 0x60,0x64 irq 12
[    4.043550] input: AT Translated Set 2 keyboard as /devices/platform/i8042/serio0/input/input4
[    4.135029] PM: Image not found (code -22)
[    4.222941] tsc: Refined TSC clocksource calibration: 2807.999 MHz
[    4.222946] clocksource: tsc: mask: 0xffffffffffffffff max_cycles: 0x2879c523a63, max_idle_ns: 440795252908 ns
[    4.223003] clocksource: Switched to clocksource tsc
[    5.631718] EXT4-fs (nvme0n1p2): mounted filesystem with ordered data mode. Quota mode: disabled.
[    5.680582] systemd[1]: systemd 251.4-1-arch running in system mode (+PAM +AUDIT -SELINUX -APPARMOR -IMA +SMACK +SECCOMP +GCRYPT +GNUTLS +OPENSSL +ACL +BLKID +CURL +ELFUTILS +FIDO2 +IDN2 -IDN +IPTC +KMOD +LIBCRYPTSETUP +LIBFDISK +PCRE2 -PWQUALITY +P11KIT -QRENCODE +TPM2 +BZIP2 +LZ4 +XZ +ZLIB +ZSTD -BPF_FRAMEWORK +XKBCOMMON +UTMP -SYSVINIT default-hierarchy=unified)
[    5.680591] systemd[1]: Detected architecture x86-64.
[    5.681114] systemd[1]: Hostname set to <precision5510>.
[    5.757142] systemd[1]: Queued start job for default target Graphical Interface.
[    5.758103] systemd[1]: Created slice Slice /system/getty.
[    5.758309] systemd[1]: Created slice Slice /system/modprobe.
[    5.758477] systemd[1]: Created slice Slice /system/systemd-fsck.
[    5.758604] systemd[1]: Created slice User and Session Slice.
[    5.758652] systemd[1]: Started Dispatch Password Requests to Console Directory Watch.
[    5.758686] systemd[1]: Started Forward Password Requests to Wall Directory Watch.
[    5.758781] systemd[1]: Set up automount Arbitrary Executable File Formats File System Automount Point.
[    5.758806] systemd[1]: Reached target Local Encrypted Volumes.
[    5.758815] systemd[1]: Reached target Login Prompts.
[    5.758825] systemd[1]: Reached target Local Integrity Protected Volumes.
[    5.758840] systemd[1]: Reached target Path Units.
[    5.758852] systemd[1]: Reached target Remote File Systems.
[    5.758858] systemd[1]: Reached target Slice Units.
[    5.758875] systemd[1]: Reached target Local Verity Protected Volumes.
[    5.758968] systemd[1]: Listening on Device-mapper event daemon FIFOs.
[    5.759120] systemd[1]: Listening on LVM2 poll daemon socket.
[    5.759805] systemd[1]: Listening on Process Core Dump Socket.
[    5.761229] systemd[1]: Journal Audit Socket was skipped because of a failed condition check (ConditionSecurity=audit).
[    5.761474] systemd[1]: Listening on Journal Socket (/dev/log).
[    5.761558] systemd[1]: Listening on Journal Socket.
[    5.761743] systemd[1]: Listening on udev Control Socket.
[    5.761814] systemd[1]: Listening on udev Kernel Socket.
[    5.762398] systemd[1]: Mounting Huge Pages File System...
[    5.762934] systemd[1]: Mounting POSIX Message Queue File System...
[    5.763502] systemd[1]: Mounting Kernel Debug File System...
[    5.764052] systemd[1]: Mounting Kernel Trace File System...
[    5.764130] systemd[1]: Load AppArmor profiles was skipped because of a failed condition check (ConditionSecurity=apparmor).
[    5.764696] systemd[1]: Starting Create List of Static Device Nodes...
[    5.765246] systemd[1]: Starting Monitoring of LVM2 mirrors, snapshots etc. using dmeventd or progress polling...
[    5.765828] systemd[1]: Starting Load Kernel Module configfs...
[    5.766441] systemd[1]: Starting Load Kernel Module drm...
[    5.767006] systemd[1]: Starting Load Kernel Module fuse...
[    5.767057] systemd[1]: File System Check on Root Device was skipped because of a failed condition check (ConditionPathIsReadWrite=!/).
[    5.768087] systemd[1]: Starting Journal Service...
[    5.769029] systemd[1]: Starting Load Kernel Modules...
[    5.769473] Linux agpgart interface v0.103
[    5.769577] systemd[1]: Starting Remount Root and Kernel File Systems...
[    5.769626] systemd[1]: Repartition Root Disk was skipped because all trigger condition checks failed.
[    5.770181] systemd[1]: Starting Coldplug All udev Devices...
[    5.771220] systemd[1]: Mounted Huge Pages File System.
[    5.771297] systemd[1]: Mounted POSIX Message Queue File System.
[    5.771355] systemd[1]: Mounted Kernel Debug File System.
[    5.771412] systemd[1]: Mounted Kernel Trace File System.
[    5.771550] systemd[1]: Finished Create List of Static Device Nodes.
[    5.775498] ACPI: bus type drm_connector registered
[    5.776071] systemd[1]: modprobe@configfs.service: Deactivated successfully.
[    5.776156] EXT4-fs (nvme0n1p2): re-mounted. Quota mode: disabled.
[    5.776175] systemd[1]: Finished Load Kernel Module configfs.
[    5.776946] systemd[1]: modprobe@drm.service: Deactivated successfully.
[    5.777035] systemd[1]: Finished Load Kernel Module drm.
[    5.777198] systemd[1]: modprobe@fuse.service: Deactivated successfully.
[    5.777282] systemd[1]: Finished Load Kernel Module fuse.
[    5.777428] systemd[1]: Finished Load Kernel Modules.
[    5.777567] systemd[1]: Finished Remount Root and Kernel File Systems.
[    5.778301] systemd[1]: Mounting FUSE Control File System...
[    5.778817] systemd[1]: Mounting Kernel Configuration File System...
[    5.778890] systemd[1]: First Boot Wizard was skipped because of a failed condition check (ConditionFirstBoot=yes).
[    5.779830] systemd[1]: Rebuild Hardware Database was skipped because all trigger condition checks failed.
[    5.780443] systemd[1]: Starting Load/Save Random Seed...
[    5.780975] systemd[1]: Starting Apply Kernel Variables...
[    5.781523] systemd[1]: Starting Create System Users...
[    5.782057] systemd[1]: Mounted FUSE Control File System.
[    5.782130] systemd[1]: Mounted Kernel Configuration File System.
[    5.790242] systemd[1]: Finished Apply Kernel Variables.
[    5.796908] systemd[1]: Finished Load/Save Random Seed.
[    5.797098] systemd[1]: First Boot Complete was skipped because of a failed condition check (ConditionFirstBoot=yes).
[    5.803501] systemd[1]: Started Journal Service.
[    5.810095] systemd-journald[356]: Received client request to flush runtime journal.
[    5.917262] ACPI: AC: AC Adapter [AC] (on-line)
[    5.917515] intel_pmc_core INT33A1:00:  initialized
[    5.919813] acpi INT33D5:00: intel-hid: created platform device
[    5.924320] wmi_bus wmi_bus-PNP0C14:02: WQBC data block query control method not found
[    5.924859] ACPI Warning: \_SB.IETM._ART: Return Package type mismatch at index 0 - found Integer, expected Reference (20220331/nspredef-260)
[    5.924865] _ART package 0 is invalid, ignored
[    5.924872] ACPI Warning: \_SB.IETM._TRT: Return Package has no elements (empty) (20220331/nsprepkg-94)
[    5.927682] input: Intel HID events as /devices/platform/INT33D5:00/input/input6
[    5.929346] Consider using thermal netlink events interface
[    5.981737] ACPI: battery: Slot [BAT0] (battery present)
[    5.983633] thermal LNXTHERM:00: registered as thermal_zone5
[    5.983636] ACPI: thermal: Thermal Zone [THM] (25 C)
[    5.983766] ACPI BIOS Error (bug): Could not resolve symbol [\_SB.PCI0.LPCB.HEC.ECAV], AE_NOT_FOUND (20220331/psargs-330)
[    5.983772] ACPI Error: Aborting method \_TZ.TZ00._TMP due to previous error (AE_NOT_FOUND) (20220331/psparse-529)
[    5.983897] ACPI BIOS Error (bug): Could not resolve symbol [\_SB.PCI0.LPCB.HEC.ECAV], AE_NOT_FOUND (20220331/psargs-330)
[    5.984437] ACPI Error: Aborting method \_TZ.TZ00._TMP due to previous error (AE_NOT_FOUND) (20220331/psparse-529)
[    5.987279] ACPI BIOS Error (bug): Could not resolve symbol [\_SB.PCI0.LPCB.HEC.ECAV], AE_NOT_FOUND (20220331/psargs-330)
[    5.987285] ACPI Error: Aborting method \_TZ.TZ01._TMP due to previous error (AE_NOT_FOUND) (20220331/psparse-529)
[    5.987520] ACPI BIOS Error (bug): Could not resolve symbol [\_SB.PCI0.LPCB.HEC.ECAV], AE_NOT_FOUND (20220331/psargs-330)
[    5.987525] ACPI Error: Aborting method \_TZ.TZ01._TMP due to previous error (AE_NOT_FOUND) (20220331/psparse-529)
[    5.989941] EDAC MC: Ver: 3.0.0
[    5.993448] nvidiafb 0000:01:00.0: enabling device (0006 -> 0007)
[    5.993524] nvidiafb: Device ID: 10de13b1 
[    5.993525] nvidiafb: unknown NV_ARCH
[    5.994779] EDAC MC0: Giving out device to module ie31200_edac controller IE31200: DEV 0000:00:00.0 (POLLED)
[    5.995022] tpm_tis 00:0a: 1.2 TPM (device-id 0xFE, rev-id 2)
[    5.996310] intel-lpss 0000:00:15.0: enabling device (0000 -> 0002)
[    6.000971] idma64 idma64.0: Found Intel integrated DMA 64-bit
[    6.005583] tpm tpm0: TPM is disabled/deactivated (0x7)
[    6.007193] mc: Linux media interface: v0.10
[    6.010679] mei_me 0000:00:16.0: enabling device (0000 -> 0002)
[    6.017363] intel-lpss 0000:00:15.1: enabling device (0000 -> 0002)
[    6.019100] Adding 35994228k swap on /dev/nvme0n1p3.  Priority:-2 extents:1 across:35994228k SSFS
[    6.022759] idma64 idma64.1: Found Intel integrated DMA 64-bit
[    6.025037] i801_smbus 0000:00:1f.4: SPD Write Disable is set
[    6.025063] i801_smbus 0000:00:1f.4: SMBus using PCI interrupt
[    6.030431] videodev: Linux video capture interface: v2.00
[    6.031146] proc_thermal 0000:00:04.0: enabling device (0000 -> 0002)
[    6.046974] Bluetooth: Core ver 2.22
[    6.046987] NET: Registered PF_BLUETOOTH protocol family
[    6.046988] Bluetooth: HCI device and connection manager initialized
[    6.046991] Bluetooth: HCI socket layer initialized
[    6.046992] Bluetooth: L2CAP socket layer initialized
[    6.046995] Bluetooth: SCO socket layer initialized
[    6.050609] cfg80211: Loading compiled-in X.509 certificates for regulatory database
[    6.053442] intel_rapl_common: Found RAPL domain package
[    6.053444] intel_rapl_common: Found RAPL domain dram
[    6.059051] i2c i2c-1: 2/2 memory slots populated (from DMI)
[    6.059592] i2c i2c-1: Successfully instantiated SPD at 0x50
[    6.070264] usb 1-12: Found UVC 1.00 device Integrated_Webcam_HD (0c45:6713)
[    6.080955] cfg80211: Loaded X.509 cert 'sforshee: 00b28ddf47aef9cea7'
[    6.081773] platform regulatory.0: Direct firmware load for regulatory.db failed with error -2
[    6.081777] cfg80211: failed to load regulatory.db
[    6.097123] Setting dangerous option enable_fbc - tainting kernel
[    6.121410] Stack Depot allocating hash table with kvcalloc
[    6.272419] Console: switching to colour dummy device 80x25
[    6.272454] i915 0000:00:02.0: vgaarb: deactivate vga console
[    6.272657] input: Integrated_Webcam_HD: Integrate as /devices/pci0000:00/0000:00:14.0/usb1/1-12/1-12:1.0/input/input8
[    6.278295] usbcore: registered new interface driver uvcvideo
[    6.279910] psmouse serio1: Failed to reset mouse on isa0060/serio1: -5
[    6.322997] i915 0000:00:02.0: vgaarb: changed VGA decodes: olddecodes=io+mem,decodes=io+mem:owns=io+mem
[    6.324462] i915 0000:00:02.0: [drm] Finished loading DMC firmware i915/skl_dmc_ver1_27.bin (v1.27)
[    6.346026] input: DLL06E5:01 06CB:7A13 Mouse as /devices/pci0000:00/0000:00:15.1/i2c_designware.1/i2c-2/i2c-DLL06E5:01/0018:06CB:7A13.0001/input/input9
[    6.346067] input: DLL06E5:01 06CB:7A13 Touchpad as /devices/pci0000:00/0000:00:15.1/i2c_designware.1/i2c-2/i2c-DLL06E5:01/0018:06CB:7A13.0001/input/input10
[    6.346104] hid-generic 0018:06CB:7A13.0001: input,hidraw0: I2C HID v1.00 Mouse [DLL06E5:01 06CB:7A13] on i2c-DLL06E5:01
[    6.461560] intel_tcc_cooling: Programmable TCC Offset detected
[    6.463842] snd_hda_intel 0000:00:1f.3: DSP detected with PCI class/subclass/prog-if info 0x040380
[    6.463856] snd_hda_intel 0000:00:1f.3: enabling device (0000 -> 0002)
[    6.465438] dcdbas dcdbas: Dell Systems Management Base Driver (version 5.6.0-3.4)
[    6.469651] usbcore: registered new interface driver btusb
[    6.471094] Intel(R) Wireless WiFi driver for Linux
[    6.471141] iwlwifi 0000:02:00.0: enabling device (0000 -> 0002)
[    6.485434] Bluetooth: hci0: Firmware revision 0.0 build 14 week 44 2021
[    6.491476] ee1004 1-0050: 512 byte EE1004-compliant SPD EEPROM, read-only
[    6.507855] iwlwifi 0000:02:00.0: loaded firmware version 36.ca7b901d.0 8000C-36.ucode op_mode iwlmvm
[    6.509881] MXM: GUID detected in BIOS
[    6.509938] ACPI Warning: \_SB.PCI0.GFX0._DSM: Argument #4 type mismatch - Found [Buffer], ACPI requires [Package] (20220331/nsarguments-61)
[    6.510013] ACPI Warning: \_SB.PCI0.PEG0.PEGP._DSM: Argument #4 type mismatch - Found [Buffer], ACPI requires [Package] (20220331/nsarguments-61)
[    6.510328] pci 0000:01:00.0: optimus capabilities: enabled, status dynamic power, hda bios codec supported
[    6.510332] VGA switcheroo: detected Optimus DSM method \_SB_.PCI0.PEG0.PEGP handle
[    6.510332] nouveau: detected PR support, will not use DSM
[    6.511268] nouveau 0000:01:00.0: NVIDIA GM107 (117310a2)
[    6.525771] input: Dell WMI hotkeys as /devices/platform/PNP0C14:02/wmi_bus/wmi_bus-PNP0C14:02/9DBB5994-A997-11DA-B012-B622A1EF5492/input/input12
[    6.543362] input: DLL06E5:01 06CB:7A13 Mouse as /devices/pci0000:00/0000:00:15.1/i2c_designware.1/i2c-2/i2c-DLL06E5:01/0018:06CB:7A13.0001/input/input13
[    6.543403] input: DLL06E5:01 06CB:7A13 Touchpad as /devices/pci0000:00/0000:00:15.1/i2c_designware.1/i2c-2/i2c-DLL06E5:01/0018:06CB:7A13.0001/input/input14
[    6.543444] hid-multitouch 0018:06CB:7A13.0001: input,hidraw0: I2C HID v1.00 Mouse [DLL06E5:01 06CB:7A13] on i2c-DLL06E5:01
[    6.552243] iwlwifi 0000:02:00.0: Detected Intel(R) Dual Band Wireless AC 8260, REV=0x201
[    6.552311] thermal thermal_zone11: failed to read out thermal zone (-61)
[    6.561132] nouveau 0000:01:00.0: bios: version 82.07.82.00.29
[    6.586866] dell_laptop: Using i8042 filter function for receiving events
[    6.627906] iwlwifi 0000:02:00.0: base HW address: e4:a4:71:37:3b:d3, OTP minor version: 0x0
[    6.701004] ieee80211 phy0: Selected rate control algorithm 'iwl-mvm-rs'
[    6.702663] iwlwifi 0000:02:00.0 wlp2s0: renamed from wlan0
[    6.710876] nouveau 0000:01:00.0: fb: 2048 MiB GDDR5
[    6.710888] nouveau 0000:01:00.0: bus: MMIO read of 00000000 FAULT at 022554 [ PRIVRING ]
[    6.899172] bpfilter: Loaded bpfilter_umh pid 484
[    6.899374] Started bpfilter
[    7.389340] nouveau 0000:01:00.0: DRM: VRAM: 2048 MiB
[    7.389343] nouveau 0000:01:00.0: DRM: GART: 1048576 MiB
[    7.389346] nouveau 0000:01:00.0: DRM: Pointer to TMDS table not found
[    7.389347] nouveau 0000:01:00.0: DRM: DCB version 4.0
[    7.389647] nouveau 0000:01:00.0: DRM: MM: using COPY for buffer copies
[    7.389838] [drm] Initialized nouveau 1.3.1 20120801 for 0000:01:00.0 on minor 1
[    7.389841] nouveau 0000:01:00.0: DRM: Disabling PCI power management to avoid bug
[    7.650870] [drm] Initialized i915 1.6.0 20201103 for 0000:00:02.0 on minor 0
[    7.652490] ACPI: video: Video Device [GFX0] (multi-head: yes  rom: no  post: no)
[    7.653176] input: Video Bus as /devices/LNXSYSTM:00/LNXSYBUS:00/PNP0A08:00/LNXVIDEO:00/input/input16
[    7.653485] ACPI: video: Video Device [PEGP] (multi-head: no  rom: yes  post: no)
[    7.653511] input: Video Bus as /devices/LNXSYSTM:00/LNXSYBUS:00/PNP0A08:00/device:0a/LNXVIDEO:01/input/input17
[    7.654842] snd_hda_intel 0000:00:1f.3: bound 0000:00:02.0 (ops i915_audio_component_bind_ops [i915])
[    7.655048] vga_switcheroo: enabled
[    7.655054] i915 0000:00:02.0: [drm] DRM_I915_DEBUG_RUNTIME_PM enabled
[    7.663692] fbcon: i915drmfb (fb0) is primary device
[    7.664880] Console: switching to colour frame buffer device 240x67
[    7.682857] i915 0000:00:02.0: [drm] fb0: i915drmfb frame buffer device
[    7.719986] snd_hda_codec_realtek hdaudioC0D0: autoconfig for ALC3266: line_outs=1 (0x17/0x0/0x0/0x0/0x0) type:speaker
[    7.719991] snd_hda_codec_realtek hdaudioC0D0:    speaker_outs=0 (0x0/0x0/0x0/0x0/0x0)
[    7.719993] snd_hda_codec_realtek hdaudioC0D0:    hp_outs=1 (0x21/0x0/0x0/0x0/0x0)
[    7.719994] snd_hda_codec_realtek hdaudioC0D0:    mono: mono_out=0x0
[    7.719995] snd_hda_codec_realtek hdaudioC0D0:    inputs:
[    7.719997] snd_hda_codec_realtek hdaudioC0D0:      Headset Mic=0x18
[    7.719998] snd_hda_codec_realtek hdaudioC0D0:      Headphone Mic=0x1a
[    7.719999] snd_hda_codec_realtek hdaudioC0D0:      Internal Mic=0x12
[    7.769855] input: HDA Intel PCH Headphone Mic as /devices/pci0000:00/0000:00:1f.3/sound/card0/input18
[    7.769888] input: HDA Intel PCH HDMI/DP,pcm=3 as /devices/pci0000:00/0000:00:1f.3/sound/card0/input19
[    7.769928] input: HDA Intel PCH HDMI/DP,pcm=7 as /devices/pci0000:00/0000:00:1f.3/sound/card0/input20
[    7.769960] input: HDA Intel PCH HDMI/DP,pcm=8 as /devices/pci0000:00/0000:00:1f.3/sound/card0/input21
[    7.769991] input: HDA Intel PCH HDMI/DP,pcm=9 as /devices/pci0000:00/0000:00:1f.3/sound/card0/input22
[    7.770018] input: HDA Intel PCH HDMI/DP,pcm=10 as /devices/pci0000:00/0000:00:1f.3/sound/card0/input23
[    9.717169] nouveau 0000:01:00.0: bus: MMIO read of 00000000 FAULT at 619444 [ PRIVRING ]
[   17.104733] Iptables: v4Deny: IN= OUT=lo SRC=127.0.0.1 DST=127.0.0.1 LEN=89 TOS=0x00 PREC=0xC0 TTL=64 ID=18171 PROTO=ICMP TYPE=3 CODE=3 [SRC=127.0.0.1 DST=127.0.0.1 LEN=61 TOS=0x00 PREC=0x00 TTL=64 ID=56806 DF PROTO=UDP SPT=48930 DPT=53 LEN=41 ] 
[   17.108188] Iptables: v4Deny: IN= OUT=lo SRC=127.0.0.1 DST=127.0.0.1 LEN=89 TOS=0x00 PREC=0xC0 TTL=64 ID=18174 PROTO=ICMP TYPE=3 CODE=3 [SRC=127.0.0.1 DST=127.0.0.1 LEN=61 TOS=0x00 PREC=0x00 TTL=64 ID=56807 DF PROTO=UDP SPT=48930 DPT=53 LEN=41 ] 
[   23.337810] Iptables: v4Deny: IN= OUT=lo SRC=127.0.0.1 DST=127.0.0.1 LEN=89 TOS=0x00 PREC=0xC0 TTL=64 ID=19145 PROTO=ICMP TYPE=3 CODE=3 [SRC=127.0.0.1 DST=127.0.0.1 LEN=61 TOS=0x00 PREC=0x00 TTL=64 ID=56808 DF PROTO=UDP SPT=48930 DPT=53 LEN=41 ] 
[   25.005109] Iptables: v4Deny: IN= OUT=lo SRC=127.0.0.1 DST=127.0.0.1 LEN=88 TOS=0x00 PREC=0xC0 TTL=64 ID=19304 PROTO=ICMP TYPE=3 CODE=3 [SRC=127.0.0.1 DST=127.0.0.1 LEN=60 TOS=0x00 PREC=0x00 TTL=64 ID=43415 DF PROTO=UDP SPT=58858 DPT=53 LEN=40 ] 
[   25.006601] Iptables: v4Deny: IN= OUT=lo SRC=127.0.0.1 DST=127.0.0.1 LEN=88 TOS=0x00 PREC=0xC0 TTL=64 ID=19305 PROTO=ICMP TYPE=3 CODE=3 [SRC=127.0.0.1 DST=127.0.0.1 LEN=60 TOS=0x00 PREC=0x00 TTL=64 ID=43416 DF PROTO=UDP SPT=58858 DPT=53 LEN=40 ] 
[   26.223025] input: PS/2 Generic Mouse as /devices/platform/i8042/serio1/input/input7
[   26.430977] psmouse serio1: Failed to enable mouse on isa0060/serio1
[   97.625923] usb 1-1: new high-speed USB device number 4 using xhci_hcd
[   97.753488] usb 1-1: New USB device found, idVendor=0bda, idProduct=8152, bcdDevice=20.00
[   97.753492] usb 1-1: New USB device strings: Mfr=1, Product=2, SerialNumber=3
[   97.753493] usb 1-1: Product: USB 10/100 LAN
[   97.753494] usb 1-1: Manufacturer: Realtek
[   97.753495] usb 1-1: SerialNumber: 00E04C360696
[   97.759352] usbcore: registered new interface driver r8152
[   97.762152] usbcore: registered new interface driver cdc_ether
[   97.875083] usb 1-1: reset high-speed USB device number 4 using xhci_hcd
[   98.024740] r8152 1-1:1.0: skip request firmware
[   98.048547] r8152 1-1:1.0 eth0: v1.12.13
[   98.055359] r8152 1-1:1.0 enp0s20f0u1: renamed from eth0
[  100.425751] IPv6: ADDRCONF(NETDEV_CHANGE): enp0s20f0u1: link becomes ready
[  100.426106] r8152 1-1:1.0 enp0s20f0u1: carrier on
[  100.441917] Iptables: v6Deny: IN= OUT=enp0s20f0u1 SRC=0000:0000:0000:0000:0000:0000:0000:0000 DST=ff02:0000:0000:0000:0000:0000:0000:0016 LEN=76 TC=0 HOPLIMIT=1 FLOWLBL=0 PROTO=ICMPv6 TYPE=143 CODE=0 MARK=0xd4 
[  100.726929] Iptables: v6Deny: IN= OUT=enp0s20f0u1 SRC=0000:0000:0000:0000:0000:0000:0000:0000 DST=ff02:0000:0000:0000:0000:0000:0000:0016 LEN=76 TC=0 HOPLIMIT=1 FLOWLBL=0 PROTO=ICMPv6 TYPE=143 CODE=0 MARK=0xd4 
[  101.374933] Iptables: v6Deny: IN= OUT=enp0s20f0u1 SRC=0000:0000:0000:0000:0000:0000:0000:0000 DST=ff02:0000:0000:0000:0000:0001:ff36:0696 LEN=72 TC=0 HOPLIMIT=255 FLOWLBL=0 PROTO=ICMPv6 TYPE=135 CODE=0 
[  102.399973] Iptables: v6Deny: IN= OUT=enp0s20f0u1 SRC=fe80:0000:0000:0000:02e0:4cff:fe36:0696 DST=ff02:0000:0000:0000:0000:0000:0000:0016 LEN=76 TC=0 HOPLIMIT=1 FLOWLBL=0 PROTO=ICMPv6 TYPE=143 CODE=0 MARK=0xd4 
[  102.616642] Iptables: v6Deny: IN= OUT=enp0s20f0u1 SRC=fe80:0000:0000:0000:02e0:4cff:fe36:0696 DST=ff02:0000:0000:0000:0000:0000:0000:0002 LEN=48 TC=0 HOPLIMIT=255 FLOWLBL=586511 PROTO=ICMPv6 TYPE=133 CODE=0 
[  102.775974] Iptables: v6Deny: IN= OUT=enp0s20f0u1 SRC=fe80:0000:0000:0000:02e0:4cff:fe36:0696 DST=ff02:0000:0000:0000:0000:0000:0000:0016 LEN=76 TC=0 HOPLIMIT=1 FLOWLBL=0 PROTO=ICMPv6 TYPE=143 CODE=0 MARK=0xd4 
[  106.424944] Iptables: v6Deny: IN= OUT=enp0s20f0u1 SRC=fe80:0000:0000:0000:02e0:4cff:fe36:0696 DST=ff02:0000:0000:0000:0000:0000:0000:0002 LEN=48 TC=0 HOPLIMIT=255 FLOWLBL=586511 PROTO=ICMPv6 TYPE=133 CODE=0 
[  114.274634] Iptables: v6Deny: IN= OUT=enp0s20f0u1 SRC=fe80:0000:0000:0000:02e0:4cff:fe36:0696 DST=ff02:0000:0000:0000:0000:0000:0000:0002 LEN=48 TC=0 HOPLIMIT=255 FLOWLBL=586511 PROTO=ICMPv6 TYPE=133 CODE=0 
[  129.235976] Iptables: v6Deny: IN= OUT=enp0s20f0u1 SRC=fe80:0000:0000:0000:02e0:4cff:fe36:0696 DST=ff02:0000:0000:0000:0000:0000:0000:0002 LEN=48 TC=0 HOPLIMIT=255 FLOWLBL=586511 PROTO=ICMPv6 TYPE=133 CODE=0 
[  159.409952] Iptables: v6Deny: IN= OUT=enp0s20f0u1 SRC=fe80:0000:0000:0000:02e0:4cff:fe36:0696 DST=ff02:0000:0000:0000:0000:0000:0000:0002 LEN=48 TC=0 HOPLIMIT=255 FLOWLBL=586511 PROTO=ICMPv6 TYPE=133 CODE=0 
[  217.076170] Iptables: v6Deny: IN= OUT=enp0s20f0u1 SRC=fe80:0000:0000:0000:02e0:4cff:fe36:0696 DST=ff02:0000:0000:0000:0000:0000:0000:0002 LEN=48 TC=0 HOPLIMIT=255 FLOWLBL=586511 PROTO=ICMPv6 TYPE=133 CODE=0 
[  338.134035] Iptables: v6Deny: IN= OUT=enp0s20f0u1 SRC=fe80:0000:0000:0000:02e0:4cff:fe36:0696 DST=ff02:0000:0000:0000:0000:0000:0000:0002 LEN=48 TC=0 HOPLIMIT=255 FLOWLBL=586511 PROTO=ICMPv6 TYPE=133 CODE=0 
[  477.650851] ACPI BIOS Error (bug): Could not resolve symbol [\_SB.PCI0.LPCB.HEC.CHRG], AE_NOT_FOUND (20220331/psargs-330)
[  477.650895] ACPI Error: Aborting method \PNOT due to previous error (AE_NOT_FOUND) (20220331/psparse-529)
[  477.650947] ACPI Error: Aborting method \_SB.AC._PSR due to previous error (AE_NOT_FOUND) (20220331/psparse-529)
[  477.650981] ACPI: \_SB_.AC__: Error reading AC Adapter state: AE_NOT_FOUND
