[Jun 1 19:37] Linux version 6.6.32-1-lts (linux-lts@archlinux) (gcc (GCC) 14.1.1 20240522, GNU ld (GNU Binutils) 2.42.0) #1 SMP PREEMPT_DYNAMIC Sat, 25 May 2024 20:20:51 +0000
[  +0.000000] Command line: BOOT_IMAGE=/boot/vmlinuz-linux-lts root=UUID=746a8dff-e8f3-4ffa-b19a-65543a06744a rw resume=UUID=b43add85-8312-4c07-ac17-42aecea17fbe rd.udev.log_priority=3 loglevel=3 audit=0 console=tty0 noreplace-smp rcupdate.rcu_expedited=1 tsc=unstable lsm=capability,yama,safesetid,landlock,lockdown,apparmor,bpf lockdown=integrity apparmor=1 security=apparmor module.sig_enforce=1 mitigations=auto,nosmt l1tf=flush,nosmt mds=full,nosmt tsx_async_abort=full,nosmt mmio_stale_data=full,nosmt retbleed=auto,nosmt nosmt=force pcie_aspm=force init_on_alloc=1 init_on_free=1 page_alloc.shuffle=1 vsyscall=none mce=0 debugfs=on randomize_kstack_offset=on kasan_multi_shot=on slab_nomerge pti=on slub_debug=ZF slub_debug=P page_poison=on fsck.mode=force mem_encrypt=on vsyscall=none amd_iommu=force_isolation iommu.strict=1 iomem=strict fsck.mode=force fsck.repair=yes pci.pcie_scan_all=1 extra_latent_entropy trace_clock=local noexec=on mce=recovery
[  +0.000000] BIOS-provided physical RAM map:
[  +0.000000] BIOS-e820: [mem 0x0000000000000000-0x000000000009ffff] usable
[  +0.000000] BIOS-e820: [mem 0x00000000000a0000-0x00000000000fffff] reserved
[  +0.000000] BIOS-e820: [mem 0x0000000000100000-0x0000000009d1efff] usable
[  +0.000000] BIOS-e820: [mem 0x0000000009d1f000-0x0000000009ffffff] reserved
[  +0.000000] BIOS-e820: [mem 0x000000000a000000-0x000000000a1fffff] usable
[  +0.000000] BIOS-e820: [mem 0x000000000a200000-0x000000000a20afff] ACPI NVS
[  +0.000000] BIOS-e820: [mem 0x000000000a20b000-0x000000000affffff] usable
[  +0.000000] BIOS-e820: [mem 0x000000000b000000-0x000000000b01ffff] reserved
[  +0.000000] BIOS-e820: [mem 0x000000000b020000-0x00000000c347dfff] usable
[  +0.000000] BIOS-e820: [mem 0x00000000c347e000-0x00000000c347efff] reserved
[  +0.000000] BIOS-e820: [mem 0x00000000c347f000-0x00000000ca7e2fff] usable
[  +0.000000] BIOS-e820: [mem 0x00000000ca7e3000-0x00000000caae4fff] reserved
[  +0.000000] BIOS-e820: [mem 0x00000000caae5000-0x00000000cab36fff] ACPI data
[  +0.000000] BIOS-e820: [mem 0x00000000cab37000-0x00000000cae9efff] ACPI NVS
[  +0.000000] BIOS-e820: [mem 0x00000000cae9f000-0x00000000cbb5cfff] reserved
[  +0.000000] BIOS-e820: [mem 0x00000000cbb5d000-0x00000000cbbfefff] type 20
[  +0.000000] BIOS-e820: [mem 0x00000000cbbff000-0x00000000ccffffff] usable
[  +0.000000] BIOS-e820: [mem 0x00000000cd000000-0x00000000cfffffff] reserved
[  +0.000000] BIOS-e820: [mem 0x00000000f0000000-0x00000000f7ffffff] reserved
[  +0.000000] BIOS-e820: [mem 0x00000000fd100000-0x00000000fd1fffff] reserved
[  +0.000000] BIOS-e820: [mem 0x00000000fea00000-0x00000000fea0ffff] reserved
[  +0.000000] BIOS-e820: [mem 0x00000000feb80000-0x00000000fec01fff] reserved
[  +0.000000] BIOS-e820: [mem 0x00000000fec10000-0x00000000fec10fff] reserved
[  +0.000000] BIOS-e820: [mem 0x00000000fec30000-0x00000000fec30fff] reserved
[  +0.000000] BIOS-e820: [mem 0x00000000fed00000-0x00000000fed00fff] reserved
[  +0.000000] BIOS-e820: [mem 0x00000000fed40000-0x00000000fed44fff] reserved
[  +0.000000] BIOS-e820: [mem 0x00000000fed80000-0x00000000fed8ffff] reserved
[  +0.000000] BIOS-e820: [mem 0x00000000fedc2000-0x00000000fedcffff] reserved
[  +0.000000] BIOS-e820: [mem 0x00000000fedd4000-0x00000000fedd5fff] reserved
[  +0.000000] BIOS-e820: [mem 0x00000000ff000000-0x00000000ffffffff] reserved
[  +0.000000] BIOS-e820: [mem 0x0000000100000000-0x000000082f37ffff] usable
[  +0.000000] BIOS-e820: [mem 0x000000082f380000-0x000000082fffffff] reserved
[  +0.000000] Kernel is locked down from command line; see man kernel_lockdown.7
[  +0.000000] SMT: Force disabled
[  +0.000000] NX (Execute Disable) protection: active
[  +0.000000] APIC: Static calls initialized
[  +0.000000] efi: EFI v2.7 by American Megatrends
[  +0.000000] efi: ACPI=0xcab36000 ACPI 2.0=0xcab36014 SMBIOS=0xcb9f4000 SMBIOS 3.0=0xcb9f3000 MEMATTR=0xc8fe0018 ESRT=0xc958c098 
[  +0.000000] efi: Remove mem70: MMIO range=[0xf0000000-0xf7ffffff] (128MB) from e820 map
[  +0.000000] e820: remove [mem 0xf0000000-0xf7ffffff] reserved
[  +0.000000] efi: Remove mem71: MMIO range=[0xfd100000-0xfd1fffff] (1MB) from e820 map
[  +0.000000] e820: remove [mem 0xfd100000-0xfd1fffff] reserved
[  +0.000000] efi: Not removing mem72: MMIO range=[0xfea00000-0xfea0ffff] (64KB) from e820 map
[  +0.000000] efi: Remove mem73: MMIO range=[0xfeb80000-0xfec01fff] (0MB) from e820 map
[  +0.000000] e820: remove [mem 0xfeb80000-0xfec01fff] reserved
[  +0.000000] efi: Not removing mem74: MMIO range=[0xfec10000-0xfec10fff] (4KB) from e820 map
[  +0.000000] efi: Not removing mem75: MMIO range=[0xfec30000-0xfec30fff] (4KB) from e820 map
[  +0.000000] efi: Not removing mem76: MMIO range=[0xfed00000-0xfed00fff] (4KB) from e820 map
[  +0.000000] efi: Not removing mem77: MMIO range=[0xfed40000-0xfed44fff] (20KB) from e820 map
[  +0.000000] efi: Not removing mem78: MMIO range=[0xfed80000-0xfed8ffff] (64KB) from e820 map
[  +0.000000] efi: Not removing mem79: MMIO range=[0xfedc2000-0xfedcffff] (56KB) from e820 map
[  +0.000000] efi: Not removing mem80: MMIO range=[0xfedd4000-0xfedd5fff] (8KB) from e820 map
[  +0.000000] efi: Remove mem81: MMIO range=[0xff000000-0xffffffff] (16MB) from e820 map
[  +0.000000] e820: remove [mem 0xff000000-0xffffffff] reserved
[  +0.000000] SMBIOS 3.3.0 present.
[  +0.000000] DMI: ASUS System Product Name/ROG STRIX B550-F GAMING, BIOS 3607 03/18/2024
[  +0.000000] tsc: Fast TSC calibration using PIT
[  +0.000000] tsc: Detected 3593.225 MHz processor
[  +0.000000] e820: update [mem 0x00000000-0x00000fff] usable ==> reserved
[  +0.000002] e820: remove [mem 0x000a0000-0x000fffff] usable
[  +0.000010] last_pfn = 0x82f380 max_arch_pfn = 0x400000000
[  +0.000007] MTRR map: 6 entries (4 fixed + 2 variable; max 21), built from 9 variable MTRRs
[  +0.000002] x86/PAT: Configuration [0-7]: WB  WC  UC- UC  WB  WP  UC- WT  
[  +0.000324] e820: update [mem 0xd0000000-0xffffffff] usable ==> reserved
[  +0.000008] last_pfn = 0xcd000 max_arch_pfn = 0x400000000
[  +0.005170] esrt: Reserving ESRT space from 0x00000000c958c098 to 0x00000000c958c0d0.
[  +0.000005] e820: update [mem 0xc958c000-0xc958cfff] usable ==> reserved
[  +0.000020] Kernel/User page tables isolation: force enabled on command line.
[  +0.000002] Using GB pages for direct mapping
[  +0.000733] Secure boot disabled
[  +0.000000] RAMDISK: [mem 0x33c27000-0x35e0afff]
[  +0.000213] ACPI: Early table checksum verification disabled
[  +0.000003] ACPI: RSDP 0x00000000CAB36014 000024 (v02 ALASKA)
[  +0.000004] ACPI: XSDT 0x00000000CAB35728 0000C4 (v01 ALASKA A M I    01072009 AMI  01000013)
[  +0.000006] ACPI: FACP 0x00000000CAB26000 000114 (v06 ALASKA A M I    01072009 AMI  00010013)
[  +0.000006] ACPI: DSDT 0x00000000CAB1B000 00AEBE (v02 ALASKA A M I    01072009 INTL 20120913)
[  +0.000003] ACPI: FACS 0x00000000CAE83000 000040
[  +0.000003] ACPI: SSDT 0x00000000CAB2C000 008C98 (v02 AMD    AmdTable 00000002 MSFT 04000000)
[  +0.000004] ACPI: SSDT 0x00000000CAB28000 003B8E (v02 AMD    AMD AOD  00000001 INTL 20120913)
[  +0.000003] ACPI: SSDT 0x00000000CAB27000 000139 (v02 ALASKA CPUSSDT  01072009 AMI  01072009)
[  +0.000003] ACPI: FIDT 0x00000000CAB1A000 00009C (v01 ALASKA A M I    01072009 AMI  00010013)
[  +0.000004] ACPI: FPDT 0x00000000CAAF5000 000044 (v01 ALASKA A M I    01072009 AMI  01000013)
[  +0.000003] ACPI: MCFG 0x00000000CAB18000 00003C (v01 ALASKA A M I    01072009 MSFT 00010013)
[  +0.000003] ACPI: HPET 0x00000000CAB17000 000038 (v01 ALASKA A M I    01072009 AMI  00000005)
[  +0.000003] ACPI: SSDT 0x00000000CAB16000 000024 (v01 AMDFCH FCHZP    00001000 INTL 20120913)
[  +0.000003] ACPI: VFCT 0x00000000CAB04000 010084 (v01 ALASKA A M I    00000001 AMD  31504F47)
[  +0.000004] ACPI: BGRT 0x00000000CAB03000 000038 (v01 ALASKA A M I    01072009 AMI  00010013)
[  +0.000003] ACPI: IVRS 0x00000000CAB02000 0000D0 (v02 AMD    AmdTable 00000001 AMD  00000000)
[  +0.000003] ACPI: SSDT 0x00000000CAB00000 0010AC (v02 AMD    AmdTable 00000001 AMD  00000001)
[  +0.000003] ACPI: CRAT 0x00000000CAAFF000 000F50 (v01 AMD    AmdTable 00000001 AMD  00000001)
[  +0.000003] ACPI: CDIT 0x00000000CAAFE000 000029 (v01 AMD    AmdTable 00000001 AMD  00000001)
[  +0.000003] ACPI: SSDT 0x00000000CAAFD000 00052C (v02 AMD    ArticNOI 00000001 INTL 20120913)
[  +0.000003] ACPI: SSDT 0x00000000CAAF9000 003E6E (v02 AMD    ArticN   00000001 INTL 20120913)
[  +0.000003] ACPI: WSMT 0x00000000CAAF8000 000028 (v01 ALASKA A M I    01072009 AMI  00010013)
[  +0.000003] ACPI: APIC 0x00000000CAAF7000 00015E (v04 ALASKA A M I    01072009 AMI  00010013)
[  +0.000004] ACPI: SSDT 0x00000000CAAF6000 0000BF (v01 AMD    AmdTable 00001000 INTL 20120913)
[  +0.000002] ACPI: Reserving FACP table memory at [mem 0xcab26000-0xcab26113]
[  +0.000001] ACPI: Reserving DSDT table memory at [mem 0xcab1b000-0xcab25ebd]
[  +0.000001] ACPI: Reserving FACS table memory at [mem 0xcae83000-0xcae8303f]
[  +0.000001] ACPI: Reserving SSDT table memory at [mem 0xcab2c000-0xcab34c97]
[  +0.000001] ACPI: Reserving SSDT table memory at [mem 0xcab28000-0xcab2bb8d]
[  +0.000001] ACPI: Reserving SSDT table memory at [mem 0xcab27000-0xcab27138]
[  +0.000001] ACPI: Reserving FIDT table memory at [mem 0xcab1a000-0xcab1a09b]
[  +0.000000] ACPI: Reserving FPDT table memory at [mem 0xcaaf5000-0xcaaf5043]
[  +0.000001] ACPI: Reserving MCFG table memory at [mem 0xcab18000-0xcab1803b]
[  +0.000001] ACPI: Reserving HPET table memory at [mem 0xcab17000-0xcab17037]
[  +0.000001] ACPI: Reserving SSDT table memory at [mem 0xcab16000-0xcab16023]
[  +0.000000] ACPI: Reserving VFCT table memory at [mem 0xcab04000-0xcab14083]
[  +0.000001] ACPI: Reserving BGRT table memory at [mem 0xcab03000-0xcab03037]
[  +0.000001] ACPI: Reserving IVRS table memory at [mem 0xcab02000-0xcab020cf]
[  +0.000001] ACPI: Reserving SSDT table memory at [mem 0xcab00000-0xcab010ab]
[  +0.000000] ACPI: Reserving CRAT table memory at [mem 0xcaaff000-0xcaafff4f]
[  +0.000001] ACPI: Reserving CDIT table memory at [mem 0xcaafe000-0xcaafe028]
[  +0.000001] ACPI: Reserving SSDT table memory at [mem 0xcaafd000-0xcaafd52b]
[  +0.000001] ACPI: Reserving SSDT table memory at [mem 0xcaaf9000-0xcaafce6d]
[  +0.000000] ACPI: Reserving WSMT table memory at [mem 0xcaaf8000-0xcaaf8027]
[  +0.000001] ACPI: Reserving APIC table memory at [mem 0xcaaf7000-0xcaaf715d]
[  +0.000001] ACPI: Reserving SSDT table memory at [mem 0xcaaf6000-0xcaaf60be]
[  +0.000084] No NUMA configuration found
[  +0.000001] Faking a node at [mem 0x0000000000000000-0x000000082f37ffff]
[  +0.000002] NODE_DATA(0) allocated [mem 0x82f37b000-0x82f37ffff]
[  +0.000043] Zone ranges:
[  +0.000000]   DMA      [mem 0x0000000000001000-0x0000000000ffffff]
[  +0.000002]   DMA32    [mem 0x0000000001000000-0x00000000ffffffff]
[  +0.000001]   Normal   [mem 0x0000000100000000-0x000000082f37ffff]
[  +0.000002]   Device   empty
[  +0.000001] Movable zone start for each node
[  +0.000000] Early memory node ranges
[  +0.000001]   node   0: [mem 0x0000000000001000-0x000000000009ffff]
[  +0.000001]   node   0: [mem 0x0000000000100000-0x0000000009d1efff]
[  +0.000001]   node   0: [mem 0x000000000a000000-0x000000000a1fffff]
[  +0.000001]   node   0: [mem 0x000000000a20b000-0x000000000affffff]
[  +0.000001]   node   0: [mem 0x000000000b020000-0x00000000c347dfff]
[  +0.000001]   node   0: [mem 0x00000000c347f000-0x00000000ca7e2fff]
[  +0.000001]   node   0: [mem 0x00000000cbbff000-0x00000000ccffffff]
[  +0.000000]   node   0: [mem 0x0000000100000000-0x000000082f37ffff]
[  +0.000003] Initmem setup node 0 [mem 0x0000000000001000-0x000000082f37ffff]
[  +0.000004] On node 0, zone DMA: 1 pages in unavailable ranges
[  +0.000020] On node 0, zone DMA: 96 pages in unavailable ranges
[  +0.000173] On node 0, zone DMA32: 737 pages in unavailable ranges
[  +0.000017] On node 0, zone DMA32: 11 pages in unavailable ranges
[  +0.005296] On node 0, zone DMA32: 32 pages in unavailable ranges
[  +0.000221] On node 0, zone DMA32: 1 pages in unavailable ranges
[  +0.000084] On node 0, zone DMA32: 5148 pages in unavailable ranges
[  +0.055013] On node 0, zone Normal: 12288 pages in unavailable ranges
[  +0.000032] On node 0, zone Normal: 3200 pages in unavailable ranges
[  +0.000620] ACPI: PM-Timer IO Port: 0x808
[  +0.000010] ACPI: LAPIC_NMI (acpi_id[0xff] high edge lint[0x1])
[  +0.000018] IOAPIC[0]: apic_id 9, version 33, address 0xfec00000, GSI 0-23
[  +0.000004] IOAPIC[1]: apic_id 10, version 33, address 0xfec01000, GSI 24-55
[  +0.000003] ACPI: INT_SRC_OVR (bus 0 bus_irq 0 global_irq 2 dfl dfl)
[  +0.000001] ACPI: INT_SRC_OVR (bus 0 bus_irq 9 global_irq 9 low level)
[  +0.000004] ACPI: Using ACPI (MADT) for SMP configuration information
[  +0.000002] ACPI: HPET id: 0x10228201 base: 0xfed00000
[  +0.000008] e820: update [mem 0xc6ffd000-0xc7042fff] usable ==> reserved
[  +0.000014] smpboot: Allowing 32 CPUs, 24 hotplug CPUs
[  +0.000027] PM: hibernation: Registered nosave memory: [mem 0x00000000-0x00000fff]
[  +0.000002] PM: hibernation: Registered nosave memory: [mem 0x000a0000-0x000fffff]
[  +0.000001] PM: hibernation: Registered nosave memory: [mem 0x09d1f000-0x09ffffff]
[  +0.000002] PM: hibernation: Registered nosave memory: [mem 0x0a200000-0x0a20afff]
[  +0.000002] PM: hibernation: Registered nosave memory: [mem 0x0b000000-0x0b01ffff]
[  +0.000001] PM: hibernation: Registered nosave memory: [mem 0xc347e000-0xc347efff]
[  +0.000002] PM: hibernation: Registered nosave memory: [mem 0xc6ffd000-0xc7042fff]
[  +0.000001] PM: hibernation: Registered nosave memory: [mem 0xc958c000-0xc958cfff]
[  +0.000002] PM: hibernation: Registered nosave memory: [mem 0xca7e3000-0xcaae4fff]
[  +0.000001] PM: hibernation: Registered nosave memory: [mem 0xcaae5000-0xcab36fff]
[  +0.000000] PM: hibernation: Registered nosave memory: [mem 0xcab37000-0xcae9efff]
[  +0.000001] PM: hibernation: Registered nosave memory: [mem 0xcae9f000-0xcbb5cfff]
[  +0.000001] PM: hibernation: Registered nosave memory: [mem 0xcbb5d000-0xcbbfefff]
[  +0.000001] PM: hibernation: Registered nosave memory: [mem 0xcd000000-0xcfffffff]
[  +0.000001] PM: hibernation: Registered nosave memory: [mem 0xd0000000-0xfe9fffff]
[  +0.000001] PM: hibernation: Registered nosave memory: [mem 0xfea00000-0xfea0ffff]
[  +0.000000] PM: hibernation: Registered nosave memory: [mem 0xfea10000-0xfec0ffff]
[  +0.000001] PM: hibernation: Registered nosave memory: [mem 0xfec10000-0xfec10fff]
[  +0.000001] PM: hibernation: Registered nosave memory: [mem 0xfec11000-0xfec2ffff]
[  +0.000000] PM: hibernation: Registered nosave memory: [mem 0xfec30000-0xfec30fff]
[  +0.000001] PM: hibernation: Registered nosave memory: [mem 0xfec31000-0xfecfffff]
[  +0.000001] PM: hibernation: Registered nosave memory: [mem 0xfed00000-0xfed00fff]
[  +0.000000] PM: hibernation: Registered nosave memory: [mem 0xfed01000-0xfed3ffff]
[  +0.000001] PM: hibernation: Registered nosave memory: [mem 0xfed40000-0xfed44fff]
[  +0.000001] PM: hibernation: Registered nosave memory: [mem 0xfed45000-0xfed7ffff]
[  +0.000000] PM: hibernation: Registered nosave memory: [mem 0xfed80000-0xfed8ffff]
[  +0.000001] PM: hibernation: Registered nosave memory: [mem 0xfed90000-0xfedc1fff]
[  +0.000001] PM: hibernation: Registered nosave memory: [mem 0xfedc2000-0xfedcffff]
[  +0.000000] PM: hibernation: Registered nosave memory: [mem 0xfedd0000-0xfedd3fff]
[  +0.000001] PM: hibernation: Registered nosave memory: [mem 0xfedd4000-0xfedd5fff]
[  +0.000000] PM: hibernation: Registered nosave memory: [mem 0xfedd6000-0xffffffff]
[  +0.000002] [mem 0xd0000000-0xfe9fffff] available for PCI devices
[  +0.000001] Booting paravirtualized kernel on bare hardware
[  +0.000003] clocksource: refined-jiffies: mask: 0xffffffff max_cycles: 0xffffffff, max_idle_ns: 6370452778343963 ns
[  +0.004706] setup_percpu: NR_CPUS:320 nr_cpumask_bits:32 nr_cpu_ids:32 nr_node_ids:1
[  +0.001276] percpu: Embedded 64 pages/cpu s225280 r8192 d28672 u262144
[  +0.000011] pcpu-alloc: s225280 r8192 d28672 u262144 alloc=1*2097152
[  +0.000003] pcpu-alloc: [0] 00 01 02 03 04 05 06 07 [0] 08 09 10 11 12 13 14 15 
[  +0.000009] pcpu-alloc: [0] 16 17 18 19 20 21 22 23 [0] 24 25 26 27 28 29 30 31 
[  +0.000025] Kernel command line: BOOT_IMAGE=/boot/vmlinuz-linux-lts root=UUID=746a8dff-e8f3-4ffa-b19a-65543a06744a rw resume=UUID=b43add85-8312-4c07-ac17-42aecea17fbe rd.udev.log_priority=3 loglevel=3 audit=0 console=tty0 noreplace-smp rcupdate.rcu_expedited=1 tsc=unstable lsm=capability,yama,safesetid,landlock,lockdown,apparmor,bpf lockdown=integrity apparmor=1 security=apparmor module.sig_enforce=1 mitigations=auto,nosmt l1tf=flush,nosmt mds=full,nosmt tsx_async_abort=full,nosmt mmio_stale_data=full,nosmt retbleed=auto,nosmt nosmt=force pcie_aspm=force init_on_alloc=1 init_on_free=1 page_alloc.shuffle=1 vsyscall=none mce=0 debugfs=on randomize_kstack_offset=on kasan_multi_shot=on slab_nomerge pti=on slub_debug=ZF slub_debug=P page_poison=on fsck.mode=force mem_encrypt=on vsyscall=none amd_iommu=force_isolation iommu.strict=1 iomem=strict fsck.mode=force fsck.repair=yes pci.pcie_scan_all=1 extra_latent_entropy trace_clock=local noexec=on mce=recovery
[  +0.000079] audit: disabled (until reboot)
[  +0.000021] tsc: Marking TSC unstable due to boot parameter
[  +0.000138] PCIe ASPM is forcibly enabled
[  +0.000143] mem auto-init: SLAB_POISON will take precedence over init_on_alloc/init_on_free
[  +0.000159] Unknown kernel command line parameters "extra_latent_entropy BOOT_IMAGE=/boot/vmlinuz-linux-lts kasan_multi_shot=on pti=on mem_encrypt=on noexec=on", will be passed to user space.
[  +0.000017] random: crng init done
[  +0.000001] printk: log_buf_len individual max cpu contribution: 4096 bytes
[  +0.000001] printk: log_buf_len total cpu_extra contributions: 126976 bytes
[  +0.000001] printk: log_buf_len min size: 131072 bytes
[  +0.000191] printk: log_buf_len: 262144 bytes
[  +0.000000] printk: early log buf free: 113984(86%)
[  +0.003542] Dentry cache hash table entries: 4194304 (order: 13, 33554432 bytes, linear)
[  +0.001742] Inode-cache hash table entries: 2097152 (order: 12, 16777216 bytes, linear)
[  +0.000230] Fallback order for Node 0: 0 
[  +0.000009] Built 1 zonelists, mobility grouping on.  Total pages: 8236197
[  +0.000001] Policy zone: Normal
[  +0.000007] mem auto-init: CONFIG_PAGE_POISONING is on, will take precedence over init_on_alloc and init_on_free
[  +0.000261] mem auto-init: stack:all(zero), heap alloc:off, heap free:off
[  +0.000070] software IO TLB: area num 32.
[  +3.357740] Memory: 32684024K/33468376K available (16384K kernel code, 2136K rwdata, 13088K rodata, 3424K init, 3792K bss, 784092K reserved, 0K cma-reserved)
[  +0.000005] **********************************************************
[  +0.000001] **   NOTICE NOTICE NOTICE NOTICE NOTICE NOTICE NOTICE   **
[  +0.000000] **                                                      **
[  +0.000001] ** This system shows unhashed kernel memory addresses   **
[  +0.000000] ** via the console, logs, and other interfaces. This    **
[  +0.000000] ** might reduce the security of your system.            **
[  +0.000001] **                                                      **
[  +0.000000] ** If you see this message and you are not debugging    **
[  +0.000001] ** the kernel, report this immediately to your system   **
[  +0.000000] ** administrator!                                       **
[  +0.000000] **                                                      **
[  +0.000001] **   NOTICE NOTICE NOTICE NOTICE NOTICE NOTICE NOTICE   **
[  +0.000000] **********************************************************
[  +0.000214] SLUB: HWalign=64, Order=0-3, MinObjects=0, CPUs=32, Nodes=1
[  +0.000015] Kernel/User page tables isolation: enabled
[  +0.000045] ftrace: allocating 48884 entries in 191 pages
[  +0.007493] ftrace: allocated 191 pages with 7 groups
[  +0.000658] Dynamic Preempt: voluntary
[  +0.000125] rcu: Preemptible hierarchical RCU implementation.
[  +0.000001] rcu: 	RCU restricting CPUs from NR_CPUS=320 to nr_cpu_ids=32.
[  +0.000001] rcu: 	RCU priority boosting: priority 1 delay 500 ms.
[  +0.000001] 	All grace periods are expedited (rcu_expedited).
[  +0.000000] 	Trampoline variant of Tasks RCU enabled.
[  +0.000001] 	Rude variant of Tasks RCU enabled.
[  +0.000000] 	Tracing variant of Tasks RCU enabled.
[  +0.000001] rcu: RCU calculated value of scheduler-enlistment delay is 30 jiffies.
[  +0.000000] rcu: Adjusting geometry for rcu_fanout_leaf=16, nr_cpu_ids=32
[  +0.002654] NR_IRQS: 20736, nr_irqs: 1224, preallocated irqs: 16
[  +0.000213] rcu: srcu_init: Setting srcu_struct sizes based on contention.
[  +0.000136] kfence: initialized - using 2097152 bytes for 255 objects at 0xffff97ba4b800000-0xffff97ba4ba00000
[  +0.000051] Console: colour dummy device 80x25
[  +0.000003] printk: console [tty0] enabled
[  +0.000051] ACPI: Core revision 20230628
[  +0.000212] clocksource: hpet: mask: 0xffffffff max_cycles: 0xffffffff, max_idle_ns: 133484873504 ns
[  +0.000029] APIC: Switch to symmetric I/O mode setup
[  +0.000981] AMD-Vi: Using global IVHD EFR:0xf77ef22294ada, EFR2:0x0
[  +0.000357] APIC: Switched APIC routing to: physical flat
[  +0.000787] ..TIMER: vector=0x30 apic1=0 pin1=2 apic2=-1 pin2=-1
[  +0.014544] Calibrating delay loop (skipped), value calculated using timer frequency.. 7189.88 BogoMIPS (lpj=11977416)
[  +0.000010] AMD Zen1 DIV0 bug detected. Disable SMT for full protection.
[  +0.000028] LVT offset 1 assigned for vector 0xf9
[  +0.000062] LVT offset 2 assigned for vector 0xf4
[  +0.000016] Last level iTLB entries: 4KB 1024, 2MB 1024, 4MB 512
[  +0.000001] Last level dTLB entries: 4KB 1536, 2MB 1536, 4MB 768, 1GB 0
[  +0.000003] Spectre V1 : Mitigation: usercopy/swapgs barriers and __user pointer sanitization
[  +0.000004] Spectre V2 : Mitigation: Retpolines
[  +0.000001] Spectre V2 : Spectre v2 / SpectreRSB mitigation: Filling RSB on context switch
[  +0.000001] Spectre V2 : Spectre v2 / SpectreRSB : Filling RSB on VMEXIT
[  +0.000000] Spectre V2 : Enabling Speculation Barrier for firmware calls
[  +0.000001] RETBleed: Mitigation: untrained return thunk
[  +0.000003] Spectre V2 : mitigation: Enabling conditional Indirect Branch Prediction Barrier
[  +0.000004] Speculative Store Bypass: Mitigation: Speculative Store Bypass disabled via prctl
[  +0.000004] x86/fpu: Supporting XSAVE feature 0x001: 'x87 floating point registers'
[  +0.000001] x86/fpu: Supporting XSAVE feature 0x002: 'SSE registers'
[  +0.000001] x86/fpu: Supporting XSAVE feature 0x004: 'AVX registers'
[  +0.000001] x86/fpu: xstate_offset[2]:  576, xstate_sizes[2]:  256
[  +0.000002] x86/fpu: Enabled xstate features 0x7, context size is 832 bytes, using 'compacted' format.
[  +0.016986] Freeing SMP alternatives memory: 40K
[  +0.001787] Memory Encryption Features active: AMD SME
[  +0.000002] pid_max: default: 32768 minimum: 301
[  +0.006812] LSM: security=apparmor is ignored because it is superseded by lsm=capability,yama,safesetid,landlock,lockdown,apparmor,bpf
[  +0.000008] LSM: initializing lsm=capability,yama,safesetid,landlock,lockdown,apparmor,bpf,integrity
[  +0.000014] Yama: becoming mindful.
[  +0.000007] landlock: Up and running.
[  +0.000039] AppArmor: AppArmor initialized
[  +0.000002] LSM support for eBPF active
[  +0.000104] Mount-cache hash table entries: 65536 (order: 7, 524288 bytes, linear)
[  +0.000086] Mountpoint-cache hash table entries: 65536 (order: 7, 524288 bytes, linear)
[  +0.107275] smpboot: CPU0: AMD Ryzen 7 1800X Eight-Core Processor (family: 0x17, model: 0x1, stepping: 0x1)
[  +0.000066] RCU Tasks: Setting shift to 5 and lim to 1 rcu_task_cb_adjust=1.
[  +0.000000] RCU Tasks Rude: Setting shift to 5 and lim to 1 rcu_task_cb_adjust=1.
[  +0.000000] RCU Tasks Trace: Setting shift to 5 and lim to 1 rcu_task_cb_adjust=1.
[  +0.000000] Performance Events: Fam17h+ core perfctr, AMD PMU driver.
[  +0.000000] ... version:                0
[  +0.000000] ... bit width:              48
[  +0.000000] ... generic registers:      6
[  +0.000000] ... value mask:             0000ffffffffffff
[  +0.000000] ... max period:             00007fffffffffff
[  +0.000000] ... fixed-purpose events:   0
[  +0.000000] ... event mask:             000000000000003f
[  +0.000000] signal: max sigframe size: 1776
[  +0.000000] rcu: Hierarchical SRCU implementation.
[  +0.000000] rcu: 	Max phase no-delay instances is 1000.
[  +0.000000] NMI watchdog: Enabled. Permanently consumes one hw-PMU counter.
[  +0.000000] smp: Bringing up secondary CPUs ...
[  +0.000000] smpboot: x86: Booting SMP configuration:
[  +0.000000] .... node  #0, CPUs:        #1  #2  #3  #4  #5  #6  #7
[  +0.000755] smp: Brought up 1 node, 8 CPUs
[  +0.000000] smpboot: Max logical packages: 4
[  +0.000000] smpboot: Total of 8 processors activated (57514.08 BogoMIPS)
[  +0.006084] devtmpfs: initialized
[  +0.000000] x86/mm: Memory block size: 128MB
[  +0.002469] ACPI: PM: Registering ACPI NVS region [mem 0x0a200000-0x0a20afff] (45056 bytes)
[  +0.000000] ACPI: PM: Registering ACPI NVS region [mem 0xcab37000-0xcae9efff] (3571712 bytes)
[  +0.000000] clocksource: jiffies: mask: 0xffffffff max_cycles: 0xffffffff, max_idle_ns: 6370867519511994 ns
[  +0.000000] futex hash table entries: 8192 (order: 7, 524288 bytes, linear)
[  +0.000751] pinctrl core: initialized pinctrl subsystem
[  +0.000109] PM: RTC time: 19:37:57, date: 2024-06-01
[  +0.000481] NET: Registered PF_NETLINK/PF_ROUTE protocol family
[  +0.000814] DMA: preallocated 4096 KiB GFP_KERNEL pool for atomic allocations
[  +0.000446] DMA: preallocated 4096 KiB GFP_KERNEL|GFP_DMA pool for atomic allocations
[  +0.000452] DMA: preallocated 4096 KiB GFP_KERNEL|GFP_DMA32 pool for atomic allocations
[  +0.000130] thermal_sys: Registered thermal governor 'fair_share'
[  +0.000001] thermal_sys: Registered thermal governor 'bang_bang'
[  +0.000000] thermal_sys: Registered thermal governor 'step_wise'
[  +0.000001] thermal_sys: Registered thermal governor 'user_space'
[  +0.000001] thermal_sys: Registered thermal governor 'power_allocator'
[  +0.000019] cpuidle: using governor ladder
[  +0.000000] cpuidle: using governor menu
[  +0.000000] acpiphp: ACPI Hot Plug PCI Controller Driver version: 0.5
[  +0.000000] PCI: MMCONFIG for domain 0000 [bus 00-7f] at [mem 0xf0000000-0xf7ffffff] (base 0xf0000000)
[  +0.000000] PCI: not using MMCONFIG
[  +0.000000] PCI: Using configuration type 1 for base access
[  +0.000000] PCI: Using configuration type 1 for extended access
[  +0.000000] kprobes: kprobe jump-optimization is enabled. All kprobes are optimized if possible.
[  +0.000867] HugeTLB: registered 1.00 GiB page size, pre-allocated 0 pages
[  +0.000000] HugeTLB: 16380 KiB vmemmap can be freed for a 1.00 GiB page
[  +0.000000] HugeTLB: registered 2.00 MiB page size, pre-allocated 0 pages
[  +0.000000] HugeTLB: 28 KiB vmemmap can be freed for a 2.00 MiB page
[  +0.000118] ACPI: Added _OSI(Module Device)
[  +0.000001] ACPI: Added _OSI(Processor Device)
[  +0.000001] ACPI: Added _OSI(3.0 _SCP Extensions)
[  +0.000001] ACPI: Added _OSI(Processor Aggregator Device)
[  +0.017021] ACPI: 9 ACPI AML tables successfully acquired and loaded
[  +0.001543] ACPI: [Firmware Bug]: BIOS _OSI(Linux) query ignored
[  +0.003865] ACPI: _OSC evaluation for CPUs failed, trying _PDC
[  +0.000558] ACPI: Interpreter enabled
[  +0.000013] ACPI: PM: (supports S0 S4 S5)
[  +0.000001] ACPI: Using IOAPIC for interrupt routing
[  +0.000839] PCI: MMCONFIG for domain 0000 [bus 00-7f] at [mem 0xf0000000-0xf7ffffff] (base 0xf0000000)
[  +0.000047] PCI: MMCONFIG at [mem 0xf0000000-0xf7ffffff] reserved as ACPI motherboard resource
[  +0.000009] PCI: Using host bridge windows from ACPI; if necessary, use "pci=nocrs" and report a bug
[  +0.000001] PCI: Ignoring E820 reservations for host bridge windows
[  +0.000363] ACPI: Enabled 4 GPEs in block 00 to 1F
[  +0.021689] ACPI: PCI Root Bridge [PCI0] (domain 0000 [bus 00-ff])
[  +0.000006] acpi PNP0A08:00: _OSC: OS supports [ExtendedConfig ASPM ClockPM Segments MSI EDR HPX-Type3]
[  +0.000132] acpi PNP0A08:00: _OSC: platform does not support [PCIeHotplug SHPCHotplug PME LTR DPC]
[  +0.000243] acpi PNP0A08:00: _OSC: OS now controls [AER PCIeCapability]
[  +0.000011] acpi PNP0A08:00: [Firmware Info]: MMCONFIG for domain 0000 [bus 00-7f] only partially covers this bridge
[  +0.000451] PCI host bridge to bus 0000:00
[  +0.000002] pci_bus 0000:00: root bus resource [io  0x0000-0x03af window]
[  +0.000002] pci_bus 0000:00: root bus resource [io  0x03e0-0x0cf7 window]
[  +0.000001] pci_bus 0000:00: root bus resource [io  0x03b0-0x03df window]
[  +0.000001] pci_bus 0000:00: root bus resource [io  0x0d00-0xffff window]
[  +0.000002] pci_bus 0000:00: root bus resource [mem 0x000a0000-0x000dffff window]
[  +0.000001] pci_bus 0000:00: root bus resource [mem 0xd0000000-0xfec2ffff window]
[  +0.000002] pci_bus 0000:00: root bus resource [mem 0xfee00000-0xffffffff window]
[  +0.000001] pci_bus 0000:00: root bus resource [bus 00-ff]
[  +0.000014] pci 0000:00:00.0: [1022:1450] type 00 class 0x060000
[  +0.000088] pci 0000:00:00.2: [1022:1451] type 00 class 0x080600
[  +0.000099] pci 0000:00:01.0: [1022:1452] type 00 class 0x060000
[  +0.000050] pci 0000:00:01.1: [1022:1453] type 01 class 0x060400
[  +0.000107] pci 0000:00:01.1: PME# supported from D0 D3hot D3cold
[  +0.000132] pci 0000:00:01.2: [1022:1453] type 01 class 0x060400
[  +0.000032] pci 0000:00:01.2: enabling Extended Tags
[  +0.000076] pci 0000:00:01.2: PME# supported from D0 D3hot D3cold
[  +0.000164] pci 0000:00:02.0: [1022:1452] type 00 class 0x060000
[  +0.000070] pci 0000:00:03.0: [1022:1452] type 00 class 0x060000
[  +0.000061] pci 0000:00:04.0: [1022:1452] type 00 class 0x060000
[  +0.000065] pci 0000:00:07.0: [1022:1452] type 00 class 0x060000
[  +0.000053] pci 0000:00:07.1: [1022:1454] type 01 class 0x060400
[  +0.000029] pci 0000:00:07.1: enabling Extended Tags
[  +0.000066] pci 0000:00:07.1: PME# supported from D0 D3hot D3cold
[  +0.000132] pci 0000:00:08.0: [1022:1452] type 00 class 0x060000
[  +0.000051] pci 0000:00:08.1: [1022:1454] type 01 class 0x060400
[  +0.000029] pci 0000:00:08.1: enabling Extended Tags
[  +0.000075] pci 0000:00:08.1: PME# supported from D0 D3hot D3cold
[  +0.000166] pci 0000:00:14.0: [1022:790b] type 00 class 0x0c0500
[  +0.000216] pci 0000:00:14.3: [1022:790e] type 00 class 0x060100
[  +0.000243] pci 0000:00:18.0: [1022:1460] type 00 class 0x060000
[  +0.000042] pci 0000:00:18.1: [1022:1461] type 00 class 0x060000
[  +0.000040] pci 0000:00:18.2: [1022:1462] type 00 class 0x060000
[  +0.000041] pci 0000:00:18.3: [1022:1463] type 00 class 0x060000
[  +0.000042] pci 0000:00:18.4: [1022:1464] type 00 class 0x060000
[  +0.000033] pci 0000:00:18.5: [1022:1465] type 00 class 0x060000
[  +0.000033] pci 0000:00:18.6: [1022:1466] type 00 class 0x060000
[  +0.000034] pci 0000:00:18.7: [1022:1467] type 00 class 0x060000
[  +0.000121] pci 0000:01:00.0: [1179:010f] type 00 class 0x010802
[  +0.000013] pci 0000:01:00.0: reg 0x10: [mem 0xfcf00000-0xfcf03fff 64bit]
[  +0.000180] pci 0000:00:01.1: PCI bridge to [bus 01]
[  +0.000004] pci 0000:00:01.1:   bridge window [mem 0xfcf00000-0xfcffffff]
[  +0.000083] pci 0000:02:00.0: [1022:43ee] type 00 class 0x0c0330
[  +0.000015] pci 0000:02:00.0: reg 0x10: [mem 0xfcda0000-0xfcda7fff 64bit]
[  +0.000034] pci 0000:02:00.0: enabling Extended Tags
[  +0.000044] pci 0000:02:00.0: PME# supported from D3hot D3cold
[  +0.000135] pci 0000:02:00.1: [1022:43eb] type 00 class 0x010601
[  +0.000040] pci 0000:02:00.1: reg 0x24: [mem 0xfcd80000-0xfcd9ffff]
[  +0.000007] pci 0000:02:00.1: reg 0x30: [mem 0xfcd00000-0xfcd7ffff pref]
[  +0.000006] pci 0000:02:00.1: enabling Extended Tags
[  +0.000036] pci 0000:02:00.1: PME# supported from D3hot D3cold
[  +0.000091] pci 0000:02:00.2: [1022:43e9] type 01 class 0x060400
[  +0.000037] pci 0000:02:00.2: enabling Extended Tags
[  +0.000041] pci 0000:02:00.2: PME# supported from D3hot D3cold
[  +0.000105] pci 0000:00:01.2: PCI bridge to [bus 02-08]
[  +0.000003] pci 0000:00:01.2:   bridge window [io  0xe000-0xffff]
[  +0.000002] pci 0000:00:01.2:   bridge window [mem 0xfcb00000-0xfcdfffff]
[  +0.000002] pci 0000:00:01.2:   bridge window [mem 0xe0000000-0xefffffff 64bit pref]
[  +0.000113] pci 0000:03:00.0: [1022:43ea] type 01 class 0x060400
[  +0.000041] pci 0000:03:00.0: enabling Extended Tags
[  +0.000050] pci 0000:03:00.0: PME# supported from D3hot D3cold
[  +0.000112] pci 0000:03:01.0: [1022:43ea] type 01 class 0x060400
[  +0.000041] pci 0000:03:01.0: enabling Extended Tags
[  +0.000050] pci 0000:03:01.0: PME# supported from D3hot D3cold
[  +0.000105] pci 0000:03:02.0: [1022:43ea] type 01 class 0x060400
[  +0.000041] pci 0000:03:02.0: enabling Extended Tags
[  +0.000049] pci 0000:03:02.0: PME# supported from D3hot D3cold
[  +0.000103] pci 0000:03:03.0: [1022:43ea] type 01 class 0x060400
[  +0.000041] pci 0000:03:03.0: enabling Extended Tags
[  +0.000050] pci 0000:03:03.0: PME# supported from D3hot D3cold
[  +0.000116] pci 0000:03:08.0: [1022:43ea] type 01 class 0x060400
[  +0.000041] pci 0000:03:08.0: enabling Extended Tags
[  +0.000050] pci 0000:03:08.0: PME# supported from D3hot D3cold
[  +0.000112] pci 0000:02:00.2: PCI bridge to [bus 03-08]
[  +0.000005] pci 0000:02:00.2:   bridge window [io  0xe000-0xffff]
[  +0.000002] pci 0000:02:00.2:   bridge window [mem 0xfcb00000-0xfccfffff]
[  +0.000005] pci 0000:02:00.2:   bridge window [mem 0xe0000000-0xefffffff 64bit pref]
[  +0.000069] pci 0000:04:00.0: [1002:68f9] type 00 class 0x030000
[  +0.000033] pci 0000:04:00.0: reg 0x10: [mem 0xe0000000-0xefffffff 64bit pref]
[  +0.000022] pci 0000:04:00.0: reg 0x18: [mem 0xfcc20000-0xfcc3ffff 64bit]
[  +0.000014] pci 0000:04:00.0: reg 0x20: [io  0xf000-0xf0ff]
[  +0.000027] pci 0000:04:00.0: reg 0x30: [mem 0xfcc00000-0xfcc1ffff pref]
[  +0.000011] pci 0000:04:00.0: enabling Extended Tags
[  +0.000022] pci 0000:04:00.0: BAR 0: assigned to efifb
[  +0.000070] pci 0000:04:00.0: supports D1 D2
[  +0.000070] pci 0000:04:00.0: 2.000 Gb/s available PCIe bandwidth, limited by 2.5 GT/s PCIe x1 link at 0000:03:00.0 (capable of 32.000 Gb/s with 2.5 GT/s PCIe x16 link)
[  +0.000114] pci 0000:04:00.1: [1002:aa68] type 00 class 0x040300
[  +0.000030] pci 0000:04:00.1: reg 0x10: [mem 0xfcc40000-0xfcc43fff 64bit]
[  +0.000058] pci 0000:04:00.1: enabling Extended Tags
[  +0.000089] pci 0000:04:00.1: supports D1 D2
[  +0.000158] pci 0000:03:00.0: PCI bridge to [bus 04]
[  +0.000004] pci 0000:03:00.0:   bridge window [io  0xf000-0xffff]
[  +0.000003] pci 0000:03:00.0:   bridge window [mem 0xfcc00000-0xfccfffff]
[  +0.000004] pci 0000:03:00.0:   bridge window [mem 0xe0000000-0xefffffff 64bit pref]
[  +0.000040] pci 0000:03:01.0: PCI bridge to [bus 05]
[  +0.000045] pci 0000:03:02.0: PCI bridge to [bus 06]
[  +0.000092] pci 0000:07:00.0: [8086:10d3] type 00 class 0x020000
[  +0.000030] pci 0000:07:00.0: reg 0x10: [mem 0xfcbc0000-0xfcbdffff]
[  +0.000015] pci 0000:07:00.0: reg 0x14: [mem 0xfcb00000-0xfcb7ffff]
[  +0.000014] pci 0000:07:00.0: reg 0x18: [io  0xe000-0xe01f]
[  +0.000014] pci 0000:07:00.0: reg 0x1c: [mem 0xfcbe0000-0xfcbe3fff]
[  +0.000040] pci 0000:07:00.0: reg 0x30: [mem 0xfcb80000-0xfcbbffff pref]
[  +0.000133] pci 0000:07:00.0: PME# supported from D0 D3hot D3cold
[  +0.000225] pci 0000:03:03.0: PCI bridge to [bus 07]
[  +0.000005] pci 0000:03:03.0:   bridge window [io  0xe000-0xefff]
[  +0.000003] pci 0000:03:03.0:   bridge window [mem 0xfcb00000-0xfcbfffff]
[  +0.000034] pci 0000:03:08.0: PCI bridge to [bus 08]
[  +0.000099] pci 0000:09:00.0: [1022:145a] type 00 class 0x130000
[  +0.000021] pci 0000:09:00.0: enabling Extended Tags
[  +0.000086] pci 0000:09:00.2: [1022:1456] type 00 class 0x108000
[  +0.000010] pci 0000:09:00.2: reg 0x18: [mem 0xfc900000-0xfc9fffff]
[  +0.000008] pci 0000:09:00.2: reg 0x24: [mem 0xfca00000-0xfca01fff]
[  +0.000005] pci 0000:09:00.2: enabling Extended Tags
[  +0.000101] pci 0000:09:00.3: [1022:145c] type 00 class 0x0c0330
[  +0.000008] pci 0000:09:00.3: reg 0x10: [mem 0xfc800000-0xfc8fffff 64bit]
[  +0.000019] pci 0000:09:00.3: enabling Extended Tags
[  +0.000027] pci 0000:09:00.3: PME# supported from D0 D3hot D3cold
[  +0.000092] pci 0000:00:07.1: PCI bridge to [bus 09]
[  +0.000004] pci 0000:00:07.1:   bridge window [mem 0xfc800000-0xfcafffff]
[  +0.000072] pci 0000:0a:00.0: [1022:1455] type 00 class 0x130000
[  +0.000022] pci 0000:0a:00.0: enabling Extended Tags
[  +0.000096] pci 0000:0a:00.2: [1022:7901] type 00 class 0x010601
[  +0.000023] pci 0000:0a:00.2: reg 0x24: [mem 0xfce08000-0xfce08fff]
[  +0.000007] pci 0000:0a:00.2: enabling Extended Tags
[  +0.000030] pci 0000:0a:00.2: PME# supported from D3hot D3cold
[  +0.000084] pci 0000:0a:00.3: [1022:1457] type 00 class 0x040300
[  +0.000007] pci 0000:0a:00.3: reg 0x10: [mem 0xfce00000-0xfce07fff]
[  +0.000018] pci 0000:0a:00.3: enabling Extended Tags
[  +0.000029] pci 0000:0a:00.3: PME# supported from D0 D3hot D3cold
[  +0.000089] pci 0000:00:08.1: PCI bridge to [bus 0a]
[  +0.000003] pci 0000:00:08.1:   bridge window [mem 0xfce00000-0xfcefffff]
[  +0.000351] ACPI: PCI: Interrupt link LNKA configured for IRQ 0
[  +0.000071] ACPI: PCI: Interrupt link LNKB configured for IRQ 0
[  +0.000056] ACPI: PCI: Interrupt link LNKC configured for IRQ 0
[  +0.000069] ACPI: PCI: Interrupt link LNKD configured for IRQ 0
[  +0.000062] ACPI: PCI: Interrupt link LNKE configured for IRQ 0
[  +0.000051] ACPI: PCI: Interrupt link LNKF configured for IRQ 0
[  +0.000050] ACPI: PCI: Interrupt link LNKG configured for IRQ 0
[  +0.000051] ACPI: PCI: Interrupt link LNKH configured for IRQ 0
[  +0.000958] iommu: Default domain type: Translated
[  +0.000000] iommu: DMA domain TLB invalidation policy: strict mode (set via kernel command line)
[  +0.000000] SCSI subsystem initialized
[  +0.000000] libata version 3.00 loaded.
[  +0.000000] ACPI: bus type USB registered
[  +0.000000] usbcore: registered new interface driver usbfs
[  +0.000000] usbcore: registered new interface driver hub
[  +0.000000] usbcore: registered new device driver usb
[  +0.002708] pps_core: LinuxPPS API ver. 1 registered
[  +0.000001] pps_core: Software ver. 5.3.6 - Copyright 2005-2007 Rodolfo Giometti <giometti@linux.it>
[  +0.000003] PTP clock support registered
[  +0.000010] EDAC MC: Ver: 3.0.0
[  +0.000089] efivars: Registered efivars operations
[  +0.000000] NetLabel: Initializing
[  +0.000000] NetLabel:  domain hash size = 128
[  +0.000000] NetLabel:  protocols = UNLABELED CIPSOv4 CALIPSO
[  +0.000000] NetLabel:  unlabeled traffic allowed by default
[  +0.000000] mctp: management component transport protocol core
[  +0.000000] NET: Registered PF_MCTP protocol family
[  +0.000000] PCI: Using ACPI for IRQ routing
[  +0.009729] PCI: pci_cache_line_size set to 64 bytes
[  +0.000062] e820: reserve RAM buffer [mem 0x09d1f000-0x0bffffff]
[  +0.000002] e820: reserve RAM buffer [mem 0x0a200000-0x0bffffff]
[  +0.000001] e820: reserve RAM buffer [mem 0x0b000000-0x0bffffff]
[  +0.000001] e820: reserve RAM buffer [mem 0xc347e000-0xc3ffffff]
[  +0.000001] e820: reserve RAM buffer [mem 0xc6ffd000-0xc7ffffff]
[  +0.000001] e820: reserve RAM buffer [mem 0xc958c000-0xcbffffff]
[  +0.000001] e820: reserve RAM buffer [mem 0xca7e3000-0xcbffffff]
[  +0.000001] e820: reserve RAM buffer [mem 0xcd000000-0xcfffffff]
[  +0.000001] e820: reserve RAM buffer [mem 0x82f380000-0x82fffffff]
[  +0.000056] pci 0000:04:00.0: vgaarb: setting as boot VGA device
[  +0.000000] pci 0000:04:00.0: vgaarb: bridge control possible
[  +0.000000] pci 0000:04:00.0: vgaarb: VGA device added: decodes=io+mem,owns=none,locks=none
[  +0.000000] vgaarb: loaded
[  +0.000000] hpet0: at MMIO 0xfed00000, IRQs 2, 8, 0
[  +0.000000] hpet0: 3 comparators, 32-bit 14.318180 MHz counter
[  +0.001865] clocksource: Switched to clocksource hpet
[  +0.000647] VFS: Disk quotas dquot_6.6.0
[  +0.000012] VFS: Dquot-cache hash table entries: 512 (order 0, 4096 bytes)
[  +0.000135] AppArmor: AppArmor Filesystem Enabled
[  +0.000031] pnp: PnP ACPI init
[  +0.000083] system 00:00: [mem 0xf0000000-0xf7ffffff] has been reserved
[  +0.000238] system 00:02: [io  0x0290-0x029f] has been reserved
[  +0.000002] system 00:02: [io  0x0200-0x021f] has been reserved
[  +0.000349] system 00:03: [io  0x04d0-0x04d1] has been reserved
[  +0.000003] system 00:03: [io  0x040b] has been reserved
[  +0.000002] system 00:03: [io  0x04d6] has been reserved
[  +0.000001] system 00:03: [io  0x0c00-0x0c01] has been reserved
[  +0.000002] system 00:03: [io  0x0c14] has been reserved
[  +0.000001] system 00:03: [io  0x0c50-0x0c51] has been reserved
[  +0.000004] system 00:03: [io  0x0c52] has been reserved
[  +0.000001] system 00:03: [io  0x0c6c] has been reserved
[  +0.000002] system 00:03: [io  0x0c6f] has been reserved
[  +0.000001] system 00:03: [io  0x0cd8-0x0cdf] has been reserved
[  +0.000002] system 00:03: [io  0x0800-0x089f] has been reserved
[  +0.000001] system 00:03: [io  0x0b00-0x0b0f] has been reserved
[  +0.000002] system 00:03: [io  0x0b20-0x0b3f] has been reserved
[  +0.000002] system 00:03: [io  0x0900-0x090f] has been reserved
[  +0.000001] system 00:03: [io  0x0910-0x091f] has been reserved
[  +0.000002] system 00:03: [mem 0xfec00000-0xfec00fff] could not be reserved
[  +0.000002] system 00:03: [mem 0xfec01000-0xfec01fff] could not be reserved
[  +0.000003] system 00:03: [mem 0xfedc0000-0xfedc0fff] has been reserved
[  +0.000002] system 00:03: [mem 0xfee00000-0xfee00fff] has been reserved
[  +0.000002] system 00:03: [mem 0xfed80000-0xfed8ffff] could not be reserved
[  +0.000002] system 00:03: [mem 0xfec10000-0xfec10fff] has been reserved
[  +0.000002] system 00:03: [mem 0xff000000-0xffffffff] has been reserved
[  +0.000610] pnp: PnP ACPI: found 4 devices
[  +0.007046] clocksource: acpi_pm: mask: 0xffffff max_cycles: 0xffffff, max_idle_ns: 2085701024 ns
[  +0.000069] NET: Registered PF_INET protocol family
[  +0.000263] IP idents hash table entries: 262144 (order: 9, 2097152 bytes, linear)
[  +0.002585] tcp_listen_portaddr_hash hash table entries: 16384 (order: 6, 262144 bytes, linear)
[  +0.000047] Table-perturb hash table entries: 65536 (order: 6, 262144 bytes, linear)
[  +0.000224] TCP established hash table entries: 262144 (order: 9, 2097152 bytes, linear)
[  +0.000353] TCP bind hash table entries: 65536 (order: 9, 2097152 bytes, linear)
[  +0.000108] TCP: Hash tables configured (established 262144 bind 65536)
[  +0.000247] MPTCP token hash table entries: 32768 (order: 7, 786432 bytes, linear)
[  +0.000101] UDP hash table entries: 16384 (order: 7, 524288 bytes, linear)
[  +0.000088] UDP-Lite hash table entries: 16384 (order: 7, 524288 bytes, linear)
[  +0.000239] NET: Registered PF_UNIX/PF_LOCAL protocol family
[  +0.000009] NET: Registered PF_XDP protocol family
[  +0.000018] pci 0000:00:01.1: PCI bridge to [bus 01]
[  +0.000005] pci 0000:00:01.1:   bridge window [mem 0xfcf00000-0xfcffffff]
[  +0.000007] pci 0000:03:00.0: PCI bridge to [bus 04]
[  +0.000002] pci 0000:03:00.0:   bridge window [io  0xf000-0xffff]
[  +0.000004] pci 0000:03:00.0:   bridge window [mem 0xfcc00000-0xfccfffff]
[  +0.000003] pci 0000:03:00.0:   bridge window [mem 0xe0000000-0xefffffff 64bit pref]
[  +0.000005] pci 0000:03:01.0: PCI bridge to [bus 05]
[  +0.000009] pci 0000:03:02.0: PCI bridge to [bus 06]
[  +0.000009] pci 0000:03:03.0: PCI bridge to [bus 07]
[  +0.000001] pci 0000:03:03.0:   bridge window [io  0xe000-0xefff]
[  +0.000004] pci 0000:03:03.0:   bridge window [mem 0xfcb00000-0xfcbfffff]
[  +0.000006] pci 0000:03:08.0: PCI bridge to [bus 08]
[  +0.000010] pci 0000:02:00.2: PCI bridge to [bus 03-08]
[  +0.000001] pci 0000:02:00.2:   bridge window [io  0xe000-0xffff]
[  +0.000004] pci 0000:02:00.2:   bridge window [mem 0xfcb00000-0xfccfffff]
[  +0.000002] pci 0000:02:00.2:   bridge window [mem 0xe0000000-0xefffffff 64bit pref]
[  +0.000005] pci 0000:00:01.2: PCI bridge to [bus 02-08]
[  +0.000001] pci 0000:00:01.2:   bridge window [io  0xe000-0xffff]
[  +0.000002] pci 0000:00:01.2:   bridge window [mem 0xfcb00000-0xfcdfffff]
[  +0.000002] pci 0000:00:01.2:   bridge window [mem 0xe0000000-0xefffffff 64bit pref]
[  +0.000004] pci 0000:00:07.1: PCI bridge to [bus 09]
[  +0.000002] pci 0000:00:07.1:   bridge window [mem 0xfc800000-0xfcafffff]
[  +0.000004] pci 0000:00:08.1: PCI bridge to [bus 0a]
[  +0.000002] pci 0000:00:08.1:   bridge window [mem 0xfce00000-0xfcefffff]
[  +0.000005] pci_bus 0000:00: resource 4 [io  0x0000-0x03af window]
[  +0.000002] pci_bus 0000:00: resource 5 [io  0x03e0-0x0cf7 window]
[  +0.000001] pci_bus 0000:00: resource 6 [io  0x03b0-0x03df window]
[  +0.000001] pci_bus 0000:00: resource 7 [io  0x0d00-0xffff window]
[  +0.000001] pci_bus 0000:00: resource 8 [mem 0x000a0000-0x000dffff window]
[  +0.000002] pci_bus 0000:00: resource 9 [mem 0xd0000000-0xfec2ffff window]
[  +0.000001] pci_bus 0000:00: resource 10 [mem 0xfee00000-0xffffffff window]
[  +0.000001] pci_bus 0000:01: resource 1 [mem 0xfcf00000-0xfcffffff]
[  +0.000001] pci_bus 0000:02: resource 0 [io  0xe000-0xffff]
[  +0.000001] pci_bus 0000:02: resource 1 [mem 0xfcb00000-0xfcdfffff]
[  +0.000001] pci_bus 0000:02: resource 2 [mem 0xe0000000-0xefffffff 64bit pref]
[  +0.000002] pci_bus 0000:03: resource 0 [io  0xe000-0xffff]
[  +0.000001] pci_bus 0000:03: resource 1 [mem 0xfcb00000-0xfccfffff]
[  +0.000001] pci_bus 0000:03: resource 2 [mem 0xe0000000-0xefffffff 64bit pref]
[  +0.000001] pci_bus 0000:04: resource 0 [io  0xf000-0xffff]
[  +0.000001] pci_bus 0000:04: resource 1 [mem 0xfcc00000-0xfccfffff]
[  +0.000001] pci_bus 0000:04: resource 2 [mem 0xe0000000-0xefffffff 64bit pref]
[  +0.000002] pci_bus 0000:07: resource 0 [io  0xe000-0xefff]
[  +0.000000] pci_bus 0000:07: resource 1 [mem 0xfcb00000-0xfcbfffff]
[  +0.000002] pci_bus 0000:09: resource 1 [mem 0xfc800000-0xfcafffff]
[  +0.000001] pci_bus 0000:0a: resource 1 [mem 0xfce00000-0xfcefffff]
[  +0.000323] pci 0000:04:00.1: D0 power state depends on 0000:04:00.0
[  +0.000242] PCI: CLS 64 bytes, default 64
[  +0.000012] pci 0000:00:00.2: AMD-Vi: IOMMU performance counters supported
[  +0.000051] pci 0000:00:01.0: Adding to iommu group 0
[  +0.000014] Trying to unpack rootfs image as initramfs...
[  +0.000000] pci 0000:00:01.1: Adding to iommu group 1
[  +0.000013] pci 0000:00:01.2: Adding to iommu group 2
[  +0.000016] pci 0000:00:02.0: Adding to iommu group 3
[  +0.000019] pci 0000:00:03.0: Adding to iommu group 4
[  +0.000015] pci 0000:00:04.0: Adding to iommu group 5
[  +0.000018] pci 0000:00:07.0: Adding to iommu group 6
[  +0.000014] pci 0000:00:07.1: Adding to iommu group 7
[  +0.000021] pci 0000:00:08.0: Adding to iommu group 8
[  +0.000013] pci 0000:00:08.1: Adding to iommu group 9
[  +0.000020] pci 0000:00:14.0: Adding to iommu group 10
[  +0.000008] pci 0000:00:14.3: Adding to iommu group 10
[  +0.000040] pci 0000:00:18.0: Adding to iommu group 11
[  +0.000008] pci 0000:00:18.1: Adding to iommu group 11
[  +0.000009] pci 0000:00:18.2: Adding to iommu group 11
[  +0.000009] pci 0000:00:18.3: Adding to iommu group 11
[  +0.000011] pci 0000:00:18.4: Adding to iommu group 11
[  +0.000009] pci 0000:00:18.5: Adding to iommu group 11
[  +0.000009] pci 0000:00:18.6: Adding to iommu group 11
[  +0.000009] pci 0000:00:18.7: Adding to iommu group 11
[  +0.000010] pci 0000:01:00.0: Adding to iommu group 12
[  +0.000022] pci 0000:02:00.0: Adding to iommu group 13
[  +0.000010] pci 0000:02:00.1: Adding to iommu group 13
[  +0.000011] pci 0000:02:00.2: Adding to iommu group 13
[  +0.000007] pci 0000:03:00.0: Adding to iommu group 13
[  +0.000004] pci 0000:03:01.0: Adding to iommu group 13
[  +0.000005] pci 0000:03:02.0: Adding to iommu group 13
[  +0.000005] pci 0000:03:03.0: Adding to iommu group 13
[  +0.000006] pci 0000:03:08.0: Adding to iommu group 13
[  +0.000005] pci 0000:04:00.0: Adding to iommu group 13
[  +0.000003] pci 0000:04:00.1: Adding to iommu group 13
[  +0.000005] pci 0000:07:00.0: Adding to iommu group 13
[  +0.000018] pci 0000:09:00.0: Adding to iommu group 14
[  +0.000014] pci 0000:09:00.2: Adding to iommu group 15
[  +0.000011] pci 0000:09:00.3: Adding to iommu group 16
[  +0.000010] pci 0000:0a:00.0: Adding to iommu group 17
[  +0.000012] pci 0000:0a:00.2: Adding to iommu group 18
[  +0.000011] pci 0000:0a:00.3: Adding to iommu group 19
[  +0.004757] pci 0000:00:00.2: AMD-Vi: Found IOMMU cap 0x40
[  +0.000005] AMD-Vi: Extended features (0xf77ef22294ada, 0x0): PPR NX GT IA GA PC GA_vAPIC
[  +0.000007] AMD-Vi: Interrupt remapping enabled
[  +0.000352] AMD-Vi: Virtual APIC enabled
[  +0.000006] PCI-DMA: Using software bounce buffering for IO (SWIOTLB)
[  +0.000001] software IO TLB: mapped [mem 0x00000000bdceb000-0x00000000c1ceb000] (64MB)
[  +0.000203] perf/amd_iommu: Detected AMD IOMMU #0 (2 banks, 4 counters/bank).
[  +0.004500] Initialise system trusted keyrings
[  +0.000015] Key type blacklist registered
[  +0.000071] workingset: timestamp_bits=41 max_order=23 bucket_order=0
[  +0.000014] zbud: loaded
[  +0.000275] integrity: Platform Keyring initialized
[  +0.000002] integrity: Machine keyring initialized
[  +0.006355] Key type asymmetric registered
[  +0.000001] Asymmetric key parser 'x509' registered
[  +0.000019] Block layer SCSI generic (bsg) driver version 0.4 loaded (major 242)
[  +0.000245] io scheduler mq-deadline registered
[  +0.000001] io scheduler kyber registered
[  +0.000012] io scheduler bfq registered
[  +0.002092] pcieport 0000:00:01.1: AER: enabled with IRQ 26
[  +0.000270] pcieport 0000:00:01.2: AER: enabled with IRQ 27
[  +0.000278] pcieport 0000:00:07.1: AER: enabled with IRQ 28
[  +0.000371] pcieport 0000:00:08.1: AER: enabled with IRQ 30
[  +0.000864] shpchp: Standard Hot Plug PCI Controller Driver version: 0.4
[  +0.000122] input: Power Button as /devices/LNXSYSTM:00/LNXSYBUS:00/PNP0C0C:00/input/input0
[  +0.000028] ACPI: button: Power Button [PWRB]
[  +0.000029] input: Power Button as /devices/LNXSYSTM:00/LNXPWRBN:00/input/input1
[  +0.000078] ACPI: button: Power Button [PWRF]
[  +0.000043] [Firmware Bug]: ACPI MWAIT C-state 0x0 not supported by HW (0x0)
[  +0.000009] ACPI: \_SB_.PLTF.C000: Found 2 idle states
[  +0.000070] [Firmware Bug]: ACPI MWAIT C-state 0x0 not supported by HW (0x0)
[  +0.000003] ACPI: \_SB_.PLTF.C001: Found 2 idle states
[  +0.000111] [Firmware Bug]: ACPI MWAIT C-state 0x0 not supported by HW (0x0)
[  +0.000014] ACPI: \_SB_.PLTF.C002: Found 2 idle states
[  +0.000156] [Firmware Bug]: ACPI MWAIT C-state 0x0 not supported by HW (0x0)
[  +0.000010] ACPI: \_SB_.PLTF.C003: Found 2 idle states
[  +0.000122] [Firmware Bug]: ACPI MWAIT C-state 0x0 not supported by HW (0x0)
[  +0.000013] ACPI: \_SB_.PLTF.C004: Found 2 idle states
[  +0.000138] [Firmware Bug]: ACPI MWAIT C-state 0x0 not supported by HW (0x0)
[  +0.000013] ACPI: \_SB_.PLTF.C005: Found 2 idle states
[  +0.000080] [Firmware Bug]: ACPI MWAIT C-state 0x0 not supported by HW (0x0)
[  +0.000015] ACPI: \_SB_.PLTF.C006: Found 2 idle states
[  +0.000115] [Firmware Bug]: ACPI MWAIT C-state 0x0 not supported by HW (0x0)
[  +0.000014] ACPI: \_SB_.PLTF.C007: Found 2 idle states
[  +0.000277] Serial: 8250/16550 driver, 32 ports, IRQ sharing enabled
[  +0.000257] serial8250: ttyS0 at I/O 0x3f8 (irq = 4, base_baud = 115200) is a 16550A
[  +0.002844] Non-volatile memory driver v1.3
[  +0.000002] Linux agpgart interface v0.103
[  +0.000129] AMD-Vi: AMD IOMMUv2 loaded and initialized
[  +0.000055] ACPI: bus type drm_connector registered
[  +0.001266] ahci 0000:02:00.1: version 3.0
[  +0.000149] ahci 0000:02:00.1: SSS flag set, parallel bus scan disabled
[  +0.000043] ahci 0000:02:00.1: AHCI 0001.0301 32 slots 6 ports 6 Gbps 0x3f impl SATA mode
[  +0.000003] ahci 0000:02:00.1: flags: 64bit ncq sntf stag pm led clo only pmp pio slum part sxs deso sadm sds apst 
[  +0.000564] scsi host0: ahci
[  +0.000154] scsi host1: ahci
[  +0.000138] scsi host2: ahci
[  +0.000139] scsi host3: ahci
[  +0.000126] scsi host4: ahci
[  +0.000139] scsi host5: ahci
[  +0.000038] ata1: SATA max UDMA/133 abar m131072@0xfcd80000 port 0xfcd80100 irq 40
[  +0.000003] ata2: SATA max UDMA/133 abar m131072@0xfcd80000 port 0xfcd80180 irq 40
[  +0.000002] ata3: SATA max UDMA/133 abar m131072@0xfcd80000 port 0xfcd80200 irq 40
[  +0.000001] ata4: SATA max UDMA/133 abar m131072@0xfcd80000 port 0xfcd80280 irq 40
[  +0.000002] ata5: SATA max UDMA/133 abar m131072@0xfcd80000 port 0xfcd80300 irq 40
[  +0.000001] ata6: SATA max UDMA/133 abar m131072@0xfcd80000 port 0xfcd80380 irq 40
[  +0.000148] ahci 0000:0a:00.2: AHCI 0001.0301 32 slots 1 ports 6 Gbps 0x1 impl SATA mode
[  +0.000004] ahci 0000:0a:00.2: flags: 64bit ncq sntf ilck pm led clo only pmp fbs pio slum part 
[  +0.000225] scsi host6: ahci
[  +0.000044] ata7: SATA max UDMA/133 abar m4096@0xfce08000 port 0xfce08100 irq 42
[  +0.000095] usbcore: registered new interface driver usbserial_generic
[  +0.000005] usbserial: USB Serial support registered for generic
[  +0.000093] rtc_cmos 00:01: RTC can wake from S4
[  +0.000405] rtc_cmos 00:01: registered as rtc0
[  +0.000083] rtc_cmos 00:01: setting system clock to 2024-06-01T19:37:57 UTC (1717270677)
[  +0.000046] rtc_cmos 00:01: alarms up to one month, y3k, 114 bytes nvram
[  +0.000042] amd_pstate: the _CPC object is not present in SBIOS or ACPI disabled
[  +0.000189] ledtrig-cpu: registered to indicate activity on CPUs
[  +0.000390] [drm] Initialized simpledrm 1.0.0 20200625 for simple-framebuffer.0 on minor 0
[  +0.000521] fbcon: Deferring console take-over
[  +0.000002] simple-framebuffer simple-framebuffer.0: [drm] fb0: simpledrmdrmfb frame buffer device
[  +0.000049] hid: raw HID events driver (C) Jiri Kosina
[  +0.000125] drop_monitor: Initializing network drop monitor service
[  +0.011465] Initializing XFRM netlink socket
[  +0.000038] NET: Registered PF_INET6 protocol family
[  +0.013654] Freeing initrd memory: 34704K
[  +0.005489] Segment Routing with IPv6
[  +0.000003] RPL Segment Routing with IPv6
[  +0.000012] In-situ OAM (IOAM) with IPv6
[  +0.000029] NET: Registered PF_PACKET protocol family
[  +0.001035] microcode: CPU4: patch_level=0x08001138
[  +0.000001] microcode: CPU1: patch_level=0x08001138
[  +0.000000] microcode: CPU2: patch_level=0x08001138
[  +0.000000] microcode: CPU0: patch_level=0x08001138
[  +0.000003] microcode: CPU3: patch_level=0x08001138
[  +0.000001] microcode: CPU5: patch_level=0x08001138
[  -0.000002] microcode: CPU6: patch_level=0x08001138
[  +0.000009] microcode: CPU7: patch_level=0x08001138
[  +0.000022] microcode: Microcode Update Driver: v2.2.
[  +0.000005] IPI shorthand broadcast: enabled
[  +0.001997] registered taskstats version 1
[  +0.000847] Loading compiled-in X.509 certificates
[  +0.002649] Loaded X.509 cert 'Build time autogenerated kernel key: a803fbc06800b16b7c6d958c2ca9e035187106fc'
[  +0.004245] zswap: loaded using pool zstd/zsmalloc
[  +0.003299] Key type .fscrypt registered
[  +0.000002] Key type fscrypt-provisioning registered
[  +0.000048] AppArmor: AppArmor sha1 policy hashing enabled
[  +0.000157] integrity: Loading X.509 certificate: UEFI:db
[  +0.000226] integrity: Loaded X.509 cert 'ASUSTeK MotherBoard SW Key Certificate: da83b990422ebc8c441f8d8b039a65a2'
[  +0.000002] integrity: Loading X.509 certificate: UEFI:db
[  +0.000135] integrity: Loaded X.509 cert 'ASUSTeK Notebook SW Key Certificate: b8e581e4df77a5bb4282d5ccfc00c071'
[  +0.000000] integrity: Loading X.509 certificate: UEFI:db
[  +0.000018] integrity: Loaded X.509 cert 'Microsoft Corporation UEFI CA 2011: 13adbf4309bd82709c8cd54f316ed522988a1bd4'
[  +0.000001] integrity: Loading X.509 certificate: UEFI:db
[  +0.000014] integrity: Loaded X.509 cert 'Microsoft Windows Production PCA 2011: a92902398e16c49778cd90f99e4f9ae17c55af53'
[  +0.000001] integrity: Loading X.509 certificate: UEFI:db
[  +0.000135] integrity: Loaded X.509 cert 'Canonical Ltd. Master Certificate Authority: ad91990bc22ab1f517048c23b6655a268e345a63'
[  +0.000607] PM:   Magic number: 12:670:646
[  +0.000014] scsi_host host0: hash matches
[  +0.000002] scsi host0: hash matches
[  +0.002899] RAS: Correctable Errors collector initialized.
[  +0.000036] Lockdown: swapper/0: hibernation is restricted; see man kernel_lockdown.7
[  +0.000054] clk: Disabling unused clocks
[  +0.262034] ata1: SATA link down (SStatus 0 SControl 330)
[  +0.000003] ata7: SATA link down (SStatus 0 SControl 300)
[  +0.311740] ata2: SATA link down (SStatus 0 SControl 330)
[  +0.310433] ata3: SATA link down (SStatus 0 SControl 330)
[  +0.313660] ata4: SATA link down (SStatus 0 SControl 330)
[  +0.314453] ata5: SATA link down (SStatus 0 SControl 330)
[  +0.313816] ata6: SATA link down (SStatus 0 SControl 330)
[  +0.001540] Freeing unused decrypted memory: 2028K
[  +0.000360] Freeing unused kernel image (initmem) memory: 3424K
[  +0.000023] Write protecting the kernel read-only data: 30720k
[  +0.000264] Freeing unused kernel image (rodata/data gap) memory: 1248K
[  +0.040863] x86/mm: Checked W+X mappings: passed, no W+X pages found.
[  +0.000005] rodata_test: all tests were successful
[  +0.000001] x86/mm: Checking user space page tables
[  +0.041977] x86/mm: Checked W+X mappings: passed, no W+X pages found.
[  +0.000009] Run /init as init process
[  +0.000001]   with arguments:
[  +0.000001]     /init
[  +0.000001]     extra_latent_entropy
[  +0.000001]   with environment:
[  +0.000000]     HOME=/
[  +0.000001]     TERM=linux
[  +0.000000]     BOOT_IMAGE=/boot/vmlinuz-linux-lts
[  +0.000001]     kasan_multi_shot=on
[  +0.000001]     pti=on
[  +0.000000]     mem_encrypt=on
[  +0.000001]     noexec=on
[  +0.020140] fbcon: Taking over console
[  +0.017670] Console: switching to colour frame buffer device 128x48
[  +0.224608] xhci_hcd 0000:02:00.0: xHCI Host Controller
[  +0.000011] xhci_hcd 0000:02:00.0: new USB bus registered, assigned bus number 1
[  +0.010798] nvme nvme0: pci function 0000:01:00.0
[  +0.005558] nvme nvme0: 7/0/0 default/read/poll queues
[  +0.001685]  nvme0n1: p1 p2 p3
[  +0.037422] xhci_hcd 0000:02:00.0: hcc params 0x0200ef81 hci version 0x110 quirks 0x0000000000000410
[  +0.000202] xhci_hcd 0000:02:00.0: xHCI Host Controller
[  +0.000003] xhci_hcd 0000:02:00.0: new USB bus registered, assigned bus number 2
[  +0.000004] xhci_hcd 0000:02:00.0: Host supports USB 3.1 Enhanced SuperSpeed
[  +0.000072] usb usb1: New USB device found, idVendor=1d6b, idProduct=0002, bcdDevice= 6.06
[  +0.000003] usb usb1: New USB device strings: Mfr=3, Product=2, SerialNumber=1
[  +0.000001] usb usb1: Product: xHCI Host Controller
[  +0.000002] usb usb1: Manufacturer: Linux 6.6.32-1-lts xhci-hcd
[  +0.000001] usb usb1: SerialNumber: 0000:02:00.0
[  +0.000168] hub 1-0:1.0: USB hub found
[  +0.000013] hub 1-0:1.0: 10 ports detected
[  +0.010335] usb usb2: We don't know the algorithms for LPM for this host, disabling LPM.
[  +0.000029] usb usb2: New USB device found, idVendor=1d6b, idProduct=0003, bcdDevice= 6.06
[  +0.000002] usb usb2: New USB device strings: Mfr=3, Product=2, SerialNumber=1
[  +0.000002] usb usb2: Product: xHCI Host Controller
[  +0.000001] usb usb2: Manufacturer: Linux 6.6.32-1-lts xhci-hcd
[  +0.000001] usb usb2: SerialNumber: 0000:02:00.0
[  +0.000181] hub 2-0:1.0: USB hub found
[  +0.000008] hub 2-0:1.0: 4 ports detected
[  +0.004759] xhci_hcd 0000:09:00.3: xHCI Host Controller
[  +0.000005] xhci_hcd 0000:09:00.3: new USB bus registered, assigned bus number 3
[  +0.000110] xhci_hcd 0000:09:00.3: hcc params 0x0270f665 hci version 0x100 quirks 0x0000000040000410
[  +0.000155] xhci_hcd 0000:09:00.3: xHCI Host Controller
[  +0.000005] xhci_hcd 0000:09:00.3: new USB bus registered, assigned bus number 4
[  +0.000002] xhci_hcd 0000:09:00.3: Host supports USB 3.0 SuperSpeed
[  +0.000028] usb usb3: New USB device found, idVendor=1d6b, idProduct=0002, bcdDevice= 6.06
[  +0.000002] usb usb3: New USB device strings: Mfr=3, Product=2, SerialNumber=1
[  +0.000001] usb usb3: Product: xHCI Host Controller
[  +0.000001] usb usb3: Manufacturer: Linux 6.6.32-1-lts xhci-hcd
[  +0.000001] usb usb3: SerialNumber: 0000:09:00.3
[  +0.000109] hub 3-0:1.0: USB hub found
[  +0.000007] hub 3-0:1.0: 4 ports detected
[  +0.000191] usb usb4: We don't know the algorithms for LPM for this host, disabling LPM.
[  +0.000019] usb usb4: New USB device found, idVendor=1d6b, idProduct=0003, bcdDevice= 6.06
[  +0.000001] usb usb4: New USB device strings: Mfr=3, Product=2, SerialNumber=1
[  +0.000001] usb usb4: Product: xHCI Host Controller
[  +0.000001] usb usb4: Manufacturer: Linux 6.6.32-1-lts xhci-hcd
[  +0.000001] usb usb4: SerialNumber: 0000:09:00.3
[  +0.000093] hub 4-0:1.0: USB hub found
[  +0.000006] hub 4-0:1.0: 4 ports detected
[  +0.061772] [drm] radeon kernel modesetting enabled.
[  +0.000412] Console: switching to colour dummy device 80x25
[  +0.000689] radeon 0000:04:00.0: vgaarb: deactivate vga console
[  +0.000230] [drm] initializing kernel modesetting (CEDAR 0x1002:0x68F9 0x1787:0x5220 0x00).
[  +0.000039] ATOM BIOS: CEDAR
[  +0.000118] radeon 0000:04:00.0: VRAM: 1024M 0x0000000000000000 - 0x000000003FFFFFFF (1024M used)
[  +0.000003] radeon 0000:04:00.0: GTT: 1024M 0x0000000040000000 - 0x000000007FFFFFFF
[  +0.000003] [drm] Detected VRAM RAM=1024M, BAR=256M
[  +0.000001] [drm] RAM width 64bits DDR
[  +0.000097] [drm] radeon: 1024M of VRAM memory ready
[  +0.000001] [drm] radeon: 1024M of GTT memory ready.
[  +0.000006] [drm] Loading CEDAR Microcode
[  +0.000448] [drm] Internal thermal controller with fan control
[  +0.037284] [drm] radeon: dpm initialized
[  +0.000832] [drm] GART: num cpu pages 262144, num gpu pages 262144
[  +0.000685] [drm] enabling PCIE gen 2 link speeds, disable with radeon.pcie_gen2=0
[  +0.023609] [drm] PCIE GART of 1024M enabled (table at 0x000000000014C000).
[  +0.000137] radeon 0000:04:00.0: WB enabled
[  +0.000002] radeon 0000:04:00.0: fence driver on ring 0 use gpu addr 0x0000000040000c00
[  +0.000001] radeon 0000:04:00.0: fence driver on ring 3 use gpu addr 0x0000000040000c0c
[  +0.005852] radeon 0000:04:00.0: fence driver on ring 5 use gpu addr 0x000000000005c418
[  +0.000388] radeon 0000:04:00.0: radeon: MSI limited to 32-bit
[  +0.000079] radeon 0000:04:00.0: radeon: using MSI.
[  +0.000036] [drm] radeon: irq initialized.
[  +0.016847] [drm] ring test on 0 succeeded in 1 usecs
[  +0.000011] [drm] ring test on 3 succeeded in 4 usecs
[  +0.099947] usb 3-1: new low-speed USB device number 2 using xhci_hcd
[  +0.060002] usb 1-6: new full-speed USB device number 2 using xhci_hcd
[  +0.017262] [drm] ring test on 5 succeeded in 1 usecs
[  +0.000012] [drm] UVD initialized successfully.
[  +0.000269] [drm] ib test on ring 0 succeeded in 0 usecs
[  +0.000080] [drm] ib test on ring 3 succeeded in 0 usecs
[  +0.096571] usb 3-1: New USB device found, idVendor=09da, idProduct=2268, bcdDevice= 1.04
[  +0.000004] usb 3-1: New USB device strings: Mfr=1, Product=2, SerialNumber=0
[  +0.000002] usb 3-1: Product: USB Keyboard
[  +0.000001] usb 3-1: Manufacturer: SONiX
[  +0.044386] input: SONiX USB Keyboard as /devices/pci0000:00/0000:00:07.1/0000:09:00.3/usb3/3-1/3-1:1.0/0003:09DA:2268.0001/input/input2
[  +0.010360] [drm] ib test on ring 5 succeeded
[  +0.000346] [drm] Radeon Display Connectors
[  +0.000002] [drm] Connector 0:
[  +0.000000] [drm]   HDMI-A-1
[  +0.000001] [drm]   HPD1
[  +0.000001] [drm]   DDC: 0x6460 0x6460 0x6464 0x6464 0x6468 0x6468 0x646c 0x646c
[  +0.000001] [drm]   Encoders:
[  +0.000001] [drm]     DFP1: INTERNAL_UNIPHY1
[  +0.000000] [drm] Connector 1:
[  +0.000001] [drm]   DVI-D-1
[  +0.000001] [drm]   HPD4
[  +0.000000] [drm]   DDC: 0x6430 0x6430 0x6434 0x6434 0x6438 0x6438 0x643c 0x643c
[  +0.000001] [drm]   Encoders:
[  +0.000001] [drm]     DFP2: INTERNAL_UNIPHY
[  +0.000000] [drm] Connector 2:
[  +0.000001] [drm]   VGA-1
[  +0.000000] [drm]   DDC: 0x64d8 0x64d8 0x64dc 0x64dc 0x64e0 0x64e0 0x64e4 0x64e4
[  +0.000001] [drm]   Encoders:
[  +0.000001] [drm]     CRT1: INTERNAL_KLDSCP_DAC1
[  +0.001599] [drm] Initialized radeon 2.50.0 20080528 for 0000:04:00.0 on minor 0
[  +0.026081] [drm] fb mappable at 0xE034D000
[  +0.000013] [drm] vram apper at 0xE0000000
[  +0.000001] [drm] size 3145728
[  +0.000001] [drm] fb depth is 24
[  +0.000000] [drm]    pitch is 4096
[  +0.000125] fbcon: radeondrmfb (fb0) is primary device
[  +0.013259] usb 4-4: new SuperSpeed USB device number 2 using xhci_hcd
[  +0.003860] hid-generic 0003:09DA:2268.0001: input,hidraw0: USB HID v1.11 Keyboard [SONiX USB Keyboard] on usb-0000:09:00.3-1/input0
[  +0.009176] input: SONiX USB Keyboard Consumer Control as /devices/pci0000:00/0000:00:07.1/0000:09:00.3/usb3/3-1/3-1:1.1/0003:09DA:2268.0002/input/input3
[  +0.010593] Console: switching to colour frame buffer device 128x48
[  +0.000504] usb 4-4: New USB device found, idVendor=0bda, idProduct=9210, bcdDevice=20.01
[  +0.000004] usb 4-4: New USB device strings: Mfr=1, Product=2, SerialNumber=3
[  +0.000002] usb 4-4: Product: RTL9210
[  +0.000001] usb 4-4: Manufacturer: Realtek
[  +0.000001] usb 4-4: SerialNumber: 012345678904
[  +0.007920] radeon 0000:04:00.0: [drm] fb0: radeondrmfb frame buffer device
[  +0.002980] usbcore: registered new interface driver usb-storage
[  +0.034814] input: SONiX USB Keyboard System Control as /devices/pci0000:00/0000:00:07.1/0000:09:00.3/usb3/3-1/3-1:1.1/0003:09DA:2268.0002/input/input4
[  +0.000098] hid-generic 0003:09DA:2268.0002: input,hidraw1: USB HID v1.11 Device [SONiX USB Keyboard] on usb-0000:09:00.3-1/input1
[  +0.000045] usbcore: registered new interface driver usbhid
[  +0.000001] usbhid: USB HID core driver
[  +0.072947] usb 3-2: new low-speed USB device number 3 using xhci_hcd
[  +0.022017] usb 1-6: config 1 has an invalid interface number: 2 but max is 1
[  +0.000003] usb 1-6: config 1 has no interface number 1
[  +0.011987] usb 1-6: New USB device found, idVendor=0b05, idProduct=1939, bcdDevice= 1.00
[  +0.000004] usb 1-6: New USB device strings: Mfr=1, Product=2, SerialNumber=3
[  +0.000002] usb 1-6: Product: AURA LED Controller
[  +0.000001] usb 1-6: Manufacturer: AsusTek Computer Inc.
[  +0.000002] usb 1-6: SerialNumber: 9876543210
[  +0.014960] hid-generic 0003:0B05:1939.0003: hiddev96,hidraw2: USB HID v1.11 Device [AsusTek Computer Inc. AURA LED Controller] on usb-0000:02:00.0-6/input2
[  +0.119015] usb 3-2: New USB device found, idVendor=1bcf, idProduct=0005, bcdDevice= 0.90
[  +0.000004] usb 3-2: New USB device strings: Mfr=0, Product=2, SerialNumber=0
[  +0.000002] usb 3-2: Product: USB Optical Mouse
[  +0.072002] usb 1-7: new high-speed USB device number 3 using xhci_hcd
[  +0.089739] scsi host7: uas
[  +0.000076] usbcore: registered new interface driver uas
[  +0.008098] scsi 7:0:0:0: Direct-Access     Realtek  RTL9210 NVME     1.00 PQ: 0 ANSI: 6
[  +0.008158] input: USB Optical Mouse as /devices/pci0000:00/0000:00:07.1/0000:09:00.3/usb3/3-2/3-2:1.0/0003:1BCF:0005.0004/input/input5
[  +0.000110] hid-generic 0003:1BCF:0005.0004: input,hidraw3: USB HID v1.10 Mouse [USB Optical Mouse] on usb-0000:09:00.3-2/input0
[  +0.042661] sd 7:0:0:0: [sda] 1000215216 512-byte logical blocks: (512 GB/477 GiB)
[  +0.001876] sd 7:0:0:0: [sda] Write Protect is off
[  +0.000003] sd 7:0:0:0: [sda] Mode Sense: 37 00 00 08
[  +0.004794] sd 7:0:0:0: [sda] Write cache: enabled, read cache: enabled, doesn't support DPO or FUA
[  +0.001428] sd 7:0:0:0: [sda] Preferred minimum I/O size 512 bytes
[  +0.000003] sd 7:0:0:0: [sda] Optimal transfer size 33553920 bytes
[  +0.015890]  sda: sda1
[  +0.000080] sd 7:0:0:0: [sda] Attached SCSI disk
[  +0.056336] usb 1-7: New USB device found, idVendor=05e3, idProduct=0608, bcdDevice=60.90
[  +0.000004] usb 1-7: New USB device strings: Mfr=0, Product=1, SerialNumber=0
[  +0.000001] usb 1-7: Product: USB2.0 Hub
[  +0.007878] hub 1-7:1.0: USB hub found
[  +0.003979] hub 1-7:1.0: 4 ports detected
[Jun 1 19:38] [drm] amdgpu kernel modesetting enabled.
[  +0.000344] amdgpu: Virtual CRAT table created for CPU
[  +0.000015] amdgpu: Topology: Add CPU node
[  +0.044589] Lockdown: systemd-hiberna: hibernation is restricted; see man kernel_lockdown.7
[  +1.762558] EXT4-fs (nvme0n1p2): mounted filesystem 746a8dff-e8f3-4ffa-b19a-65543a06744a r/w with ordered data mode. Quota mode: none.
[  +0.074621] systemd[1]: systemd 255.7-1-arch running in system mode (+PAM +AUDIT -SELINUX -APPARMOR -IMA +SMACK +SECCOMP +GCRYPT +GNUTLS +OPENSSL +ACL +BLKID +CURL +ELFUTILS +FIDO2 +IDN2 -IDN +IPTC +KMOD +LIBCRYPTSETUP +LIBFDISK +PCRE2 +PWQUALITY +P11KIT +QRENCODE +TPM2 +BZIP2 +LZ4 +XZ +ZLIB +ZSTD +BPF_FRAMEWORK +XKBCOMMON +UTMP -SYSVINIT default-hierarchy=unified)
[  +0.000009] systemd[1]: Detected architecture x86-64.
[  +0.007329] systemd[1]: memfd_create() called without MFD_EXEC or MFD_NOEXEC_SEAL set
[  +0.262195] systemd[1]: bpf-lsm: LSM BPF program attached
[  +0.021359] systemd-fstab-generator[343]: Checking was requested for "/home", but it is not a device.
[  +0.000358] systemd-fstab-generator[343]: Checking was requested for "/var", but it is not a device.
[  +0.091458] systemd[1]: Queued start job for default target Graphical Interface.
[  +0.007692] systemd[1]: Created slice Slice /system/dirmngr.
[  +0.000519] systemd[1]: Created slice Slice /system/getty.
[  +0.000391] systemd[1]: Created slice Slice /system/gpg-agent.
[  +0.000400] systemd[1]: Created slice Slice /system/gpg-agent-browser.
[  +0.000437] systemd[1]: Created slice Slice /system/gpg-agent-extra.
[  +0.000463] systemd[1]: Created slice Slice /system/gpg-agent-ssh.
[  +0.000430] systemd[1]: Created slice Slice /system/keyboxd.
[  +0.000444] systemd[1]: Created slice Slice /system/modprobe.
[  +0.000483] systemd[1]: Created slice Slice /system/systemd-fsck.
[  +0.000343] systemd[1]: Created slice User and Session Slice.
[  +0.000161] systemd[1]: Started Dispatch Password Requests to Console Directory Watch.
[  +0.000180] systemd[1]: Started Forward Password Requests to Wall Directory Watch.
[  +0.000283] systemd[1]: Set up automount Arbitrary Executable File Formats File System Automount Point.
[  +0.000162] systemd[1]: Expecting device /dev/disk/by-uuid/AE3D-36FE...
[  +0.000099] systemd[1]: Expecting device /dev/disk/by-uuid/b43add85-8312-4c07-ac17-42aecea17fbe...
[  +0.000223] systemd[1]: Reached target Local Encrypted Volumes.
[  +0.000111] systemd[1]: Reached target Login Prompts.
[  +0.000094] systemd[1]: Reached target Local Integrity Protected Volumes.
[  +0.000131] systemd[1]: Reached target Remote File Systems.
[  +0.000103] systemd[1]: Reached target Slice Units.
[  +0.000092] systemd[1]: Reached target Mounting snaps.
[  +0.000093] systemd[1]: Reached target Mounted snaps.
[  +0.000099] systemd[1]: Reached target System Time Set.
[  +0.000106] systemd[1]: Reached target Local Verity Protected Volumes.
[  +0.000189] systemd[1]: Listening on Device-mapper event daemon FIFOs.
[  +0.000262] systemd[1]: Listening on LVM2 poll daemon socket.
[  +0.001273] systemd[1]: Listening on Process Core Dump Socket.
[  +0.000218] systemd[1]: Listening on Journal Socket (/dev/log).
[  +0.000214] systemd[1]: Listening on Journal Socket.
[  +0.000112] systemd[1]: TPM2 PCR Extension (Varlink) was skipped because of an unmet condition check (ConditionSecurity=measured-uki).
[  +0.000163] systemd[1]: Listening on udev Control Socket.
[  +0.000202] systemd[1]: Listening on udev Kernel Socket.
[  +0.001091] systemd[1]: Mounting Huge Pages File System...
[  +0.000868] systemd[1]: Mounting POSIX Message Queue File System...
[  +0.000717] systemd[1]: Mounting /dev/tmp...
[  +0.000774] systemd[1]: Mounting Kernel Debug File System...
[  +0.003115] systemd[1]: Mounting Kernel Trace File System...
[  +0.003354] systemd[1]: Starting Create List of Static Device Nodes...
[  +0.003085] systemd[1]: Starting Monitoring of LVM2 mirrors, snapshots etc. using dmeventd or progress polling...
[  +0.003403] systemd[1]: Starting Load Kernel Module configfs...
[  +0.003332] systemd[1]: Starting Load Kernel Module dm_mod...
[  +0.003309] systemd[1]: Starting Load Kernel Module drm...
[  +0.003356] systemd[1]: Starting Load Kernel Module fuse...
[  +0.003138] systemd[1]: Starting Load Kernel Module loop...
[  +0.002246] systemd[1]: File System Check on Root Device was skipped because of an unmet condition check (ConditionPathIsReadWrite=!/).
[  +0.001286] systemd[1]: Starting Load Kernel Modules...
[  +0.002165] systemd[1]: TPM2 PCR Machine ID Measurement was skipped because of an unmet condition check (ConditionSecurity=measured-uki).
[  +0.001397] device-mapper: uevent: version 1.0.3
[  +0.000128] device-mapper: ioctl: 4.48.0-ioctl (2023-03-01) initialised: dm-devel@redhat.com
[  +0.000075] systemd[1]: Starting Remount Root and Kernel File Systems...
[  +0.002206] systemd[1]: TPM2 SRK Setup (Early) was skipped because of an unmet condition check (ConditionSecurity=measured-uki).
[  +0.000934] systemd[1]: Starting Coldplug All udev Devices...
[  +0.003536] loop: module loaded
[  +0.000208] systemd[1]: Mounted Huge Pages File System.
[  +0.002379] systemd[1]: Mounted POSIX Message Queue File System.
[  +0.002312] systemd[1]: Mounted /dev/tmp.
[  +0.000827] fuse: init (API version 7.39)
[  +0.001572] systemd[1]: Mounted Kernel Debug File System.
[  +0.002364] systemd[1]: Mounted Kernel Trace File System.
[  +0.002591] systemd[1]: Finished Create List of Static Device Nodes.
[  +0.001646] EXT4-fs (nvme0n1p2): re-mounted 746a8dff-e8f3-4ffa-b19a-65543a06744a r/w. Quota mode: none.
[  +0.003099] systemd[1]: modprobe@configfs.service: Deactivated successfully.
[  +0.000365] systemd[1]: Finished Load Kernel Module configfs.
[  +0.002608] systemd[1]: modprobe@dm_mod.service: Deactivated successfully.
[  +0.000227] systemd[1]: Finished Load Kernel Module dm_mod.
[  +0.002582] systemd[1]: modprobe@drm.service: Deactivated successfully.
[  +0.000289] systemd[1]: Finished Load Kernel Module drm.
[  +0.002551] systemd[1]: modprobe@fuse.service: Deactivated successfully.
[  +0.000225] systemd[1]: Finished Load Kernel Module fuse.
[  +0.002553] systemd[1]: modprobe@loop.service: Deactivated successfully.
[  +0.000224] systemd[1]: Finished Load Kernel Module loop.
[  +0.002583] systemd[1]: Finished Load Kernel Modules.
[  +0.002498] systemd[1]: Finished Remount Root and Kernel File Systems.
[  +0.003462] systemd[1]: Mounting FUSE Control File System...
[  +0.002908] systemd[1]: Mounting Kernel Configuration File System...
[  +0.002431] systemd[1]: Rebuild Hardware Database was skipped because of an unmet condition check (ConditionNeedsUpdate=/etc).
[  +0.000183] systemd[1]: Repartition Root Disk was skipped because no trigger condition checks were met.
[  +0.000813] systemd[1]: Starting Apply Kernel Variables...
[  +0.002840] systemd[1]: Starting Create Static Device Nodes in /dev gracefully...
[  +0.002694] systemd[1]: Mounted FUSE Control File System.
[  +0.002363] systemd[1]: Mounted Kernel Configuration File System.
[  +0.005881] systemd[1]: Finished Apply Kernel Variables.
[  +0.031905] systemd[1]: Finished Create Static Device Nodes in /dev gracefully.
[  +0.002344] systemd[1]: Create System Users was skipped because no trigger condition checks were met.
[  +0.000878] systemd[1]: Starting Create Static Device Nodes in /dev...
[  +0.005788] systemd[1]: Finished Monitoring of LVM2 mirrors, snapshots etc. using dmeventd or progress polling.
[  +0.028791] systemd[1]: Finished Create Static Device Nodes in /dev.
[  +0.002481] systemd[1]: Reached target Preparation for Local File Systems.
[  +0.002795] systemd[1]: home.mount: Directory /home to mount over is not empty, mounting anyway.
[  +0.000878] systemd[1]: Mounting /home...
[  +0.002538] systemd[1]: var.mount: Directory /var to mount over is not empty, mounting anyway.
[  +0.000763] systemd[1]: Mounting /var...
[  +0.002355] systemd[1]: Entropy Daemon based on the HAVEGE algorithm was skipped because of an unmet condition check (ConditionKernelVersion=<5.6).
[  +0.001641] systemd[1]: Starting Journal Service...
[  +0.003330] systemd[1]: Starting Rule-based Manager for Device Events and Files...
[  +0.004412] systemd[1]: Mounted /home.
[  +0.002573] systemd[1]: Mounted /var.
[  +0.002750] systemd[1]: Virtual Machine and Container Storage (Compatibility) was skipped because of an unmet condition check (ConditionPathExists=/var/lib/machines.raw).
[  +0.000914] systemd[1]: Starting Load AppArmor profiles...
[  +0.003289] systemd[1]: Starting Load/Save OS Random Seed...
[  +0.002455] systemd[1]: TPM2 SRK Setup was skipped because of an unmet condition check (ConditionSecurity=measured-uki).
[  +0.010045] systemd-journald[385]: Collecting audit messages is disabled.
[  +0.004762] systemd[1]: Finished Load/Save OS Random Seed.
[  +0.030072] systemd[1]: Started Rule-based Manager for Device Events and Files.
[  +0.058651] systemd[1]: Started Journal Service.
[  +0.034988] systemd-journald[385]: Received client request to flush runtime journal.
[  +0.009578] systemd-journald[385]: /var/log/journal/7736f3243ad24f91b3ffb638d4a39ede/system.journal: Journal file uses a different sequence number ID, rotating.
[  +0.000012] systemd-journald[385]: Rotating system journal.
[  +0.111846] Adding 9227468k swap on /dev/nvme0n1p3.  Priority:-2 extents:1 across:9227468k SS
[  +0.031774] ccp 0000:09:00.2: enabling device (0000 -> 0002)
[  +0.002124] ccp 0000:09:00.2: ccp enabled
[  +0.000030] ccp 0000:09:00.2: psp enabled
[  +0.132634] piix4_smbus 0000:00:14.0: SMBus Host Controller at 0xb00, revision 0
[  +0.000004] piix4_smbus 0000:00:14.0: Using register 0x02 for SMBus port selection
[  +0.010095] acpi_cpufreq: overriding BIOS provided _PSD data
[  +0.003545] piix4_smbus 0000:00:14.0: Auxiliary SMBus Host Controller at 0xb20
[  +0.012079] sp5100_tco: SP5100/SB800 TCO WatchDog Timer Driver
[  +0.000083] e1000e: Intel(R) PRO/1000 Network Driver
[  +0.000002] e1000e: Copyright(c) 1999 - 2015 Intel Corporation.
[  +0.000024] sp5100-tco sp5100-tco: Using 0xfeb00000 for watchdog MMIO address
[  +0.000015] e1000e 0000:07:00.0: enabling device (0000 -> 0002)
[  +0.000109] sp5100-tco sp5100-tco: initialized. heartbeat=60 sec (nowayout=0)
[  +0.000084] e1000e 0000:07:00.0: Interrupt Throttling Rate (ints/sec) set to dynamic conservative mode
[  +0.003744] input: PC Speaker as /devices/platform/pcspkr/input/input6
[  +0.013254] i8042: PNP: No PS/2 controller found.
[  +0.012218] RAPL PMU: API unit is 2^-32 Joules, 1 fixed counters, 163840 ms ovfl timer
[  +0.000004] RAPL PMU: hw unit of domain package 2^-16 Joules
[  +0.002435] asus_wmi: ASUS WMI generic driver loaded
[  +0.005523] asus_wmi: Initialization: 0x0
[  +0.000042] asus_wmi: BIOS WMI version: 0.9
[  +0.000405] asus_wmi: SFUN value: 0x0
[  +0.000003] eeepc-wmi eeepc-wmi: Detected ASUSWMI, use DCTS
[  +0.002264] input: Eee PC WMI hotkeys as /devices/platform/eeepc-wmi/input/input7
[  +0.000332] cryptd: max_cpu_qlen set to 1000
[  +0.004135] e1000e 0000:07:00.0 0000:07:00.0 (uninitialized): registered PHC clock
[  +0.009033] AVX2 version of gcm_enc/dec engaged.
[  +0.000040] AES CTR mode by8 optimization enabled
[  +0.027131] snd_hda_intel 0000:04:00.1: enabling device (0000 -> 0002)
[  +0.000293] snd_hda_intel 0000:0a:00.3: enabling device (0000 -> 0002)
[  +0.009776] snd_hda_intel 0000:04:00.1: bound 0000:04:00.0 (ops radeon_audio_component_bind_ops [radeon])
[  +0.001052] input: HDA ATI HDMI HDMI/DP,pcm=3 as /devices/pci0000:00/0000:00:01.2/0000:02:00.2/0000:03:00.0/0000:04:00.1/sound/card0/input8
[  +0.008444] e1000e 0000:07:00.0 eth0: (PCI Express:2.5GT/s:Width x1) 68:05:ca:e8:f0:18
[  +0.000006] e1000e 0000:07:00.0 eth0: Intel(R) PRO/1000 Network Connection
[  +0.000015] e1000e 0000:07:00.0 eth0: MAC: 3, PHY: 8, PBA No: E46981-008
[  +0.002733] e1000e 0000:07:00.0 enp7s0: renamed from eth0
[  +0.002824] snd_hda_codec_realtek hdaudioC1D0: autoconfig for ALC1220: line_outs=3 (0x14/0x15/0x16/0x0/0x0) type:line
[  +0.000011] snd_hda_codec_realtek hdaudioC1D0:    speaker_outs=0 (0x0/0x0/0x0/0x0/0x0)
[  +0.000003] snd_hda_codec_realtek hdaudioC1D0:    hp_outs=1 (0x1b/0x0/0x0/0x0/0x0)
[  +0.000002] snd_hda_codec_realtek hdaudioC1D0:    mono: mono_out=0x0
[  +0.000002] snd_hda_codec_realtek hdaudioC1D0:    dig-out=0x1e/0x0
[  +0.000001] snd_hda_codec_realtek hdaudioC1D0:    inputs:
[  +0.000001] snd_hda_codec_realtek hdaudioC1D0:      Front Mic=0x19
[  +0.000002] snd_hda_codec_realtek hdaudioC1D0:      Rear Mic=0x18
[  +0.000001] snd_hda_codec_realtek hdaudioC1D0:      Line=0x1a
[  +0.019758] input: HD-Audio Generic Front Mic as /devices/pci0000:00/0000:00:08.1/0000:0a:00.3/sound/card1/input9
[  +0.000063] input: HD-Audio Generic Rear Mic as /devices/pci0000:00/0000:00:08.1/0000:0a:00.3/sound/card1/input10
[  +0.000059] input: HD-Audio Generic Line as /devices/pci0000:00/0000:00:08.1/0000:0a:00.3/sound/card1/input11
[  +0.000051] input: HD-Audio Generic Line Out Front as /devices/pci0000:00/0000:00:08.1/0000:0a:00.3/sound/card1/input12
[  +0.000052] input: HD-Audio Generic Line Out Surround as /devices/pci0000:00/0000:00:08.1/0000:0a:00.3/sound/card1/input13
[  +0.000060] input: HD-Audio Generic Line Out CLFE as /devices/pci0000:00/0000:00:08.1/0000:0a:00.3/sound/card1/input14
[  +0.000054] input: HD-Audio Generic Front Headphone as /devices/pci0000:00/0000:00:08.1/0000:0a:00.3/sound/card1/input15
[  +0.090924] kvm_amd: SVM disabled (by BIOS) in MSR_VM_CR on CPU 1
[  +0.004112] MCE: In-kernel MCE decoding enabled.
[  +0.012649] intel_rapl_common: Found RAPL domain package
[  +0.000003] intel_rapl_common: Found RAPL domain core
[  +0.410846] loop0: detected capacity change from 0 to 8
[  +0.006761] squashfs: version 4.0 (2009/01/31) Phillip Lougher
[  +0.024688] xt_connbytes: Forcing CT accounting to be enabled
[  +0.010651] NET: Registered PF_QIPCRTR protocol family
[  +0.044959] Iptables: IPT OUTPUT packet dIN= OUT=lo SRC=127.0.0.1 DST=224.0.0.251 LEN=235 TOS=0x00 PREC=0x00 TTL=255 ID=12467 DF PROTO=UDP SPT=5353 DPT=5353 LEN=215 
[  +0.250884] Iptables: IPT OUTPUT packet dIN= OUT=lo SRC=127.0.0.1 DST=224.0.0.251 LEN=235 TOS=0x00 PREC=0x00 TTL=255 ID=12507 DF PROTO=UDP SPT=5353 DPT=5353 LEN=215 
[  +0.004951] mousedev: PS/2 mouse device common for all mice
[  +0.016339] Iptables: v4Deny Out: IN= OUT=lo SRC=0.0.0.0 DST=224.0.0.22 LEN=40 TOS=0x00 PREC=0xC0 TTL=1 ID=0 DF PROTO=2 MARK=0xfeb0 
[  +0.228885] Iptables: IPT OUTPUT packet dIN= OUT=lo SRC=127.0.0.1 DST=224.0.0.251 LEN=235 TOS=0x00 PREC=0x00 TTL=255 ID=12550 DF PROTO=UDP SPT=5353 DPT=5353 LEN=215 
[  +0.307896] Iptables: v6Deny: IN= OUT=lo SRC=0000:0000:0000:0000:0000:0000:0000:0000 DST=ff02:0000:0000:0000:0000:0000:0000:0016 LEN=76 TC=0 HOPLIMIT=1 FLOWLBL=0 PROTO=ICMPv6 TYPE=143 CODE=0 
[  +0.285912] Lockdown: systemd-logind: hibernation is restricted; see man kernel_lockdown.7
[  +0.001989] Lockdown: systemd-logind: hibernation is restricted; see man kernel_lockdown.7
[  +0.000424] Lockdown: systemd-logind: hibernation is restricted; see man kernel_lockdown.7
[  +8.656015] systemd-journald[385]: /var/log/journal/7736f3243ad24f91b3ffb638d4a39ede/user-1000.journal: Journal file uses a different sequence number ID, rotating.
[ +11.210448] e1000e 0000:07:00.0 enp7s0: NIC Link is Up 100 Mbps Full Duplex, Flow Control: Rx/Tx
[  +0.000125] e1000e 0000:07:00.0 enp7s0: Link Speed was downgraded by SmartSpeed
[  +0.015399] Iptables: v6Deny: IN= OUT=enp7s0 SRC=0000:0000:0000:0000:0000:0000:0000:0000 DST=ff02:0000:0000:0000:0000:0000:0000:0016 LEN=96 TC=0 HOPLIMIT=1 FLOWLBL=0 PROTO=ICMPv6 TYPE=143 CODE=0 MARK=0xd4 
[  +0.440029] Iptables: v6Deny: IN= OUT=enp7s0 SRC=0000:0000:0000:0000:0000:0000:0000:0000 DST=ff02:0000:0000:0000:0000:0000:0000:0016 LEN=96 TC=0 HOPLIMIT=1 FLOWLBL=0 PROTO=ICMPv6 TYPE=143 CODE=0 MARK=0xd4 
[  +0.483292] Iptables: v6Deny: IN= OUT=enp7s0 SRC=0000:0000:0000:0000:0000:0000:0000:0000 DST=ff02:0000:0000:0000:0000:0001:ff50:9db7 LEN=72 TC=0 HOPLIMIT=255 FLOWLBL=0 PROTO=ICMPv6 TYPE=135 CODE=0 
[  +1.009960] Iptables: IPT OUTPUT packet dIN= OUT=enp7s0 SRC=fe80:0000:0000:0000:3152:b6de:d850:9db7 DST=ff02:0000:0000:0000:0000:0000:0000:0016 LEN=96 TC=0 HOPLIMIT=1 FLOWLBL=0 PROTO=ICMPv6 TYPE=143 CODE=0 MARK=0xd4 
[  +0.000010] Iptables: v6Deny: IN= OUT=enp7s0 SRC=fe80:0000:0000:0000:3152:b6de:d850:9db7 DST=ff02:0000:0000:0000:0000:0000:0000:0016 LEN=96 TC=0 HOPLIMIT=1 FLOWLBL=0 PROTO=ICMPv6 TYPE=143 CODE=0 MARK=0xd4 
[  +0.071463] Iptables: IPT OUTPUT packet dIN= OUT=enp7s0 SRC=fe80:0000:0000:0000:3152:b6de:d850:9db7 DST=ff02:0000:0000:0000:0000:0000:0000:0002 LEN=48 TC=0 HOPLIMIT=255 FLOWLBL=426067 PROTO=ICMPv6 TYPE=133 CODE=0 
[  +0.000009] Iptables: v6Deny: IN= OUT=enp7s0 SRC=fe80:0000:0000:0000:3152:b6de:d850:9db7 DST=ff02:0000:0000:0000:0000:0000:0000:0002 LEN=48 TC=0 HOPLIMIT=255 FLOWLBL=426067 PROTO=ICMPv6 TYPE=133 CODE=0 
[  +0.177801] Iptables: IPT OUTPUT packet dIN= OUT=enp7s0 SRC=fe80:0000:0000:0000:3152:b6de:d850:9db7 DST=ff02:0000:0000:0000:0000:0000:0000:00fb LEN=189 TC=0 HOPLIMIT=255 FLOWLBL=672009 PROTO=UDP SPT=5353 DPT=5353 LEN=149 
[  +0.000011] Iptables: v6Deny: IN= OUT=enp7s0 SRC=fe80:0000:0000:0000:3152:b6de:d850:9db7 DST=ff02:0000:0000:0000:0000:0000:0000:00fb LEN=189 TC=0 HOPLIMIT=255 FLOWLBL=672009 PROTO=UDP SPT=5353 DPT=5353 LEN=149 
[  +0.630691] Iptables: v6Deny: IN= OUT=enp7s0 SRC=fe80:0000:0000:0000:3152:b6de:d850:9db7 DST=ff02:0000:0000:0000:0000:0000:0000:0016 LEN=96 TC=0 HOPLIMIT=1 FLOWLBL=0 PROTO=ICMPv6 TYPE=143 CODE=0 MARK=0xd4 
[  +1.589568] Iptables: v6Deny: IN= OUT=enp7s0 SRC=fe80:0000:0000:0000:3152:b6de:d850:9db7 DST=ff02:0000:0000:0000:0000:0000:0000:00fb LEN=189 TC=0 HOPLIMIT=255 FLOWLBL=672009 PROTO=UDP SPT=5353 DPT=5353 LEN=149 
[  +0.556714] Iptables: IPT OUTPUT packet dIN= OUT=enp7s0 SRC=192.168.1.199 DST=224.0.0.22 LEN=40 TOS=0x00 PREC=0xC0 TTL=1 ID=0 DF PROTO=2 MARK=0xd4 
[  +0.770617] Iptables: v6Deny: IN= OUT=enp7s0 SRC=fe80:0000:0000:0000:3152:b6de:d850:9db7 DST=ff02:0000:0000:0000:0000:0000:0000:0002 LEN=48 TC=0 HOPLIMIT=255 FLOWLBL=426067 PROTO=ICMPv6 TYPE=133 CODE=0 
[  +7.475420] Iptables: v6Deny: IN= OUT=enp7s0 SRC=fe80:0000:0000:0000:3152:b6de:d850:9db7 DST=ff02:0000:0000:0000:0000:0000:0000:0002 LEN=48 TC=0 HOPLIMIT=255 FLOWLBL=426067 PROTO=ICMPv6 TYPE=133 CODE=0 
[  +6.765974] Iptables: IPT OUTPUT packet dIN= OUT=enp7s0 SRC=192.168.1.199 DST=192.168.1.1 LEN=64 TOS=0x00 PREC=0x00 TTL=64 ID=14067 DF PROTO=UDP SPT=37516 DPT=53 LEN=44 
[  +8.223543] Iptables: IPT OUTPUT packet dIN= OUT=enp7s0 SRC=fe80:0000:0000:0000:3152:b6de:d850:9db7 DST=ff02:0000:0000:0000:0000:0000:0000:0002 LEN=48 TC=0 HOPLIMIT=255 FLOWLBL=426067 PROTO=ICMPv6 TYPE=133 CODE=0 
[  +0.000011] Iptables: v6Deny: IN= OUT=enp7s0 SRC=fe80:0000:0000:0000:3152:b6de:d850:9db7 DST=ff02:0000:0000:0000:0000:0000:0000:0002 LEN=48 TC=0 HOPLIMIT=255 FLOWLBL=426067 PROTO=ICMPv6 TYPE=133 CODE=0 
[Jun 1 19:39] Bluetooth: Core ver 2.22
[  +0.000031] NET: Registered PF_BLUETOOTH protocol family
[  +0.000002] Bluetooth: HCI device and connection manager initialized
[  +0.000004] Bluetooth: HCI socket layer initialized
[  +0.000002] Bluetooth: L2CAP socket layer initialized
[  +0.000003] Bluetooth: SCO socket layer initialized
[ +10.883856] Iptables: IPT OUTPUT packet dIN= OUT=enp7s0 SRC=fe80:0000:0000:0000:3152:b6de:d850:9db7 DST=ff02:0000:0000:0000:0000:0000:0000:0002 LEN=48 TC=0 HOPLIMIT=255 FLOWLBL=426067 PROTO=ICMPv6 TYPE=133 CODE=0 
[  +0.000010] Iptables: v6Deny: IN= OUT=enp7s0 SRC=fe80:0000:0000:0000:3152:b6de:d850:9db7 DST=ff02:0000:0000:0000:0000:0000:0000:0002 LEN=48 TC=0 HOPLIMIT=255 FLOWLBL=426067 PROTO=ICMPv6 TYPE=133 CODE=0 
[  +1.782116] Iptables: IPT OUTPUT packet dIN= OUT=enp7s0 SRC=192.168.1.199 DST=142.250.203.142 LEN=52 TOS=0x00 PREC=0x00 TTL=64 ID=4105 DF PROTO=TCP SPT=42216 DPT=443 WINDOW=249 RES=0x00 ACK URGP=0 
[  +0.400850] Iptables: IPT OUTPUT packet dIN= OUT=enp7s0 SRC=192.168.1.199 DST=192.168.1.1 LEN=73 TOS=0x00 PREC=0x00 TTL=64 ID=4248 DF PROTO=UDP SPT=55171 DPT=53 LEN=53 
[ +21.885390] Iptables: IPT OUTPUT packet dIN= OUT=enp7s0 SRC=192.168.1.199 DST=142.250.203.202 LEN=194 TOS=0x00 PREC=0x00 TTL=64 ID=56083 DF PROTO=UDP SPT=45347 DPT=443 LEN=174 
[Jun 1 19:40] Iptables: IPT OUTPUT packet dIN= OUT=enp7s0 SRC=192.168.1.199 DST=64.233.164.188 LEN=52 TOS=0x00 PREC=0x00 TTL=64 ID=63063 DF PROTO=TCP SPT=34244 DPT=5228 WINDOW=249 RES=0x00 ACK URGP=0 
[  +9.446138] Iptables: IPT OUTPUT packet dIN= OUT=enp7s0 SRC=fe80:0000:0000:0000:3152:b6de:d850:9db7 DST=ff02:0000:0000:0000:0000:0000:0000:0002 LEN=48 TC=0 HOPLIMIT=255 FLOWLBL=426067 PROTO=ICMPv6 TYPE=133 CODE=0 
[  +0.000010] Iptables: v6Deny: IN= OUT=enp7s0 SRC=fe80:0000:0000:0000:3152:b6de:d850:9db7 DST=ff02:0000:0000:0000:0000:0000:0000:0002 LEN=48 TC=0 HOPLIMIT=255 FLOWLBL=426067 PROTO=ICMPv6 TYPE=133 CODE=0 
[  +5.700526] Iptables: IPT OUTPUT packet dIN= OUT=enp7s0 SRC=192.168.1.199 DST=184.73.242.38 LEN=52 TOS=0x00 PREC=0x00 TTL=64 ID=59414 DF PROTO=TCP SPT=52056 DPT=443 WINDOW=249 RES=0x00 ACK URGP=0 
[ +19.763417] Iptables: IPT OUTPUT packet dIN= OUT=enp7s0 SRC=192.168.1.199 DST=184.73.242.38 LEN=52 TOS=0x00 PREC=0x00 TTL=64 ID=59415 DF PROTO=TCP SPT=52056 DPT=443 WINDOW=249 RES=0x00 ACK URGP=0 
[Jun 1 19:41] Iptables: IPT OUTPUT packet dIN= OUT=enp7s0 SRC=192.168.1.199 DST=142.250.186.206 LEN=52 TOS=0x00 PREC=0x00 TTL=64 ID=25226 DF PROTO=TCP SPT=39128 DPT=443 WINDOW=249 RES=0x00 ACK URGP=0 
[ +23.893648] Iptables: IPT OUTPUT packet dIN= OUT=enp7s0 SRC=192.168.1.199 DST=184.73.242.38 LEN=52 TOS=0x00 PREC=0x00 TTL=64 ID=15219 DF PROTO=TCP SPT=52070 DPT=443 WINDOW=2698 RES=0x00 ACK URGP=0 
[ +18.773246] Iptables: IPT OUTPUT packet dIN= OUT=enp7s0 SRC=192.168.1.199 DST=104.16.156.111 LEN=52 TOS=0x00 PREC=0x00 TTL=64 ID=14188 DF PROTO=TCP SPT=49646 DPT=443 WINDOW=249 RES=0x00 ACK URGP=0 
[Jun 1 19:42] Iptables: IPT OUTPUT packet dIN= OUT=enp7s0 SRC=192.168.1.199 DST=184.73.242.38 LEN=52 TOS=0x00 PREC=0x00 TTL=64 ID=56522 DF PROTO=TCP SPT=52086 DPT=443 WINDOW=250 RES=0x00 ACK URGP=0 
[  +7.520462] Iptables: IPT OUTPUT packet dIN= OUT=enp7s0 SRC=fe80:0000:0000:0000:3152:b6de:d850:9db7 DST=ff02:0000:0000:0000:0000:0000:0000:0002 LEN=48 TC=0 HOPLIMIT=255 FLOWLBL=426067 PROTO=ICMPv6 TYPE=133 CODE=0 
[  +0.000007] Iptables: v6Deny: IN= OUT=enp7s0 SRC=fe80:0000:0000:0000:3152:b6de:d850:9db7 DST=ff02:0000:0000:0000:0000:0000:0000:0002 LEN=48 TC=0 HOPLIMIT=255 FLOWLBL=426067 PROTO=ICMPv6 TYPE=133 CODE=0 
[  +7.839357] Iptables: IPT OUTPUT packet dIN= OUT=enp7s0 SRC=192.168.1.199 DST=184.73.242.38 LEN=52 TOS=0x00 PREC=0x00 TTL=64 ID=64947 DF PROTO=TCP SPT=46532 DPT=443 WINDOW=249 RES=0x00 ACK URGP=0 
[ +20.480111] Iptables: IPT OUTPUT packet dIN= OUT=enp7s0 SRC=192.168.1.199 DST=172.217.16.35 LEN=52 TOS=0x00 PREC=0x00 TTL=64 ID=13747 DF PROTO=TCP SPT=60630 DPT=443 WINDOW=249 RES=0x00 ACK URGP=0 
[Jun 1 19:43] Iptables: IPT OUTPUT packet dIN= OUT=enp7s0 SRC=192.168.1.199 DST=192.168.1.1 LEN=81 TOS=0x00 PREC=0x00 TTL=64 ID=18015 DF PROTO=UDP SPT=49700 DPT=53 LEN=61 
[ +20.473299] Iptables: IPT OUTPUT packet dIN= OUT=enp7s0 SRC=192.168.1.199 DST=142.250.186.195 LEN=52 TOS=0x00 PREC=0x00 TTL=64 ID=6296 DF PROTO=TCP SPT=40256 DPT=443 WINDOW=249 RES=0x00 ACK URGP=0 
[ +20.283676] Iptables: IPT OUTPUT packet dIN= OUT=enp7s0 SRC=192.168.1.199 DST=142.250.203.206 LEN=52 TOS=0x00 PREC=0x00 TTL=64 ID=49349 DF PROTO=TCP SPT=59128 DPT=443 WINDOW=249 RES=0x00 ACK FIN URGP=0 
[Jun 1 19:44] Iptables: IPT OUTPUT packet dIN= OUT=enp7s0 SRC=192.168.1.199 DST=104.16.156.111 LEN=52 TOS=0x00 PREC=0x00 TTL=64 ID=14191 DF PROTO=TCP SPT=49646 DPT=443 WINDOW=249 RES=0x00 ACK URGP=0 
[ +20.480254] Iptables: IPT OUTPUT packet dIN= OUT=enp7s0 SRC=192.168.1.199 DST=142.250.203.129 LEN=52 TOS=0x00 PREC=0x00 TTL=64 ID=40832 DF PROTO=TCP SPT=52814 DPT=443 WINDOW=249 RES=0x00 ACK URGP=0 
[ +19.199655] Iptables: IPT OUTPUT packet dIN= OUT=enp7s0 SRC=192.168.1.199 DST=151.101.65.91 LEN=52 TOS=0x00 PREC=0x00 TTL=64 ID=44981 DF PROTO=TCP SPT=39880 DPT=443 WINDOW=2473 RES=0x00 ACK URGP=0 
[Jun 1 19:45] Iptables: IPT OUTPUT packet dIN= OUT=enp7s0 SRC=192.168.1.199 DST=142.250.147.84 LEN=1274 TOS=0x00 PREC=0x00 TTL=64 ID=10715 DF PROTO=UDP SPT=39977 DPT=443 LEN=1254 
[ +17.123572] Iptables: IPT OUTPUT packet dIN= OUT=enp7s0 SRC=192.168.1.199 DST=142.250.75.10 LEN=52 TOS=0x00 PREC=0x00 TTL=64 ID=33861 DF PROTO=TCP SPT=50928 DPT=443 WINDOW=249 RES=0x00 ACK URGP=0 
[ +20.414382] Iptables: IPT OUTPUT packet dIN= OUT=enp7s0 SRC=192.168.1.199 DST=192.168.1.1 LEN=75 TOS=0x00 PREC=0x00 TTL=64 ID=33897 DF PROTO=UDP SPT=58629 DPT=53 LEN=55 
[Jun 1 19:46] Iptables: IPT OUTPUT packet dIN= OUT=enp7s0 SRC=192.168.1.199 DST=104.18.33.186 LEN=52 TOS=0x00 PREC=0x00 TTL=64 ID=62279 DF PROTO=TCP SPT=59044 DPT=443 WINDOW=249 RES=0x00 ACK URGP=0 
[ +13.192993] Iptables: IPT OUTPUT packet dIN= OUT=enp7s0 SRC=fe80:0000:0000:0000:3152:b6de:d850:9db7 DST=ff02:0000:0000:0000:0000:0000:0000:0002 LEN=48 TC=0 HOPLIMIT=255 FLOWLBL=426067 PROTO=ICMPv6 TYPE=133 CODE=0 
[  +0.000009] Iptables: v6Deny: IN= OUT=enp7s0 SRC=fe80:0000:0000:0000:3152:b6de:d850:9db7 DST=ff02:0000:0000:0000:0000:0000:0000:0002 LEN=48 TC=0 HOPLIMIT=255 FLOWLBL=426067 PROTO=ICMPv6 TYPE=133 CODE=0 
[  +6.980246] Iptables: IPT OUTPUT packet dIN= OUT=enp7s0 SRC=192.168.1.199 DST=151.101.193.91 LEN=52 TOS=0x00 PREC=0x00 TTL=64 ID=44003 DF PROTO=TCP SPT=51970 DPT=443 WINDOW=249 RES=0x00 ACK URGP=0 
[ +22.690590] Iptables: IPT OUTPUT packet dIN= OUT=enp7s0 SRC=192.168.1.199 DST=192.168.1.1 LEN=63 TOS=0x00 PREC=0x00 TTL=64 ID=27614 DF PROTO=UDP SPT=40942 DPT=53 LEN=43 
[Jun 1 19:47] Iptables: IPT OUTPUT packet dIN= OUT=enp7s0 SRC=192.168.1.199 DST=192.168.1.1 LEN=60 TOS=0x00 PREC=0x00 TTL=64 ID=57978 DF PROTO=UDP SPT=40439 DPT=53 LEN=40 
[ +20.733634] Iptables: IPT OUTPUT packet dIN= OUT=enp7s0 SRC=192.168.1.199 DST=104.18.33.186 LEN=52 TOS=0x00 PREC=0x00 TTL=64 ID=39113 DF PROTO=TCP SPT=59074 DPT=443 WINDOW=1929 RES=0x00 ACK URGP=0 
[ +20.480207] Iptables: IPT OUTPUT packet dIN= OUT=enp7s0 SRC=192.168.1.199 DST=104.16.155.111 LEN=52 TOS=0x00 PREC=0x00 TTL=64 ID=7102 DF PROTO=TCP SPT=48946 DPT=443 WINDOW=249 RES=0x00 ACK URGP=0 
[Jun 1 19:48] Iptables: IPT OUTPUT packet dIN= OUT=enp7s0 SRC=192.168.1.199 DST=35.190.80.1 LEN=52 TOS=0x00 PREC=0x00 TTL=64 ID=29625 DF PROTO=TCP SPT=60048 DPT=443 WINDOW=249 RES=0x00 ACK URGP=0 
[ +19.913024] Iptables: IPT OUTPUT packet dIN= OUT=enp7s0 SRC=192.168.1.199 DST=172.67.97.54 LEN=80 TOS=0x00 PREC=0x00 TTL=64 ID=50155 DF PROTO=TCP SPT=47154 DPT=443 WINDOW=29523 RES=0x00 ACK URGP=0 
[ +20.060057] Iptables: IPT OUTPUT packet dIN= OUT=enp7s0 SRC=192.168.1.199 DST=91.108.56.114 LEN=52 TOS=0x00 PREC=0x00 TTL=64 ID=45623 DF PROTO=TCP SPT=44630 DPT=443 WINDOW=250 RES=0x00 ACK FIN URGP=0 
[Jun 1 19:49] Iptables: IPT OUTPUT packet dIN= OUT=enp7s0 SRC=192.168.1.199 DST=142.250.186.206 LEN=52 TOS=0x00 PREC=0x00 TTL=64 ID=7185 DF PROTO=TCP SPT=44348 DPT=443 WINDOW=249 RES=0x00 ACK URGP=0 
[ +18.502247] Iptables: IPT OUTPUT packet dIN= OUT=enp7s0 SRC=192.168.1.199 DST=149.154.175.53 LEN=52 TOS=0x00 PREC=0x00 TTL=64 ID=12824 DF PROTO=TCP SPT=51314 DPT=80 WINDOW=251 RES=0x00 ACK URGP=0 
[ +20.050721] Iptables: IPT OUTPUT packet dIN= OUT=enp7s0 SRC=192.168.1.199 DST=172.217.161.35 LEN=61 TOS=0x00 PREC=0x00 TTL=64 ID=10128 DF PROTO=UDP SPT=49918 DPT=443 LEN=41 
[Jun 1 19:50] Iptables: IPT OUTPUT packet dIN= OUT=enp7s0 SRC=192.168.1.199 DST=142.250.75.10 LEN=52 TOS=0x00 PREC=0x00 TTL=64 ID=0 DF PROTO=TCP SPT=41302 DPT=443 WINDOW=249 RES=0x00 ACK URGP=0 
[ +20.111290] Iptables: IPT OUTPUT packet dIN= OUT=enp7s0 SRC=192.168.1.199 DST=149.154.175.59 LEN=52 TOS=0x00 PREC=0x00 TTL=64 ID=16182 DF PROTO=TCP SPT=50222 DPT=443 WINDOW=250 RES=0x00 ACK URGP=0 
[ +22.103611] Iptables: IPT OUTPUT packet dIN= OUT=enp7s0 SRC=192.168.1.199 DST=104.18.33.186 LEN=52 TOS=0x00 PREC=0x00 TTL=64 ID=33605 DF PROTO=TCP SPT=60628 DPT=443 WINDOW=249 RES=0x00 ACK URGP=0 
[Jun 1 19:51] Iptables: IPT OUTPUT packet dIN= OUT=enp7s0 SRC=192.168.1.199 DST=149.154.167.41 LEN=397 TOS=0x00 PREC=0x00 TTL=64 ID=44399 DF PROTO=TCP SPT=57794 DPT=443 WINDOW=5699 RES=0x00 ACK PSH URGP=0 
[ +19.985908] Iptables: IPT OUTPUT packet dIN= OUT=enp7s0 SRC=192.168.1.199 DST=149.154.175.53 LEN=52 TOS=0x00 PREC=0x00 TTL=64 ID=49649 DF PROTO=TCP SPT=51314 DPT=443 WINDOW=1339 RES=0x00 ACK URGP=0 
[ +21.632599] Iptables: IPT OUTPUT packet dIN= OUT=enp7s0 SRC=192.168.1.199 DST=151.101.129.91 LEN=52 TOS=0x00 PREC=0x00 TTL=64 ID=65101 DF PROTO=TCP SPT=48076 DPT=443 WINDOW=249 RES=0x00 ACK URGP=0 
[Jun 1 19:52] Iptables: IPT OUTPUT packet dIN= OUT=enp7s0 SRC=192.168.1.199 DST=142.250.75.14 LEN=52 TOS=0x00 PREC=0x00 TTL=64 ID=21721 DF PROTO=TCP SPT=55654 DPT=443 WINDOW=249 RES=0x00 ACK URGP=0 
[ +18.905584] systemd-fstab-generator[3420]: Checking was requested for "/home", but it is not a device.
[  +0.000111] systemd-fstab-generator[3420]: Checking was requested for "/var", but it is not a device.
[  +3.281049] Iptables: IPT OUTPUT packet dIN= OUT=enp7s0 SRC=192.168.1.199 DST=151.101.129.91 LEN=52 TOS=0x00 PREC=0x00 TTL=64 ID=47998 DF PROTO=TCP SPT=54350 DPT=443 WINDOW=3695 RES=0x00 ACK URGP=0 
[  +6.980581] systemd-journald[385]: Time jumped backwards, rotating.
[ +11.413199] Iptables: IPT OUTPUT packet dIN= OUT=enp7s0 SRC=192.168.1.199 DST=149.154.167.41 LEN=221 TOS=0x00 PREC=0x00 TTL=64 ID=44518 DF PROTO=TCP SPT=57794 DPT=443 WINDOW=5699 RES=0x00 ACK PSH URGP=0 
[Jun 1 19:53] Iptables: IPT OUTPUT packet dIN= OUT=enp7s0 SRC=192.168.1.199 DST=104.16.80.73 LEN=52 TOS=0x00 PREC=0x00 TTL=64 ID=18085 DF PROTO=TCP SPT=54286 DPT=443 WINDOW=249 RES=0x00 ACK URGP=0 
[ +19.872648] Iptables: IPT OUTPUT packet dIN= OUT=enp7s0 SRC=192.168.1.199 DST=149.154.167.41 LEN=52 TOS=0x00 PREC=0x00 TTL=64 ID=52903 DF PROTO=TCP SPT=49416 DPT=443 WINDOW=6229 RES=0x00 ACK URGP=0 
[ +21.170226] Iptables: IPT OUTPUT packet dIN= OUT=enp7s0 SRC=192.168.1.199 DST=172.64.151.218 LEN=52 TOS=0x00 PREC=0x00 TTL=64 ID=38583 DF PROTO=TCP SPT=40878 DPT=443 WINDOW=249 RES=0x00 ACK URGP=0 
[Jun 1 19:54] Iptables: IPT OUTPUT packet dIN= OUT=enp7s0 SRC=192.168.1.199 DST=37.19.218.167 LEN=113 TOS=0x00 PREC=0x00 TTL=64 ID=22031 DF PROTO=TCP SPT=34684 DPT=90 WINDOW=249 RES=0x00 ACK PSH URGP=0 
[  +4.656271] Iptables: IPT OUTPUT packet dIN= OUT=enp7s0 SRC=fe80:0000:0000:0000:3152:b6de:d850:9db7 DST=ff02:0000:0000:0000:0000:0000:0000:0002 LEN=48 TC=0 HOPLIMIT=255 FLOWLBL=426067 PROTO=ICMPv6 TYPE=133 CODE=0 
[  +0.000009] Iptables: v6Deny: IN= OUT=enp7s0 SRC=fe80:0000:0000:0000:3152:b6de:d850:9db7 DST=ff02:0000:0000:0000:0000:0000:0000:0002 LEN=48 TC=0 HOPLIMIT=255 FLOWLBL=426067 PROTO=ICMPv6 TYPE=133 CODE=0 
[  +0.049866] Iptables: v6Deny: IN= OUT=lo SRC=0000:0000:0000:0000:0000:0000:0000:0001 DST=0000:0000:0000:0000:0000:0000:0000:0001 LEN=80 TC=0 HOPLIMIT=64 FLOWLBL=18032 PROTO=TCP SPT=44608 DPT=0 WINDOW=33280 RES=0x00 SYN URGP=0 
[  +0.085333] Iptables: v6Deny: IN= OUT=lo SRC=0000:0000:0000:0000:0000:0000:0000:0001 DST=0000:0000:0000:0000:0000:0000:0000:0001 LEN=80 TC=0 HOPLIMIT=64 FLOWLBL=256731 PROTO=TCP SPT=44624 DPT=0 WINDOW=33280 RES=0x00 SYN URGP=0 
[  +0.165565] Iptables: v6Deny: IN= OUT=lo SRC=0000:0000:0000:0000:0000:0000:0000:0001 DST=0000:0000:0000:0000:0000:0000:0000:0001 LEN=80 TC=0 HOPLIMIT=64 FLOWLBL=707283 PROTO=TCP SPT=44640 DPT=0 WINDOW=33280 RES=0x00 SYN URGP=0 
[  +0.084728] Iptables: v6Deny: IN= OUT=lo SRC=0000:0000:0000:0000:0000:0000:0000:0001 DST=0000:0000:0000:0000:0000:0000:0000:0001 LEN=80 TC=0 HOPLIMIT=64 FLOWLBL=251476 PROTO=TCP SPT=44648 DPT=0 WINDOW=33280 RES=0x00 SYN URGP=0 
[  +0.668291] Iptables: v6Deny: IN= OUT=lo SRC=0000:0000:0000:0000:0000:0000:0000:0001 DST=0000:0000:0000:0000:0000:0000:0000:0001 LEN=80 TC=0 HOPLIMIT=64 FLOWLBL=54132 PROTO=TCP SPT=44608 DPT=0 WINDOW=33280 RES=0x00 SYN URGP=0 
[  +0.103340] Iptables: v6Deny: IN= OUT=lo SRC=0000:0000:0000:0000:0000:0000:0000:0001 DST=0000:0000:0000:0000:0000:0000:0000:0001 LEN=80 TC=0 HOPLIMIT=64 FLOWLBL=114280 PROTO=TCP SPT=44624 DPT=0 WINDOW=33280 RES=0x00 SYN URGP=0 
