[Jun29 02:10] Linux version 6.3.9-zen1-1-zen (linux-zen@archlinux) (gcc (GCC) 13.1.1 20230429, GNU ld (GNU Binutils) 2.40.0) #1 ZEN SMP PREEMPT_DYNAMIC Wed, 21 Jun 2023 20:46:07 +0000
[  +0.000000] Command line: BOOT_IMAGE=/vmlinuz-linux-zen root=UUID=eb0f27d9-17de-4fe3-96d3-89bbde76f272 rw rd.udev.log_priority=3 vt.global_cursor_default=0 log_buf_len=1M print-fatal-signals=1 loglevel=3 audit=0 console=tty0 console=ttys0,115200n0 no_timer_check noreplace-smp rcupdate.rcu_expedited=1 tsc=reliable lsm=capability,yama,safesetid,landlock,lockdown,apparmor,bpf lockdown=integrity apparmor=1 module.sig_enforce=1 mitigations=auto,nosmt l1tf=flush,nosmt mds=full,nosmt tsx_async_abort=full,nosmt mmio_stale_data=full,nosmt retbleed=auto,nosmt nosmt=force pcie_aspm=force init_on_alloc=1 init_on_free=1 page_alloc.shuffle=1 vsyscall=none mce=0 debugfs=on randomize_kstack_offset=on kasan_multi_shot=on slab_nomerge pti=on slub_debug=ZF slub_debug=P page_poison=on fsck.mode=force mem_encrypt=on vsyscall=none random.trust_cpu=off amd_iommu=force_isolation amdgpu.vm_update_mode=0 amdgpu.gpu_recovery=1 amdgpu.virtual_display=NULL amdgpu.audio=0 amdgpu.lbpw=1 amdgpu.tmz=1 amdgpu.freesync_video=1 iommu.strict=1 iomem=stri
[  +0.000000] x86/fpu: Supporting XSAVE feature 0x001: 'x87 floating point registers'
[  +0.000000] x86/fpu: Supporting XSAVE feature 0x002: 'SSE registers'
[  +0.000000] x86/fpu: Supporting XSAVE feature 0x004: 'AVX registers'
[  +0.000000] x86/fpu: Supporting XSAVE feature 0x200: 'Protection Keys User registers'
[  +0.000000] x86/fpu: xstate_offset[2]:  576, xstate_sizes[2]:  256
[  +0.000000] x86/fpu: xstate_offset[9]:  832, xstate_sizes[9]:    8
[  +0.000000] x86/fpu: Enabled xstate features 0x207, context size is 840 bytes, using 'compacted' format.
[  +0.000000] signal: max sigframe size: 3376
[  +0.000000] BIOS-provided physical RAM map:
[  +0.000000] BIOS-e820: [mem 0x0000000000000000-0x000000000009ffff] usable
[  +0.000000] BIOS-e820: [mem 0x00000000000a0000-0x00000000000fffff] reserved
[  +0.000000] BIOS-e820: [mem 0x0000000000100000-0x0000000009d1efff] usable
[  +0.000000] BIOS-e820: [mem 0x0000000009d1f000-0x0000000009ffffff] reserved
[  +0.000000] BIOS-e820: [mem 0x000000000a000000-0x000000000a1fffff] usable
[  +0.000000] BIOS-e820: [mem 0x000000000a200000-0x000000000a20efff] ACPI NVS
[  +0.000000] BIOS-e820: [mem 0x000000000a20f000-0x000000000affffff] usable
[  +0.000000] BIOS-e820: [mem 0x000000000b000000-0x000000000b01ffff] reserved
[  +0.000000] BIOS-e820: [mem 0x000000000b020000-0x00000000be275fff] usable
[  +0.000000] BIOS-e820: [mem 0x00000000be276000-0x00000000be276fff] reserved
[  +0.000000] BIOS-e820: [mem 0x00000000be277000-0x00000000c3f10fff] usable
[  +0.000000] BIOS-e820: [mem 0x00000000c3f11000-0x00000000c4223fff] reserved
[  +0.000000] BIOS-e820: [mem 0x00000000c4224000-0x00000000c4276fff] ACPI data
[  +0.000000] BIOS-e820: [mem 0x00000000c4277000-0x00000000c5a2efff] ACPI NVS
[  +0.000000] BIOS-e820: [mem 0x00000000c5a2f000-0x00000000c6959fff] reserved
[  +0.000000] BIOS-e820: [mem 0x00000000c695a000-0x00000000c69fefff] type 20
[  +0.000000] BIOS-e820: [mem 0x00000000c69ff000-0x00000000c7ffffff] usable
[  +0.000000] BIOS-e820: [mem 0x00000000c8000000-0x00000000caffffff] reserved
[  +0.000000] BIOS-e820: [mem 0x00000000cf000000-0x00000000cfffffff] reserved
[  +0.000000] BIOS-e820: [mem 0x00000000f0000000-0x00000000f7ffffff] reserved
[  +0.000000] BIOS-e820: [mem 0x00000000fd200000-0x00000000fd2fffff] reserved
[  +0.000000] BIOS-e820: [mem 0x00000000fd600000-0x00000000fd6fffff] reserved
[  +0.000000] BIOS-e820: [mem 0x00000000fea00000-0x00000000fea0ffff] reserved
[  +0.000000] BIOS-e820: [mem 0x00000000feb80000-0x00000000fec01fff] reserved
[  +0.000000] BIOS-e820: [mem 0x00000000fec10000-0x00000000fec10fff] reserved
[  +0.000000] BIOS-e820: [mem 0x00000000fec30000-0x00000000fec30fff] reserved
[  +0.000000] BIOS-e820: [mem 0x00000000fed00000-0x00000000fed00fff] reserved
[  +0.000000] BIOS-e820: [mem 0x00000000fed40000-0x00000000fed44fff] reserved
[  +0.000000] BIOS-e820: [mem 0x00000000fed80000-0x00000000fed8ffff] reserved
[  +0.000000] BIOS-e820: [mem 0x00000000fedc2000-0x00000000fedcffff] reserved
[  +0.000000] BIOS-e820: [mem 0x00000000fedd4000-0x00000000fedd5fff] reserved
[  +0.000000] BIOS-e820: [mem 0x00000000ff000000-0x00000000ffffffff] reserved
[  +0.000000] BIOS-e820: [mem 0x0000000100000000-0x000000040e2fffff] usable
[  +0.000000] BIOS-e820: [mem 0x000000040e300000-0x000000042fffffff] reserved
[  +0.000000] Kernel is locked down from command line; see man kernel_lockdown.7
[  +0.000000] SMT: Force disabled
[  +0.000000] NX (Execute Disable) protection: active
[  +0.000000] efi: EFI v2.7 by American Megatrends
[  +0.000000] efi: ACPI=0xc4276000 ACPI 2.0=0xc4276014 TPMFinalLog=0xc49e4000 SMBIOS=0xc67f0000 SMBIOS 3.0=0xc67ef000 MEMATTR=0xc0c6c198 ESRT=0xc25be118 
[  +0.000000] efi: Remove mem74: MMIO range=[0xf0000000-0xf7ffffff] (128MB) from e820 map
[  +0.000000] e820: remove [mem 0xf0000000-0xf7ffffff] reserved
[  +0.000000] efi: Remove mem75: MMIO range=[0xfd200000-0xfd2fffff] (1MB) from e820 map
[  +0.000000] e820: remove [mem 0xfd200000-0xfd2fffff] reserved
[  +0.000000] efi: Remove mem76: MMIO range=[0xfd600000-0xfd6fffff] (1MB) from e820 map
[  +0.000000] e820: remove [mem 0xfd600000-0xfd6fffff] reserved
[  +0.000000] efi: Not removing mem77: MMIO range=[0xfea00000-0xfea0ffff] (64KB) from e820 map
[  +0.000000] efi: Remove mem78: MMIO range=[0xfeb80000-0xfec01fff] (0MB) from e820 map
[  +0.000000] e820: remove [mem 0xfeb80000-0xfec01fff] reserved
[  +0.000000] efi: Not removing mem79: MMIO range=[0xfec10000-0xfec10fff] (4KB) from e820 map
[  +0.000000] efi: Not removing mem80: MMIO range=[0xfec30000-0xfec30fff] (4KB) from e820 map
[  +0.000000] efi: Not removing mem81: MMIO range=[0xfed00000-0xfed00fff] (4KB) from e820 map
[  +0.000000] efi: Not removing mem82: MMIO range=[0xfed40000-0xfed44fff] (20KB) from e820 map
[  +0.000000] efi: Not removing mem83: MMIO range=[0xfed80000-0xfed8ffff] (64KB) from e820 map
[  +0.000000] efi: Not removing mem84: MMIO range=[0xfedc2000-0xfedcffff] (56KB) from e820 map
[  +0.000000] efi: Not removing mem85: MMIO range=[0xfedd4000-0xfedd5fff] (8KB) from e820 map
[  +0.000000] efi: Remove mem86: MMIO range=[0xff000000-0xffffffff] (16MB) from e820 map
[  +0.000000] e820: remove [mem 0xff000000-0xffffffff] reserved
[  +0.000000] SMBIOS 3.3.0 present.
[  +0.000000] DMI: ASUS System Product Name/ROG STRIX B550-F GAMING, BIOS 3002 02/23/2023
[  +0.000000] tsc: Fast TSC calibration using PIT
[  +0.000000] tsc: Detected 3792.954 MHz processor
[  +0.000000] e820: update [mem 0x00000000-0x00000fff] usable ==> reserved
[  +0.000002] e820: remove [mem 0x000a0000-0x000fffff] usable
[  +0.000006] last_pfn = 0x40e300 max_arch_pfn = 0x400000000
[  +0.000005] x86/PAT: Configuration [0-7]: WB  WC  UC- UC  WB  WP  UC- WT  
[  +0.000651] e820: update [mem 0xd0000000-0xffffffff] usable ==> reserved
[  +0.000006] last_pfn = 0xc8000 max_arch_pfn = 0x400000000
[  +0.002648] esrt: Reserving ESRT space from 0x00000000c25be118 to 0x00000000c25be150.
[  +0.000004] e820: update [mem 0xc25be000-0xc25befff] usable ==> reserved
[  +0.000014] Kernel/User page tables isolation: force enabled on command line.
[  +0.000001] Using GB pages for direct mapping
[  +0.000508] printk: log_buf_len: 1048576 bytes
[  +0.000001] printk: early log buf free: 124088(94%)
[  +0.000000] Secure boot disabled
[  +0.000001] RAMDISK: [mem 0x33fd1000-0x35fdffff]
[  +0.000003] ACPI: Early table checksum verification disabled
[  +0.000003] ACPI: RSDP 0x00000000C4276014 000024 (v02 ALASKA)
[  +0.000002] ACPI: XSDT 0x00000000C4275728 0000D4 (v01 ALASKA A M I    01072009 AMI  01000013)
[  +0.000004] ACPI: FACP 0x00000000C4266000 000114 (v06 ALASKA A M I    01072009 AMI  00010013)
[  +0.000003] ACPI: DSDT 0x00000000C425A000 00B51E (v02 ALASKA A M I    01072009 INTL 20120913)
[  +0.000002] ACPI: FACS 0x00000000C4A14000 000040
[  +0.000002] ACPI: IVRS 0x00000000C4274000 0000D0 (v02 AMD    AmdTable 00000001 AMD  00000001)
[  +0.000001] ACPI: SSDT 0x00000000C426C000 0072B0 (v02 AMD    Artic    00000002 MSFT 04000000)
[  +0.000002] ACPI: SSDT 0x00000000C4268000 003B8E (v02 AMD    AMD AOD  00000001 INTL 20120913)
[  +0.000001] ACPI: SSDT 0x00000000C4267000 000139 (v02 ALASKA CPUSSDT  01072009 AMI  01072009)
[  +0.000002] ACPI: FIDT 0x00000000C4259000 00009C (v01 ALASKA A M I    01072009 AMI  00010013)
[  +0.000001] ACPI: FPDT 0x00000000C4234000 000044 (v01 ALASKA A M I    01072009 AMI  01000013)
[  +0.000001] ACPI: MCFG 0x00000000C4257000 00003C (v01 ALASKA A M I    01072009 MSFT 00010013)
[  +0.000002] ACPI: HPET 0x00000000C4256000 000038 (v01 ALASKA A M I    01072009 AMI  00000005)
[  +0.000001] ACPI: VFCT 0x00000000C4247000 00D884 (v01 ALASKA A M I    00000001 AMD  31504F47)
[  +0.000002] ACPI: BGRT 0x00000000C4246000 000038 (v01 ALASKA A M I    01072009 AMI  00010013)
[  +0.000001] ACPI: TPM2 0x00000000C4245000 00004C (v04 ALASKA A M I    00000001 AMI  00000000)
[  +0.000002] ACPI: SSDT 0x00000000C4242000 0028A4 (v02 AMD    AmdTable 00000001 AMD  00000001)
[  +0.000001] ACPI: CRAT 0x00000000C4241000 000EE8 (v01 AMD    AmdTable 00000001 AMD  00000001)
[  +0.000002] ACPI: CDIT 0x00000000C4240000 000029 (v01 AMD    AmdTable 00000001 AMD  00000001)
[  +0.000001] ACPI: SSDT 0x00000000C423F000 000D53 (v02 AMD    ArticIG2 00000001 INTL 20120913)
[  +0.000001] ACPI: SSDT 0x00000000C423D000 0010C1 (v02 AMD    ArticTPX 00000001 INTL 20120913)
[  +0.000002] ACPI: SSDT 0x00000000C4239000 003E6E (v02 AMD    ArticN   00000001 INTL 20120913)
[  +0.000001] ACPI: WSMT 0x00000000C4238000 000028 (v01 ALASKA A M I    01072009 AMI  00010013)
[  +0.000002] ACPI: APIC 0x00000000C4237000 00015E (v04 ALASKA A M I    01072009 AMI  00010013)
[  +0.000001] ACPI: SSDT 0x00000000C4236000 00007D (v02 AMD    ArticDIS 00000001 INTL 20120913)
[  +0.000002] ACPI: SSDT 0x00000000C4235000 0000BF (v01 AMD    AmdTable 00001000 INTL 20120913)
[  +0.000001] ACPI: Reserving FACP table memory at [mem 0xc4266000-0xc4266113]
[  +0.000001] ACPI: Reserving DSDT table memory at [mem 0xc425a000-0xc426551d]
[  +0.000000] ACPI: Reserving FACS table memory at [mem 0xc4a14000-0xc4a1403f]
[  +0.000000] ACPI: Reserving IVRS table memory at [mem 0xc4274000-0xc42740cf]
[  +0.000001] ACPI: Reserving SSDT table memory at [mem 0xc426c000-0xc42732af]
[  +0.000000] ACPI: Reserving SSDT table memory at [mem 0xc4268000-0xc426bb8d]
[  +0.000001] ACPI: Reserving SSDT table memory at [mem 0xc4267000-0xc4267138]
[  +0.000000] ACPI: Reserving FIDT table memory at [mem 0xc4259000-0xc425909b]
[  +0.000000] ACPI: Reserving FPDT table memory at [mem 0xc4234000-0xc4234043]
[  +0.000001] ACPI: Reserving MCFG table memory at [mem 0xc4257000-0xc425703b]
[  +0.000000] ACPI: Reserving HPET table memory at [mem 0xc4256000-0xc4256037]
[  +0.000001] ACPI: Reserving VFCT table memory at [mem 0xc4247000-0xc4254883]
[  +0.000000] ACPI: Reserving BGRT table memory at [mem 0xc4246000-0xc4246037]
[  +0.000000] ACPI: Reserving TPM2 table memory at [mem 0xc4245000-0xc424504b]
[  +0.000001] ACPI: Reserving SSDT table memory at [mem 0xc4242000-0xc42448a3]
[  +0.000000] ACPI: Reserving CRAT table memory at [mem 0xc4241000-0xc4241ee7]
[  +0.000001] ACPI: Reserving CDIT table memory at [mem 0xc4240000-0xc4240028]
[  +0.000000] ACPI: Reserving SSDT table memory at [mem 0xc423f000-0xc423fd52]
[  +0.000000] ACPI: Reserving SSDT table memory at [mem 0xc423d000-0xc423e0c0]
[  +0.000001] ACPI: Reserving SSDT table memory at [mem 0xc4239000-0xc423ce6d]
[  +0.000000] ACPI: Reserving WSMT table memory at [mem 0xc4238000-0xc4238027]
[  +0.000001] ACPI: Reserving APIC table memory at [mem 0xc4237000-0xc423715d]
[  +0.000000] ACPI: Reserving SSDT table memory at [mem 0xc4236000-0xc423607c]
[  +0.000000] ACPI: Reserving SSDT table memory at [mem 0xc4235000-0xc42350be]
[  +0.000051] No NUMA configuration found
[  +0.000001] Faking a node at [mem 0x0000000000000000-0x000000040e2fffff]
[  +0.000002] NODE_DATA(0) allocated [mem 0x40de78000-0x40de7cfff]
[  +0.000019] Zone ranges:
[  +0.000001]   DMA      [mem 0x0000000000001000-0x0000000000ffffff]
[  +0.000001]   DMA32    [mem 0x0000000001000000-0x00000000ffffffff]
[  +0.000001]   Normal   [mem 0x0000000100000000-0x000000040e2fffff]
[  +0.000000]   Device   empty
[  +0.000001] Movable zone start for each node
[  +0.000000] Early memory node ranges
[  +0.000001]   node   0: [mem 0x0000000000001000-0x000000000009ffff]
[  +0.000000]   node   0: [mem 0x0000000000100000-0x0000000009d1efff]
[  +0.000001]   node   0: [mem 0x000000000a000000-0x000000000a1fffff]
[  +0.000000]   node   0: [mem 0x000000000a20f000-0x000000000affffff]
[  +0.000001]   node   0: [mem 0x000000000b020000-0x00000000be275fff]
[  +0.000000]   node   0: [mem 0x00000000be277000-0x00000000c3f10fff]
[  +0.000001]   node   0: [mem 0x00000000c69ff000-0x00000000c7ffffff]
[  +0.000000]   node   0: [mem 0x0000000100000000-0x000000040e2fffff]
[  +0.000001] Initmem setup node 0 [mem 0x0000000000001000-0x000000040e2fffff]
[  +0.000004] On node 0, zone DMA: 1 pages in unavailable ranges
[  +0.000010] On node 0, zone DMA: 96 pages in unavailable ranges
[  +0.000095] On node 0, zone DMA32: 737 pages in unavailable ranges
[  +0.000009] On node 0, zone DMA32: 15 pages in unavailable ranges
[  +0.003404] On node 0, zone DMA32: 32 pages in unavailable ranges
[  +0.000123] On node 0, zone DMA32: 1 pages in unavailable ranges
[  +0.000088] On node 0, zone DMA32: 10990 pages in unavailable ranges
[  +0.015852] On node 0, zone Normal: 7424 pages in unavailable ranges
[  +0.000451] ACPI: PM-Timer IO Port: 0x808
[  +0.000007] ACPI: LAPIC_NMI (acpi_id[0xff] high edge lint[0x1])
[  +0.000012] IOAPIC[0]: apic_id 9, version 33, address 0xfec00000, GSI 0-23
[  +0.000005] IOAPIC[1]: apic_id 10, version 33, address 0xfec01000, GSI 24-55
[  +0.000001] ACPI: INT_SRC_OVR (bus 0 bus_irq 0 global_irq 2 dfl dfl)
[  +0.000002] ACPI: INT_SRC_OVR (bus 0 bus_irq 9 global_irq 9 low level)
[  +0.000002] ACPI: Using ACPI (MADT) for SMP configuration information
[  +0.000001] ACPI: HPET id: 0x10228201 base: 0xfed00000
[  +0.000007] e820: update [mem 0xc0507000-0xc05fafff] usable ==> reserved
[  +0.000010] smpboot: Allowing 32 CPUs, 24 hotplug CPUs
[  +0.000016] PM: hibernation: Registered nosave memory: [mem 0x00000000-0x00000fff]
[  +0.000001] PM: hibernation: Registered nosave memory: [mem 0x000a0000-0x000fffff]
[  +0.000001] PM: hibernation: Registered nosave memory: [mem 0x09d1f000-0x09ffffff]
[  +0.000000] PM: hibernation: Registered nosave memory: [mem 0x0a200000-0x0a20efff]
[  +0.000001] PM: hibernation: Registered nosave memory: [mem 0x0b000000-0x0b01ffff]
[  +0.000001] PM: hibernation: Registered nosave memory: [mem 0xbe276000-0xbe276fff]
[  +0.000001] PM: hibernation: Registered nosave memory: [mem 0xc0507000-0xc05fafff]
[  +0.000001] PM: hibernation: Registered nosave memory: [mem 0xc25be000-0xc25befff]
[  +0.000000] PM: hibernation: Registered nosave memory: [mem 0xc3f11000-0xc4223fff]
[  +0.000001] PM: hibernation: Registered nosave memory: [mem 0xc4224000-0xc4276fff]
[  +0.000000] PM: hibernation: Registered nosave memory: [mem 0xc4277000-0xc5a2efff]
[  +0.000000] PM: hibernation: Registered nosave memory: [mem 0xc5a2f000-0xc6959fff]
[  +0.000001] PM: hibernation: Registered nosave memory: [mem 0xc695a000-0xc69fefff]
[  +0.000001] PM: hibernation: Registered nosave memory: [mem 0xc8000000-0xcaffffff]
[  +0.000000] PM: hibernation: Registered nosave memory: [mem 0xcb000000-0xceffffff]
[  +0.000000] PM: hibernation: Registered nosave memory: [mem 0xcf000000-0xcfffffff]
[  +0.000001] PM: hibernation: Registered nosave memory: [mem 0xd0000000-0xfe9fffff]
[  +0.000000] PM: hibernation: Registered nosave memory: [mem 0xfea00000-0xfea0ffff]
[  +0.000000] PM: hibernation: Registered nosave memory: [mem 0xfea10000-0xfec0ffff]
[  +0.000001] PM: hibernation: Registered nosave memory: [mem 0xfec10000-0xfec10fff]
[  +0.000000] PM: hibernation: Registered nosave memory: [mem 0xfec11000-0xfec2ffff]
[  +0.000000] PM: hibernation: Registered nosave memory: [mem 0xfec30000-0xfec30fff]
[  +0.000001] PM: hibernation: Registered nosave memory: [mem 0xfec31000-0xfecfffff]
[  +0.000000] PM: hibernation: Registered nosave memory: [mem 0xfed00000-0xfed00fff]
[  +0.000000] PM: hibernation: Registered nosave memory: [mem 0xfed01000-0xfed3ffff]
[  +0.000001] PM: hibernation: Registered nosave memory: [mem 0xfed40000-0xfed44fff]
[  +0.000000] PM: hibernation: Registered nosave memory: [mem 0xfed45000-0xfed7ffff]
[  +0.000000] PM: hibernation: Registered nosave memory: [mem 0xfed80000-0xfed8ffff]
[  +0.000001] PM: hibernation: Registered nosave memory: [mem 0xfed90000-0xfedc1fff]
[  +0.000000] PM: hibernation: Registered nosave memory: [mem 0xfedc2000-0xfedcffff]
[  +0.000000] PM: hibernation: Registered nosave memory: [mem 0xfedd0000-0xfedd3fff]
[  +0.000001] PM: hibernation: Registered nosave memory: [mem 0xfedd4000-0xfedd5fff]
[  +0.000000] PM: hibernation: Registered nosave memory: [mem 0xfedd6000-0xffffffff]
[  +0.000001] [mem 0xd0000000-0xfe9fffff] available for PCI devices
[  +0.000001] Booting paravirtualized kernel on bare hardware
[  +0.000002] clocksource: refined-jiffies: mask: 0xffffffff max_cycles: 0xffffffff, max_idle_ns: 1910969940391419 ns
[  +0.003283] setup_percpu: NR_CPUS:320 nr_cpumask_bits:32 nr_cpu_ids:32 nr_node_ids:1
[  +0.000830] percpu: Embedded 64 pages/cpu s225280 r8192 d28672 u262144
[  +0.000004] pcpu-alloc: s225280 r8192 d28672 u262144 alloc=1*2097152
[  +0.000001] pcpu-alloc: [0] 00 01 02 03 04 05 06 07 [0] 08 09 10 11 12 13 14 15 
[  +0.000005] pcpu-alloc: [0] 16 17 18 19 20 21 22 23 [0] 24 25 26 27 28 29 30 31 
[  +0.000016] Fallback order for Node 0: 0 
[  +0.000002] Built 1 zonelists, mobility grouping on.  Total pages: 3948332
[  +0.000001] Policy zone: Normal
[  +0.000001] Kernel command line: BOOT_IMAGE=/vmlinuz-linux-zen root=UUID=eb0f27d9-17de-4fe3-96d3-89bbde76f272 rw rd.udev.log_priority=3 vt.global_cursor_default=0 log_buf_len=1M print-fatal-signals=1 loglevel=3 audit=0 console=tty0 console=ttys0,115200n0 no_timer_check noreplace-smp rcupdate.rcu_expedited=1 tsc=reliable lsm=capability,yama,safesetid,landlock,lockdown,apparmor,bpf lockdown=integrity apparmor=1 module.sig_enforce=1 mitigations=auto,nosmt l1tf=flush,nosmt mds=full,nosmt tsx_async_abort=full,nosmt mmio_stale_data=full,nosmt retbleed=auto,nosmt nosmt=force pcie_aspm=force init_on_alloc=1 init_on_free=1 page_alloc.shuffle=1 vsyscall=none mce=0 debugfs=on randomize_kstack_offset=on kasan_multi_shot=on slab_nomerge pti=on slub_debug=ZF slub_debug=P page_poison=on fsck.mode=force mem_encrypt=on vsyscall=none random.trust_cpu=off amd_iommu=force_isolation amdgpu.vm_update_mode=0 amdgpu.gpu_recovery=1 amdgpu.virtual_display=NULL amdgpu.audio=0 amdgpu.lbpw=1 amdgpu.tmz=1 amdgpu.freesync_video=1 iommu.strict=1 iom
[  +0.000059] audit: disabled (until reboot)
[  +0.000082] PCIe ASPM is forcibly enabled
[  +0.000076] mem auto-init: SLAB_POISON will take precedence over init_on_alloc/init_on_free
[  +0.000117] tsc: Marking TSC unstable due to boot parameter
[  +0.000002] Unknown kernel command line parameters "BOOT_IMAGE=/vmlinuz-linux-zen kasan_multi_shot=on pti=on mem_encrypt=on", will be passed to user space.
[  +0.001202] Dentry cache hash table entries: 2097152 (order: 12, 16777216 bytes, linear)
[  +0.000631] Inode-cache hash table entries: 1048576 (order: 11, 8388608 bytes, linear)
[  +0.000314] mem auto-init: CONFIG_PAGE_POISONING is on, will take precedence over init_on_alloc and init_on_free
[  +0.000169] mem auto-init: stack:all(zero), heap alloc:off, heap free:off
[  +0.000043] software IO TLB: area num 32.
[  +1.175048] Memory: 15536480K/16044672K available (18432K kernel code, 2126K rwdata, 12508K rodata, 3512K init, 3656K bss, 507932K reserved, 0K cma-reserved)
[  +0.000004] **********************************************************
[  +0.000000] **   NOTICE NOTICE NOTICE NOTICE NOTICE NOTICE NOTICE   **
[  +0.000000] **                                                      **
[  +0.000001] ** This system shows unhashed kernel memory addresses   **
[  +0.000000] ** via the console, logs, and other interfaces. This    **
[  +0.000001] ** might reduce the security of your system.            **
[  +0.000000] **                                                      **
[  +0.000000] ** If you see this message and you are not debugging    **
[  +0.000000] ** the kernel, report this immediately to your system   **
[  +0.000000] ** administrator!                                       **
[  +0.000001] **                                                      **
[  +0.000000] **   NOTICE NOTICE NOTICE NOTICE NOTICE NOTICE NOTICE   **
[  +0.000000] **********************************************************
[  +0.000684] SLUB: HWalign=64, Order=0-3, MinObjects=0, CPUs=32, Nodes=1
[  +0.000032] Kernel/User page tables isolation: enabled
[  +0.000046] ftrace: allocating 44999 entries in 176 pages
[  +0.007973] ftrace: allocated 176 pages with 3 groups
[  +0.000101] Dynamic Preempt: full
[  +0.000101] rcu: Preemptible hierarchical RCU implementation.
[  +0.000001] rcu: 	RCU restricting CPUs from NR_CPUS=320 to nr_cpu_ids=32.
[  +0.000000] rcu: 	RCU priority boosting: priority 1 delay 500 ms.
[  +0.000001] 	All grace periods are expedited (rcu_expedited).
[  +0.000000] 	Trampoline variant of Tasks RCU enabled.
[  +0.000000] 	Rude variant of Tasks RCU enabled.
[  +0.000001] 	Tracing variant of Tasks RCU enabled.
[  +0.000000] rcu: RCU calculated value of scheduler-enlistment delay is 100 jiffies.
[  +0.000000] rcu: Adjusting geometry for rcu_fanout_leaf=16, nr_cpu_ids=32
[  +0.002151] NR_IRQS: 20736, nr_irqs: 1224, preallocated irqs: 16
[  +0.000167] rcu: srcu_init: Setting srcu_struct sizes based on contention.
[  +0.000087] kfence: initialized - using 2097152 bytes for 255 objects at 0xffff9f693c600000-0xffff9f693c800000
[  +0.000052] Console: colour dummy device 80x25
[  +0.000001] printk: console [tty0] enabled
[  +0.000071] ACPI: Core revision 20221020
[  +0.000228] clocksource: hpet: mask: 0xffffffff max_cycles: 0xffffffff, max_idle_ns: 133484873504 ns
[  +0.000016] APIC: Switch to symmetric I/O mode setup
[  +0.000600] AMD-Vi: Using global IVHD EFR:0x206d73ef22254ade, EFR2:0x0
[  +0.000276] x2apic enabled
[  +0.000005] Switched APIC routing to cluster x2apic.
[  +0.000657] ..TIMER: vector=0x30 apic1=0 pin1=2 apic2=-1 pin2=-1
[  +0.000013] Calibrating delay loop (skipped), value calculated using timer frequency.. 7585.90 BogoMIPS (lpj=3792954)
[  +0.000002] pid_max: default: 32768 minimum: 301
[  +0.007806] LSM: initializing lsm=capability,yama,safesetid,landlock,lockdown,apparmor,bpf
[  +0.000043] Yama: becoming mindful.
[  +0.000008] landlock: Up and running.
[  +0.000048] AppArmor: AppArmor initialized
[  +0.000002] LSM support for eBPF active
[  +0.000119] Mount-cache hash table entries: 32768 (order: 6, 262144 bytes, linear)
[  +0.000029] Mountpoint-cache hash table entries: 32768 (order: 6, 262144 bytes, linear)
[  +0.000437] x86/cpu: User Mode Instruction Prevention (UMIP) activated
[  +0.000024] LVT offset 1 assigned for vector 0xf9
[  +0.000063] LVT offset 2 assigned for vector 0xf4
[  +0.000017] process: using mwait in idle threads
[  +0.000003] Last level iTLB entries: 4KB 512, 2MB 512, 4MB 256
[  +0.000001] Last level dTLB entries: 4KB 2048, 2MB 2048, 4MB 1024, 1GB 0
[  +0.000005] Spectre V1 : Mitigation: usercopy/swapgs barriers and __user pointer sanitization
[  +0.000003] Spectre V2 : Mitigation: Retpolines
[  +0.000001] Spectre V2 : Spectre v2 / SpectreRSB mitigation: Filling RSB on context switch
[  +0.000000] Spectre V2 : Spectre v2 / SpectreRSB : Filling RSB on VMEXIT
[  +0.000001] Spectre V2 : Enabling Restricted Speculation for firmware calls
[  +0.000002] Spectre V2 : mitigation: Enabling conditional Indirect Branch Prediction Barrier
[  +0.000002] Speculative Store Bypass: Mitigation: Speculative Store Bypass disabled via prctl
[  +0.015101] Freeing SMP alternatives memory: 48K
[  +0.102289] smpboot: CPU0: AMD Ryzen 7 5700G with Radeon Graphics (family: 0x19, model: 0x50, stepping: 0x0)
[  +0.000216] cblist_init_generic: Setting adjustable number of callback queues.
[  +0.000004] cblist_init_generic: Setting shift to 5 and lim to 1.
[  +0.000017] cblist_init_generic: Setting shift to 5 and lim to 1.
[  +0.000028] cblist_init_generic: Setting shift to 5 and lim to 1.
[  +0.000016] Performance Events: Fam17h+ core perfctr, AMD PMU driver.
[  +0.000004] ... version:                0
[  +0.000001] ... bit width:              48
[  +0.000000] ... generic registers:      6
[  +0.000001] ... value mask:             0000ffffffffffff
[  +0.000000] ... max period:             00007fffffffffff
[  +0.000001] ... fixed-purpose events:   0
[  +0.000000] ... event mask:             000000000000003f
[  +0.000085] rcu: Hierarchical SRCU implementation.
[  +0.000001] rcu: 	Max phase no-delay instances is 400.
[  +0.000531] NMI watchdog: Enabled. Permanently consumes one hw-PMU counter.
[  +0.000641] smp: Bringing up secondary CPUs ...
[  +0.000159] x86: Booting SMP configuration:
[  +0.000001] .... node  #0, CPUs:        #1  #2  #3  #4  #5  #6  #7
[  +0.002576] smp: Brought up 1 node, 8 CPUs
[  +0.000000] smpboot: Max logical packages: 4
[  +0.000000] smpboot: Total of 8 processors activated (60687.26 BogoMIPS)
[  +0.025298] devtmpfs: initialized
[  +0.000000] x86/mm: Memory block size: 128MB
[  +0.001814] ACPI: PM: Registering ACPI NVS region [mem 0x0a200000-0x0a20efff] (61440 bytes)
[  +0.000000] ACPI: PM: Registering ACPI NVS region [mem 0xc4277000-0xc5a2efff] (24870912 bytes)
[  +0.001805] clocksource: jiffies: mask: 0xffffffff max_cycles: 0xffffffff, max_idle_ns: 1911260446275000 ns
[  +0.000024] futex hash table entries: 8192 (order: 7, 524288 bytes, linear)
[  +0.000103] pinctrl core: initialized pinctrl subsystem
[  +0.000104] PM: RTC time: 23:10:58, date: 2023-06-28
[  +0.000565] NET: Registered PF_NETLINK/PF_ROUTE protocol family
[  +0.000275] DMA: preallocated 2048 KiB GFP_KERNEL pool for atomic allocations
[  +0.000091] DMA: preallocated 2048 KiB GFP_KERNEL|GFP_DMA pool for atomic allocations
[  +0.000094] DMA: preallocated 2048 KiB GFP_KERNEL|GFP_DMA32 pool for atomic allocations
[  +0.000113] thermal_sys: Registered thermal governor 'fair_share'
[  +0.000001] thermal_sys: Registered thermal governor 'bang_bang'
[  +0.000000] thermal_sys: Registered thermal governor 'step_wise'
[  +0.000001] thermal_sys: Registered thermal governor 'user_space'
[  +0.000000] thermal_sys: Registered thermal governor 'power_allocator'
[  +0.000014] cpuidle: using governor ladder
[  +0.000000] cpuidle: using governor menu
[  +0.000000] acpiphp: ACPI Hot Plug PCI Controller Driver version: 0.5
[  +0.000437] PCI: MMCONFIG for domain 0000 [bus 00-7f] at [mem 0xf0000000-0xf7ffffff] (base 0xf0000000)
[  +0.000004] PCI: not using MMCONFIG
[  +0.000001] PCI: Using configuration type 1 for base access
[  +0.000000] PCI: Using configuration type 1 for extended access
[  +0.000336] kprobes: kprobe jump-optimization is enabled. All kprobes are optimized if possible.
[  +0.000004] HugeTLB: registered 1.00 GiB page size, pre-allocated 0 pages
[  +0.000000] HugeTLB: 16380 KiB vmemmap can be freed for a 1.00 GiB page
[  +0.000000] HugeTLB: registered 2.00 MiB page size, pre-allocated 0 pages
[  +0.000000] HugeTLB: 28 KiB vmemmap can be freed for a 2.00 MiB page
[  +0.000785] ACPI: Added _OSI(Module Device)
[  +0.000001] ACPI: Added _OSI(Processor Device)
[  +0.000000] ACPI: Added _OSI(3.0 _SCP Extensions)
[  +0.000001] ACPI: Added _OSI(Processor Aggregator Device)
[  +0.011667] ACPI: 10 ACPI AML tables successfully acquired and loaded
[  +0.000952] ACPI: [Firmware Bug]: BIOS _OSI(Linux) query ignored
[  +0.001786] ACPI: Interpreter enabled
[  +0.000010] ACPI: PM: (supports S0 S4 S5)
[  +0.000000] ACPI: Using IOAPIC for interrupt routing
[  +0.000475] PCI: MMCONFIG for domain 0000 [bus 00-7f] at [mem 0xf0000000-0xf7ffffff] (base 0xf0000000)
[  +0.000031] PCI: MMCONFIG at [mem 0xf0000000-0xf7ffffff] reserved as ACPI motherboard resource
[  +0.000006] PCI: Using host bridge windows from ACPI; if necessary, use "pci=nocrs" and report a bug
[  +0.000001] PCI: Ignoring E820 reservations for host bridge windows
[  +0.000214] ACPI: Enabled 4 GPEs in block 00 to 1F
[  +0.013464] ACPI: PCI Root Bridge [PCI0] (domain 0000 [bus 00-ff])
[  +0.000004] acpi PNP0A08:00: _OSC: OS supports [ExtendedConfig ASPM ClockPM Segments MSI EDR HPX-Type3]
[  +0.000086] acpi PNP0A08:00: _OSC: platform does not support [PCIeHotplug SHPCHotplug PME LTR DPC]
[  +0.000162] acpi PNP0A08:00: _OSC: OS now controls [AER PCIeCapability]
[  +0.000008] acpi PNP0A08:00: [Firmware Info]: MMCONFIG for domain 0000 [bus 00-7f] only partially covers this bridge
[  +0.000268] PCI host bridge to bus 0000:00
[  +0.000000] pci_bus 0000:00: root bus resource [io  0x0000-0x03af window]
[  +0.000001] pci_bus 0000:00: root bus resource [io  0x03e0-0x0cf7 window]
[  +0.000001] pci_bus 0000:00: root bus resource [io  0x03b0-0x03df window]
[  +0.000001] pci_bus 0000:00: root bus resource [io  0x0d00-0xffff window]
[  +0.000000] pci_bus 0000:00: root bus resource [mem 0x000a0000-0x000dffff window]
[  +0.000001] pci_bus 0000:00: root bus resource [mem 0xd0000000-0xfec2ffff window]
[  +0.000001] pci_bus 0000:00: root bus resource [mem 0xfee00000-0xffffffff window]
[  +0.000000] pci_bus 0000:00: root bus resource [bus 00-ff]
[  +0.000011] pci 0000:00:00.0: [1022:1630] type 00 class 0x060000
[  +0.000103] pci 0000:00:00.2: [1022:1631] type 00 class 0x080600
[  +0.000089] pci 0000:00:01.0: [1022:1632] type 00 class 0x060000
[  +0.000054] pci 0000:00:02.0: [1022:1632] type 00 class 0x060000
[  +0.000048] pci 0000:00:02.1: [1022:1634] type 01 class 0x060400
[  +0.000021] pci 0000:00:02.1: enabling Extended Tags
[  +0.000030] pci 0000:00:02.1: PME# supported from D0 D3hot D3cold
[  +0.000115] pci 0000:00:02.2: [1022:1634] type 01 class 0x060400
[  +0.000048] pci 0000:00:02.2: PME# supported from D0 D3hot D3cold
[  +0.000103] pci 0000:00:08.0: [1022:1632] type 00 class 0x060000
[  +0.000049] pci 0000:00:08.1: [1022:1635] type 01 class 0x060400
[  +0.000019] pci 0000:00:08.1: enabling Extended Tags
[  +0.000030] pci 0000:00:08.1: PME# supported from D0 D3hot D3cold
[  +0.000125] pci 0000:00:14.0: [1022:790b] type 00 class 0x0c0500
[  +0.000131] pci 0000:00:14.3: [1022:790e] type 00 class 0x060100
[  +0.000121] pci 0000:00:18.0: [1022:166a] type 00 class 0x060000
[  +0.000036] pci 0000:00:18.1: [1022:166b] type 00 class 0x060000
[  +0.000028] pci 0000:00:18.2: [1022:166c] type 00 class 0x060000
[  +0.000036] pci 0000:00:18.3: [1022:166d] type 00 class 0x060000
[  +0.000028] pci 0000:00:18.4: [1022:166e] type 00 class 0x060000
[  +0.000028] pci 0000:00:18.5: [1022:166f] type 00 class 0x060000
[  +0.000029] pci 0000:00:18.6: [1022:1670] type 00 class 0x060000
[  +0.000042] pci 0000:00:18.7: [1022:1671] type 00 class 0x060000
[  +0.000090] pci 0000:01:00.0: [1022:43ee] type 00 class 0x0c0330
[  +0.000016] pci 0000:01:00.0: reg 0x10: [mem 0xfcea0000-0xfcea7fff 64bit]
[  +0.000037] pci 0000:01:00.0: enabling Extended Tags
[  +0.000049] pci 0000:01:00.0: PME# supported from D3hot D3cold
[  +0.000135] pci 0000:01:00.1: [1022:43eb] type 00 class 0x010601
[  +0.000043] pci 0000:01:00.1: reg 0x24: [mem 0xfce80000-0xfce9ffff]
[  +0.000009] pci 0000:01:00.1: reg 0x30: [mem 0xfce00000-0xfce7ffff pref]
[  +0.000005] pci 0000:01:00.1: enabling Extended Tags
[  +0.000038] pci 0000:01:00.1: PME# supported from D3hot D3cold
[  +0.000091] pci 0000:01:00.2: [1022:43e9] type 01 class 0x060400
[  +0.000040] pci 0000:01:00.2: enabling Extended Tags
[  +0.000042] pci 0000:01:00.2: PME# supported from D3hot D3cold
[  +0.000096] pci 0000:00:02.1: PCI bridge to [bus 01-09]
[  +0.000003] pci 0000:00:02.1:   bridge window [io  0xf000-0xffff]
[  +0.000002] pci 0000:00:02.1:   bridge window [mem 0xfcb00000-0xfcefffff]
[  +0.000002] pci 0000:00:02.1:   bridge window [mem 0xe0300000-0xe03fffff 64bit pref]
[  +0.000087] pci 0000:02:00.0: [1022:43ea] type 01 class 0x060400
[  +0.000043] pci 0000:02:00.0: enabling Extended Tags
[  +0.000049] pci 0000:02:00.0: PME# supported from D3hot D3cold
[  +0.000099] pci 0000:02:01.0: [1022:43ea] type 01 class 0x060400
[  +0.000043] pci 0000:02:01.0: enabling Extended Tags
[  +0.000049] pci 0000:02:01.0: PME# supported from D3hot D3cold
[  +0.000112] pci 0000:02:02.0: [1022:43ea] type 01 class 0x060400
[  +0.000044] pci 0000:02:02.0: enabling Extended Tags
[  +0.000048] pci 0000:02:02.0: PME# supported from D3hot D3cold
[  +0.000099] pci 0000:02:03.0: [1022:43ea] type 01 class 0x060400
[  +0.000044] pci 0000:02:03.0: enabling Extended Tags
[  +0.000049] pci 0000:02:03.0: PME# supported from D3hot D3cold
[  +0.000114] pci 0000:02:04.0: [1022:43ea] type 01 class 0x060400
[  +0.000043] pci 0000:02:04.0: enabling Extended Tags
[  +0.000049] pci 0000:02:04.0: PME# supported from D3hot D3cold
[  +0.000110] pci 0000:02:08.0: [1022:43ea] type 01 class 0x060400
[  +0.000044] pci 0000:02:08.0: enabling Extended Tags
[  +0.000048] pci 0000:02:08.0: PME# supported from D3hot D3cold
[  +0.000101] pci 0000:02:09.0: [1022:43ea] type 01 class 0x060400
[  +0.000044] pci 0000:02:09.0: enabling Extended Tags
[  +0.000048] pci 0000:02:09.0: PME# supported from D3hot D3cold
[  +0.000125] pci 0000:01:00.2: PCI bridge to [bus 02-09]
[  +0.000004] pci 0000:01:00.2:   bridge window [io  0xf000-0xffff]
[  +0.000002] pci 0000:01:00.2:   bridge window [mem 0xfcb00000-0xfcdfffff]
[  +0.000005] pci 0000:01:00.2:   bridge window [mem 0xe0300000-0xe03fffff 64bit pref]
[  +0.000032] pci 0000:02:00.0: PCI bridge to [bus 03]
[  +0.000049] pci 0000:02:01.0: PCI bridge to [bus 04]
[  +0.000084] pci 0000:05:00.0: [10ec:8168] type 00 class 0x020000
[  +0.000027] pci 0000:05:00.0: reg 0x10: [io  0xf000-0xf0ff]
[  +0.000028] pci 0000:05:00.0: reg 0x18: [mem 0xe0304000-0xe0304fff 64bit pref]
[  +0.000018] pci 0000:05:00.0: reg 0x20: [mem 0xe0300000-0xe0303fff 64bit pref]
[  +0.000132] pci 0000:05:00.0: supports D1 D2
[  +0.000001] pci 0000:05:00.0: PME# supported from D0 D1 D2 D3hot D3cold
[  +0.000223] pci 0000:02:02.0: PCI bridge to [bus 05]
[  +0.000004] pci 0000:02:02.0:   bridge window [io  0xf000-0xffff]
[  +0.000006] pci 0000:02:02.0:   bridge window [mem 0xe0300000-0xe03fffff 64bit pref]
[  +0.000034] pci 0000:02:03.0: PCI bridge to [bus 06]
[  +0.000072] pci 0000:07:00.0: [1344:5404] type 00 class 0x010802
[  +0.000029] pci 0000:07:00.0: reg 0x10: [mem 0xfcd00000-0xfcd03fff 64bit]
[  +0.000356] pci 0000:02:04.0: PCI bridge to [bus 07]
[  +0.000006] pci 0000:02:04.0:   bridge window [mem 0xfcd00000-0xfcdfffff]
[  +0.000047] pci 0000:02:08.0: PCI bridge to [bus 08]
[  +0.000082] pci 0000:09:00.0: [8086:15f3] type 00 class 0x020000
[  +0.000023] pci 0000:09:00.0: reg 0x10: [mem 0xfcb00000-0xfcbfffff]
[  +0.000035] pci 0000:09:00.0: reg 0x1c: [mem 0xfcc00000-0xfcc03fff]
[  +0.000143] pci 0000:09:00.0: PME# supported from D0 D3hot D3cold
[  +0.000227] pci 0000:02:09.0: PCI bridge to [bus 09]
[  +0.000006] pci 0000:02:09.0:   bridge window [mem 0xfcb00000-0xfccfffff]
[  +0.000069] pci 0000:0a:00.0: [1179:010f] type 00 class 0x010802
[  +0.000013] pci 0000:0a:00.0: reg 0x10: [mem 0xfcf00000-0xfcf03fff 64bit]
[  +0.000170] pci 0000:00:02.2: PCI bridge to [bus 0a]
[  +0.000003] pci 0000:00:02.2:   bridge window [mem 0xfcf00000-0xfcffffff]
[  +0.000058] pci 0000:0b:00.0: [1002:1638] type 00 class 0x030000
[  +0.000010] pci 0000:0b:00.0: reg 0x10: [mem 0xd0000000-0xdfffffff 64bit pref]
[  +0.000006] pci 0000:0b:00.0: reg 0x18: [mem 0xe0000000-0xe01fffff 64bit pref]
[  +0.000004] pci 0000:0b:00.0: reg 0x20: [io  0xe000-0xe0ff]
[  +0.000005] pci 0000:0b:00.0: reg 0x24: [mem 0xfca00000-0xfca7ffff]
[  +0.000007] pci 0000:0b:00.0: enabling Extended Tags
[  +0.000010] pci 0000:0b:00.0: BAR 0: assigned to efifb
[  +0.000037] pci 0000:0b:00.0: PME# supported from D1 D2 D3hot D3cold
[  +0.000033] pci 0000:0b:00.0: 126.016 Gb/s available PCIe bandwidth, limited by 8.0 GT/s PCIe x16 link at 0000:00:08.1 (capable of 252.048 Gb/s with 16.0 GT/s PCIe x16 link)
[  +0.000084] pci 0000:0b:00.1: [1002:1637] type 00 class 0x040300
[  +0.000008] pci 0000:0b:00.1: reg 0x10: [mem 0xfca88000-0xfca8bfff]
[  +0.000020] pci 0000:0b:00.1: enabling Extended Tags
[  +0.000027] pci 0000:0b:00.1: PME# supported from D1 D2 D3hot D3cold
[  +0.000083] pci 0000:0b:00.2: [1022:15df] type 00 class 0x108000
[  +0.000011] pci 0000:0b:00.2: reg 0x18: [mem 0xfc900000-0xfc9fffff]
[  +0.000009] pci 0000:0b:00.2: reg 0x24: [mem 0xfca8c000-0xfca8dfff]
[  +0.000007] pci 0000:0b:00.2: enabling Extended Tags
[  +0.000094] pci 0000:0b:00.3: [1022:1639] type 00 class 0x0c0330
[  +0.000009] pci 0000:0b:00.3: reg 0x10: [mem 0xfc800000-0xfc8fffff 64bit]
[  +0.000022] pci 0000:0b:00.3: enabling Extended Tags
[  +0.000029] pci 0000:0b:00.3: PME# supported from D0 D3hot D3cold
[  +0.000071] pci 0000:0b:00.4: [1022:1639] type 00 class 0x0c0330
[  +0.000009] pci 0000:0b:00.4: reg 0x10: [mem 0xfc700000-0xfc7fffff 64bit]
[  +0.000022] pci 0000:0b:00.4: enabling Extended Tags
[  +0.000029] pci 0000:0b:00.4: PME# supported from D0 D3hot D3cold
[  +0.000087] pci 0000:0b:00.6: [1022:15e3] type 00 class 0x040300
[  +0.000006] pci 0000:0b:00.6: reg 0x10: [mem 0xfca80000-0xfca87fff]
[  +0.000019] pci 0000:0b:00.6: enabling Extended Tags
[  +0.000027] pci 0000:0b:00.6: PME# supported from D0 D3hot D3cold
[  +0.000089] pci 0000:00:08.1: PCI bridge to [bus 0b]
[  +0.000002] pci 0000:00:08.1:   bridge window [io  0xe000-0xefff]
[  +0.000001] pci 0000:00:08.1:   bridge window [mem 0xfc700000-0xfcafffff]
[  +0.000003] pci 0000:00:08.1:   bridge window [mem 0xd0000000-0xe01fffff 64bit pref]
[  +0.000355] ACPI: PCI: Interrupt link LNKA configured for IRQ 0
[  +0.000040] ACPI: PCI: Interrupt link LNKB configured for IRQ 0
[  +0.000034] ACPI: PCI: Interrupt link LNKC configured for IRQ 0
[  +0.000042] ACPI: PCI: Interrupt link LNKD configured for IRQ 0
[  +0.000037] ACPI: PCI: Interrupt link LNKE configured for IRQ 0
[  +0.000031] ACPI: PCI: Interrupt link LNKF configured for IRQ 0
[  +0.000031] ACPI: PCI: Interrupt link LNKG configured for IRQ 0
[  +0.000039] ACPI: PCI: Interrupt link LNKH configured for IRQ 0
[  +0.000689] iommu: Default domain type: Translated 
[  +0.000000] iommu: DMA domain TLB invalidation policy: strict mode (set via kernel command line)
[  +0.000227] SCSI subsystem initialized
[  +0.000005] libata version 3.00 loaded.
[  +0.000000] ACPI: bus type USB registered
[  +0.000000] usbcore: registered new interface driver usbfs
[  +0.000000] usbcore: registered new interface driver hub
[  +0.000000] usbcore: registered new device driver usb
[  +0.001741] pps_core: LinuxPPS API ver. 1 registered
[  +0.000001] pps_core: Software ver. 5.3.6 - Copyright 2005-2007 Rodolfo Giometti <giometti@linux.it>
[  +0.000002] PTP clock support registered
[  +0.000005] EDAC MC: Ver: 3.0.0
[  +0.000092] efivars: Registered efivars operations
[  +0.000109] NetLabel: Initializing
[  +0.000000] NetLabel:  domain hash size = 128
[  +0.000001] NetLabel:  protocols = UNLABELED CIPSOv4 CALIPSO
[  +0.000009] NetLabel:  unlabeled traffic allowed by default
[  +0.000003] mctp: management component transport protocol core
[  +0.000000] NET: Registered PF_MCTP protocol family
[  +0.000003] PCI: Using ACPI for IRQ routing
[  +0.004106] PCI: pci_cache_line_size set to 64 bytes
[  +0.000058] e820: reserve RAM buffer [mem 0x09d1f000-0x0bffffff]
[  +0.000001] e820: reserve RAM buffer [mem 0x0a200000-0x0bffffff]
[  +0.000001] e820: reserve RAM buffer [mem 0x0b000000-0x0bffffff]
[  +0.000001] e820: reserve RAM buffer [mem 0xbe276000-0xbfffffff]
[  +0.000000] e820: reserve RAM buffer [mem 0xc0507000-0xc3ffffff]
[  +0.000001] e820: reserve RAM buffer [mem 0xc25be000-0xc3ffffff]
[  +0.000001] e820: reserve RAM buffer [mem 0xc3f11000-0xc3ffffff]
[  +0.000000] e820: reserve RAM buffer [mem 0x40e300000-0x40fffffff]
[  +0.000075] pci 0000:0b:00.0: vgaarb: setting as boot VGA device
[  +0.000000] pci 0000:0b:00.0: vgaarb: bridge control possible
[  +0.000000] pci 0000:0b:00.0: vgaarb: VGA device added: decodes=io+mem,owns=none,locks=none
[  +0.000000] vgaarb: loaded
[  +0.000000] hpet0: at MMIO 0xfed00000, IRQs 2, 8, 0
[  +0.000000] hpet0: 3 comparators, 32-bit 14.318180 MHz counter
[  +0.001642] clocksource: Switched to clocksource hpet
[  +0.000257] VFS: Disk quotas dquot_6.6.0
[  +0.000032] VFS: Dquot-cache hash table entries: 512 (order 0, 4096 bytes)
[  +0.000157] AppArmor: AppArmor Filesystem Enabled
[  +0.000037] pnp: PnP ACPI init
[  +0.000084] system 00:00: [mem 0xf0000000-0xf7ffffff] has been reserved
[  +0.000040] system 00:01: [mem 0x410000000-0x42fffffff window] has been reserved
[  +0.000145] system 00:03: [io  0x0290-0x029f] has been reserved
[  +0.000001] system 00:03: [io  0x0200-0x021f] has been reserved
[  +0.000202] system 00:04: [io  0x04d0-0x04d1] has been reserved
[  +0.000001] system 00:04: [io  0x040b] has been reserved
[  +0.000000] system 00:04: [io  0x04d6] has been reserved
[  +0.000001] system 00:04: [io  0x0c00-0x0c01] has been reserved
[  +0.000001] system 00:04: [io  0x0c14] has been reserved
[  +0.000000] system 00:04: [io  0x0c50-0x0c51] has been reserved
[  +0.000001] system 00:04: [io  0x0c52] has been reserved
[  +0.000001] system 00:04: [io  0x0c6c] has been reserved
[  +0.000000] system 00:04: [io  0x0c6f] has been reserved
[  +0.000001] system 00:04: [io  0x0cd8-0x0cdf] has been reserved
[  +0.000001] system 00:04: [io  0x0800-0x089f] has been reserved
[  +0.000000] system 00:04: [io  0x0b00-0x0b0f] has been reserved
[  +0.000001] system 00:04: [io  0x0b20-0x0b3f] has been reserved
[  +0.000000] system 00:04: [io  0x0900-0x090f] has been reserved
[  +0.000001] system 00:04: [io  0x0910-0x091f] has been reserved
[  +0.000001] system 00:04: [mem 0xfec00000-0xfec00fff] could not be reserved
[  +0.000001] system 00:04: [mem 0xfec01000-0xfec01fff] could not be reserved
[  +0.000001] system 00:04: [mem 0xfedc0000-0xfedc0fff] has been reserved
[  +0.000001] system 00:04: [mem 0xfee00000-0xfee00fff] has been reserved
[  +0.000001] system 00:04: [mem 0xfed80000-0xfed8ffff] could not be reserved
[  +0.000001] system 00:04: [mem 0xfec10000-0xfec10fff] has been reserved
[  +0.000001] system 00:04: [mem 0xff000000-0xffffffff] has been reserved
[  +0.000520] pnp: PnP ACPI: found 5 devices
[  +0.006879] clocksource: acpi_pm: mask: 0xffffff max_cycles: 0xffffff, max_idle_ns: 2085701024 ns
[  +0.000154] NET: Registered PF_INET protocol family
[  +0.000285] IP idents hash table entries: 262144 (order: 9, 2097152 bytes, linear)
[  +0.001799] tcp_listen_portaddr_hash hash table entries: 8192 (order: 5, 131072 bytes, linear)
[  +0.000027] Table-perturb hash table entries: 65536 (order: 6, 262144 bytes, linear)
[  +0.000148] TCP established hash table entries: 131072 (order: 8, 1048576 bytes, linear)
[  +0.000231] TCP bind hash table entries: 65536 (order: 9, 2097152 bytes, linear)
[  +0.000080] TCP: Hash tables configured (established 131072 bind 65536)
[  +0.000163] MPTCP token hash table entries: 16384 (order: 6, 393216 bytes, linear)
[  +0.000046] UDP hash table entries: 8192 (order: 6, 262144 bytes, linear)
[  +0.000035] UDP-Lite hash table entries: 8192 (order: 6, 262144 bytes, linear)
[  +0.000179] NET: Registered PF_UNIX/PF_LOCAL protocol family
[  +0.000004] NET: Registered PF_XDP protocol family
[  +0.000022] pci 0000:02:00.0: PCI bridge to [bus 03]
[  +0.000011] pci 0000:02:01.0: PCI bridge to [bus 04]
[  +0.000009] pci 0000:02:02.0: PCI bridge to [bus 05]
[  +0.000001] pci 0000:02:02.0:   bridge window [io  0xf000-0xffff]
[  +0.000006] pci 0000:02:02.0:   bridge window [mem 0xe0300000-0xe03fffff 64bit pref]
[  +0.000004] pci 0000:02:03.0: PCI bridge to [bus 06]
[  +0.000009] pci 0000:02:04.0: PCI bridge to [bus 07]
[  +0.000004] pci 0000:02:04.0:   bridge window [mem 0xfcd00000-0xfcdfffff]
[  +0.000006] pci 0000:02:08.0: PCI bridge to [bus 08]
[  +0.000009] pci 0000:02:09.0: PCI bridge to [bus 09]
[  +0.000003] pci 0000:02:09.0:   bridge window [mem 0xfcb00000-0xfccfffff]
[  +0.000007] pci 0000:01:00.2: PCI bridge to [bus 02-09]
[  +0.000001] pci 0000:01:00.2:   bridge window [io  0xf000-0xffff]
[  +0.000003] pci 0000:01:00.2:   bridge window [mem 0xfcb00000-0xfcdfffff]
[  +0.000003] pci 0000:01:00.2:   bridge window [mem 0xe0300000-0xe03fffff 64bit pref]
[  +0.000004] pci 0000:00:02.1: PCI bridge to [bus 01-09]
[  +0.000001] pci 0000:00:02.1:   bridge window [io  0xf000-0xffff]
[  +0.000002] pci 0000:00:02.1:   bridge window [mem 0xfcb00000-0xfcefffff]
[  +0.000003] pci 0000:00:02.1:   bridge window [mem 0xe0300000-0xe03fffff 64bit pref]
[  +0.000003] pci 0000:00:02.2: PCI bridge to [bus 0a]
[  +0.000002] pci 0000:00:02.2:   bridge window [mem 0xfcf00000-0xfcffffff]
[  +0.000003] pci 0000:00:08.1: PCI bridge to [bus 0b]
[  +0.000001] pci 0000:00:08.1:   bridge window [io  0xe000-0xefff]
[  +0.000004] pci 0000:00:08.1:   bridge window [mem 0xfc700000-0xfcafffff]
[  +0.000001] pci 0000:00:08.1:   bridge window [mem 0xd0000000-0xe01fffff 64bit pref]
[  +0.000004] pci_bus 0000:00: resource 4 [io  0x0000-0x03af window]
[  +0.000001] pci_bus 0000:00: resource 5 [io  0x03e0-0x0cf7 window]
[  +0.000000] pci_bus 0000:00: resource 6 [io  0x03b0-0x03df window]
[  +0.000001] pci_bus 0000:00: resource 7 [io  0x0d00-0xffff window]
[  +0.000000] pci_bus 0000:00: resource 8 [mem 0x000a0000-0x000dffff window]
[  +0.000001] pci_bus 0000:00: resource 9 [mem 0xd0000000-0xfec2ffff window]
[  +0.000001] pci_bus 0000:00: resource 10 [mem 0xfee00000-0xffffffff window]
[  +0.000000] pci_bus 0000:01: resource 0 [io  0xf000-0xffff]
[  +0.000001] pci_bus 0000:01: resource 1 [mem 0xfcb00000-0xfcefffff]
[  +0.000001] pci_bus 0000:01: resource 2 [mem 0xe0300000-0xe03fffff 64bit pref]
[  +0.000001] pci_bus 0000:02: resource 0 [io  0xf000-0xffff]
[  +0.000000] pci_bus 0000:02: resource 1 [mem 0xfcb00000-0xfcdfffff]
[  +0.000001] pci_bus 0000:02: resource 2 [mem 0xe0300000-0xe03fffff 64bit pref]
[  +0.000001] pci_bus 0000:05: resource 0 [io  0xf000-0xffff]
[  +0.000000] pci_bus 0000:05: resource 2 [mem 0xe0300000-0xe03fffff 64bit pref]
[  +0.000001] pci_bus 0000:07: resource 1 [mem 0xfcd00000-0xfcdfffff]
[  +0.000001] pci_bus 0000:09: resource 1 [mem 0xfcb00000-0xfccfffff]
[  +0.000000] pci_bus 0000:0a: resource 1 [mem 0xfcf00000-0xfcffffff]
[  +0.000001] pci_bus 0000:0b: resource 0 [io  0xe000-0xefff]
[  +0.000000] pci_bus 0000:0b: resource 1 [mem 0xfc700000-0xfcafffff]
[  +0.000001] pci_bus 0000:0b: resource 2 [mem 0xd0000000-0xe01fffff 64bit pref]
[  +0.000200] pci 0000:0b:00.1: D0 power state depends on 0000:0b:00.0
[  +0.000029] pci 0000:0b:00.3: extending delay after power-on from D3hot to 20 msec
[  +0.000094] pci 0000:0b:00.4: extending delay after power-on from D3hot to 20 msec
[  +0.000060] PCI: CLS 64 bytes, default 64
[  +0.000008] pci 0000:00:00.2: AMD-Vi: IOMMU performance counters supported
[  +0.000035] pci 0000:00:01.0: Adding to iommu group 0
[  +0.000004] Trying to unpack rootfs image as initramfs...
[  +0.000008] pci 0000:00:02.0: Adding to iommu group 1
[  +0.000023] pci 0000:00:02.1: Adding to iommu group 2
[  +0.000007] pci 0000:00:02.2: Adding to iommu group 3
[  +0.000011] pci 0000:00:08.0: Adding to iommu group 4
[  +0.000026] pci 0000:00:08.1: Adding to iommu group 5
[  +0.000022] pci 0000:00:14.0: Adding to iommu group 6
[  +0.000006] pci 0000:00:14.3: Adding to iommu group 6
[  +0.000022] pci 0000:00:18.0: Adding to iommu group 7
[  +0.000006] pci 0000:00:18.1: Adding to iommu group 7
[  +0.000005] pci 0000:00:18.2: Adding to iommu group 7
[  +0.000006] pci 0000:00:18.3: Adding to iommu group 7
[  +0.000012] pci 0000:00:18.4: Adding to iommu group 7
[  +0.000006] pci 0000:00:18.5: Adding to iommu group 7
[  +0.000006] pci 0000:00:18.6: Adding to iommu group 7
[  +0.000006] pci 0000:00:18.7: Adding to iommu group 7
[  +0.000024] pci 0000:01:00.0: Adding to iommu group 8
[  +0.000013] pci 0000:01:00.1: Adding to iommu group 8
[  +0.000021] pci 0000:01:00.2: Adding to iommu group 8
[  +0.000005] pci 0000:02:00.0: Adding to iommu group 8
[  +0.000003] pci 0000:02:01.0: Adding to iommu group 8
[  +0.000004] pci 0000:02:02.0: Adding to iommu group 8
[  +0.000004] pci 0000:02:03.0: Adding to iommu group 8
[  +0.000004] pci 0000:02:04.0: Adding to iommu group 8
[  +0.000004] pci 0000:02:08.0: Adding to iommu group 8
[  +0.000004] pci 0000:02:09.0: Adding to iommu group 8
[  +0.000014] pci 0000:05:00.0: Adding to iommu group 8
[  +0.000006] pci 0000:07:00.0: Adding to iommu group 8
[  +0.000018] pci 0000:09:00.0: Adding to iommu group 8
[  +0.000010] pci 0000:0a:00.0: Adding to iommu group 9
[  +0.000020] pci 0000:0b:00.0: Adding to iommu group 10
[  +0.000021] pci 0000:0b:00.1: Adding to iommu group 11
[  +0.000010] pci 0000:0b:00.2: Adding to iommu group 12
[  +0.000010] pci 0000:0b:00.3: Adding to iommu group 13
[  +0.000011] pci 0000:0b:00.4: Adding to iommu group 14
[  +0.000019] pci 0000:0b:00.6: Adding to iommu group 15
[  +0.005497] pci 0000:00:00.2: can't derive routing for PCI INT A
[  +0.000003] pci 0000:00:00.2: PCI INT A: not connected
[  +0.000211] pci 0000:00:00.2: AMD-Vi: Found IOMMU cap 0x40
[  +0.000001] AMD-Vi: Extended features (0x206d73ef22254ade, 0x0): PPR X2APIC NX GT IA GA PC GA_vAPIC
[  +0.000004] AMD-Vi: Interrupt remapping enabled
[  +0.000000] AMD-Vi: X2APIC enabled
[  +0.000333] AMD-Vi: Virtual APIC enabled
[  +0.000111] PCI-DMA: Using software bounce buffering for IO (SWIOTLB)
[  +0.000002] software IO TLB: mapped [mem 0x00000000b73cb000-0x00000000bb3cb000] (64MB)
[  +0.000138] LVT offset 0 assigned for vector 0x400
[  +0.000082] perf: AMD IBS detected (0x000003ff)
[  +0.000004] perf/amd_iommu: Detected AMD IOMMU #0 (2 banks, 4 counters/bank).
[  +0.001376] Initialise system trusted keyrings
[  +0.000031] Key type blacklist registered
[  +0.000064] workingset: timestamp_bits=41 max_order=22 bucket_order=0
[  +0.000037] zbud: loaded
[  +0.000414] integrity: Platform Keyring initialized
[  +0.000035] integrity: Machine keyring initialized
[  +0.002355] Key type asymmetric registered
[  +0.000001] Asymmetric key parser 'x509' registered
[  +0.000013] Block layer SCSI generic (bsg) driver version 0.4 loaded (major 242)
[  +0.000098] io scheduler mq-deadline registered
[  +0.000000] io scheduler kyber registered
[  +0.000039] io scheduler bfq registered
[  +0.002319] shpchp: Standard Hot Plug PCI Controller Driver version: 0.4
[  +0.000107] input: Power Button as /devices/LNXSYSTM:00/LNXSYBUS:00/PNP0C0C:00/input/input0
[  +0.000041] ACPI: button: Power Button [PWRB]
[  +0.000025] input: Power Button as /devices/LNXSYSTM:00/LNXPWRBN:00/input/input1
[  +0.003722] ACPI: button: Power Button [PWRF]
[  +0.000073] Estimated ratio of average max frequency by base frequency (times 1024): 1141
[  +0.000012] Monitor-Mwait will be used to enter C-1 state
[  +0.000003] ACPI: \_SB_.PLTF.C000: Found 3 idle states
[  +0.000149] ACPI: \_SB_.PLTF.C001: Found 3 idle states
[  +0.000096] ACPI: \_SB_.PLTF.C002: Found 3 idle states
[  +0.000142] ACPI: \_SB_.PLTF.C003: Found 3 idle states
[  +0.000124] ACPI: \_SB_.PLTF.C004: Found 3 idle states
[  +0.000089] ACPI: \_SB_.PLTF.C005: Found 3 idle states
[  +0.000133] ACPI: \_SB_.PLTF.C006: Found 3 idle states
[  +0.000134] ACPI: \_SB_.PLTF.C007: Found 3 idle states
[  +0.000289] Serial: 8250/16550 driver, 32 ports, IRQ sharing enabled
[  +0.000172] serial8250: ttyS0 at I/O 0x3f8 (irq = 4, base_baud = 115200) is a 16550A
[  +0.001540] Non-volatile memory driver v1.3
[  +0.000001] Linux agpgart interface v0.103
[  +0.045470] Freeing initrd memory: 32828K
[  +0.005027] random: crng init done
[  +0.002725] AMD-Vi: AMD IOMMUv2 loaded and initialized
[  +0.000538] ahci 0000:01:00.1: version 3.0
[  +0.000114] ahci 0000:01:00.1: SSS flag set, parallel bus scan disabled
[  +0.000037] ahci 0000:01:00.1: AHCI 0001.0301 32 slots 6 ports 6 Gbps 0x3f impl SATA mode
[  +0.000002] ahci 0000:01:00.1: flags: 64bit ncq sntf stag pm led clo only pmp pio slum part sxs deso sadm sds apst 
[  +0.000398] scsi host0: ahci
[  +0.000159] scsi host1: ahci
[  +0.000130] scsi host2: ahci
[  +0.000106] scsi host3: ahci
[  +0.000093] scsi host4: ahci
[  +0.000107] scsi host5: ahci
[  +0.000034] ata1: SATA max UDMA/133 abar m131072@0xfce80000 port 0xfce80100 irq 40
[  +0.000002] ata2: SATA max UDMA/133 abar m131072@0xfce80000 port 0xfce80180 irq 40
[  +0.000001] ata3: SATA max UDMA/133 abar m131072@0xfce80000 port 0xfce80200 irq 40
[  +0.000001] ata4: SATA max UDMA/133 abar m131072@0xfce80000 port 0xfce80280 irq 40
[  +0.000001] ata5: SATA max UDMA/133 abar m131072@0xfce80000 port 0xfce80300 irq 40
[  +0.000001] ata6: SATA max UDMA/133 abar m131072@0xfce80000 port 0xfce80380 irq 40
[  +0.000059] ACPI: bus type drm_connector registered
[  +0.000376] usbcore: registered new interface driver usbserial_generic
[  +0.000004] usbserial: USB Serial support registered for generic
[  +0.000062] rtc_cmos 00:02: RTC can wake from S4
[  +0.000197] rtc_cmos 00:02: registered as rtc0
[  +0.000032] rtc_cmos 00:02: setting system clock to 2023-06-28T23:10:58 UTC (1687993858)
[  +0.000023] rtc_cmos 00:02: alarms up to one month, y3k, 114 bytes nvram, hpet irqs
[  +0.000024] amd_pstate: driver load is disabled, boot with specific mode to enable this
[  +0.000076] ledtrig-cpu: registered to indicate activity on CPUs
[  +0.000185] efifb: probing for efifb
[  +0.000006] efifb: framebuffer at 0xd0000000, using 8128k, total 8128k
[  +0.000001] efifb: mode is 1920x1080x32, linelength=7680, pages=1
[  +0.000001] efifb: scrolling: redraw
[  +0.000000] efifb: Truecolor: size=8:8:8:8, shift=24:16:8:0
[  +0.000040] fbcon: Deferring console take-over
[  +0.000001] fb0: EFI VGA frame buffer device
[  +0.000017] hid: raw HID events driver (C) Jiri Kosina
[  +0.000065] drop_monitor: Initializing network drop monitor service
[  +0.006937] Initializing XFRM netlink socket
[  +0.000019] NET: Registered PF_INET6 protocol family
[  +0.003929] Segment Routing with IPv6
[  +0.000001] RPL Segment Routing with IPv6
[  +0.000005] In-situ OAM (IOAM) with IPv6
[  +0.000017] NET: Registered PF_PACKET protocol family
[  +0.000715] microcode: CPU0: patch_level=0x0a50000d
[  +0.000003] microcode: CPU4: patch_level=0x0a50000d
[  +0.000003] microcode: CPU3: patch_level=0x0a50000d
[  -0.000002] microcode: CPU2: patch_level=0x0a50000d
[  +0.000001] microcode: CPU1: patch_level=0x0a50000d
[  +0.000009] microcode: CPU5: patch_level=0x0a50000d
[  +0.000002] microcode: CPU6: patch_level=0x0a50000d
[  +0.000000] microcode: CPU7: patch_level=0x0a50000d
[  +0.000013] microcode: Microcode Update Driver: v2.2.
[  +0.000152] resctrl: L3 allocation detected
[  +0.000002] resctrl: MB allocation detected
[  +0.000001] resctrl: L3 monitoring detected
[  +0.000003] IPI shorthand broadcast: enabled
[  +0.001151] registered taskstats version 1
[  +0.000470] Loading compiled-in X.509 certificates
[  +0.001236] Loaded X.509 cert 'Build time autogenerated kernel key: af4daed687e0f4a21d742aff256eda6163e6c1dd'
[  +0.001554] zswap: loaded using pool zstd/zsmalloc
[  +0.001606] Key type .fscrypt registered
[  +0.000001] Key type fscrypt-provisioning registered
[  +0.000035] AppArmor: AppArmor sha1 policy hashing enabled
[  +0.000099] integrity: Loading X.509 certificate: UEFI:db
[  +0.000160] integrity: Loaded X.509 cert 'ASUSTeK MotherBoard SW Key Certificate: da83b990422ebc8c441f8d8b039a65a2'
[  +0.000001] integrity: Loading X.509 certificate: UEFI:db
[  +0.000086] integrity: Loaded X.509 cert 'ASUSTeK Notebook SW Key Certificate: b8e581e4df77a5bb4282d5ccfc00c071'
[  +0.000001] integrity: Loading X.509 certificate: UEFI:db
[  +0.000011] integrity: Loaded X.509 cert 'Microsoft Corporation UEFI CA 2011: 13adbf4309bd82709c8cd54f316ed522988a1bd4'
[  +0.000000] integrity: Loading X.509 certificate: UEFI:db
[  +0.000009] integrity: Loaded X.509 cert 'Microsoft Windows Production PCA 2011: a92902398e16c49778cd90f99e4f9ae17c55af53'
[  +0.000001] integrity: Loading X.509 certificate: UEFI:db
[  +0.000083] integrity: Loaded X.509 cert 'Canonical Ltd. Master Certificate Authority: ad91990bc22ab1f517048c23b6655a268e345a63'
[  +0.000400] PM:   Magic number: 11:163:202
[  +0.000001] PM:   hash matches drivers/base/power/main.c:1446
[  +0.000046] acpi device:57: hash matches
[  +0.000006] acpi device:2a: hash matches
[  +0.001928] RAS: Correctable Errors collector initialized.
[  +0.000018] Lockdown: swapper/0: hibernation is restricted; see man kernel_lockdown.7
[  +0.288715] ata1: SATA link down (SStatus 0 SControl 330)
[  +0.312027] ata2: SATA link down (SStatus 0 SControl 330)
[Jun29 02:11] ata3: SATA link down (SStatus 0 SControl 300)
[  +0.311954] ata4: SATA link down (SStatus 0 SControl 300)
[  +0.311949] ata5: SATA link down (SStatus 0 SControl 330)
[  +0.311617] ata6: SATA link down (SStatus 0 SControl 330)
[  +0.002006] Freeing unused decrypted memory: 2036K
[  +0.000422] Freeing unused kernel image (initmem) memory: 3512K
[  +0.000029] Write protecting the kernel read-only data: 32768k
[  +0.000354] Freeing unused kernel image (rodata/data gap) memory: 1828K
[  +0.022215] x86/mm: Checked W+X mappings: passed, no W+X pages found.
[  +0.000005] rodata_test: all tests were successful
[  +0.000002] x86/mm: Checking user space page tables
[  +0.021170] x86/mm: Checked W+X mappings: passed, no W+X pages found.
[  +0.000009] Run /init as init process
[  +0.000001]   with arguments:
[  +0.000002]     /init
[  +0.000000]   with environment:
[  +0.000001]     HOME=/
[  +0.000001]     TERM=linux
[  +0.000000]     BOOT_IMAGE=/vmlinuz-linux-zen
[  +0.000000]     kasan_multi_shot=on
[  +0.000001]     pti=on
[  +0.000000]     mem_encrypt=on
[  +0.011787] fbcon: Taking over console
[  +0.000051] Console: switching to colour frame buffer device 240x67
[  +0.091430] xhci_hcd 0000:01:00.0: xHCI Host Controller
[  +0.000006] xhci_hcd 0000:01:00.0: new USB bus registered, assigned bus number 1
[  +0.007860] nvme 0000:07:00.0: platform quirk: setting simple suspend
[  +0.001349] nvme 0000:0a:00.0: platform quirk: setting simple suspend
[  +0.000057] nvme nvme0: pci function 0000:07:00.0
[  +0.000273] nvme nvme1: pci function 0000:0a:00.0
[  +0.004989] nvme nvme1: 7/0/0 default/read/poll queues
[  +0.001415]  nvme1n1: p1 p2 p3
[  +0.014654] nvme nvme0: 15/0/0 default/read/poll queues
[  +0.006093]  nvme0n1: p1
[  +0.018657] xhci_hcd 0000:01:00.0: hcc params 0x0200ef81 hci version 0x110 quirks 0x0000000000000410
[  +0.000380] xhci_hcd 0000:01:00.0: xHCI Host Controller
[  +0.000004] xhci_hcd 0000:01:00.0: new USB bus registered, assigned bus number 2
[  +0.000003] xhci_hcd 0000:01:00.0: Host supports USB 3.1 Enhanced SuperSpeed
[  +0.000049] usb usb1: New USB device found, idVendor=1d6b, idProduct=0002, bcdDevice= 6.03
[  +0.000002] usb usb1: New USB device strings: Mfr=3, Product=2, SerialNumber=1
[  +0.000001] usb usb1: Product: xHCI Host Controller
[  +0.000000] usb usb1: Manufacturer: Linux 6.3.9-zen1-1-zen xhci-hcd
[  +0.000001] usb usb1: SerialNumber: 0000:01:00.0
[  +0.000131] hub 1-0:1.0: USB hub found
[  +0.000015] hub 1-0:1.0: 10 ports detected
[  +0.006620] usb usb2: We don't know the algorithms for LPM for this host, disabling LPM.
[  +0.000013] usb usb2: New USB device found, idVendor=1d6b, idProduct=0003, bcdDevice= 6.03
[  +0.000001] usb usb2: New USB device strings: Mfr=3, Product=2, SerialNumber=1
[  +0.000001] usb usb2: Product: xHCI Host Controller
[  +0.000001] usb usb2: Manufacturer: Linux 6.3.9-zen1-1-zen xhci-hcd
[  +0.000000] usb usb2: SerialNumber: 0000:01:00.0
[  +0.000074] hub 2-0:1.0: USB hub found
[  +0.000006] hub 2-0:1.0: 4 ports detected
[  +0.002997] xhci_hcd 0000:0b:00.3: xHCI Host Controller
[  +0.000003] xhci_hcd 0000:0b:00.3: new USB bus registered, assigned bus number 3
[  +0.000095] xhci_hcd 0000:0b:00.3: hcc params 0x0268ffe5 hci version 0x110 quirks 0x0000020000000410
[  +0.000261] xhci_hcd 0000:0b:00.3: xHCI Host Controller
[  +0.000001] xhci_hcd 0000:0b:00.3: new USB bus registered, assigned bus number 4
[  +0.000002] xhci_hcd 0000:0b:00.3: Host supports USB 3.1 Enhanced SuperSpeed
[  +0.000021] usb usb3: New USB device found, idVendor=1d6b, idProduct=0002, bcdDevice= 6.03
[  +0.000001] usb usb3: New USB device strings: Mfr=3, Product=2, SerialNumber=1
[  +0.000001] usb usb3: Product: xHCI Host Controller
[  +0.000001] usb usb3: Manufacturer: Linux 6.3.9-zen1-1-zen xhci-hcd
[  +0.000000] usb usb3: SerialNumber: 0000:0b:00.3
[  +0.000081] hub 3-0:1.0: USB hub found
[  +0.000008] hub 3-0:1.0: 4 ports detected
[  +0.000118] usb usb4: We don't know the algorithms for LPM for this host, disabling LPM.
[  +0.000012] usb usb4: New USB device found, idVendor=1d6b, idProduct=0003, bcdDevice= 6.03
[  +0.000001] usb usb4: New USB device strings: Mfr=3, Product=2, SerialNumber=1
[  +0.000000] usb usb4: Product: xHCI Host Controller
[  +0.000001] usb usb4: Manufacturer: Linux 6.3.9-zen1-1-zen xhci-hcd
[  +0.000000] usb usb4: SerialNumber: 0000:0b:00.3
[  +0.000065] hub 4-0:1.0: USB hub found
[  +0.000004] hub 4-0:1.0: 2 ports detected
[  +0.000118] xhci_hcd 0000:0b:00.4: xHCI Host Controller
[  +0.000003] xhci_hcd 0000:0b:00.4: new USB bus registered, assigned bus number 5
[  +0.000089] xhci_hcd 0000:0b:00.4: hcc params 0x0268ffe5 hci version 0x110 quirks 0x0000020000000410
[  +0.000258] xhci_hcd 0000:0b:00.4: xHCI Host Controller
[  +0.000001] xhci_hcd 0000:0b:00.4: new USB bus registered, assigned bus number 6
[  +0.000004] xhci_hcd 0000:0b:00.4: Host supports USB 3.1 Enhanced SuperSpeed
[  +0.000024] usb usb5: New USB device found, idVendor=1d6b, idProduct=0002, bcdDevice= 6.03
[  +0.000001] usb usb5: New USB device strings: Mfr=3, Product=2, SerialNumber=1
[  +0.000001] usb usb5: Product: xHCI Host Controller
[  +0.000000] usb usb5: Manufacturer: Linux 6.3.9-zen1-1-zen xhci-hcd
[  +0.000001] usb usb5: SerialNumber: 0000:0b:00.4
[  +0.000064] hub 5-0:1.0: USB hub found
[  +0.000007] hub 5-0:1.0: 4 ports detected
[  +0.000151] usb usb6: We don't know the algorithms for LPM for this host, disabling LPM.
[  +0.000012] usb usb6: New USB device found, idVendor=1d6b, idProduct=0003, bcdDevice= 6.03
[  +0.000001] usb usb6: New USB device strings: Mfr=3, Product=2, SerialNumber=1
[  +0.000000] usb usb6: Product: xHCI Host Controller
[  +0.000001] usb usb6: Manufacturer: Linux 6.3.9-zen1-1-zen xhci-hcd
[  +0.000000] usb usb6: SerialNumber: 0000:0b:00.4
[  +0.000058] hub 6-0:1.0: USB hub found
[  +0.000004] hub 6-0:1.0: 2 ports detected
[  +0.235179] usb 1-6: new full-speed USB device number 2 using xhci_hcd
[  +0.000010] usb 3-1: new low-speed USB device number 2 using xhci_hcd
[  +0.140861] usb 3-1: New USB device found, idVendor=1bcf, idProduct=0005, bcdDevice= 0.90
[  +0.000003] usb 3-1: New USB device strings: Mfr=0, Product=2, SerialNumber=0
[  +0.000002] usb 3-1: Product: USB Optical Mouse
[  +0.131120] usb 3-2: new low-speed USB device number 3 using xhci_hcd
[  +0.024286] usb 1-6: config 1 has an invalid interface number: 2 but max is 1
[  +0.000003] usb 1-6: config 1 has no interface number 1
[  +0.011401] usb 1-6: New USB device found, idVendor=0b05, idProduct=1939, bcdDevice= 1.00
[  +0.000003] usb 1-6: New USB device strings: Mfr=1, Product=2, SerialNumber=3
[  +0.000001] usb 1-6: Product: AURA LED Controller
[  +0.000001] usb 1-6: Manufacturer: AsusTek Computer Inc.
[  +0.000001] usb 1-6: SerialNumber: 9876543210
[  +0.110159] usb 3-2: New USB device found, idVendor=09da, idProduct=2268, bcdDevice= 1.04
[  +0.000003] usb 3-2: New USB device strings: Mfr=1, Product=2, SerialNumber=0
[  +0.000001] usb 3-2: Product: USB Keyboard
[  +0.000001] usb 3-2: Manufacturer: SONiX
[  +0.010139] usb 1-7: new high-speed USB device number 3 using xhci_hcd
[  +0.149928] usb 1-7: New USB device found, idVendor=05e3, idProduct=0608, bcdDevice=60.90
[  +0.000003] usb 1-7: New USB device strings: Mfr=0, Product=1, SerialNumber=0
[  +0.000001] usb 1-7: Product: USB2.0 Hub
[  +0.008003] hub 1-7:1.0: USB hub found
[  +0.003975] hub 1-7:1.0: 4 ports detected
[  +0.073041] input: USB Optical Mouse as /devices/pci0000:00/0000:00:08.1/0000:0b:00.3/usb3/3-1/3-1:1.0/0003:1BCF:0005.0001/input/input2
[  +0.000082] hid-generic 0003:1BCF:0005.0001: input,hidraw0: USB HID v1.10 Mouse [USB Optical Mouse] on usb-0000:0b:00.3-1/input0
[  +0.000293] [drm] amdgpu kernel modesetting enabled.
[  +0.006102] amdgpu: Virtual CRAT table created for CPU
[  +0.000009] amdgpu: Topology: Add CPU node
[  +0.000082] amdgpu 0000:0b:00.0: enabling device (0006 -> 0007)
[  +0.000028] hid-generic 0003:0B05:1939.0002: hiddev96,hidraw1: USB HID v1.11 Device [AsusTek Computer Inc. AURA LED Controller] on usb-0000:01:00.0-6/input2
[  +0.000004] [drm] initializing kernel modesetting (RENOIR 0x1002:0x1638 0x1043:0x8809 0xC8).
[  +0.000008] [drm] register mmio base: 0xFCA00000
[  +0.000000] [drm] register mmio size: 524288
[  +0.000058] [drm] virtual display string:NULL, 0000:0b:00.0:virtual_display:0, num_crtc:0
[  +0.001313] [drm] add ip block number 0 <soc15_common>
[  +0.000001] [drm] add ip block number 1 <gmc_v9_0>
[  +0.000000] [drm] add ip block number 2 <vega10_ih>
[  +0.000001] [drm] add ip block number 3 <psp>
[  +0.000001] [drm] add ip block number 4 <smu>
[  +0.000000] [drm] add ip block number 5 <dm>
[  +0.000001] [drm] add ip block number 6 <gfx_v9_0>
[  +0.000001] [drm] add ip block number 7 <sdma_v4_0>
[  +0.000001] [drm] add ip block number 8 <vcn_v2_0>
[  +0.000001] [drm] add ip block number 9 <jpeg_v2_0>
[  +0.000010] amdgpu 0000:0b:00.0: amdgpu: Fetched VBIOS from VFCT
[  +0.000001] amdgpu: ATOM BIOS: 113-CEZANNE-018
[  +0.005041] input: SONiX USB Keyboard as /devices/pci0000:00/0000:00:08.1/0000:0b:00.3/usb3/3-2/3-2:1.0/0003:09DA:2268.0003/input/input3
[  +0.013708] [drm] VCN decode is enabled in VM mode
[  +0.000001] [drm] VCN encode is enabled in VM mode
[  +0.011943] [drm] JPEG decode is enabled in VM mode
[  +0.000085] Console: switching to colour dummy device 80x25
[  +0.000018] amdgpu 0000:0b:00.0: vgaarb: deactivate vga console
[  +0.000001] amdgpu 0000:0b:00.0: amdgpu: Trusted Memory Zone (TMZ) feature enabled
[  +0.000005] amdgpu 0000:0b:00.0: amdgpu: MODE2 reset
[  +0.001225] [drm] vm size is 262144 GB, 4 levels, block size is 9-bit, fragment size is 9-bit
[  +0.000016] amdgpu 0000:0b:00.0: amdgpu: VRAM: 512M 0x000000F400000000 - 0x000000F41FFFFFFF (512M used)
[  +0.000002] amdgpu 0000:0b:00.0: amdgpu: GART: 1024M 0x0000000000000000 - 0x000000003FFFFFFF
[  +0.000000] amdgpu 0000:0b:00.0: amdgpu: AGP: 267419648M 0x000000F800000000 - 0x0000FFFFFFFFFFFF
[  +0.000005] [drm] Detected VRAM RAM=512M, BAR=512M
[  +0.000000] [drm] RAM width 128bits DDR4
[  +0.000126] [drm] amdgpu: 512M of VRAM memory ready
[  +0.000001] [drm] amdgpu: 7639M of GTT memory ready.
[  +0.000012] [drm] GART: num cpu pages 262144, num gpu pages 262144
[  +0.000118] [drm] PCIE GART of 1024M enabled.
[  +0.000002] [drm] PTB located at 0x000000F41FC00000
[  +0.000209] [drm] Loading DMUB firmware via PSP: version=0x01010027
[  +0.000428] [drm] Found VCN firmware Version ENC: 1.20 DEC: 5 VEP: 0 Revision: 3
[  +0.000005] amdgpu 0000:0b:00.0: amdgpu: Will use PSP to load VCN firmware
[  +0.024601] hid-generic 0003:09DA:2268.0003: input,hidraw2: USB HID v1.11 Keyboard [SONiX USB Keyboard] on usb-0000:0b:00.3-2/input0
[  +0.004542] input: SONiX USB Keyboard Consumer Control as /devices/pci0000:00/0000:00:08.1/0000:0b:00.3/usb3/3-2/3-2:1.1/0003:09DA:2268.0004/input/input4
[  +0.052160] input: SONiX USB Keyboard System Control as /devices/pci0000:00/0000:00:08.1/0000:0b:00.3/usb3/3-2/3-2:1.1/0003:09DA:2268.0004/input/input5
[  +0.000320] hid-generic 0003:09DA:2268.0004: input,hidraw3: USB HID v1.11 Device [SONiX USB Keyboard] on usb-0000:0b:00.3-2/input1
[  +0.000033] usbcore: registered new interface driver usbhid
[  +0.000001] usbhid: USB HID core driver
[  +0.628156] [drm] reserve 0x400000 from 0xf41f800000 for PSP TMR
[  +0.085386] amdgpu 0000:0b:00.0: amdgpu: RAS: optional ras ta ucode is not available
[  +0.011108] amdgpu 0000:0b:00.0: amdgpu: RAP: optional rap ta ucode is not available
[  +0.000001] amdgpu 0000:0b:00.0: amdgpu: SECUREDISPLAY: securedisplay ta ucode is not available
[  +0.000185] amdgpu 0000:0b:00.0: amdgpu: SMU is initialized successfully!
[  +0.000255] [drm] Display Core initialized with v3.2.223!
[  +0.000001] [drm] DP-HDMI FRL PCON supported
[  +0.000544] [drm] DMUB hardware initialized: version=0x01010027
[  +0.053695] [drm] kiq ring mec 2 pipe 1 q 0
[  +0.003369] [drm] VCN decode and encode initialized successfully(under DPG Mode).
[  +0.000017] [drm] JPEG decode initialized successfully.
[  +0.001557] kfd kfd: amdgpu: Allocated 3969056 bytes on gart
[  +0.000092] amdgpu: sdma_bitmap: 3
[  +0.000854] memmap_init_zone_device initialised 131072 pages in 0ms
[  +0.000001] amdgpu: HMM registered 512MB device memory
[  +0.000019] amdgpu: SRAT table not found
[  +0.000000] amdgpu: Virtual CRAT table created for GPU
[  +0.000580] amdgpu: Topology: Add dGPU node [0x1638:0x1002]
[  +0.000002] kfd kfd: amdgpu: added device 1002:1638
[  +0.000084] amdgpu 0000:0b:00.0: amdgpu: SE 1, SH per SE 1, CU per SH 8, active_cu_number 8
[  +0.000053] amdgpu 0000:0b:00.0: amdgpu: ring gfx uses VM inv eng 0 on hub 0
[  +0.000002] amdgpu 0000:0b:00.0: amdgpu: ring gfx_low uses VM inv eng 1 on hub 0
[  +0.000000] amdgpu 0000:0b:00.0: amdgpu: ring gfx_high uses VM inv eng 4 on hub 0
[  +0.000001] amdgpu 0000:0b:00.0: amdgpu: ring comp_1.0.0 uses VM inv eng 5 on hub 0
[  +0.000000] amdgpu 0000:0b:00.0: amdgpu: ring comp_1.1.0 uses VM inv eng 6 on hub 0
[  +0.000001] amdgpu 0000:0b:00.0: amdgpu: ring comp_1.2.0 uses VM inv eng 7 on hub 0
[  +0.000000] amdgpu 0000:0b:00.0: amdgpu: ring comp_1.3.0 uses VM inv eng 8 on hub 0
[  +0.000001] amdgpu 0000:0b:00.0: amdgpu: ring comp_1.0.1 uses VM inv eng 9 on hub 0
[  +0.000000] amdgpu 0000:0b:00.0: amdgpu: ring comp_1.1.1 uses VM inv eng 10 on hub 0
[  +0.000001] amdgpu 0000:0b:00.0: amdgpu: ring comp_1.2.1 uses VM inv eng 11 on hub 0
[  +0.000000] amdgpu 0000:0b:00.0: amdgpu: ring comp_1.3.1 uses VM inv eng 12 on hub 0
[  +0.000001] amdgpu 0000:0b:00.0: amdgpu: ring kiq_2.1.0 uses VM inv eng 13 on hub 0
[  +0.000000] amdgpu 0000:0b:00.0: amdgpu: ring sdma0 uses VM inv eng 0 on hub 1
[  +0.000001] amdgpu 0000:0b:00.0: amdgpu: ring vcn_dec uses VM inv eng 1 on hub 1
[  +0.000000] amdgpu 0000:0b:00.0: amdgpu: ring vcn_enc0 uses VM inv eng 4 on hub 1
[  +0.000001] amdgpu 0000:0b:00.0: amdgpu: ring vcn_enc1 uses VM inv eng 5 on hub 1
[  +0.000001] amdgpu 0000:0b:00.0: amdgpu: ring jpeg_dec uses VM inv eng 6 on hub 1
[  +0.000764] [drm] Initialized amdgpu 3.52.0 20150101 for 0000:0b:00.0 on minor 0
[  +0.006060] fbcon: amdgpudrmfb (fb0) is primary device
[  +0.000162] [drm] DSC precompute is not needed.
[  +0.071540] Console: switching to colour frame buffer device 240x67
[  +0.018394] amdgpu 0000:0b:00.0: [drm] fb0: amdgpudrmfb frame buffer device
[  +2.987743] EXT4-fs (nvme1n1p3): mounted filesystem eb0f27d9-17de-4fe3-96d3-89bbde76f272 with ordered data mode. Quota mode: none.
[  +0.069982] systemd[1]: systemd 253.5-2-arch running in system mode (+PAM +AUDIT -SELINUX -APPARMOR -IMA +SMACK +SECCOMP +GCRYPT +GNUTLS +OPENSSL +ACL +BLKID +CURL +ELFUTILS +FIDO2 +IDN2 -IDN +IPTC +KMOD +LIBCRYPTSETUP +LIBFDISK +PCRE2 -PWQUALITY +P11KIT -QRENCODE +TPM2 +BZIP2 +LZ4 +XZ +ZLIB +ZSTD +BPF_FRAMEWORK +XKBCOMMON +UTMP -SYSVINIT default-hierarchy=unified)
[  +0.000007] systemd[1]: Detected architecture x86-64.
[  +0.000837] systemd[1]: Hostname set to <mksscryerpc>.
[  +0.045349] systemd[1]: bpf-lsm: LSM BPF program attached
[  +0.000169] memfd_create() without MFD_EXEC nor MFD_NOEXEC_SEAL, pid=1 'systemd'
[  +0.019670] systemd-fstab-generator[283]: Checking was requested for "/var", but it is not a device.
[  +0.000368] systemd-fstab-generator[283]: Checking was requested for "/home", but it is not a device.
[  +0.046176] systemd[1]: Configuration file /usr/lib/systemd/system/haveged-service.service is marked world-inaccessible. This has no effect as configuration data is accessible via APIs without restrictions. Proceeding anyway.
[  +0.009036] systemd[1]: Queued start job for default target Graphical Interface.
[  +0.000972] systemd[1]: Created slice Slice /system/getty.
[  +0.000287] systemd[1]: Created slice Slice /system/modprobe.
[  +0.000232] systemd[1]: Created slice Slice /system/systemd-fsck.
[  +0.000247] systemd[1]: Created slice User and Session Slice.
[  +0.000092] systemd[1]: Started Dispatch Password Requests to Console Directory Watch.
[  +0.000084] systemd[1]: Started Forward Password Requests to Wall Directory Watch.
[  +0.000164] systemd[1]: Set up automount Arbitrary Executable File Formats File System Automount Point.
[  +0.000098] systemd[1]: Reached target Local Encrypted Volumes.
[  +0.000060] systemd[1]: Reached target Login Prompts.
[  +0.000048] systemd[1]: Reached target Local Integrity Protected Volumes.
[  +0.000054] systemd[1]: Reached target Path Units.
[  +0.000049] systemd[1]: Reached target Remote File Systems.
[  +0.000045] systemd[1]: Reached target Slice Units.
[  +0.000052] systemd[1]: Reached target Local Verity Protected Volumes.
[  +0.000083] systemd[1]: Listening on Device-mapper event daemon FIFOs.
[  +0.000126] systemd[1]: Listening on LVM2 poll daemon socket.
[  +0.000577] systemd[1]: Listening on Process Core Dump Socket.
[  +0.000132] systemd[1]: Listening on Journal Socket (/dev/log).
[  +0.000125] systemd[1]: Listening on Journal Socket.
[  +0.000248] systemd[1]: Listening on udev Control Socket.
[  +0.000115] systemd[1]: Listening on udev Kernel Socket.
[  +0.000591] systemd[1]: Mounting Huge Pages File System...
[  +0.000552] systemd[1]: Mounting POSIX Message Queue File System...
[  +0.000566] systemd[1]: Mounting Kernel Debug File System...
[  +0.000512] systemd[1]: Mounting Kernel Trace File System...
[  +0.000623] systemd[1]: Starting Create List of Static Device Nodes...
[  +0.000567] systemd[1]: Starting Monitoring of LVM2 mirrors, snapshots etc. using dmeventd or progress polling...
[  +0.000587] systemd[1]: Starting Load Kernel Module configfs...
[  +0.000571] systemd[1]: Starting Load Kernel Module dm_mod...
[  +0.000548] systemd[1]: Starting Load Kernel Module drm...
[  +0.000586] systemd[1]: Starting Load Kernel Module fuse...
[  +0.000586] systemd[1]: Starting Load Kernel Module loop...
[  +0.000088] systemd[1]: File System Check on Root Device was skipped because of an unmet condition check (ConditionPathIsReadWrite=!/).
[  +0.001069] systemd[1]: Starting Load Kernel Modules...
[  +0.000071] systemd[1]: TPM2 PCR Machine ID Measurement was skipped because of an unmet condition check (ConditionPathExists=/sys/firmware/efi/efivars/StubPcrKernelImage-4a67b082-0a4c-41cf-b6c7-440b29bb8c4f).
[  +0.000501] systemd[1]: Starting Remount Root and Kernel File Systems...
[  +0.000579] systemd[1]: Starting Coldplug All udev Devices...
[  +0.000990] systemd[1]: Mounted Huge Pages File System.
[  +0.000127] systemd[1]: Mounted POSIX Message Queue File System.
[  +0.000111] systemd[1]: Mounted Kernel Debug File System.
[  +0.000114] systemd[1]: Mounted Kernel Trace File System.
[  +0.000210] loop: module loaded
[  +0.000069] systemd[1]: Finished Create List of Static Device Nodes.
[  +0.001444] systemd[1]: modprobe@configfs.service: Deactivated successfully.
[  +0.000144] systemd[1]: Finished Load Kernel Module configfs.
[  +0.000224] systemd[1]: modprobe@drm.service: Deactivated successfully.
[  +0.000137] systemd[1]: Finished Load Kernel Module drm.
[  +0.000262] systemd[1]: modprobe@loop.service: Deactivated successfully.
[  +0.000137] EXT4-fs (nvme1n1p3): re-mounted eb0f27d9-17de-4fe3-96d3-89bbde76f272. Quota mode: none.
[  +0.000024] systemd[1]: Finished Load Kernel Module loop.
[  +0.000019] device-mapper: uevent: version 1.0.3
[  +0.000066] device-mapper: ioctl: 4.47.0-ioctl (2022-07-28) initialised: dm-devel@redhat.com
[  +0.000448] systemd[1]: Finished Remount Root and Kernel File Systems.
[  +0.000229] systemd[1]: modprobe@dm_mod.service: Deactivated successfully.
[  +0.000135] systemd[1]: Finished Load Kernel Module dm_mod.
[  +0.000759] fuse: init (API version 7.38)
[  +0.000113] systemd[1]: Mounting Kernel Configuration File System...
[  +0.000075] systemd[1]: First Boot Wizard was skipped because of an unmet condition check (ConditionFirstBoot=yes).
[  +0.000359] systemd[1]: Rebuild Hardware Database was skipped because of an unmet condition check (ConditionNeedsUpdate=/etc).
[  +0.000206] systemd[1]: Repartition Root Disk was skipped because no trigger condition checks were met.
[  +0.000063] systemd[1]: Create System Users was skipped because no trigger condition checks were met.
[  +0.000578] systemd[1]: Starting Create Static Device Nodes in /dev...
[  +0.000322] systemd[1]: modprobe@fuse.service: Deactivated successfully.
[  +0.000147] systemd[1]: Finished Load Kernel Module fuse.
[  +0.000995] systemd[1]: Finished Load Kernel Modules.
[  +0.000132] systemd[1]: Mounted Kernel Configuration File System.
[  +0.001631] systemd[1]: Mounting FUSE Control File System...
[  +0.001501] systemd[1]: Starting Apply Kernel Variables...
[  +0.001400] systemd[1]: Mounted FUSE Control File System.
[  +0.003331] systemd[1]: Finished Apply Kernel Variables.
[  +0.016227] systemd[1]: Finished Create Static Device Nodes in /dev.
[  +0.002061] systemd[1]: Started Entropy Daemon based on the HAVEGE algorithm.
[  +0.002190] systemd[1]: Starting Journal Service...
[  +0.001600] systemd[1]: Starting Rule-based Manager for Device Events and Files...
[  +0.005870] systemd-journald[317]: Collecting audit messages is disabled.
[  +0.001150] systemd[1]: Finished Monitoring of LVM2 mirrors, snapshots etc. using dmeventd or progress polling.
[  +0.001171] systemd[1]: Reached target Preparation for Local File Systems.
[  +0.000979] systemd[1]: home.mount: Directory /home to mount over is not empty, mounting anyway.
[  +0.000631] systemd[1]: Mounting /home...
[  +0.000871] systemd[1]: var.mount: Directory /var to mount over is not empty, mounting anyway.
[  +0.000589] systemd[1]: Mounting /var...
[  +0.001467] systemd[1]: Mounted /home.
[  +0.001288] systemd[1]: Mounted /var.
[  +0.001563] systemd[1]: Starting Load AppArmor profiles...
[  +0.001303] systemd[1]: Starting Load/Save OS Random Seed...
[  +0.014083] systemd[1]: Finished Load/Save OS Random Seed.
[  +0.001030] systemd[1]: First Boot Complete was skipped because of an unmet condition check (ConditionFirstBoot=yes).
[  +0.012564] systemd[1]: Started Rule-based Manager for Device Events and Files.
[  +0.014474] systemd[1]: Started Journal Service.
[  +0.006668] systemd-journald[317]: Received client request to flush runtime journal.
[  +0.016702] systemd-journald[317]: /var/log/journal/4363d246c0344e6187bbf7e9048cd6bf/system.journal: Monotonic clock jumped backwards relative to last journal entry, rotating.
[  +0.000008] systemd-journald[317]: Rotating system journal.
[  +0.054170] Adding 16777212k swap on /dev/nvme1n1p2.  Priority:-2 extents:1 across:16777212k SSFS
[  +0.225648] ccp 0000:0b:00.2: enabling device (0000 -> 0002)
[  +0.000225] ccp 0000:0b:00.2: ccp: unable to access the device: you might be running a broken BIOS.
[  +0.011139] ccp 0000:0b:00.2: tee enabled
[  +0.000004] ccp 0000:0b:00.2: psp enabled
[  +0.008547] Loading of module with unavailable key is rejected
[  +0.003016] piix4_smbus 0000:00:14.0: SMBus Host Controller at 0xb00, revision 0
[  +0.000005] piix4_smbus 0000:00:14.0: Using register 0x02 for SMBus port selection
[  +0.000059] piix4_smbus 0000:00:14.0: Auxiliary SMBus Host Controller at 0xb20
[  +0.000129] Intel(R) 2.5G Ethernet Linux Driver
[  +0.000002] Copyright(c) 2018 Intel Corporation.
[  +0.000098] igc 0000:09:00.0: PCIe PTM not supported by PCIe bus/controller
[  +0.006430] sp5100_tco: SP5100/SB800 TCO WatchDog Timer Driver
[  +0.004922] r8169 0000:05:00.0: enabling device (0000 -> 0003)
[  +0.020409] RAPL PMU: API unit is 2^-32 Joules, 1 fixed counters, 163840 ms ovfl timer
[  +0.000005] RAPL PMU: hw unit of domain package 2^-16 Joules
[  +0.004150] cryptd: max_cpu_qlen set to 1000
[  +0.003854] sp5100-tco sp5100-tco: Using 0xfeb00000 for watchdog MMIO address
[  +0.000058] sp5100-tco sp5100-tco: initialized. heartbeat=60 sec (nowayout=0)
[  +0.005035] r8169 0000:05:00.0 eth0: RTL8168e/8111e, 08:be:ac:22:9f:b4, XID 2c2, IRQ 93
[  +0.000006] r8169 0000:05:00.0 eth0: jumbo features [frames: 9194 bytes, tx checksumming: ko]
[  +0.005499] AVX2 version of gcm_enc/dec engaged.
[  +0.000044] AES CTR mode by8 optimization enabled
[  +0.036097] pps pps0: new PPS source ptp0
[  +0.000036] igc 0000:09:00.0 (unnamed net_device) (uninitialized): PHC added
[  +0.033166] igc 0000:09:00.0: 4.000 Gb/s available PCIe bandwidth (5.0 GT/s PCIe x1 link)
[  +0.000006] igc 0000:09:00.0 eth1: MAC: a0:36:bc:ac:cb:cc
[  +0.032017] MCE: In-kernel MCE decoding enabled.
[  +0.045419] asus_wmi: ASUS WMI generic driver loaded
[  +0.003631] asus_wmi: Initialization: 0x0
[  +0.000036] asus_wmi: BIOS WMI version: 0.9
[  +0.000126] asus_wmi: SFUN value: 0x0
[  +0.000002] eeepc-wmi eeepc-wmi: Detected ASUSWMI, use DCTS
[  +0.005771] snd_hda_intel 0000:0b:00.1: enabling device (0000 -> 0002)
[  +0.000112] snd_hda_intel 0000:0b:00.1: Handle vga_switcheroo audio client
[  +0.001417] snd_hda_intel 0000:0b:00.6: enabling device (0000 -> 0002)
[  +0.041214] input: Eee PC WMI hotkeys as /devices/platform/eeepc-wmi/input/input6
[  +0.011694] input: HD-Audio Generic HDMI/DP,pcm=3 as /devices/pci0000:00/0000:00:08.1/0000:0b:00.1/sound/card0/input7
[  +0.000063] input: HD-Audio Generic HDMI/DP,pcm=7 as /devices/pci0000:00/0000:00:08.1/0000:0b:00.1/sound/card0/input8
[  +0.010042] snd_hda_codec_realtek hdaudioC1D0: autoconfig for ALC1220: line_outs=3 (0x14/0x15/0x16/0x0/0x0) type:line
[  +0.000005] snd_hda_codec_realtek hdaudioC1D0:    speaker_outs=0 (0x0/0x0/0x0/0x0/0x0)
[  +0.000001] snd_hda_codec_realtek hdaudioC1D0:    hp_outs=1 (0x1b/0x0/0x0/0x0/0x0)
[  +0.000001] snd_hda_codec_realtek hdaudioC1D0:    mono: mono_out=0x0
[  +0.000000] snd_hda_codec_realtek hdaudioC1D0:    dig-out=0x1e/0x0
[  +0.000001] snd_hda_codec_realtek hdaudioC1D0:    inputs:
[  +0.000001] snd_hda_codec_realtek hdaudioC1D0:      Front Mic=0x19
[  +0.000001] snd_hda_codec_realtek hdaudioC1D0:      Rear Mic=0x18
[  +0.000000] snd_hda_codec_realtek hdaudioC1D0:      Line=0x1a
[  +0.012919] r8169 0000:05:00.0 enp5s0: renamed from eth0
[  +0.008372] intel_rapl_common: Found RAPL domain package
[  +0.000004] intel_rapl_common: Found RAPL domain core
[  +0.001134] input: HD-Audio Generic Front Mic as /devices/pci0000:00/0000:00:08.1/0000:0b:00.6/sound/card1/input9
[  +0.000042] input: HD-Audio Generic Rear Mic as /devices/pci0000:00/0000:00:08.1/0000:0b:00.6/sound/card1/input10
[  +0.000028] input: HD-Audio Generic Line as /devices/pci0000:00/0000:00:08.1/0000:0b:00.6/sound/card1/input11
[  +0.000029] input: HD-Audio Generic Line Out Front as /devices/pci0000:00/0000:00:08.1/0000:0b:00.6/sound/card1/input12
[  +0.000025] input: HD-Audio Generic Line Out Surround as /devices/pci0000:00/0000:00:08.1/0000:0b:00.6/sound/card1/input13
[  +0.000027] input: HD-Audio Generic Line Out CLFE as /devices/pci0000:00/0000:00:08.1/0000:0b:00.6/sound/card1/input14
[  +0.000027] igc 0000:09:00.0 enp9s0: renamed from eth1
[  +0.000050] input: HD-Audio Generic Front Headphone as /devices/pci0000:00/0000:00:08.1/0000:0b:00.6/sound/card1/input15
[  +0.762705] mousedev: PS/2 mouse device common for all mice
[ +11.875623] EXT4-fs (nvme0n1p1): mounted filesystem 70991fce-1e1a-4127-a1a5-ff8e690d7735 with ordered data mode. Quota mode: none.
[  +0.155698] xt_connbytes: Forcing CT accounting to be enabled
[  +0.155648] RTL8211DN Gigabit Ethernet r8169-0-500:00: attached PHY driver (mii_bus:phy_addr=r8169-0-500:00, irq=MAC)
[  +0.261100] r8169 0000:05:00.0 enp5s0: Link is Down
[  +0.297831] Lockdown: systemd-logind: hibernation is restricted; see man kernel_lockdown.7
[  +0.001571] Lockdown: systemd-logind: hibernation is restricted; see man kernel_lockdown.7
[  +0.000433] Lockdown: systemd-logind: hibernation is restricted; see man kernel_lockdown.7
[  +1.341551] r8169 0000:05:00.0 enp5s0: Link is Up - 100Mbps/Full - flow control off
[  +0.000025] IPv6: ADDRCONF(NETDEV_CHANGE): enp5s0: link becomes ready
[ +18.810606] systemd-journald[317]: /var/log/journal/4363d246c0344e6187bbf7e9048cd6bf/user-1000.journal: Monotonic clock jumped backwards relative to last journal entry, rotating.
[Jun29 02:16] usb 3-2: USB disconnect, device number 3
[  +0.230664] usb 3-2: new low-speed USB device number 4 using xhci_hcd
[  +0.146108] usb 3-2: New USB device found, idVendor=09da, idProduct=2268, bcdDevice= 1.04
[  +0.000007] usb 3-2: New USB device strings: Mfr=1, Product=2, SerialNumber=0
[  +0.000002] usb 3-2: Product: USB Keyboard
[  +0.000001] usb 3-2: Manufacturer: SONiX
[  +0.000168] usb 3-2: Device is not authorized for usage
[  +0.033181] input: SONiX USB Keyboard as /devices/pci0000:00/0000:00:08.1/0000:0b:00.3/usb3/3-2/3-2:1.0/0003:09DA:2268.0005/input/input16
[  +0.052057] hid-generic 0003:09DA:2268.0005: input,hidraw1: USB HID v1.11 Keyboard [SONiX USB Keyboard] on usb-0000:0b:00.3-2/input0
[  +0.005687] input: SONiX USB Keyboard Consumer Control as /devices/pci0000:00/0000:00:08.1/0000:0b:00.3/usb3/3-2/3-2:1.1/0003:09DA:2268.0006/input/input17
[  +0.052353] input: SONiX USB Keyboard System Control as /devices/pci0000:00/0000:00:08.1/0000:0b:00.3/usb3/3-2/3-2:1.1/0003:09DA:2268.0006/input/input18
[  +0.000072] hid-generic 0003:09DA:2268.0006: input,hidraw2: USB HID v1.11 Device [SONiX USB Keyboard] on usb-0000:0b:00.3-2/input1
[  +0.000033] usb 3-2: authorized to connect
[Jun29 02:36] r8169 0000:05:00.0 enp5s0: Link is Up - 100Mbps/Full - flow control off
[  +0.013321] PPP generic driver version 2.4.2
[  +0.006478] NET: Registered PF_PPPOX protocol family
[Jun29 03:04] Iptables: v4Deny Exploits: IN=ppp0 OUT= MAC= SRC=192.241.195.100 DST=195.64.182.160 LEN=42 TOS=0x00 PREC=0x00 TTL=239 ID=54321 PROTO=UDP SPT=53254 DPT=2362 LEN=22 
[Jun29 03:33] Iptables: v4Reject: IN=ppp0 OUT= MAC= SRC=121.186.242.233 DST=195.64.182.160 LEN=40 TOS=0x00 PREC=0x00 TTL=45 ID=15518 PROTO=TCP SPT=22352 DPT=8080 WINDOW=0 RES=0x00 SYN URGP=0 
[Jun29 04:11] Iptables: v4Reject: IN=ppp0 OUT= MAC= SRC=34.104.32.36 DST=195.64.182.160 LEN=2932 TOS=0x02 PREC=0x00 TTL=58 ID=53551 PROTO=TCP SPT=443 DPT=59406 WINDOW=65535 RES=0x00 ACK URGP=0 
[  +0.152589] Iptables: v4Reject: IN=ppp0 OUT= MAC= SRC=34.104.32.36 DST=195.64.182.160 LEN=2932 TOS=0x02 PREC=0x00 TTL=58 ID=53866 PROTO=TCP SPT=443 DPT=59406 WINDOW=65535 RES=0x00 ACK URGP=0 
[  +0.321385] Iptables: v4Reject: IN=ppp0 OUT= MAC= SRC=34.104.32.36 DST=195.64.182.160 LEN=2932 TOS=0x02 PREC=0x00 TTL=58 ID=54554 PROTO=TCP SPT=443 DPT=59406 WINDOW=65535 RES=0x00 ACK URGP=0 
[  +0.006067] Iptables: v4Reject: IN=ppp0 OUT= MAC= SRC=34.104.32.36 DST=195.64.182.160 LEN=2932 TOS=0x02 PREC=0x00 TTL=58 ID=54570 PROTO=TCP SPT=443 DPT=59406 WINDOW=65535 RES=0x00 ACK URGP=0 
[  +0.135078] Iptables: v4Reject: IN=ppp0 OUT= MAC= SRC=34.104.32.36 DST=195.64.182.160 LEN=2932 TOS=0x02 PREC=0x00 TTL=58 ID=54863 PROTO=TCP SPT=443 DPT=59406 WINDOW=65535 RES=0x00 ACK URGP=0 
[  +0.130519] Iptables: v4Reject: IN=ppp0 OUT= MAC= SRC=34.104.32.36 DST=195.64.182.160 LEN=2932 TOS=0x02 PREC=0x00 TTL=58 ID=55145 PROTO=TCP SPT=443 DPT=59406 WINDOW=65535 RES=0x00 ACK URGP=0 
[  +0.010401] Iptables: v4Reject: IN=ppp0 OUT= MAC= SRC=34.104.32.36 DST=195.64.182.160 LEN=2932 TOS=0x02 PREC=0x00 TTL=58 ID=55170 PROTO=TCP SPT=443 DPT=59406 WINDOW=65535 RES=0x00 ACK URGP=0 
[  +0.123146] Iptables: v4Reject: IN=ppp0 OUT= MAC= SRC=34.104.32.36 DST=195.64.182.160 LEN=2932 TOS=0x02 PREC=0x00 TTL=58 ID=55434 PROTO=TCP SPT=443 DPT=59406 WINDOW=65535 RES=0x00 ACK URGP=0 
[  +0.129376] Iptables: v4Reject: IN=ppp0 OUT= MAC= SRC=34.104.32.36 DST=195.64.182.160 LEN=2932 TOS=0x02 PREC=0x00 TTL=58 ID=55710 PROTO=TCP SPT=443 DPT=59406 WINDOW=65535 RES=0x00 ACK URGP=0 
[  +0.003866] Iptables: v4Reject: IN=ppp0 OUT= MAC= SRC=34.104.32.36 DST=195.64.182.160 LEN=2932 TOS=0x02 PREC=0x00 TTL=58 ID=55719 PROTO=TCP SPT=443 DPT=59406 WINDOW=65535 RES=0x00 ACK URGP=0 
[  +0.003681] Iptables: v4Reject: IN=ppp0 OUT= MAC= SRC=34.104.32.36 DST=195.64.182.160 LEN=2932 TOS=0x02 PREC=0x00 TTL=58 ID=55729 PROTO=TCP SPT=443 DPT=59406 WINDOW=65535 RES=0x00 ACK URGP=0 
[  +0.000765] Iptables: v4Reject: IN=ppp0 OUT= MAC= SRC=34.104.32.36 DST=195.64.182.160 LEN=2932 TOS=0x02 PREC=0x00 TTL=58 ID=55732 PROTO=TCP SPT=443 DPT=59406 WINDOW=65535 RES=0x00 ACK URGP=0 
[  +1.269610] Iptables: v4Reject: IN=ppp0 OUT= MAC= SRC=34.104.32.36 DST=195.64.182.160 LEN=2932 TOS=0x02 PREC=0x00 TTL=58 ID=57939 PROTO=TCP SPT=443 DPT=59406 WINDOW=65535 RES=0x00 ACK URGP=0 
[  +0.133217] Iptables: v4Reject: IN=ppp0 OUT= MAC= SRC=34.104.32.36 DST=195.64.182.160 LEN=2932 TOS=0x02 PREC=0x00 TTL=58 ID=58227 PROTO=TCP SPT=443 DPT=59406 WINDOW=65535 RES=0x00 ACK URGP=0 
[  +0.376262] Iptables: v4Reject: IN=ppp0 OUT= MAC= SRC=34.104.32.36 DST=195.64.182.160 LEN=2932 TOS=0x02 PREC=0x00 TTL=58 ID=59078 PROTO=TCP SPT=443 DPT=59406 WINDOW=65535 RES=0x00 ACK URGP=0 
[  +0.182157] Iptables: v4Reject: IN=ppp0 OUT= MAC= SRC=34.104.32.36 DST=195.64.182.160 LEN=2932 TOS=0x02 PREC=0x00 TTL=58 ID=59327 PROTO=TCP SPT=443 DPT=59406 WINDOW=65535 RES=0x00 ACK URGP=0 
[  +0.129672] Iptables: v4Reject: IN=ppp0 OUT= MAC= SRC=34.104.32.36 DST=195.64.182.160 LEN=2932 TOS=0x02 PREC=0x00 TTL=58 ID=59605 PROTO=TCP SPT=443 DPT=59406 WINDOW=65535 RES=0x00 ACK URGP=0 
[  +0.016524] Iptables: v4Reject: IN=ppp0 OUT= MAC= SRC=34.104.32.36 DST=195.64.182.160 LEN=2932 TOS=0x02 PREC=0x00 TTL=58 ID=59645 PROTO=TCP SPT=443 DPT=59406 WINDOW=65535 RES=0x00 ACK URGP=0 
[  +0.112670] Iptables: v4Reject: IN=ppp0 OUT= MAC= SRC=34.104.32.36 DST=195.64.182.160 LEN=2932 TOS=0x02 PREC=0x00 TTL=58 ID=59886 PROTO=TCP SPT=443 DPT=59406 WINDOW=65535 RES=0x00 ACK URGP=0 
[  +0.165458] Iptables: v4Reject: IN=ppp0 OUT= MAC= SRC=34.104.32.36 DST=195.64.182.160 LEN=2932 TOS=0x02 PREC=0x00 TTL=58 ID=60258 PROTO=TCP SPT=443 DPT=59406 WINDOW=65535 RES=0x00 ACK URGP=0 
[  +0.159551] Iptables: v4Reject: IN=ppp0 OUT= MAC= SRC=34.104.32.36 DST=195.64.182.160 LEN=2932 TOS=0x02 PREC=0x00 TTL=58 ID=60614 PROTO=TCP SPT=443 DPT=59406 WINDOW=65535 RES=0x00 ACK URGP=0 
[  +0.112804] Iptables: v4Reject: IN=ppp0 OUT= MAC= SRC=34.104.32.36 DST=195.64.182.160 LEN=2932 TOS=0x02 PREC=0x00 TTL=58 ID=60855 PROTO=TCP SPT=443 DPT=59406 WINDOW=65535 RES=0x00 ACK URGP=0 
[  +0.012834] Iptables: v4Reject: IN=ppp0 OUT= MAC= SRC=34.104.32.36 DST=195.64.182.160 LEN=2932 TOS=0x02 PREC=0x00 TTL=58 ID=60888 PROTO=TCP SPT=443 DPT=59406 WINDOW=65535 RES=0x00 ACK URGP=0 
[  +0.172384] Iptables: v4Reject: IN=ppp0 OUT= MAC= SRC=34.104.32.36 DST=195.64.182.160 LEN=2932 TOS=0x02 PREC=0x00 TTL=58 ID=61276 PROTO=TCP SPT=443 DPT=59406 WINDOW=65535 RES=0x00 ACK URGP=0 
[  +0.147361] Iptables: v4Reject: IN=ppp0 OUT= MAC= SRC=34.104.32.36 DST=195.64.182.160 LEN=2932 TOS=0x02 PREC=0x00 TTL=58 ID=61602 PROTO=TCP SPT=443 DPT=59406 WINDOW=65535 RES=0x00 ACK URGP=0 
[  +0.010224] Iptables: v4Reject: IN=ppp0 OUT= MAC= SRC=34.104.32.36 DST=195.64.182.160 LEN=2932 TOS=0x02 PREC=0x00 TTL=58 ID=61626 PROTO=TCP SPT=443 DPT=59406 WINDOW=65535 RES=0x00 ACK URGP=0 
[  +0.120608] Iptables: v4Reject: IN=ppp0 OUT= MAC= SRC=34.104.32.36 DST=195.64.182.160 LEN=2932 TOS=0x02 PREC=0x00 TTL=58 ID=61886 PROTO=TCP SPT=443 DPT=59406 WINDOW=65535 RES=0x00 ACK URGP=0 
[  +0.004827] Iptables: v4Reject: IN=ppp0 OUT= MAC= SRC=34.104.32.36 DST=195.64.182.160 LEN=2932 TOS=0x02 PREC=0x00 TTL=58 ID=61898 PROTO=TCP SPT=443 DPT=59406 WINDOW=65535 RES=0x00 ACK URGP=0 
[  +0.139833] Iptables: v4Reject: IN=ppp0 OUT= MAC= SRC=34.104.32.36 DST=195.64.182.160 LEN=2932 TOS=0x02 PREC=0x00 TTL=58 ID=62204 PROTO=TCP SPT=443 DPT=59406 WINDOW=65535 RES=0x00 ACK URGP=0 
[  +0.001886] Iptables: v4Reject: IN=ppp0 OUT= MAC= SRC=34.104.32.36 DST=195.64.182.160 LEN=2932 TOS=0x02 PREC=0x00 TTL=58 ID=62207 PROTO=TCP SPT=443 DPT=59406 WINDOW=65535 RES=0x00 ACK URGP=0 
[  +0.126298] Iptables: v4Reject: IN=ppp0 OUT= MAC= SRC=34.104.32.36 DST=195.64.182.160 LEN=2932 TOS=0x02 PREC=0x00 TTL=58 ID=62485 PROTO=TCP SPT=443 DPT=59406 WINDOW=65535 RES=0x00 ACK URGP=0 
[  +0.134716] Iptables: v4Reject: IN=ppp0 OUT= MAC= SRC=34.104.32.36 DST=195.64.182.160 LEN=2932 TOS=0x02 PREC=0x00 TTL=58 ID=62780 PROTO=TCP SPT=443 DPT=59406 WINDOW=65535 RES=0x00 ACK URGP=0 
[  +0.136736] Iptables: v4Reject: IN=ppp0 OUT= MAC= SRC=34.104.32.36 DST=195.64.182.160 LEN=2932 TOS=0x02 PREC=0x00 TTL=58 ID=63075 PROTO=TCP SPT=443 DPT=59406 WINDOW=65535 RES=0x00 ACK URGP=0 
[  +0.127750] Iptables: v4Reject: IN=ppp0 OUT= MAC= SRC=34.104.32.36 DST=195.64.182.160 LEN=2932 TOS=0x02 PREC=0x00 TTL=58 ID=63351 PROTO=TCP SPT=443 DPT=59406 WINDOW=65535 RES=0x00 ACK URGP=0 
[  +0.004841] Iptables: v4Reject: IN=ppp0 OUT= MAC= SRC=34.104.32.36 DST=195.64.182.160 LEN=2932 TOS=0x02 PREC=0x00 TTL=58 ID=63363 PROTO=TCP SPT=443 DPT=59406 WINDOW=65535 RES=0x00 ACK URGP=0 
[  +0.121500] Iptables: v4Reject: IN=ppp0 OUT= MAC= SRC=34.104.32.36 DST=195.64.182.160 LEN=2932 TOS=0x02 PREC=0x00 TTL=58 ID=63626 PROTO=TCP SPT=443 DPT=59406 WINDOW=65535 RES=0x00 ACK URGP=0 
[  +0.016609] Iptables: v4Reject: IN=ppp0 OUT= MAC= SRC=34.104.32.36 DST=195.64.182.160 LEN=2932 TOS=0x02 PREC=0x00 TTL=58 ID=63666 PROTO=TCP SPT=443 DPT=59406 WINDOW=65535 RES=0x00 ACK URGP=0 
[  +0.120703] Iptables: v4Reject: IN=ppp0 OUT= MAC= SRC=34.104.32.36 DST=195.64.182.160 LEN=2932 TOS=0x02 PREC=0x00 TTL=58 ID=63929 PROTO=TCP SPT=443 DPT=59406 WINDOW=65535 RES=0x00 ACK URGP=0 
[  +0.008862] Iptables: v4Reject: IN=ppp0 OUT= MAC= SRC=34.104.32.36 DST=195.64.182.160 LEN=2932 TOS=0x02 PREC=0x00 TTL=58 ID=63951 PROTO=TCP SPT=443 DPT=59406 WINDOW=65535 RES=0x00 ACK URGP=0 
[  +0.004970] Iptables: v4Reject: IN=ppp0 OUT= MAC= SRC=34.104.32.36 DST=195.64.182.160 LEN=2932 TOS=0x02 PREC=0x00 TTL=58 ID=63963 PROTO=TCP SPT=443 DPT=59406 WINDOW=65535 RES=0x00 ACK URGP=0 
[  +0.241533] Iptables: v4Reject: IN=ppp0 OUT= MAC= SRC=34.104.32.36 DST=195.64.182.160 LEN=2932 TOS=0x02 PREC=0x00 TTL=58 ID=64483 PROTO=TCP SPT=443 DPT=59406 WINDOW=65535 RES=0x00 ACK URGP=0 
[  +0.287064] Iptables: v4Reject: IN=ppp0 OUT= MAC= SRC=34.104.32.36 DST=195.64.182.160 LEN=2932 TOS=0x02 PREC=0x00 TTL=58 ID=64931 PROTO=TCP SPT=443 DPT=59406 WINDOW=65535 RES=0x00 ACK URGP=0 
[  +0.005833] Iptables: v4Reject: IN=ppp0 OUT= MAC= SRC=34.104.32.36 DST=195.64.182.160 LEN=2932 TOS=0x02 PREC=0x00 TTL=58 ID=64946 PROTO=TCP SPT=443 DPT=59406 WINDOW=65535 RES=0x00 ACK URGP=0 
[  +0.321801] Iptables: v4Reject: IN=ppp0 OUT= MAC= SRC=34.104.32.36 DST=195.64.182.160 LEN=2932 TOS=0x02 PREC=0x00 TTL=58 ID=65463 PROTO=TCP SPT=443 DPT=59406 WINDOW=65535 RES=0x00 ACK URGP=0 
[  +0.301801] Iptables: v4Reject: IN=ppp0 OUT= MAC= SRC=34.104.32.36 DST=195.64.182.160 LEN=2932 TOS=0x02 PREC=0x00 TTL=58 ID=597 PROTO=TCP SPT=443 DPT=59406 WINDOW=65535 RES=0x00 ACK URGP=0 
[  +0.010645] Iptables: v4Reject: IN=ppp0 OUT= MAC= SRC=34.104.32.36 DST=195.64.182.160 LEN=2932 TOS=0x02 PREC=0x00 TTL=58 ID=622 PROTO=TCP SPT=443 DPT=59406 WINDOW=65535 RES=0x00 ACK URGP=0 
[  +0.146582] Iptables: v4Reject: IN=ppp0 OUT= MAC= SRC=34.104.32.36 DST=195.64.182.160 LEN=2932 TOS=0x02 PREC=0x00 TTL=58 ID=944 PROTO=TCP SPT=443 DPT=59406 WINDOW=65535 RES=0x00 ACK URGP=0 
[  +0.158791] Iptables: v4Reject: IN=ppp0 OUT= MAC= SRC=34.104.32.36 DST=195.64.182.160 LEN=2932 TOS=0x02 PREC=0x00 TTL=58 ID=1250 PROTO=TCP SPT=443 DPT=59406 WINDOW=65535 RES=0x00 ACK URGP=0 
[  +0.126447] Iptables: v4Reject: IN=ppp0 OUT= MAC= SRC=34.104.32.36 DST=195.64.182.160 LEN=2932 TOS=0x02 PREC=0x00 TTL=58 ID=1525 PROTO=TCP SPT=443 DPT=59406 WINDOW=65535 RES=0x00 ACK URGP=0 
[  +0.259862] Iptables: v4Reject: IN=ppp0 OUT= MAC= SRC=34.104.32.36 DST=195.64.182.160 LEN=2932 TOS=0x02 PREC=0x00 TTL=58 ID=2131 PROTO=TCP SPT=443 DPT=59406 WINDOW=65535 RES=0x00 ACK URGP=0 
[  +0.008821] Iptables: v4Reject: IN=ppp0 OUT= MAC= SRC=34.104.32.36 DST=195.64.182.160 LEN=2932 TOS=0x02 PREC=0x00 TTL=58 ID=2153 PROTO=TCP SPT=443 DPT=59406 WINDOW=65535 RES=0x00 ACK URGP=0 
[  +0.003899] Iptables: v4Reject: IN=ppp0 OUT= MAC= SRC=34.104.32.36 DST=195.64.182.160 LEN=2932 TOS=0x02 PREC=0x00 TTL=58 ID=2163 PROTO=TCP SPT=443 DPT=59406 WINDOW=65535 RES=0x00 ACK URGP=0 
[  +0.127197] Iptables: v4Reject: IN=ppp0 OUT= MAC= SRC=34.104.32.36 DST=195.64.182.160 LEN=2932 TOS=0x02 PREC=0x00 TTL=58 ID=2436 PROTO=TCP SPT=443 DPT=59406 WINDOW=65535 RES=0x00 ACK URGP=0 
[  +0.009575] Iptables: v4Reject: IN=ppp0 OUT= MAC= SRC=34.104.32.36 DST=195.64.182.160 LEN=2932 TOS=0x02 PREC=0x00 TTL=58 ID=2461 PROTO=TCP SPT=443 DPT=59406 WINDOW=65535 RES=0x00 ACK URGP=0 
[  +0.006428] Iptables: v4Reject: IN=ppp0 OUT= MAC= SRC=34.104.32.36 DST=195.64.182.160 LEN=2932 TOS=0x02 PREC=0x00 TTL=58 ID=2477 PROTO=TCP SPT=443 DPT=59406 WINDOW=65535 RES=0x00 ACK URGP=0 
[  +0.147047] Iptables: v4Reject: IN=ppp0 OUT= MAC= SRC=34.104.32.36 DST=195.64.182.160 LEN=2932 TOS=0x02 PREC=0x00 TTL=58 ID=2802 PROTO=TCP SPT=443 DPT=59406 WINDOW=65535 RES=0x00 ACK URGP=0 
[  +0.128411] Iptables: v4Reject: IN=ppp0 OUT= MAC= SRC=34.104.32.36 DST=195.64.182.160 LEN=2932 TOS=0x02 PREC=0x00 TTL=58 ID=3079 PROTO=TCP SPT=443 DPT=59406 WINDOW=65535 RES=0x00 ACK URGP=0 
[  +0.011153] Iptables: v4Reject: IN=ppp0 OUT= MAC= SRC=34.104.32.36 DST=195.64.182.160 LEN=2932 TOS=0x02 PREC=0x00 TTL=58 ID=3107 PROTO=TCP SPT=443 DPT=59406 WINDOW=65535 RES=0x00 ACK URGP=0 
[  +0.117386] Iptables: v4Reject: IN=ppp0 OUT= MAC= SRC=34.104.32.36 DST=195.64.182.160 LEN=2932 TOS=0x02 PREC=0x00 TTL=58 ID=3356 PROTO=TCP SPT=443 DPT=59406 WINDOW=65535 RES=0x00 ACK URGP=0 
[  +0.128317] Iptables: v4Reject: IN=ppp0 OUT= MAC= SRC=34.104.32.36 DST=195.64.182.160 LEN=2932 TOS=0x02 PREC=0x00 TTL=58 ID=3632 PROTO=TCP SPT=443 DPT=59406 WINDOW=65535 RES=0x00 ACK URGP=0 
[  +0.235192] Iptables: v4Reject: IN=ppp0 OUT= MAC= SRC=34.104.32.36 DST=195.64.182.160 LEN=2932 TOS=0x02 PREC=0x00 TTL=58 ID=3915 PROTO=TCP SPT=443 DPT=59406 WINDOW=65535 RES=0x00 ACK URGP=0 
[  +0.005305] Iptables: v4Reject: IN=ppp0 OUT= MAC= SRC=34.104.32.36 DST=195.64.182.160 LEN=2932 TOS=0x02 PREC=0x00 TTL=58 ID=3927 PROTO=TCP SPT=443 DPT=59406 WINDOW=65535 RES=0x00 ACK URGP=0 
[  +0.128469] Iptables: v4Reject: IN=ppp0 OUT= MAC= SRC=34.104.32.36 DST=195.64.182.160 LEN=2932 TOS=0x02 PREC=0x00 TTL=58 ID=4208 PROTO=TCP SPT=443 DPT=59406 WINDOW=65535 RES=0x00 ACK URGP=0 
[  +0.002386] Iptables: v4Reject: IN=ppp0 OUT= MAC= SRC=34.104.32.36 DST=195.64.182.160 LEN=2932 TOS=0x02 PREC=0x00 TTL=58 ID=4214 PROTO=TCP SPT=443 DPT=59406 WINDOW=65535 RES=0x00 ACK URGP=0 
[  +0.003999] Iptables: v4Reject: IN=ppp0 OUT= MAC= SRC=34.104.32.36 DST=195.64.182.160 LEN=2932 TOS=0x02 PREC=0x00 TTL=58 ID=4224 PROTO=TCP SPT=443 DPT=59406 WINDOW=65535 RES=0x00 ACK URGP=0 
[  +0.122937] Iptables: v4Reject: IN=ppp0 OUT= MAC= SRC=34.104.32.36 DST=195.64.182.160 LEN=2932 TOS=0x02 PREC=0x00 TTL=58 ID=4488 PROTO=TCP SPT=443 DPT=59406 WINDOW=65535 RES=0x00 ACK URGP=0 
[  +0.300962] Iptables: v4Reject: IN=ppp0 OUT= MAC= SRC=34.104.32.36 DST=195.64.182.160 LEN=2932 TOS=0x02 PREC=0x00 TTL=58 ID=5147 PROTO=TCP SPT=443 DPT=59406 WINDOW=65535 RES=0x00 ACK URGP=0 
[  +0.438520] Iptables: v4Reject: IN=ppp0 OUT= MAC= SRC=34.104.32.36 DST=195.64.182.160 LEN=2932 TOS=0x02 PREC=0x00 TTL=58 ID=6110 PROTO=TCP SPT=443 DPT=59406 WINDOW=65535 RES=0x00 ACK URGP=0 
[  +0.006401] Iptables: v4Reject: IN=ppp0 OUT= MAC= SRC=34.104.32.36 DST=195.64.182.160 LEN=2932 TOS=0x02 PREC=0x00 TTL=58 ID=6126 PROTO=TCP SPT=443 DPT=59406 WINDOW=65535 RES=0x00 ACK URGP=0 
