[May 3 02:25] Linux version 6.8.8-arch1-1 (linux@archlinux) (gcc (GCC) 13.2.1 20240417, GNU ld (GNU Binutils) 2.42.0) #1 SMP PREEMPT_DYNAMIC Sun, 28 Apr 2024 15:59:47 +0000
[  +0.000000] Command line: BOOT_IMAGE=/vmlinuz-linux root=UUID=47903e0c-14db-4f1e-bd8f-a748a8a6b88b rw rd.udev.log_priority=3 loglevel=3 audit=0 console=tty0 noreplace-smp rcupdate.rcu_expedited=1 tsc=unstable lsm=capability,yama,safesetid,landlock,lockdown,apparmor,bpf lockdown=integrity apparmor=1 module.sig_enforce=1 mitigations=auto,nosmt l1tf=flush,nosmt mds=full,nosmt tsx_async_abort=full,nosmt mmio_stale_data=full,nosmt retbleed=auto,nosmt nosmt=force pcie_aspm=force init_on_alloc=1 init_on_free=1 page_alloc.shuffle=1 vsyscall=none mce=0 debugfs=on randomize_kstack_offset=on kasan_multi_shot=on slab_nomerge pti=on slub_debug=ZF slub_debug=P page_poison=on fsck.mode=force mem_encrypt=on vsyscall=none amd_iommu=force_isolation iommu.strict=1 iomem=strict fsck.mode=force fsck.repair=yes pci.pcie_scan_all=1 extra_latent_entropy trace_clock=local noexec=on mce=recovery
[  +0.000000] BIOS-provided physical RAM map:
[  +0.000000] BIOS-e820: [mem 0x0000000000000000-0x000000000009ffff] usable
[  +0.000000] BIOS-e820: [mem 0x00000000000a0000-0x00000000000fffff] reserved
[  +0.000000] BIOS-e820: [mem 0x0000000000100000-0x0000000009d1efff] usable
[  +0.000000] BIOS-e820: [mem 0x0000000009d1f000-0x0000000009ffffff] reserved
[  +0.000000] BIOS-e820: [mem 0x000000000a000000-0x000000000a1fffff] usable
[  +0.000000] BIOS-e820: [mem 0x000000000a200000-0x000000000a20afff] ACPI NVS
[  +0.000000] BIOS-e820: [mem 0x000000000a20b000-0x00000000c1d07fff] usable
[  +0.000000] BIOS-e820: [mem 0x00000000c1d08000-0x00000000c1e28fff] ACPI data
[  +0.000000] BIOS-e820: [mem 0x00000000c1e29000-0x00000000c347efff] usable
[  +0.000000] BIOS-e820: [mem 0x00000000c347f000-0x00000000c347ffff] reserved
[  +0.000000] BIOS-e820: [mem 0x00000000c3480000-0x00000000ca7f2fff] usable
[  +0.000000] BIOS-e820: [mem 0x00000000ca7f3000-0x00000000caaf4fff] reserved
[  +0.000000] BIOS-e820: [mem 0x00000000caaf5000-0x00000000cab49fff] ACPI data
[  +0.000000] BIOS-e820: [mem 0x00000000cab4a000-0x00000000caeb1fff] ACPI NVS
[  +0.000000] BIOS-e820: [mem 0x00000000caeb2000-0x00000000cbbfefff] reserved
[  +0.000000] BIOS-e820: [mem 0x00000000cbbff000-0x00000000ccffffff] usable
[  +0.000000] BIOS-e820: [mem 0x00000000cd000000-0x00000000cfffffff] reserved
[  +0.000000] BIOS-e820: [mem 0x00000000f0000000-0x00000000f7ffffff] reserved
[  +0.000000] BIOS-e820: [mem 0x00000000fd100000-0x00000000fd1fffff] reserved
[  +0.000000] BIOS-e820: [mem 0x00000000fea00000-0x00000000fea0ffff] reserved
[  +0.000000] BIOS-e820: [mem 0x00000000feb80000-0x00000000fec01fff] reserved
[  +0.000000] BIOS-e820: [mem 0x00000000fec10000-0x00000000fec10fff] reserved
[  +0.000000] BIOS-e820: [mem 0x00000000fec30000-0x00000000fec30fff] reserved
[  +0.000000] BIOS-e820: [mem 0x00000000fed00000-0x00000000fed00fff] reserved
[  +0.000000] BIOS-e820: [mem 0x00000000fed40000-0x00000000fed44fff] reserved
[  +0.000000] BIOS-e820: [mem 0x00000000fed80000-0x00000000fed8ffff] reserved
[  +0.000000] BIOS-e820: [mem 0x00000000fedc2000-0x00000000fedcffff] reserved
[  +0.000000] BIOS-e820: [mem 0x00000000fedd4000-0x00000000fedd5fff] reserved
[  +0.000000] BIOS-e820: [mem 0x00000000ff000000-0x00000000ffffffff] reserved
[  +0.000000] BIOS-e820: [mem 0x0000000100000000-0x000000082f37ffff] usable
[  +0.000000] BIOS-e820: [mem 0x000000082f380000-0x000000082fffffff] reserved
[  +0.000000] Kernel is locked down from command line; see man kernel_lockdown.7
[  +0.000000] SMT: Force disabled
[  +0.000000] NX (Execute Disable) protection: active
[  +0.000000] APIC: Static calls initialized
[  +0.000000] e820: update [mem 0xbb7cc018-0xbb7db067] usable ==> usable
[  +0.000000] e820: update [mem 0xbb7cc018-0xbb7db067] usable ==> usable
[  +0.000000] e820: update [mem 0xbb7bc018-0xbb7cb067] usable ==> usable
[  +0.000000] e820: update [mem 0xbb7bc018-0xbb7cb067] usable ==> usable
[  +0.000000] e820: update [mem 0xbb79d018-0xbb7bb057] usable ==> usable
[  +0.000000] e820: update [mem 0xbb79d018-0xbb7bb057] usable ==> usable
[  +0.000000] extended physical RAM map:
[  +0.000000] reserve setup_data: [mem 0x0000000000000000-0x000000000009ffff] usable
[  +0.000000] reserve setup_data: [mem 0x00000000000a0000-0x00000000000fffff] reserved
[  +0.000000] reserve setup_data: [mem 0x0000000000100000-0x0000000009d1efff] usable
[  +0.000000] reserve setup_data: [mem 0x0000000009d1f000-0x0000000009ffffff] reserved
[  +0.000000] reserve setup_data: [mem 0x000000000a000000-0x000000000a1fffff] usable
[  +0.000000] reserve setup_data: [mem 0x000000000a200000-0x000000000a20afff] ACPI NVS
[  +0.000000] reserve setup_data: [mem 0x000000000a20b000-0x00000000bb79d017] usable
[  +0.000000] reserve setup_data: [mem 0x00000000bb79d018-0x00000000bb7bb057] usable
[  +0.000000] reserve setup_data: [mem 0x00000000bb7bb058-0x00000000bb7bc017] usable
[  +0.000000] reserve setup_data: [mem 0x00000000bb7bc018-0x00000000bb7cb067] usable
[  +0.000000] reserve setup_data: [mem 0x00000000bb7cb068-0x00000000bb7cc017] usable
[  +0.000000] reserve setup_data: [mem 0x00000000bb7cc018-0x00000000bb7db067] usable
[  +0.000000] reserve setup_data: [mem 0x00000000bb7db068-0x00000000c1d07fff] usable
[  +0.000000] reserve setup_data: [mem 0x00000000c1d08000-0x00000000c1e28fff] ACPI data
[  +0.000000] reserve setup_data: [mem 0x00000000c1e29000-0x00000000c347efff] usable
[  +0.000000] reserve setup_data: [mem 0x00000000c347f000-0x00000000c347ffff] reserved
[  +0.000000] reserve setup_data: [mem 0x00000000c3480000-0x00000000ca7f2fff] usable
[  +0.000000] reserve setup_data: [mem 0x00000000ca7f3000-0x00000000caaf4fff] reserved
[  +0.000000] reserve setup_data: [mem 0x00000000caaf5000-0x00000000cab49fff] ACPI data
[  +0.000000] reserve setup_data: [mem 0x00000000cab4a000-0x00000000caeb1fff] ACPI NVS
[  +0.000000] reserve setup_data: [mem 0x00000000caeb2000-0x00000000cbbfefff] reserved
[  +0.000000] reserve setup_data: [mem 0x00000000cbbff000-0x00000000ccffffff] usable
[  +0.000000] reserve setup_data: [mem 0x00000000cd000000-0x00000000cfffffff] reserved
[  +0.000000] reserve setup_data: [mem 0x00000000f0000000-0x00000000f7ffffff] reserved
[  +0.000000] reserve setup_data: [mem 0x00000000fd100000-0x00000000fd1fffff] reserved
[  +0.000000] reserve setup_data: [mem 0x00000000fea00000-0x00000000fea0ffff] reserved
[  +0.000000] reserve setup_data: [mem 0x00000000feb80000-0x00000000fec01fff] reserved
[  +0.000000] reserve setup_data: [mem 0x00000000fec10000-0x00000000fec10fff] reserved
[  +0.000000] reserve setup_data: [mem 0x00000000fec30000-0x00000000fec30fff] reserved
[  +0.000000] reserve setup_data: [mem 0x00000000fed00000-0x00000000fed00fff] reserved
[  +0.000000] reserve setup_data: [mem 0x00000000fed40000-0x00000000fed44fff] reserved
[  +0.000000] reserve setup_data: [mem 0x00000000fed80000-0x00000000fed8ffff] reserved
[  +0.000000] reserve setup_data: [mem 0x00000000fedc2000-0x00000000fedcffff] reserved
[  +0.000000] reserve setup_data: [mem 0x00000000fedd4000-0x00000000fedd5fff] reserved
[  +0.000000] reserve setup_data: [mem 0x00000000ff000000-0x00000000ffffffff] reserved
[  +0.000000] reserve setup_data: [mem 0x0000000100000000-0x000000082f37ffff] usable
[  +0.000000] reserve setup_data: [mem 0x000000082f380000-0x000000082fffffff] reserved
[  +0.000000] efi: EFI v2.7 by American Megatrends
[  +0.000000] efi: ACPI=0xcab49000 ACPI 2.0=0xcab49014 TPMFinalLog=0xcae68000 SMBIOS=0xcb9f4000 SMBIOS 3.0=0xcb9f3000 MEMATTR=0xc744a018 ESRT=0xc8f2dc18 INITRD=0xc1e41f18 RNG=0xcab28c18 TPMEventLog=0xc1b87018 
[  +0.000000] random: crng init done
[  +0.000000] efi: Remove mem70: MMIO range=[0xf0000000-0xf7ffffff] (128MB) from e820 map
[  +0.000000] e820: remove [mem 0xf0000000-0xf7ffffff] reserved
[  +0.000000] efi: Remove mem71: MMIO range=[0xfd100000-0xfd1fffff] (1MB) from e820 map
[  +0.000000] e820: remove [mem 0xfd100000-0xfd1fffff] reserved
[  +0.000000] efi: Not removing mem72: MMIO range=[0xfea00000-0xfea0ffff] (64KB) from e820 map
[  +0.000000] efi: Remove mem73: MMIO range=[0xfeb80000-0xfec01fff] (0MB) from e820 map
[  +0.000000] e820: remove [mem 0xfeb80000-0xfec01fff] reserved
[  +0.000000] efi: Not removing mem74: MMIO range=[0xfec10000-0xfec10fff] (4KB) from e820 map
[  +0.000000] efi: Not removing mem75: MMIO range=[0xfec30000-0xfec30fff] (4KB) from e820 map
[  +0.000000] efi: Not removing mem76: MMIO range=[0xfed00000-0xfed00fff] (4KB) from e820 map
[  +0.000000] efi: Not removing mem77: MMIO range=[0xfed40000-0xfed44fff] (20KB) from e820 map
[  +0.000000] efi: Not removing mem78: MMIO range=[0xfed80000-0xfed8ffff] (64KB) from e820 map
[  +0.000000] efi: Not removing mem79: MMIO range=[0xfedc2000-0xfedcffff] (56KB) from e820 map
[  +0.000000] efi: Not removing mem80: MMIO range=[0xfedd4000-0xfedd5fff] (8KB) from e820 map
[  +0.000000] efi: Remove mem81: MMIO range=[0xff000000-0xffffffff] (16MB) from e820 map
[  +0.000000] e820: remove [mem 0xff000000-0xffffffff] reserved
[  +0.000000] SMBIOS 3.3.0 present.
[  +0.000000] DMI: ASUS System Product Name/ROG STRIX B550-F GAMING, BIOS 3607 03/18/2024
[  +0.000000] tsc: Fast TSC calibration using PIT
[  +0.000000] tsc: Detected 3593.160 MHz processor
[  +0.000000] e820: update [mem 0x00000000-0x00000fff] usable ==> reserved
[  +0.000003] e820: remove [mem 0x000a0000-0x000fffff] usable
[  +0.000011] last_pfn = 0x82f380 max_arch_pfn = 0x400000000
[  +0.000007] MTRR map: 6 entries (4 fixed + 2 variable; max 21), built from 9 variable MTRRs
[  +0.000002] x86/PAT: Configuration [0-7]: WB  WC  UC- UC  WB  WP  UC- WT  
[  +0.000334] e820: update [mem 0xd0000000-0xffffffff] usable ==> reserved
[  +0.000008] last_pfn = 0xcd000 max_arch_pfn = 0x400000000
[  +0.007185] esrt: Reserving ESRT space from 0x00000000c8f2dc18 to 0x00000000c8f2dc50.
[  +0.000008] e820: update [mem 0xc8f2d000-0xc8f2dfff] usable ==> reserved
[  +0.000021] Kernel/User page tables isolation: force enabled on command line.
[  +0.000001] Using GB pages for direct mapping
[  +0.001345] Secure boot disabled
[  +0.000001] RAMDISK: [mem 0xbbfe2000-0xbe253fff]
[  +0.000008] ACPI: Early table checksum verification disabled
[  +0.000004] ACPI: RSDP 0x00000000CAB49014 000024 (v02 ALASKA)
[  +0.000005] ACPI: XSDT 0x00000000CAB48728 0000DC (v01 ALASKA A M I    01072009 AMI  01000013)
[  +0.000009] ACPI: FACP 0x00000000CAB39000 000114 (v06 ALASKA A M I    01072009 AMI  00010013)
[  +0.000008] ACPI: DSDT 0x00000000CAB2E000 00AEBE (v02 ALASKA A M I    01072009 INTL 20120913)
[  +0.000005] ACPI: FACS 0x00000000CAE66000 000040
[  +0.000004] ACPI: SSDT 0x00000000CAB3F000 008C98 (v02 AMD    AmdTable 00000002 MSFT 04000000)
[  +0.000004] ACPI: SSDT 0x00000000CAB3B000 003B8E (v02 AMD    AMD AOD  00000001 INTL 20120913)
[  +0.000005] ACPI: SSDT 0x00000000CAB3A000 000221 (v02 ALASKA CPUSSDT  01072009 AMI  01072009)
[  +0.000004] ACPI: FIDT 0x00000000CAB2D000 00009C (v01 ALASKA A M I    01072009 AMI  00010013)
[  +0.000004] ACPI: FPDT 0x00000000CAB02000 000044 (v01 ALASKA A M I    01072009 AMI  01000013)
[  +0.000005] ACPI: MCFG 0x00000000CAB2B000 00003C (v01 ALASKA A M I    01072009 MSFT 00010013)
[  +0.000004] ACPI: HPET 0x00000000CAB2A000 000038 (v01 ALASKA A M I    01072009 AMI  00000005)
[  +0.000004] ACPI: SSDT 0x00000000CAB29000 000024 (v01 AMDFCH FCHZP    00001000 INTL 20120913)
[  +0.000005] ACPI: VFCT 0x00000000CAB17000 010084 (v01 ALASKA A M I    00000001 AMD  31504F47)
[  +0.000004] ACPI: BGRT 0x00000000CAB16000 000038 (v01 ALASKA A M I    01072009 AMI  00010013)
[  +0.000004] ACPI: WPBT 0x00000000CAB14000 00003C (v01 ALASKA A M I    00000001 ASUS 00000001)
[  +0.000004] ACPI: TPM2 0x00000000CAB13000 00004C (v04 ALASKA A M I    00000001 AMI  00000000)
[  +0.000005] ACPI: IVRS 0x00000000CAB12000 0000D0 (v02 AMD    AmdTable 00000001 AMD  00000000)
[  +0.000004] ACPI: SSDT 0x00000000CAB0F000 002364 (v02 AMD    AmdTable 00000001 AMD  00000001)
[  +0.000004] ACPI: CRAT 0x00000000CAB0E000 000F50 (v01 AMD    AmdTable 00000001 AMD  00000001)
[  +0.000004] ACPI: CDIT 0x00000000CAB0D000 000029 (v01 AMD    AmdTable 00000001 AMD  00000001)
[  +0.000005] ACPI: SSDT 0x00000000CAB0C000 000259 (v02 AMD    ArticDGP 00000001 INTL 20120913)
[  +0.000004] ACPI: SSDT 0x00000000CAB0A000 0010C1 (v02 AMD    ArticTPX 00000001 INTL 20120913)
[  +0.000004] ACPI: SSDT 0x00000000CAB09000 00052C (v02 AMD    ArticNOI 00000001 INTL 20120913)
[  +0.000004] ACPI: SSDT 0x00000000CAB05000 003E6E (v02 AMD    ArticN   00000001 INTL 20120913)
[  +0.000005] ACPI: WSMT 0x00000000CAB04000 000028 (v01 ALASKA A M I    01072009 AMI  00010013)
[  +0.000004] ACPI: APIC 0x00000000CAB03000 00015E (v04 ALASKA A M I    01072009 AMI  00010013)
[  +0.000002] ACPI: Reserving FACP table memory at [mem 0xcab39000-0xcab39113]
[  +0.000002] ACPI: Reserving DSDT table memory at [mem 0xcab2e000-0xcab38ebd]
[  +0.000001] ACPI: Reserving FACS table memory at [mem 0xcae66000-0xcae6603f]
[  +0.000001] ACPI: Reserving SSDT table memory at [mem 0xcab3f000-0xcab47c97]
[  +0.000001] ACPI: Reserving SSDT table memory at [mem 0xcab3b000-0xcab3eb8d]
[  +0.000001] ACPI: Reserving SSDT table memory at [mem 0xcab3a000-0xcab3a220]
[  +0.000000] ACPI: Reserving FIDT table memory at [mem 0xcab2d000-0xcab2d09b]
[  +0.000001] ACPI: Reserving FPDT table memory at [mem 0xcab02000-0xcab02043]
[  +0.000001] ACPI: Reserving MCFG table memory at [mem 0xcab2b000-0xcab2b03b]
[  +0.000001] ACPI: Reserving HPET table memory at [mem 0xcab2a000-0xcab2a037]
[  +0.000001] ACPI: Reserving SSDT table memory at [mem 0xcab29000-0xcab29023]
[  +0.000001] ACPI: Reserving VFCT table memory at [mem 0xcab17000-0xcab27083]
[  +0.000001] ACPI: Reserving BGRT table memory at [mem 0xcab16000-0xcab16037]
[  +0.000001] ACPI: Reserving WPBT table memory at [mem 0xcab14000-0xcab1403b]
[  +0.000000] ACPI: Reserving TPM2 table memory at [mem 0xcab13000-0xcab1304b]
[  +0.000001] ACPI: Reserving IVRS table memory at [mem 0xcab12000-0xcab120cf]
[  +0.000001] ACPI: Reserving SSDT table memory at [mem 0xcab0f000-0xcab11363]
[  +0.000001] ACPI: Reserving CRAT table memory at [mem 0xcab0e000-0xcab0ef4f]
[  +0.000001] ACPI: Reserving CDIT table memory at [mem 0xcab0d000-0xcab0d028]
[  +0.000001] ACPI: Reserving SSDT table memory at [mem 0xcab0c000-0xcab0c258]
[  +0.000001] ACPI: Reserving SSDT table memory at [mem 0xcab0a000-0xcab0b0c0]
[  +0.000001] ACPI: Reserving SSDT table memory at [mem 0xcab09000-0xcab0952b]
[  +0.000000] ACPI: Reserving SSDT table memory at [mem 0xcab05000-0xcab08e6d]
[  +0.000001] ACPI: Reserving WSMT table memory at [mem 0xcab04000-0xcab04027]
[  +0.000001] ACPI: Reserving APIC table memory at [mem 0xcab03000-0xcab0315d]
[  +0.000091] No NUMA configuration found
[  +0.000001] Faking a node at [mem 0x0000000000000000-0x000000082f37ffff]
[  +0.000002] NODE_DATA(0) allocated [mem 0x82f37b000-0x82f37ffff]
[  +0.000049] Zone ranges:
[  +0.000001]   DMA      [mem 0x0000000000001000-0x0000000000ffffff]
[  +0.000002]   DMA32    [mem 0x0000000001000000-0x00000000ffffffff]
[  +0.000001]   Normal   [mem 0x0000000100000000-0x000000082f37ffff]
[  +0.000001]   Device   empty
[  +0.000001] Movable zone start for each node
[  +0.000001] Early memory node ranges
[  +0.000001]   node   0: [mem 0x0000000000001000-0x000000000009ffff]
[  +0.000001]   node   0: [mem 0x0000000000100000-0x0000000009d1efff]
[  +0.000001]   node   0: [mem 0x000000000a000000-0x000000000a1fffff]
[  +0.000001]   node   0: [mem 0x000000000a20b000-0x00000000c1d07fff]
[  +0.000001]   node   0: [mem 0x00000000c1e29000-0x00000000c347efff]
[  +0.000001]   node   0: [mem 0x00000000c3480000-0x00000000ca7f2fff]
[  +0.000001]   node   0: [mem 0x00000000cbbff000-0x00000000ccffffff]
[  +0.000001]   node   0: [mem 0x0000000100000000-0x000000082f37ffff]
[  +0.000003] Initmem setup node 0 [mem 0x0000000000001000-0x000000082f37ffff]
[  +0.000005] On node 0, zone DMA: 1 pages in unavailable ranges
[  +0.000021] On node 0, zone DMA: 96 pages in unavailable ranges
[  +0.000192] On node 0, zone DMA32: 737 pages in unavailable ranges
[  +0.005402] On node 0, zone DMA32: 11 pages in unavailable ranges
[  +0.000053] On node 0, zone DMA32: 289 pages in unavailable ranges
[  +0.000219] On node 0, zone DMA32: 1 pages in unavailable ranges
[  +0.000085] On node 0, zone DMA32: 5132 pages in unavailable ranges
[  +0.059666] On node 0, zone Normal: 12288 pages in unavailable ranges
[  +0.000035] On node 0, zone Normal: 3200 pages in unavailable ranges
[  +0.000832] ACPI: PM-Timer IO Port: 0x808
[  +0.000013] ACPI: LAPIC_NMI (acpi_id[0xff] high edge lint[0x1])
[  +0.000019] IOAPIC[0]: apic_id 17, version 33, address 0xfec00000, GSI 0-23
[  +0.000005] IOAPIC[1]: apic_id 18, version 33, address 0xfec01000, GSI 24-55
[  +0.000002] ACPI: INT_SRC_OVR (bus 0 bus_irq 0 global_irq 2 dfl dfl)
[  +0.000002] ACPI: INT_SRC_OVR (bus 0 bus_irq 9 global_irq 9 low level)
[  +0.000006] ACPI: Using ACPI (MADT) for SMP configuration information
[  +0.000002] ACPI: HPET id: 0x10228201 base: 0xfed00000
[  +0.000011] e820: update [mem 0xc6f07000-0xc6f4cfff] usable ==> reserved
[  +0.000017] smpboot: Allowing 32 CPUs, 16 hotplug CPUs
[  +0.000027] PM: hibernation: Registered nosave memory: [mem 0x00000000-0x00000fff]
[  +0.000002] PM: hibernation: Registered nosave memory: [mem 0x000a0000-0x000fffff]
[  +0.000002] PM: hibernation: Registered nosave memory: [mem 0x09d1f000-0x09ffffff]
[  +0.000002] PM: hibernation: Registered nosave memory: [mem 0x0a200000-0x0a20afff]
[  +0.000002] PM: hibernation: Registered nosave memory: [mem 0xbb79d000-0xbb79dfff]
[  +0.000001] PM: hibernation: Registered nosave memory: [mem 0xbb7bb000-0xbb7bbfff]
[  +0.000001] PM: hibernation: Registered nosave memory: [mem 0xbb7bc000-0xbb7bcfff]
[  +0.000002] PM: hibernation: Registered nosave memory: [mem 0xbb7cb000-0xbb7cbfff]
[  +0.000001] PM: hibernation: Registered nosave memory: [mem 0xbb7cc000-0xbb7ccfff]
[  +0.000001] PM: hibernation: Registered nosave memory: [mem 0xbb7db000-0xbb7dbfff]
[  +0.000002] PM: hibernation: Registered nosave memory: [mem 0xc1d08000-0xc1e28fff]
[  +0.000002] PM: hibernation: Registered nosave memory: [mem 0xc347f000-0xc347ffff]
[  +0.000002] PM: hibernation: Registered nosave memory: [mem 0xc6f07000-0xc6f4cfff]
[  +0.000001] PM: hibernation: Registered nosave memory: [mem 0xc8f2d000-0xc8f2dfff]
[  +0.000002] PM: hibernation: Registered nosave memory: [mem 0xca7f3000-0xcaaf4fff]
[  +0.000001] PM: hibernation: Registered nosave memory: [mem 0xcaaf5000-0xcab49fff]
[  +0.000001] PM: hibernation: Registered nosave memory: [mem 0xcab4a000-0xcaeb1fff]
[  +0.000001] PM: hibernation: Registered nosave memory: [mem 0xcaeb2000-0xcbbfefff]
[  +0.000001] PM: hibernation: Registered nosave memory: [mem 0xcd000000-0xcfffffff]
[  +0.000001] PM: hibernation: Registered nosave memory: [mem 0xd0000000-0xfe9fffff]
[  +0.000001] PM: hibernation: Registered nosave memory: [mem 0xfea00000-0xfea0ffff]
[  +0.000001] PM: hibernation: Registered nosave memory: [mem 0xfea10000-0xfec0ffff]
[  +0.000000] PM: hibernation: Registered nosave memory: [mem 0xfec10000-0xfec10fff]
[  +0.000001] PM: hibernation: Registered nosave memory: [mem 0xfec11000-0xfec2ffff]
[  +0.000001] PM: hibernation: Registered nosave memory: [mem 0xfec30000-0xfec30fff]
[  +0.000000] PM: hibernation: Registered nosave memory: [mem 0xfec31000-0xfecfffff]
[  +0.000001] PM: hibernation: Registered nosave memory: [mem 0xfed00000-0xfed00fff]
[  +0.000001] PM: hibernation: Registered nosave memory: [mem 0xfed01000-0xfed3ffff]
[  +0.000001] PM: hibernation: Registered nosave memory: [mem 0xfed40000-0xfed44fff]
[  +0.000000] PM: hibernation: Registered nosave memory: [mem 0xfed45000-0xfed7ffff]
[  +0.000001] PM: hibernation: Registered nosave memory: [mem 0xfed80000-0xfed8ffff]
[  +0.000001] PM: hibernation: Registered nosave memory: [mem 0xfed90000-0xfedc1fff]
[  +0.000001] PM: hibernation: Registered nosave memory: [mem 0xfedc2000-0xfedcffff]
[  +0.000000] PM: hibernation: Registered nosave memory: [mem 0xfedd0000-0xfedd3fff]
[  +0.000001] PM: hibernation: Registered nosave memory: [mem 0xfedd4000-0xfedd5fff]
[  +0.000001] PM: hibernation: Registered nosave memory: [mem 0xfedd6000-0xffffffff]
[  +0.000001] [mem 0xd0000000-0xfe9fffff] available for PCI devices
[  +0.000002] Booting paravirtualized kernel on bare hardware
[  +0.000002] clocksource: refined-jiffies: mask: 0xffffffff max_cycles: 0xffffffff, max_idle_ns: 6370452778343963 ns
[  +0.004831] setup_percpu: NR_CPUS:320 nr_cpumask_bits:32 nr_cpu_ids:32 nr_node_ids:1
[  +0.001419] percpu: Embedded 64 pages/cpu s225280 r8192 d28672 u262144
[  +0.000011] pcpu-alloc: s225280 r8192 d28672 u262144 alloc=1*2097152
[  +0.000003] pcpu-alloc: [0] 00 01 02 03 04 05 06 07 [0] 08 09 10 11 12 13 14 15 
[  +0.000009] pcpu-alloc: [0] 16 17 18 19 20 21 22 23 [0] 24 25 26 27 28 29 30 31 
[  +0.000028] Kernel command line: BOOT_IMAGE=/vmlinuz-linux root=UUID=47903e0c-14db-4f1e-bd8f-a748a8a6b88b rw rd.udev.log_priority=3 loglevel=3 audit=0 console=tty0 noreplace-smp rcupdate.rcu_expedited=1 tsc=unstable lsm=capability,yama,safesetid,landlock,lockdown,apparmor,bpf lockdown=integrity apparmor=1 module.sig_enforce=1 mitigations=auto,nosmt l1tf=flush,nosmt mds=full,nosmt tsx_async_abort=full,nosmt mmio_stale_data=full,nosmt retbleed=auto,nosmt nosmt=force pcie_aspm=force init_on_alloc=1 init_on_free=1 page_alloc.shuffle=1 vsyscall=none mce=0 debugfs=on randomize_kstack_offset=on kasan_multi_shot=on slab_nomerge pti=on slub_debug=ZF slub_debug=P page_poison=on fsck.mode=force mem_encrypt=on vsyscall=none amd_iommu=force_isolation iommu.strict=1 iomem=strict fsck.mode=force fsck.repair=yes pci.pcie_scan_all=1 extra_latent_entropy trace_clock=local noexec=on mce=recovery
[  +0.000081] audit: disabled (until reboot)
[  +0.000024] tsc: Marking TSC unstable due to boot parameter
[  +0.000140] PCIe ASPM is forcibly enabled
[  +0.000158] mem auto-init: SLAB_POISON will take precedence over init_on_alloc/init_on_free
[  +0.000175] Unknown kernel command line parameters "extra_latent_entropy BOOT_IMAGE=/vmlinuz-linux kasan_multi_shot=on mem_encrypt=on noexec=on", will be passed to user space.
[  +0.000017] printk: log_buf_len individual max cpu contribution: 4096 bytes
[  +0.000002] printk: log_buf_len total cpu_extra contributions: 126976 bytes
[  +0.000000] printk: log_buf_len min size: 131072 bytes
[  +0.000231] printk: log_buf_len: 262144 bytes
[  +0.000001] printk: early log buf free: 109808(83%)
[  +0.003754] Dentry cache hash table entries: 4194304 (order: 13, 33554432 bytes, linear)
[  +0.001851] Inode-cache hash table entries: 2097152 (order: 12, 16777216 bytes, linear)
[  +0.000237] Fallback order for Node 0: 0 
[  +0.000010] Built 1 zonelists, mobility grouping on.  Total pages: 8235960
[  +0.000001] Policy zone: Normal
[  +0.000007] mem auto-init: CONFIG_PAGE_POISONING is on, will take precedence over init_on_alloc and init_on_free
[  +0.000280] mem auto-init: stack:all(zero), heap alloc:off, heap free:off
[  +0.000072] software IO TLB: area num 32.
[  +3.955098] Memory: 32662052K/33467412K available (16384K kernel code, 2121K rwdata, 12976K rodata, 3448K init, 3776K bss, 805100K reserved, 0K cma-reserved)
[  +0.000006] **********************************************************
[  +0.000001] **   NOTICE NOTICE NOTICE NOTICE NOTICE NOTICE NOTICE   **
[  +0.000000] **                                                      **
[  +0.000001] ** This system shows unhashed kernel memory addresses   **
[  +0.000000] ** via the console, logs, and other interfaces. This    **
[  +0.000001] ** might reduce the security of your system.            **
[  +0.000000] **                                                      **
[  +0.000001] ** If you see this message and you are not debugging    **
[  +0.000000] ** the kernel, report this immediately to your system   **
[  +0.000001] ** administrator!                                       **
[  +0.000000] **                                                      **
[  +0.000001] **   NOTICE NOTICE NOTICE NOTICE NOTICE NOTICE NOTICE   **
[  +0.000000] **********************************************************
[  +0.000218] SLUB: HWalign=64, Order=0-3, MinObjects=0, CPUs=32, Nodes=1
[  +0.000017] Kernel/User page tables isolation: enabled
[  +0.000050] ftrace: allocating 49155 entries in 193 pages
[  +0.007972] ftrace: allocated 193 pages with 3 groups
[  +0.000123] Dynamic Preempt: full
[  +0.000148] rcu: Preemptible hierarchical RCU implementation.
[  +0.000000] rcu: 	RCU restricting CPUs from NR_CPUS=320 to nr_cpu_ids=32.
[  +0.000001] rcu: 	RCU priority boosting: priority 1 delay 500 ms.
[  +0.000001] 	All grace periods are expedited (rcu_expedited).
[  +0.000001] 	Trampoline variant of Tasks RCU enabled.
[  +0.000000] 	Rude variant of Tasks RCU enabled.
[  +0.000001] 	Tracing variant of Tasks RCU enabled.
[  +0.000000] rcu: RCU calculated value of scheduler-enlistment delay is 30 jiffies.
[  +0.000001] rcu: Adjusting geometry for rcu_fanout_leaf=16, nr_cpu_ids=32
[  +0.002880] NR_IRQS: 20736, nr_irqs: 1224, preallocated irqs: 16
[  +0.000218] rcu: srcu_init: Setting srcu_struct sizes based on contention.
[  +0.000141] kfence: initialized - using 2097152 bytes for 255 objects at 0xffff9d3e0b800000-0xffff9d3e0ba00000
[  +0.000059] Console: colour dummy device 80x25
[  +0.000002] printk: legacy console [tty0] enabled
[  +0.000060] ACPI: Core revision 20230628
[  +0.000250] clocksource: hpet: mask: 0xffffffff max_cycles: 0xffffffff, max_idle_ns: 133484873504 ns
[  +0.000031] APIC: Switch to symmetric I/O mode setup
[  +0.001089] AMD-Vi: Using global IVHD EFR:0xf77ef22294ada, EFR2:0x0
[  +0.000378] APIC: Switched APIC routing to: physical flat
[  +0.000800] ..TIMER: vector=0x30 apic1=0 pin1=2 apic2=-1 pin2=-1
[  +0.014402] Calibrating delay loop (skipped), value calculated using timer frequency.. 7189.75 BogoMIPS (lpj=11977200)
[  +0.000010] AMD Zen1 DIV0 bug detected. Disable SMT for full protection.
[  +0.000003] SVM disabled (by BIOS) in MSR_VM_CR
[  +0.000026] LVT offset 1 assigned for vector 0xf9
[  +0.000063] LVT offset 2 assigned for vector 0xf4
[  +0.000016] Last level iTLB entries: 4KB 1024, 2MB 1024, 4MB 512
[  +0.000002] Last level dTLB entries: 4KB 1536, 2MB 1536, 4MB 768, 1GB 0
[  +0.000002] Spectre V1 : Mitigation: usercopy/swapgs barriers and __user pointer sanitization
[  +0.000005] Spectre V2 : Mitigation: Retpolines
[  +0.000001] Spectre V2 : Spectre v2 / SpectreRSB mitigation: Filling RSB on context switch
[  +0.000000] Spectre V2 : Spectre v2 / SpectreRSB : Filling RSB on VMEXIT
[  +0.000001] Spectre V2 : Enabling Speculation Barrier for firmware calls
[  +0.000001] RETBleed: Mitigation: untrained return thunk
[  +0.000002] Spectre V2 : mitigation: Enabling conditional Indirect Branch Prediction Barrier
[  +0.000004] Speculative Store Bypass: Mitigation: Speculative Store Bypass disabled via prctl
[  +0.000005] x86/fpu: Supporting XSAVE feature 0x001: 'x87 floating point registers'
[  +0.000001] x86/fpu: Supporting XSAVE feature 0x002: 'SSE registers'
[  +0.000001] x86/fpu: Supporting XSAVE feature 0x004: 'AVX registers'
[  +0.000001] x86/fpu: xstate_offset[2]:  576, xstate_sizes[2]:  256
[  +0.000002] x86/fpu: Enabled xstate features 0x7, context size is 832 bytes, using 'compacted' format.
[  +0.017585] Freeing SMP alternatives memory: 40K
[  +0.001790] Memory Encryption Features active: AMD SME
[  +0.000002] pid_max: default: 32768 minimum: 301
[  +0.010365] LSM: initializing lsm=capability,yama,safesetid,landlock,lockdown,apparmor,bpf,integrity
[  +0.000019] Yama: becoming mindful.
[  +0.000007] landlock: Up and running.
[  +0.000043] AppArmor: AppArmor initialized
[  +0.000004] LSM support for eBPF active
[  +0.000138] Mount-cache hash table entries: 65536 (order: 7, 524288 bytes, linear)
[  +0.000084] Mountpoint-cache hash table entries: 65536 (order: 7, 524288 bytes, linear)
[  +0.111039] smpboot: CPU0: AMD Ryzen 7 1800X Eight-Core Processor (family: 0x17, model: 0x1, stepping: 0x1)
[  +0.000195] RCU Tasks: Setting shift to 5 and lim to 1 rcu_task_cb_adjust=1.
[  +0.000023] RCU Tasks Rude: Setting shift to 5 and lim to 1 rcu_task_cb_adjust=1.
[  +0.000024] RCU Tasks Trace: Setting shift to 5 and lim to 1 rcu_task_cb_adjust=1.
[  +0.000019] Performance Events: Fam17h+ core perfctr, AMD PMU driver.
[  +0.000005] ... version:                0
[  +0.000001] ... bit width:              48
[  +0.000000] ... generic registers:      6
[  +0.000001] ... value mask:             0000ffffffffffff
[  +0.000001] ... max period:             00007fffffffffff
[  +0.000001] ... fixed-purpose events:   0
[  +0.000000] ... event mask:             000000000000003f
[  +0.000093] signal: max sigframe size: 1776
[  +0.000030] rcu: Hierarchical SRCU implementation.
[  +0.000001] rcu: 	Max phase no-delay instances is 1000.
[  +0.001715] MCE: In-kernel MCE decoding enabled.
[  +0.000000] NMI watchdog: Enabled. Permanently consumes one hw-PMU counter.
[  +0.000000] smp: Bringing up secondary CPUs ...
[  +0.000100] smpboot: x86: Booting SMP configuration:
[  +0.000001] .... node  #0, CPUs:        #1  #2  #3  #4  #5  #6  #7  #8  #9 #10 #11 #12 #13 #14 #15
[  +0.010968] smp: Brought up 1 node, 8 CPUs
[  +0.000006] smpboot: Max logical packages: 4
[  +0.000001] smpboot: Total of 8 processors activated (57513.00 BogoMIPS)
[  +0.006563] devtmpfs: initialized
[  +0.000000] x86/mm: Memory block size: 128MB
[  +0.003002] ACPI: PM: Registering ACPI NVS region [mem 0x0a200000-0x0a20afff] (45056 bytes)
[  +0.000000] ACPI: PM: Registering ACPI NVS region [mem 0xcab4a000-0xcaeb1fff] (3571712 bytes)
[  +0.000000] clocksource: jiffies: mask: 0xffffffff max_cycles: 0xffffffff, max_idle_ns: 6370867519511994 ns
[  +0.000000] futex hash table entries: 8192 (order: 7, 524288 bytes, linear)
[  +0.000000] pinctrl core: initialized pinctrl subsystem
[  +0.000000] PM: RTC time: 00:50:43, date: 2019-01-04
[  +0.000372] NET: Registered PF_NETLINK/PF_ROUTE protocol family
[  +0.000800] DMA: preallocated 4096 KiB GFP_KERNEL pool for atomic allocations
[  +0.000450] DMA: preallocated 4096 KiB GFP_KERNEL|GFP_DMA pool for atomic allocations
[  +0.001126] DMA: preallocated 4096 KiB GFP_KERNEL|GFP_DMA32 pool for atomic allocations
[  +0.000120] thermal_sys: Registered thermal governor 'fair_share'
[  +0.000001] thermal_sys: Registered thermal governor 'bang_bang'
[  +0.000000] thermal_sys: Registered thermal governor 'step_wise'
[  +0.000001] thermal_sys: Registered thermal governor 'user_space'
[  +0.000001] thermal_sys: Registered thermal governor 'power_allocator'
[  +0.000022] cpuidle: using governor ladder
[  +0.000000] cpuidle: using governor menu
[  +0.000054] acpiphp: ACPI Hot Plug PCI Controller Driver version: 0.5
[  +0.000095] PCI: ECAM [mem 0xf0000000-0xf7ffffff] (base 0xf0000000) for domain 0000 [bus 00-7f]
[  +0.000006] PCI: not using ECAM ([mem 0xf0000000-0xf7ffffff] not reserved)
[  +0.000002] PCI: Using configuration type 1 for base access
[  +0.000001] PCI: Using configuration type 1 for extended access
[  +0.000265] kprobes: kprobe jump-optimization is enabled. All kprobes are optimized if possible.
[  +0.000007] HugeTLB: registered 1.00 GiB page size, pre-allocated 0 pages
[  +0.000000] HugeTLB: 16380 KiB vmemmap can be freed for a 1.00 GiB page
[  +0.000000] HugeTLB: registered 2.00 MiB page size, pre-allocated 0 pages
[  +0.000000] HugeTLB: 28 KiB vmemmap can be freed for a 2.00 MiB page
[  +0.000000] ACPI: Added _OSI(Module Device)
[  +0.000000] ACPI: Added _OSI(Processor Device)
[  +0.000000] ACPI: Added _OSI(3.0 _SCP Extensions)
[  +0.000000] ACPI: Added _OSI(Processor Aggregator Device)
[  +0.017706] ACPI: 10 ACPI AML tables successfully acquired and loaded
[  +0.002112] ACPI: [Firmware Bug]: BIOS _OSI(Linux) query ignored
[  +0.003459] ACPI: _OSC evaluation for CPUs failed, trying _PDC
[  +0.000637] ACPI: Interpreter enabled
[  +0.000014] ACPI: PM: (supports S0 S3 S4 S5)
[  +0.000001] ACPI: Using IOAPIC for interrupt routing
[  +0.000915] PCI: ECAM [mem 0xf0000000-0xf7ffffff] (base 0xf0000000) for domain 0000 [bus 00-7f]
[  +0.000052] PCI: ECAM [mem 0xf0000000-0xf7ffffff] reserved as ACPI motherboard resource
[  +0.000012] PCI: Using host bridge windows from ACPI; if necessary, use "pci=nocrs" and report a bug
[  +0.000001] PCI: Ignoring E820 reservations for host bridge windows
[  +0.000363] ACPI: Enabled 4 GPEs in block 00 to 1F
[  +0.022566] ACPI: PCI Root Bridge [PCI0] (domain 0000 [bus 00-ff])
[  +0.000007] acpi PNP0A08:00: _OSC: OS supports [ExtendedConfig ASPM ClockPM Segments MSI EDR HPX-Type3]
[  +0.000134] acpi PNP0A08:00: _OSC: platform does not support [PCIeHotplug SHPCHotplug PME LTR DPC]
[  +0.000251] acpi PNP0A08:00: _OSC: OS now controls [AER PCIeCapability]
[  +0.000011] acpi PNP0A08:00: [Firmware Info]: ECAM [mem 0xf0000000-0xf7ffffff] for domain 0000 [bus 00-7f] only partially covers this bridge
[  +0.000474] PCI host bridge to bus 0000:00
[  +0.000002] pci_bus 0000:00: root bus resource [io  0x0000-0x03af window]
[  +0.000002] pci_bus 0000:00: root bus resource [io  0x03e0-0x0cf7 window]
[  +0.000001] pci_bus 0000:00: root bus resource [io  0x03b0-0x03df window]
[  +0.000002] pci_bus 0000:00: root bus resource [io  0x0d00-0xffff window]
[  +0.000001] pci_bus 0000:00: root bus resource [mem 0x000a0000-0x000dffff window]
[  +0.000002] pci_bus 0000:00: root bus resource [mem 0xd0000000-0xfec2ffff window]
[  +0.000004] pci_bus 0000:00: root bus resource [mem 0xfee00000-0xffffffff window]
[  +0.000001] pci_bus 0000:00: root bus resource [bus 00-ff]
[  +0.000015] pci 0000:00:00.0: [1022:1450] type 00 class 0x060000 conventional PCI endpoint
[  +0.000106] pci 0000:00:00.2: [1022:1451] type 00 class 0x080600 conventional PCI endpoint
[  +0.000122] pci 0000:00:01.0: [1022:1452] type 00 class 0x060000 conventional PCI endpoint
[  +0.000056] pci 0000:00:01.1: [1022:1453] type 01 class 0x060400 PCIe Root Port
[  +0.000013] pci 0000:00:01.1: PCI bridge to [bus 01]
[  +0.000004] pci 0000:00:01.1:   bridge window [mem 0xfcf00000-0xfcffffff]
[  +0.000094] pci 0000:00:01.1: PME# supported from D0 D3hot D3cold
[  +0.000119] pci 0000:00:01.2: [1022:1453] type 01 class 0x060400 PCIe Root Port
[  +0.000013] pci 0000:00:01.2: PCI bridge to [bus 02-09]
[  +0.000003] pci 0000:00:01.2:   bridge window [io  0xf000-0xffff]
[  +0.000002] pci 0000:00:01.2:   bridge window [mem 0xfc600000-0xfc9fffff]
[  +0.000021] pci 0000:00:01.2: enabling Extended Tags
[  +0.000082] pci 0000:00:01.2: PME# supported from D0 D3hot D3cold
[  +0.000164] pci 0000:00:02.0: [1022:1452] type 00 class 0x060000 conventional PCI endpoint
[  +0.000073] pci 0000:00:03.0: [1022:1452] type 00 class 0x060000 conventional PCI endpoint
[  +0.000055] pci 0000:00:03.1: [1022:1453] type 01 class 0x060400 PCIe Root Port
[  +0.000014] pci 0000:00:03.1: PCI bridge to [bus 0a]
[  +0.000004] pci 0000:00:03.1:   bridge window [io  0xe000-0xefff]
[  +0.000002] pci 0000:00:03.1:   bridge window [mem 0xfce00000-0xfcefffff]
[  +0.000006] pci 0000:00:03.1:   bridge window [mem 0xe0000000-0xefffffff 64bit pref]
[  +0.000136] pci 0000:00:03.1: PME# supported from D0 D3hot D3cold
[  +0.000672] pci 0000:00:04.0: [1022:1452] type 00 class 0x060000 conventional PCI endpoint
[  +0.000081] pci 0000:00:07.0: [1022:1452] type 00 class 0x060000 conventional PCI endpoint
[  +0.000063] pci 0000:00:07.1: [1022:1454] type 01 class 0x060400 PCIe Root Port
[  +0.000013] pci 0000:00:07.1: PCI bridge to [bus 0b]
[  +0.000004] pci 0000:00:07.1:   bridge window [mem 0xfca00000-0xfccfffff]
[  +0.000021] pci 0000:00:07.1: enabling Extended Tags
[  +0.000074] pci 0000:00:07.1: PME# supported from D0 D3hot D3cold
[  +0.000134] pci 0000:00:08.0: [1022:1452] type 00 class 0x060000 conventional PCI endpoint
[  +0.000059] pci 0000:00:08.1: [1022:1454] type 01 class 0x060400 PCIe Root Port
[  +0.000013] pci 0000:00:08.1: PCI bridge to [bus 0c]
[  +0.000004] pci 0000:00:08.1:   bridge window [mem 0xfcd00000-0xfcdfffff]
[  +0.000017] pci 0000:00:08.1: enabling Extended Tags
[  +0.000069] pci 0000:00:08.1: PME# supported from D0 D3hot D3cold
[  +0.000170] pci 0000:00:14.0: [1022:790b] type 00 class 0x0c0500 conventional PCI endpoint
[  +0.000232] pci 0000:00:14.3: [1022:790e] type 00 class 0x060100 conventional PCI endpoint
[  +0.000244] pci 0000:00:18.0: [1022:1460] type 00 class 0x060000 conventional PCI endpoint
[  +0.000050] pci 0000:00:18.1: [1022:1461] type 00 class 0x060000 conventional PCI endpoint
[  +0.000047] pci 0000:00:18.2: [1022:1462] type 00 class 0x060000 conventional PCI endpoint
[  +0.000056] pci 0000:00:18.3: [1022:1463] type 00 class 0x060000 conventional PCI endpoint
[  +0.000050] pci 0000:00:18.4: [1022:1464] type 00 class 0x060000 conventional PCI endpoint
[  +0.000050] pci 0000:00:18.5: [1022:1465] type 00 class 0x060000 conventional PCI endpoint
[  +0.000049] pci 0000:00:18.6: [1022:1466] type 00 class 0x060000 conventional PCI endpoint
[  +0.000043] pci 0000:00:18.7: [1022:1467] type 00 class 0x060000 conventional PCI endpoint
[  +0.000118] pci 0000:01:00.0: [1179:010f] type 00 class 0x010802 PCIe Endpoint
[  +0.000013] pci 0000:01:00.0: BAR 0 [mem 0xfcf00000-0xfcf03fff 64bit]
[  +0.000185] pci 0000:00:01.1: PCI bridge to [bus 01]
[  +0.000092] pci 0000:02:00.0: [1022:43ee] type 00 class 0x0c0330 PCIe Legacy Endpoint
[  +0.000022] pci 0000:02:00.0: BAR 0 [mem 0xfc9a0000-0xfc9a7fff 64bit]
[  +0.000050] pci 0000:02:00.0: enabling Extended Tags
[  +0.000063] pci 0000:02:00.0: PME# supported from D3hot D3cold
[  +0.000055] pci 0000:02:00.0: 8.000 Gb/s available PCIe bandwidth, limited by 2.5 GT/s PCIe x4 link at 0000:00:01.2 (capable of 31.504 Gb/s with 8.0 GT/s PCIe x4 link)
[  +0.000122] pci 0000:02:00.1: [1022:43eb] type 00 class 0x010601 PCIe Legacy Endpoint
[  +0.000059] pci 0000:02:00.1: BAR 5 [mem 0xfc980000-0xfc99ffff]
[  +0.000009] pci 0000:02:00.1: ROM [mem 0xfc900000-0xfc97ffff pref]
[  +0.000008] pci 0000:02:00.1: enabling Extended Tags
[  +0.000052] pci 0000:02:00.1: PME# supported from D3hot D3cold
[  +0.000113] pci 0000:02:00.2: [1022:43e9] type 01 class 0x060400 PCIe Switch Upstream Port
[  +0.000036] pci 0000:02:00.2: PCI bridge to [bus 03-09]
[  +0.000007] pci 0000:02:00.2:   bridge window [io  0xf000-0xffff]
[  +0.000004] pci 0000:02:00.2:   bridge window [mem 0xfc600000-0xfc8fffff]
[  +0.000026] pci 0000:02:00.2: enabling Extended Tags
[  +0.000059] pci 0000:02:00.2: PME# supported from D3hot D3cold
[  +0.000143] pci 0000:00:01.2: PCI bridge to [bus 02-09]
[  +0.000130] pci 0000:03:00.0: [1022:43ea] type 01 class 0x060400 PCIe Switch Downstream Port
[  +0.000037] pci 0000:03:00.0: PCI bridge to [bus 04]
[  +0.000037] pci 0000:03:00.0: enabling Extended Tags
[  +0.000070] pci 0000:03:00.0: PME# supported from D3hot D3cold
[  +0.000140] pci 0000:03:01.0: [1022:43ea] type 01 class 0x060400 PCIe Switch Downstream Port
[  +0.000037] pci 0000:03:01.0: PCI bridge to [bus 05]
[  +0.000037] pci 0000:03:01.0: enabling Extended Tags
[  +0.000070] pci 0000:03:01.0: PME# supported from D3hot D3cold
[  +0.000136] pci 0000:03:02.0: [1022:43ea] type 01 class 0x060400 PCIe Switch Downstream Port
[  +0.000037] pci 0000:03:02.0: PCI bridge to [bus 06]
[  +0.000007] pci 0000:03:02.0:   bridge window [io  0xf000-0xffff]
[  +0.000004] pci 0000:03:02.0:   bridge window [mem 0xfc800000-0xfc8fffff]
[  +0.000028] pci 0000:03:02.0: enabling Extended Tags
[  +0.000070] pci 0000:03:02.0: PME# supported from D3hot D3cold
[  +0.000143] pci 0000:03:03.0: [1022:43ea] type 01 class 0x060400 PCIe Switch Downstream Port
[  +0.000037] pci 0000:03:03.0: PCI bridge to [bus 07]
[  +0.000036] pci 0000:03:03.0: enabling Extended Tags
[  +0.000070] pci 0000:03:03.0: PME# supported from D3hot D3cold
[  +0.000149] pci 0000:03:08.0: [1022:43ea] type 01 class 0x060400 PCIe Switch Downstream Port
[  +0.000037] pci 0000:03:08.0: PCI bridge to [bus 08]
[  +0.000038] pci 0000:03:08.0: enabling Extended Tags
[  +0.000071] pci 0000:03:08.0: PME# supported from D3hot D3cold
[  +0.000147] pci 0000:03:09.0: [1022:43ea] type 01 class 0x060400 PCIe Switch Downstream Port
[  +0.000037] pci 0000:03:09.0: PCI bridge to [bus 09]
[  +0.000010] pci 0000:03:09.0:   bridge window [mem 0xfc600000-0xfc7fffff]
[  +0.000028] pci 0000:03:09.0: enabling Extended Tags
[  +0.000072] pci 0000:03:09.0: PME# supported from D3hot D3cold
[  +0.000149] pci 0000:02:00.2: PCI bridge to [bus 03-09]
[  +0.000058] pci 0000:03:00.0: PCI bridge to [bus 04]
[  +0.000060] pci 0000:03:01.0: PCI bridge to [bus 05]
[  +0.000111] pci 0000:06:00.0: [8086:10d3] type 00 class 0x020000 PCIe Endpoint
[  +0.000034] pci 0000:06:00.0: BAR 0 [mem 0xfc8c0000-0xfc8dffff]
[  +0.000017] pci 0000:06:00.0: BAR 1 [mem 0xfc800000-0xfc87ffff]
[  +0.000016] pci 0000:06:00.0: BAR 2 [io  0xf000-0xf01f]
[  +0.000016] pci 0000:06:00.0: BAR 3 [mem 0xfc8e0000-0xfc8e3fff]
[  +0.000046] pci 0000:06:00.0: ROM [mem 0xfc880000-0xfc8bffff pref]
[  +0.000152] pci 0000:06:00.0: PME# supported from D0 D3hot D3cold
[  +0.000255] pci 0000:03:02.0: PCI bridge to [bus 06]
[  +0.000061] pci 0000:03:03.0: PCI bridge to [bus 07]
[  +0.000056] pci 0000:03:08.0: PCI bridge to [bus 08]
[  +0.000100] pci 0000:09:00.0: [8086:15f3] type 00 class 0x020000 PCIe Endpoint
[  +0.000028] pci 0000:09:00.0: BAR 0 [mem 0xfc600000-0xfc6fffff]
[  +0.000042] pci 0000:09:00.0: BAR 3 [mem 0xfc700000-0xfc703fff]
[  +0.000174] pci 0000:09:00.0: PME# supported from D0 D3hot D3cold
[  +0.000286] pci 0000:03:09.0: PCI bridge to [bus 09]
[  +0.000134] pci 0000:0a:00.0: [1002:68f9] type 00 class 0x030000 PCIe Legacy Endpoint
[  +0.000015] pci 0000:0a:00.0: BAR 0 [mem 0xe0000000-0xefffffff 64bit pref]
[  +0.000010] pci 0000:0a:00.0: BAR 2 [mem 0xfce20000-0xfce3ffff 64bit]
[  +0.000007] pci 0000:0a:00.0: BAR 4 [io  0xe000-0xe0ff]
[  +0.000012] pci 0000:0a:00.0: ROM [mem 0xfce00000-0xfce1ffff pref]
[  +0.000014] pci 0000:0a:00.0: BAR 0: assigned to efifb
[  +0.000030] pci 0000:0a:00.0: supports D1 D2
[  +0.000110] pci 0000:0a:00.1: [1002:aa68] type 00 class 0x040300 PCIe Legacy Endpoint
[  +0.000013] pci 0000:0a:00.1: BAR 0 [mem 0xfce40000-0xfce43fff 64bit]
[  +0.000061] pci 0000:0a:00.1: supports D1 D2
[  +0.000104] pci 0000:00:03.1: PCI bridge to [bus 0a]
[  +0.000081] pci 0000:0b:00.0: [1022:145a] type 00 class 0x130000 PCIe Endpoint
[  +0.000022] pci 0000:0b:00.0: enabling Extended Tags
[  +0.000100] pci 0000:0b:00.2: [1022:1456] type 00 class 0x108000 PCIe Endpoint
[  +0.000011] pci 0000:0b:00.2: BAR 2 [mem 0xfcb00000-0xfcbfffff]
[  +0.000008] pci 0000:0b:00.2: BAR 5 [mem 0xfcc00000-0xfcc01fff]
[  +0.000006] pci 0000:0b:00.2: enabling Extended Tags
[  +0.000111] pci 0000:0b:00.3: [1022:145c] type 00 class 0x0c0330 PCIe Endpoint
[  +0.000010] pci 0000:0b:00.3: BAR 0 [mem 0xfca00000-0xfcafffff 64bit]
[  +0.000020] pci 0000:0b:00.3: enabling Extended Tags
[  +0.000028] pci 0000:0b:00.3: PME# supported from D0 D3hot D3cold
[  +0.000106] pci 0000:00:07.1: PCI bridge to [bus 0b]
[  +0.000079] pci 0000:0c:00.0: [1022:1455] type 00 class 0x130000 PCIe Endpoint
[  +0.000024] pci 0000:0c:00.0: enabling Extended Tags
[  +0.000106] pci 0000:0c:00.2: [1022:7901] type 00 class 0x010601 PCIe Endpoint
[  +0.000025] pci 0000:0c:00.2: BAR 5 [mem 0xfcd08000-0xfcd08fff]
[  +0.000007] pci 0000:0c:00.2: enabling Extended Tags
[  +0.000032] pci 0000:0c:00.2: PME# supported from D3hot D3cold
[  +0.000105] pci 0000:0c:00.3: [1022:1457] type 00 class 0x040300 PCIe Endpoint
[  +0.000008] pci 0000:0c:00.3: BAR 0 [mem 0xfcd00000-0xfcd07fff]
[  +0.000019] pci 0000:0c:00.3: enabling Extended Tags
[  +0.000030] pci 0000:0c:00.3: PME# supported from D0 D3hot D3cold
[  +0.000089] pci 0000:00:08.1: PCI bridge to [bus 0c]
[  +0.000336] ACPI: PCI: Interrupt link LNKA configured for IRQ 0
[  +0.000058] ACPI: PCI: Interrupt link LNKB configured for IRQ 0
[  +0.000050] ACPI: PCI: Interrupt link LNKC configured for IRQ 0
[  +0.000065] ACPI: PCI: Interrupt link LNKD configured for IRQ 0
[  +0.000056] ACPI: PCI: Interrupt link LNKE configured for IRQ 0
[  +0.000045] ACPI: PCI: Interrupt link LNKF configured for IRQ 0
[  +0.000045] ACPI: PCI: Interrupt link LNKG configured for IRQ 0
[  +0.000046] ACPI: PCI: Interrupt link LNKH configured for IRQ 0
[  +0.000955] iommu: Default domain type: Translated
[  +0.000000] iommu: DMA domain TLB invalidation policy: strict mode (set via kernel command line)
[  +0.000000] SCSI subsystem initialized
[  +0.000000] libata version 3.00 loaded.
[  +0.000000] ACPI: bus type USB registered
[  +0.000000] usbcore: registered new interface driver usbfs
[  +0.000000] usbcore: registered new interface driver hub
[  +0.000000] usbcore: registered new device driver usb
[  +0.001891] EDAC MC: Ver: 3.0.0
[  +0.000986] efivars: Registered efivars operations
[  +0.000157] NetLabel: Initializing
[  +0.000002] NetLabel:  domain hash size = 128
[  +0.000000] NetLabel:  protocols = UNLABELED CIPSOv4 CALIPSO
[  +0.000015] NetLabel:  unlabeled traffic allowed by default
[  +0.000004] mctp: management component transport protocol core
[  +0.000001] NET: Registered PF_MCTP protocol family
[  +0.000003] PCI: Using ACPI for IRQ routing
[  +0.009320] PCI: pci_cache_line_size set to 64 bytes
[  +0.000071] e820: reserve RAM buffer [mem 0x09d1f000-0x0bffffff]
[  +0.000002] e820: reserve RAM buffer [mem 0x0a200000-0x0bffffff]
[  +0.000001] e820: reserve RAM buffer [mem 0xbb79d018-0xbbffffff]
[  +0.000001] e820: reserve RAM buffer [mem 0xbb7bc018-0xbbffffff]
[  +0.000001] e820: reserve RAM buffer [mem 0xbb7cc018-0xbbffffff]
[  +0.000001] e820: reserve RAM buffer [mem 0xc1d08000-0xc3ffffff]
[  +0.000001] e820: reserve RAM buffer [mem 0xc347f000-0xc3ffffff]
[  +0.000001] e820: reserve RAM buffer [mem 0xc6f07000-0xc7ffffff]
[  +0.000000] e820: reserve RAM buffer [mem 0xc8f2d000-0xcbffffff]
[  +0.000001] e820: reserve RAM buffer [mem 0xca7f3000-0xcbffffff]
[  +0.000001] e820: reserve RAM buffer [mem 0xcd000000-0xcfffffff]
[  +0.000001] e820: reserve RAM buffer [mem 0x82f380000-0x82fffffff]
[  +0.000407] pci 0000:0a:00.0: vgaarb: setting as boot VGA device
[  +0.000000] pci 0000:0a:00.0: vgaarb: bridge control possible
[  +0.000000] pci 0000:0a:00.0: vgaarb: VGA device added: decodes=io+mem,owns=none,locks=none
[  +0.000000] vgaarb: loaded
[  +0.000097] hpet0: at MMIO 0xfed00000, IRQs 2, 8, 0
[  +0.000004] hpet0: 3 comparators, 32-bit 14.318180 MHz counter
[  +0.003279] clocksource: Switched to clocksource hpet
[  +0.000000] VFS: Disk quotas dquot_6.6.0
[  +0.000000] VFS: Dquot-cache hash table entries: 512 (order 0, 4096 bytes)
[  +0.000000] AppArmor: AppArmor Filesystem Enabled
[  +0.000000] pnp: PnP ACPI init
[  +0.000000] system 00:00: [mem 0xf0000000-0xf7ffffff] has been reserved
[  +0.001222] system 00:02: [io  0x0290-0x029f] has been reserved
[  +0.000003] system 00:02: [io  0x0200-0x021f] has been reserved
[  +0.000297] system 00:03: [io  0x04d0-0x04d1] has been reserved
[  +0.000002] system 00:03: [io  0x040b] has been reserved
[  +0.000002] system 00:03: [io  0x04d6] has been reserved
[  +0.000001] system 00:03: [io  0x0c00-0x0c01] has been reserved
[  +0.000004] system 00:03: [io  0x0c14] has been reserved
[  +0.000001] system 00:03: [io  0x0c50-0x0c51] has been reserved
[  +0.000002] system 00:03: [io  0x0c52] has been reserved
[  +0.000001] system 00:03: [io  0x0c6c] has been reserved
[  +0.000001] system 00:03: [io  0x0c6f] has been reserved
[  +0.000001] system 00:03: [io  0x0cd8-0x0cdf] has been reserved
[  +0.000001] system 00:03: [io  0x0800-0x089f] has been reserved
[  +0.000001] system 00:03: [io  0x0b00-0x0b0f] has been reserved
[  +0.000002] system 00:03: [io  0x0b20-0x0b3f] has been reserved
[  +0.000001] system 00:03: [io  0x0900-0x090f] has been reserved
[  +0.000001] system 00:03: [io  0x0910-0x091f] has been reserved
[  +0.000002] system 00:03: [mem 0xfec00000-0xfec00fff] could not be reserved
[  +0.000002] system 00:03: [mem 0xfec01000-0xfec01fff] could not be reserved
[  +0.000002] system 00:03: [mem 0xfedc0000-0xfedc0fff] has been reserved
[  +0.000003] system 00:03: [mem 0xfee00000-0xfee00fff] has been reserved
[  +0.000001] system 00:03: [mem 0xfed80000-0xfed8ffff] could not be reserved
[  +0.000002] system 00:03: [mem 0xfec10000-0xfec10fff] has been reserved
[  +0.000002] system 00:03: [mem 0xff000000-0xffffffff] has been reserved
[  +0.000667] pnp: PnP ACPI: found 4 devices
[  +0.006961] clocksource: acpi_pm: mask: 0xffffff max_cycles: 0xffffff, max_idle_ns: 2085701024 ns
[  +0.000062] NET: Registered PF_INET protocol family
[  +0.000279] IP idents hash table entries: 262144 (order: 9, 2097152 bytes, linear)
[  +0.012671] tcp_listen_portaddr_hash hash table entries: 16384 (order: 6, 262144 bytes, linear)
[  +0.000043] Table-perturb hash table entries: 65536 (order: 6, 262144 bytes, linear)
[  +0.000185] TCP established hash table entries: 262144 (order: 9, 2097152 bytes, linear)
[  +0.000484] TCP bind hash table entries: 65536 (order: 9, 2097152 bytes, linear)
[  +0.000109] TCP: Hash tables configured (established 262144 bind 65536)
[  +0.000240] MPTCP token hash table entries: 32768 (order: 7, 786432 bytes, linear)
[  +0.000092] UDP hash table entries: 16384 (order: 7, 524288 bytes, linear)
[  +0.000083] UDP-Lite hash table entries: 16384 (order: 7, 524288 bytes, linear)
[  +0.000108] NET: Registered PF_UNIX/PF_LOCAL protocol family
[  +0.000007] NET: Registered PF_XDP protocol family
[  +0.000022] pci 0000:00:01.1: PCI bridge to [bus 01]
[  +0.000006] pci 0000:00:01.1:   bridge window [mem 0xfcf00000-0xfcffffff]
[  +0.000005] pci 0000:03:00.0: PCI bridge to [bus 04]
[  +0.000013] pci 0000:03:01.0: PCI bridge to [bus 05]
[  +0.000013] pci 0000:03:02.0: PCI bridge to [bus 06]
[  +0.000003] pci 0000:03:02.0:   bridge window [io  0xf000-0xffff]
[  +0.000005] pci 0000:03:02.0:   bridge window [mem 0xfc800000-0xfc8fffff]
[  +0.000009] pci 0000:03:03.0: PCI bridge to [bus 07]
[  +0.000013] pci 0000:03:08.0: PCI bridge to [bus 08]
[  +0.000013] pci 0000:03:09.0: PCI bridge to [bus 09]
[  +0.000005] pci 0000:03:09.0:   bridge window [mem 0xfc600000-0xfc7fffff]
[  +0.000009] pci 0000:02:00.2: PCI bridge to [bus 03-09]
[  +0.000002] pci 0000:02:00.2:   bridge window [io  0xf000-0xffff]
[  +0.000005] pci 0000:02:00.2:   bridge window [mem 0xfc600000-0xfc8fffff]
[  +0.000009] pci 0000:00:01.2: PCI bridge to [bus 02-09]
[  +0.000001] pci 0000:00:01.2:   bridge window [io  0xf000-0xffff]
[  +0.000003] pci 0000:00:01.2:   bridge window [mem 0xfc600000-0xfc9fffff]
[  +0.000004] pci 0000:00:03.1: PCI bridge to [bus 0a]
[  +0.000002] pci 0000:00:03.1:   bridge window [io  0xe000-0xefff]
[  +0.000003] pci 0000:00:03.1:   bridge window [mem 0xfce00000-0xfcefffff]
[  +0.000002] pci 0000:00:03.1:   bridge window [mem 0xe0000000-0xefffffff 64bit pref]
[  +0.000004] pci 0000:00:07.1: PCI bridge to [bus 0b]
[  +0.000002] pci 0000:00:07.1:   bridge window [mem 0xfca00000-0xfccfffff]
[  +0.000004] pci 0000:00:08.1: PCI bridge to [bus 0c]
[  +0.000003] pci 0000:00:08.1:   bridge window [mem 0xfcd00000-0xfcdfffff]
[  +0.000005] pci_bus 0000:00: resource 4 [io  0x0000-0x03af window]
[  +0.000002] pci_bus 0000:00: resource 5 [io  0x03e0-0x0cf7 window]
[  +0.000001] pci_bus 0000:00: resource 6 [io  0x03b0-0x03df window]
[  +0.000001] pci_bus 0000:00: resource 7 [io  0x0d00-0xffff window]
[  +0.000002] pci_bus 0000:00: resource 8 [mem 0x000a0000-0x000dffff window]
[  +0.000001] pci_bus 0000:00: resource 9 [mem 0xd0000000-0xfec2ffff window]
[  +0.000002] pci_bus 0000:00: resource 10 [mem 0xfee00000-0xffffffff window]
[  +0.000001] pci_bus 0000:01: resource 1 [mem 0xfcf00000-0xfcffffff]
[  +0.000002] pci_bus 0000:02: resource 0 [io  0xf000-0xffff]
[  +0.000001] pci_bus 0000:02: resource 1 [mem 0xfc600000-0xfc9fffff]
[  +0.000001] pci_bus 0000:03: resource 0 [io  0xf000-0xffff]
[  +0.000001] pci_bus 0000:03: resource 1 [mem 0xfc600000-0xfc8fffff]
[  +0.000002] pci_bus 0000:06: resource 0 [io  0xf000-0xffff]
[  +0.000001] pci_bus 0000:06: resource 1 [mem 0xfc800000-0xfc8fffff]
[  +0.000001] pci_bus 0000:09: resource 1 [mem 0xfc600000-0xfc7fffff]
[  +0.000002] pci_bus 0000:0a: resource 0 [io  0xe000-0xefff]
[  +0.000001] pci_bus 0000:0a: resource 1 [mem 0xfce00000-0xfcefffff]
[  +0.000001] pci_bus 0000:0a: resource 2 [mem 0xe0000000-0xefffffff 64bit pref]
[  +0.000001] pci_bus 0000:0b: resource 1 [mem 0xfca00000-0xfccfffff]
[  +0.000002] pci_bus 0000:0c: resource 1 [mem 0xfcd00000-0xfcdfffff]
[  +0.000354] pci 0000:0a:00.1: D0 power state depends on 0000:0a:00.0
[  +0.000164] PCI: CLS 64 bytes, default 64
[  +0.000014] pci 0000:00:00.2: AMD-Vi: IOMMU performance counters supported
[  +0.000048] pci 0000:00:01.0: Adding to iommu group 0
[  +0.000014] pci 0000:00:01.1: Adding to iommu group 1
[  +0.000010] Trying to unpack rootfs image as initramfs...
[  +0.000005] pci 0000:00:01.2: Adding to iommu group 2
[  +0.000016] pci 0000:00:02.0: Adding to iommu group 3
[  +0.000018] pci 0000:00:03.0: Adding to iommu group 4
[  +0.000012] pci 0000:00:03.1: Adding to iommu group 5
[  +0.000013] pci 0000:00:04.0: Adding to iommu group 6
[  +0.000013] pci 0000:00:07.0: Adding to iommu group 7
[  +0.000010] pci 0000:00:07.1: Adding to iommu group 8
[  +0.000015] pci 0000:00:08.0: Adding to iommu group 9
[  +0.000010] pci 0000:00:08.1: Adding to iommu group 10
[  +0.000017] pci 0000:00:14.0: Adding to iommu group 11
[  +0.000015] pci 0000:00:14.3: Adding to iommu group 11
[  +0.000043] pci 0000:00:18.0: Adding to iommu group 12
[  +0.000009] pci 0000:00:18.1: Adding to iommu group 12
[  +0.000011] pci 0000:00:18.2: Adding to iommu group 12
[  +0.000010] pci 0000:00:18.3: Adding to iommu group 12
[  +0.000008] pci 0000:00:18.4: Adding to iommu group 12
[  +0.000011] pci 0000:00:18.5: Adding to iommu group 12
[  +0.000009] pci 0000:00:18.6: Adding to iommu group 12
[  +0.000010] pci 0000:00:18.7: Adding to iommu group 12
[  +0.000011] pci 0000:01:00.0: Adding to iommu group 13
[  +0.000023] pci 0000:02:00.0: Adding to iommu group 14
[  +0.000010] pci 0000:02:00.1: Adding to iommu group 14
[  +0.000011] pci 0000:02:00.2: Adding to iommu group 14
[  +0.000005] pci 0000:03:00.0: Adding to iommu group 14
[  +0.000005] pci 0000:03:01.0: Adding to iommu group 14
[  +0.000004] pci 0000:03:02.0: Adding to iommu group 14
[  +0.000004] pci 0000:03:03.0: Adding to iommu group 14
[  +0.000006] pci 0000:03:08.0: Adding to iommu group 14
[  +0.000004] pci 0000:03:09.0: Adding to iommu group 14
[  +0.000004] pci 0000:06:00.0: Adding to iommu group 14
[  +0.000004] pci 0000:09:00.0: Adding to iommu group 14
[  +0.000017] pci 0000:0a:00.0: Adding to iommu group 15
[  +0.000012] pci 0000:0a:00.1: Adding to iommu group 15
[  +0.000011] pci 0000:0b:00.0: Adding to iommu group 16
[  +0.000012] pci 0000:0b:00.2: Adding to iommu group 17
[  +0.000011] pci 0000:0b:00.3: Adding to iommu group 18
[  +0.000012] pci 0000:0c:00.0: Adding to iommu group 19
[  +0.000015] pci 0000:0c:00.2: Adding to iommu group 20
[  +0.000013] pci 0000:0c:00.3: Adding to iommu group 21
[  +0.004957] AMD-Vi: Extended features (0xf77ef22294ada, 0x0): PPR NX GT IA GA PC GA_vAPIC
[  +0.000013] AMD-Vi: Interrupt remapping enabled
[  +0.000371] AMD-Vi: Virtual APIC enabled
[  +0.000006] PCI-DMA: Using software bounce buffering for IO (SWIOTLB)
[  +0.000001] software IO TLB: mapped [mem 0x00000000b779d000-0x00000000bb79d000] (64MB)
[  +0.000203] perf/amd_iommu: Detected AMD IOMMU #0 (2 banks, 4 counters/bank).
[  +0.005013] Initialise system trusted keyrings
[  +0.000015] Key type blacklist registered
[  +0.000070] workingset: timestamp_bits=41 max_order=23 bucket_order=0
[  +0.000019] zbud: loaded
[  +0.000169] fuse: init (API version 7.39)
[  +0.000183] integrity: Platform Keyring initialized
[  +0.000002] integrity: Machine keyring initialized
[  +0.010238] Key type asymmetric registered
[  +0.000003] Asymmetric key parser 'x509' registered
[  +0.000021] Block layer SCSI generic (bsg) driver version 0.4 loaded (major 246)
[  +0.000256] io scheduler mq-deadline registered
[  +0.000001] io scheduler kyber registered
[  +0.000014] io scheduler bfq registered
[  +0.001917] pcieport 0000:00:01.1: AER: enabled with IRQ 26
[  +0.000291] pcieport 0000:00:01.2: AER: enabled with IRQ 27
[  +0.000285] pcieport 0000:00:03.1: AER: enabled with IRQ 28
[  +0.000260] pcieport 0000:00:07.1: AER: enabled with IRQ 29
[  +0.000350] pcieport 0000:00:08.1: AER: enabled with IRQ 31
[  +0.001181] shpchp: Standard Hot Plug PCI Controller Driver version: 0.4
[  +0.000121] input: Power Button as /devices/LNXSYSTM:00/LNXSYBUS:00/PNP0C0C:00/input/input0
[  +0.000025] ACPI: button: Power Button [PWRB]
[  +0.000027] input: Power Button as /devices/LNXSYSTM:00/LNXPWRBN:00/input/input1
[  +0.003236] ACPI: button: Power Button [PWRF]
[  +0.000044] [Firmware Bug]: ACPI MWAIT C-state 0x0 not supported by HW (0x0)
[  +0.000010] ACPI: \_SB_.PLTF.C000: Found 2 idle states
[  +0.000067] [Firmware Bug]: ACPI MWAIT C-state 0x0 not supported by HW (0x0)
[  +0.000004] ACPI: \_SB_.PLTF.C002: Found 2 idle states
[  +0.000141] [Firmware Bug]: ACPI MWAIT C-state 0x0 not supported by HW (0x0)
[  +0.000012] ACPI: \_SB_.PLTF.C004: Found 2 idle states
[  +0.000059] [Firmware Bug]: ACPI MWAIT C-state 0x0 not supported by HW (0x0)
[  +0.000010] ACPI: \_SB_.PLTF.C006: Found 2 idle states
[  +0.000125] [Firmware Bug]: ACPI MWAIT C-state 0x0 not supported by HW (0x0)
[  +0.000012] ACPI: \_SB_.PLTF.C008: Found 2 idle states
[  +0.000135] [Firmware Bug]: ACPI MWAIT C-state 0x0 not supported by HW (0x0)
[  +0.000011] ACPI: \_SB_.PLTF.C00A: Found 2 idle states
[  +0.000133] [Firmware Bug]: ACPI MWAIT C-state 0x0 not supported by HW (0x0)
[  +0.000011] ACPI: \_SB_.PLTF.C00C: Found 2 idle states
[  +0.000100] [Firmware Bug]: ACPI MWAIT C-state 0x0 not supported by HW (0x0)
[  +0.000014] ACPI: \_SB_.PLTF.C00E: Found 2 idle states
[  +0.000150] [Firmware Bug]: ACPI MWAIT C-state 0x0 not supported by HW (0x0)
[  +0.000012] ACPI: \_SB_.PLTF.C001: Found 2 idle states
[  +0.000103] [Firmware Bug]: ACPI MWAIT C-state 0x0 not supported by HW (0x0)
[  +0.000012] ACPI: \_SB_.PLTF.C003: Found 2 idle states
[  +0.000110] [Firmware Bug]: ACPI MWAIT C-state 0x0 not supported by HW (0x0)
[  +0.000011] ACPI: \_SB_.PLTF.C005: Found 2 idle states
[  +0.000108] [Firmware Bug]: ACPI MWAIT C-state 0x0 not supported by HW (0x0)
[  +0.000010] ACPI: \_SB_.PLTF.C007: Found 2 idle states
[  +0.000098] [Firmware Bug]: ACPI MWAIT C-state 0x0 not supported by HW (0x0)
[  +0.000010] ACPI: \_SB_.PLTF.C009: Found 2 idle states
[  +0.000125] [Firmware Bug]: ACPI MWAIT C-state 0x0 not supported by HW (0x0)
[  +0.000010] ACPI: \_SB_.PLTF.C00B: Found 2 idle states
[  +0.000117] [Firmware Bug]: ACPI MWAIT C-state 0x0 not supported by HW (0x0)
[  +0.000010] ACPI: \_SB_.PLTF.C00D: Found 2 idle states
[  +0.000106] [Firmware Bug]: ACPI MWAIT C-state 0x0 not supported by HW (0x0)
[  +0.000010] ACPI: \_SB_.PLTF.C00F: Found 2 idle states
[  +0.000275] Serial: 8250/16550 driver, 32 ports, IRQ sharing enabled
[  +0.000258] serial8250: ttyS0 at I/O 0x3f8 (irq = 4, base_baud = 115200) is a 16550A
[  +0.002824] Non-volatile memory driver v1.3
[  +0.000002] Linux agpgart interface v0.103
[  +0.038031] tpm_crb MSFT0101:00: Disabling hwrng
[  +0.000373] ACPI: bus type drm_connector registered
[  +0.001158] ahci 0000:02:00.1: version 3.0
[  +0.000167] ahci 0000:02:00.1: SSS flag set, parallel bus scan disabled
[  +0.000061] ahci 0000:02:00.1: AHCI 0001.0301 32 slots 6 ports 6 Gbps 0x3f impl SATA mode
[  +0.000004] ahci 0000:02:00.1: flags: 64bit ncq sntf stag pm led clo only pmp pio slum part sxs deso sadm sds apst 
[  +0.000607] scsi host0: ahci
[  +0.000159] scsi host1: ahci
[  +0.000167] scsi host2: ahci
[  +0.000134] scsi host3: ahci
[  +0.000130] scsi host4: ahci
[  +0.000129] scsi host5: ahci
[  +0.000036] ata1: SATA max UDMA/133 abar m131072@0xfc980000 port 0xfc980100 irq 42 lpm-pol 0
[  +0.000003] ata2: SATA max UDMA/133 abar m131072@0xfc980000 port 0xfc980180 irq 42 lpm-pol 0
[  +0.000002] ata3: SATA max UDMA/133 abar m131072@0xfc980000 port 0xfc980200 irq 42 lpm-pol 0
[  +0.000002] ata4: SATA max UDMA/133 abar m131072@0xfc980000 port 0xfc980280 irq 42 lpm-pol 0
[  +0.000002] ata5: SATA max UDMA/133 abar m131072@0xfc980000 port 0xfc980300 irq 42 lpm-pol 0
[  +0.000002] ata6: SATA max UDMA/133 abar m131072@0xfc980000 port 0xfc980380 irq 42 lpm-pol 0
[  +0.000157] ahci 0000:0c:00.2: AHCI 0001.0301 32 slots 1 ports 6 Gbps 0x1 impl SATA mode
[  +0.000004] ahci 0000:0c:00.2: flags: 64bit ncq sntf ilck pm led clo only pmp fbs pio slum part 
[  +0.000212] scsi host6: ahci
[  +0.000043] ata7: SATA max UDMA/133 abar m4096@0xfcd08000 port 0xfcd08100 irq 44 lpm-pol 3
[  +0.000092] usbcore: registered new interface driver usbserial_generic
[  +0.000004] usbserial: USB Serial support registered for generic
[  +0.000091] rtc_cmos 00:01: RTC can wake from S4
[  +0.000403] rtc_cmos 00:01: registered as rtc0
[  +0.000083] rtc_cmos 00:01: setting system clock to 2019-01-04T00:50:43 UTC (1546563043)
[  +0.000047] rtc_cmos 00:01: alarms up to one month, y3k, 114 bytes nvram
[  +0.000038] amd_pstate: the _CPC object is not present in SBIOS or ACPI disabled
[  +0.000198] ledtrig-cpu: registered to indicate activity on CPUs
[  +0.000362] [drm] Initialized simpledrm 1.0.0 20200625 for simple-framebuffer.0 on minor 0
[  +0.000561] fbcon: Deferring console take-over
[  +0.000002] simple-framebuffer simple-framebuffer.0: [drm] fb0: simpledrmdrmfb frame buffer device
[  +0.000070] hid: raw HID events driver (C) Jiri Kosina
[  +0.000122] drop_monitor: Initializing network drop monitor service
[  +0.000106] NET: Registered PF_INET6 protocol family
[  +0.035755] Freeing initrd memory: 35272K
[  +0.005290] Segment Routing with IPv6
[  +0.000002] RPL Segment Routing with IPv6
[  +0.000015] In-situ OAM (IOAM) with IPv6
[  +0.000035] NET: Registered PF_PACKET protocol family
[  +0.001010] microcode: Current revision: 0x08001138
[  +0.000221] IPI shorthand broadcast: enabled
[  +0.002033] registered taskstats version 1
[  +0.000744] Loading compiled-in X.509 certificates
[  +0.002565] Loaded X.509 cert 'Build time autogenerated kernel key: ca06df1ae01a57fb3fb1128073614c1a5999d081'
[  +0.007027] zswap: loaded using pool zstd/zsmalloc
[  +0.000502] Key type .fscrypt registered
[  +0.000002] Key type fscrypt-provisioning registered
[  +0.000056] AppArmor: AppArmor sha256 policy hashing enabled
[  +0.000144] integrity: Loading X.509 certificate: UEFI:db
[  +0.000225] integrity: Loaded X.509 cert 'ASUSTeK MotherBoard SW Key Certificate: da83b990422ebc8c441f8d8b039a65a2'
[  +0.000001] integrity: Loading X.509 certificate: UEFI:db
[  +0.000130] integrity: Loaded X.509 cert 'ASUSTeK Notebook SW Key Certificate: b8e581e4df77a5bb4282d5ccfc00c071'
[  +0.000000] integrity: Loading X.509 certificate: UEFI:db
[  +0.000017] integrity: Loaded X.509 cert 'Microsoft Corporation UEFI CA 2011: 13adbf4309bd82709c8cd54f316ed522988a1bd4'
[  +0.000000] integrity: Loading X.509 certificate: UEFI:db
[  +0.000015] integrity: Loaded X.509 cert 'Microsoft Windows Production PCA 2011: a92902398e16c49778cd90f99e4f9ae17c55af53'
[  +0.000001] integrity: Loading X.509 certificate: UEFI:db
[  +0.000132] integrity: Loaded X.509 cert 'Canonical Ltd. Master Certificate Authority: ad91990bc22ab1f517048c23b6655a268e345a63'
[  +0.000613] PM:   Magic number: 3:53:809
[  +0.003033] RAS: Correctable Errors collector initialized.
[  +0.000042] Lockdown: swapper/0: hibernation is restricted; see man kernel_lockdown.7
[  +0.000051] clk: Disabling unused clocks
[  +0.251456] ata7: SATA link down (SStatus 0 SControl 300)
[  +0.000006] ata1: SATA link down (SStatus 0 SControl 330)
[  +0.312580] ata2: SATA link down (SStatus 0 SControl 330)
[  +0.310577] ata3: SATA link down (SStatus 0 SControl 330)
[  +0.312744] ata4: SATA link down (SStatus 0 SControl 330)
[  +0.315454] ata5: SATA link down (SStatus 0 SControl 330)
[  +0.311655] ata6: SATA link down (SStatus 0 SControl 330)
[  +0.002582] Freeing unused decrypted memory: 2028K
[  +0.000373] Freeing unused kernel image (initmem) memory: 3448K
[  +0.000023] Write protecting the kernel read-only data: 30720k
[  +0.000283] Freeing unused kernel image (rodata/data gap) memory: 1360K
[  +0.039094] x86/mm: Checked W+X mappings: passed, no W+X pages found.
[  +0.000004] rodata_test: all tests were successful
[  +0.000002] x86/mm: Checking user space page tables
[  +0.037052] x86/mm: Checked W+X mappings: passed, no W+X pages found.
[  +0.000008] Run /init as init process
[  +0.000001]   with arguments:
[  +0.000001]     /init
[  +0.000001]     extra_latent_entropy
[  +0.000001]   with environment:
[  +0.000000]     HOME=/
[  +0.000001]     TERM=linux
[  +0.000000]     BOOT_IMAGE=/vmlinuz-linux
[  +0.000001]     kasan_multi_shot=on
[  +0.000001]     mem_encrypt=on
[  +0.000000]     noexec=on
[  +0.016016] fbcon: Taking over console
[  +0.001964] Console: switching to colour frame buffer device 128x48
[  +0.173922] xhci_hcd 0000:02:00.0: xHCI Host Controller
[  +0.000010] xhci_hcd 0000:02:00.0: new USB bus registered, assigned bus number 1
[  +0.009557] nvme nvme0: pci function 0000:01:00.0
[  +0.005658] nvme nvme0: 7/0/0 default/read/poll queues
[  +0.001653]  nvme0n1: p1 p2 p3
[  +0.038626] xhci_hcd 0000:02:00.0: hcc params 0x0200ef81 hci version 0x110 quirks 0x0000000000000410
[  +0.000342] xhci_hcd 0000:02:00.0: xHCI Host Controller
[  +0.000004] xhci_hcd 0000:02:00.0: new USB bus registered, assigned bus number 2
[  +0.000003] xhci_hcd 0000:02:00.0: Host supports USB 3.1 Enhanced SuperSpeed
[  +0.000067] usb usb1: New USB device found, idVendor=1d6b, idProduct=0002, bcdDevice= 6.08
[  +0.000003] usb usb1: New USB device strings: Mfr=3, Product=2, SerialNumber=1
[  +0.000002] usb usb1: Product: xHCI Host Controller
[  +0.000001] usb usb1: Manufacturer: Linux 6.8.8-arch1-1 xhci-hcd
[  +0.000002] usb usb1: SerialNumber: 0000:02:00.0
[  +0.000170] hub 1-0:1.0: USB hub found
[  +0.000018] hub 1-0:1.0: 10 ports detected
[  +0.010270] usb usb2: We don't know the algorithms for LPM for this host, disabling LPM.
[  +0.000021] usb usb2: New USB device found, idVendor=1d6b, idProduct=0003, bcdDevice= 6.08
[  +0.000002] usb usb2: New USB device strings: Mfr=3, Product=2, SerialNumber=1
[  +0.000002] usb usb2: Product: xHCI Host Controller
[  +0.000001] usb usb2: Manufacturer: Linux 6.8.8-arch1-1 xhci-hcd
[  +0.000001] usb usb2: SerialNumber: 0000:02:00.0
[  +0.000186] hub 2-0:1.0: USB hub found
[  +0.000010] hub 2-0:1.0: 4 ports detected
[  +0.004760] xhci_hcd 0000:0b:00.3: xHCI Host Controller
[  +0.000004] xhci_hcd 0000:0b:00.3: new USB bus registered, assigned bus number 3
[  +0.000108] xhci_hcd 0000:0b:00.3: hcc params 0x0270f665 hci version 0x100 quirks 0x0000000040000410
[  +0.000214] xhci_hcd 0000:0b:00.3: xHCI Host Controller
[  +0.000002] xhci_hcd 0000:0b:00.3: new USB bus registered, assigned bus number 4
[  +0.000002] xhci_hcd 0000:0b:00.3: Host supports USB 3.0 SuperSpeed
[  +0.000029] usb usb3: New USB device found, idVendor=1d6b, idProduct=0002, bcdDevice= 6.08
[  +0.000002] usb usb3: New USB device strings: Mfr=3, Product=2, SerialNumber=1
[  +0.000001] usb usb3: Product: xHCI Host Controller
[  +0.000001] usb usb3: Manufacturer: Linux 6.8.8-arch1-1 xhci-hcd
[  +0.000001] usb usb3: SerialNumber: 0000:0b:00.3
[  +0.000131] hub 3-0:1.0: USB hub found
[  +0.000007] hub 3-0:1.0: 4 ports detected
[  +0.000206] usb usb4: We don't know the algorithms for LPM for this host, disabling LPM.
[  +0.000018] usb usb4: New USB device found, idVendor=1d6b, idProduct=0003, bcdDevice= 6.08
[  +0.000002] usb usb4: New USB device strings: Mfr=3, Product=2, SerialNumber=1
[  +0.000001] usb usb4: Product: xHCI Host Controller
[  +0.000001] usb usb4: Manufacturer: Linux 6.8.8-arch1-1 xhci-hcd
[  +0.000001] usb usb4: SerialNumber: 0000:0b:00.3
[  +0.000102] hub 4-0:1.0: USB hub found
[  +0.000009] hub 4-0:1.0: 4 ports detected
[  +0.249854] usb 3-1: new low-speed USB device number 2 using xhci_hcd
[  +0.059999] usb 1-6: new full-speed USB device number 2 using xhci_hcd
[  +0.110775] usb 3-1: New USB device found, idVendor=1c4f, idProduct=0034, bcdDevice= 1.10
[  +0.000005] usb 3-1: New USB device strings: Mfr=1, Product=2, SerialNumber=0
[  +0.000002] usb 3-1: Product: Usb Mouse
[  +0.000001] usb 3-1: Manufacturer: SIGMACHIP
[  +0.132669] usb 3-2: new low-speed USB device number 3 using xhci_hcd
[  +0.133373] usb 1-6: config 1 has an invalid interface number: 2 but max is 1
[  +0.000003] usb 1-6: config 1 has no interface number 1
[  +0.011985] usb 1-6: New USB device found, idVendor=0b05, idProduct=1939, bcdDevice= 1.00
[  +0.000004] usb 1-6: New USB device strings: Mfr=1, Product=2, SerialNumber=3
[  +0.000002] usb 1-6: Product: AURA LED Controller
[  +0.000001] usb 1-6: Manufacturer: AsusTek Computer Inc.
[  +0.000002] usb 1-6: SerialNumber: 9876543210
[  +0.029128] usb 3-2: New USB device found, idVendor=09da, idProduct=2268, bcdDevice= 1.04
[  +0.000004] usb 3-2: New USB device strings: Mfr=1, Product=2, SerialNumber=0
[  +0.000001] usb 3-2: Product: USB Keyboard
[  +0.000002] usb 3-2: Manufacturer: SONiX
[  +0.165498] usb 1-7: new high-speed USB device number 3 using xhci_hcd
[  +0.229570] usb 1-7: New USB device found, idVendor=05e3, idProduct=0608, bcdDevice=60.90
[  +0.000005] usb 1-7: New USB device strings: Mfr=0, Product=1, SerialNumber=0
[  +0.000001] usb 1-7: Product: USB2.0 Hub
[  +0.008021] hub 1-7:1.0: USB hub found
[  +0.003964] hub 1-7:1.0: 4 ports detected
[  +1.143543] [drm] amdgpu kernel modesetting enabled.
[  +0.000294] amdgpu: Virtual CRAT table created for CPU
[  +0.000014] amdgpu: Topology: Add CPU node
[  +0.031070] usbcore: registered new interface driver usbhid
[  +0.000004] usbhid: USB HID core driver
[  +0.004200] input: SIGMACHIP Usb Mouse as /devices/pci0000:00/0000:00:07.1/0000:0b:00.3/usb3/3-1/3-1:1.0/0003:1C4F:0034.0001/input/input2
[  +0.000103] hid-generic 0003:1C4F:0034.0001: input,hidraw0: USB HID v1.10 Mouse [SIGMACHIP Usb Mouse] on usb-0000:0b:00.3-1/input0
[  +0.000156] hid-generic 0003:0B05:1939.0002: hiddev96,hidraw1: USB HID v1.11 Device [AsusTek Computer Inc. AURA LED Controller] on usb-0000:02:00.0-6/input2
[  +0.000163] input: SONiX USB Keyboard as /devices/pci0000:00/0000:00:07.1/0000:0b:00.3/usb3/3-2/3-2:1.0/0003:09DA:2268.0003/input/input3
[  +0.056369] hid-generic 0003:09DA:2268.0003: input,hidraw2: USB HID v1.11 Keyboard [SONiX USB Keyboard] on usb-0000:0b:00.3-2/input0
[  +0.000179] input: SONiX USB Keyboard Consumer Control as /devices/pci0000:00/0000:00:07.1/0000:0b:00.3/usb3/3-2/3-2:1.1/0003:09DA:2268.0004/input/input4
[  +0.056164] input: SONiX USB Keyboard System Control as /devices/pci0000:00/0000:00:07.1/0000:0b:00.3/usb3/3-2/3-2:1.1/0003:09DA:2268.0004/input/input5
[  +0.000105] hid-generic 0003:09DA:2268.0004: input,hidraw3: USB HID v1.11 Device [SONiX USB Keyboard] on usb-0000:0b:00.3-2/input1
[  +1.511576] EXT4-fs (nvme0n1p3): mounted filesystem 47903e0c-14db-4f1e-bd8f-a748a8a6b88b r/w with ordered data mode. Quota mode: none.
[  +0.043535] systemd[1]: System time before build time, advancing clock.
[  +0.019498] systemd[1]: systemd 255.5-4-arch running in system mode (+PAM +AUDIT -SELINUX -APPARMOR -IMA +SMACK +SECCOMP +GCRYPT +GNUTLS +OPENSSL +ACL +BLKID +CURL +ELFUTILS +FIDO2 +IDN2 -IDN +IPTC +KMOD +LIBCRYPTSETUP +LIBFDISK +PCRE2 +PWQUALITY +P11KIT +QRENCODE +TPM2 +BZIP2 +LZ4 +XZ +ZLIB +ZSTD +BPF_FRAMEWORK +XKBCOMMON +UTMP -SYSVINIT default-hierarchy=unified)
[  +0.000008] systemd[1]: Detected architecture x86-64.
[  +0.000902] systemd[1]: Hostname set to <klimenkomaximsergievich>.
[  +0.383884] systemd[1]: bpf-lsm: LSM BPF program attached
[  +0.019732] systemd-fstab-generator[323]: Checking was requested for "/home", but it is not a device.
[  +0.000422] systemd-fstab-generator[323]: Checking was requested for "/var", but it is not a device.
[  +0.075343] systemd[1]: Queued start job for default target Graphical Interface.
[  +0.007117] systemd[1]: Created slice Slice /system/dirmngr.
[  +0.000424] systemd[1]: Created slice Slice /system/getty.
[  +0.000376] systemd[1]: Created slice Slice /system/gpg-agent.
[  +0.000353] systemd[1]: Created slice Slice /system/gpg-agent-browser.
[  +0.000349] systemd[1]: Created slice Slice /system/gpg-agent-extra.
[  +0.000377] systemd[1]: Created slice Slice /system/gpg-agent-ssh.
[  +0.000365] systemd[1]: Created slice Slice /system/keyboxd.
[  +0.000375] systemd[1]: Created slice Slice /system/modprobe.
[  +0.000388] systemd[1]: Created slice Slice /system/systemd-fsck.
[  +0.000277] systemd[1]: Created slice User and Session Slice.
[  +0.000124] systemd[1]: Started Dispatch Password Requests to Console Directory Watch.
[  +0.000102] systemd[1]: Started Forward Password Requests to Wall Directory Watch.
[  +0.000199] systemd[1]: Set up automount Arbitrary Executable File Formats File System Automount Point.
[  +0.000067] systemd[1]: Expecting device /dev/nvme0n1p1...
[  +0.000045] systemd[1]: Expecting device /dev/nvme0n1p2...
[  +0.000049] systemd[1]: Reached target Local Encrypted Volumes.
[  +0.000554] systemd[1]: Reached target Login Prompts.
[  +0.000186] systemd[1]: Reached target Local Integrity Protected Volumes.
[  +0.000194] systemd[1]: Reached target Path Units.
[  +0.000181] systemd[1]: Reached target Remote File Systems.
[  +0.000182] systemd[1]: Reached target Slice Units.
[  +0.000189] systemd[1]: Reached target Local Verity Protected Volumes.
[  +0.000269] systemd[1]: Listening on Device-mapper event daemon FIFOs.
[  +0.001272] systemd[1]: Listening on Process Core Dump Socket.
[  +0.000288] systemd[1]: Listening on Journal Socket (/dev/log).
[  +0.000304] systemd[1]: Listening on Journal Socket.
[  +0.000204] systemd[1]: TPM2 PCR Extension (Varlink) was skipped because of an unmet condition check (ConditionSecurity=measured-uki).
[  +0.000264] systemd[1]: Listening on udev Control Socket.
[  +0.000280] systemd[1]: Listening on udev Kernel Socket.
[  +0.000295] systemd[1]: Listening on User Database Manager Socket.
[  +0.001291] systemd[1]: Mounting Huge Pages File System...
[  +0.000823] systemd[1]: Mounting POSIX Message Queue File System...
[  +0.000759] systemd[1]: Mounting /dev/tmp...
[  +0.003547] systemd[1]: Mounting Kernel Debug File System...
[  +0.003377] systemd[1]: Mounting Kernel Trace File System...
[  +0.002168] systemd[1]: Starting Create List of Static Device Nodes...
[  +0.001353] systemd[1]: Starting Load Kernel Module configfs...
[  +0.001220] systemd[1]: Starting Load Kernel Module dm_mod...
[  +0.001354] systemd[1]: Starting Load Kernel Module drm...
[  +0.001258] systemd[1]: Starting Load Kernel Module fuse...
[  +0.001419] systemd[1]: Starting Load Kernel Module loop...
[  +0.000511] systemd[1]: File System Check on Root Device was skipped because of an unmet condition check (ConditionPathIsReadWrite=!/).
[  +0.001917] systemd[1]: Starting Journal Service...
[  +0.002017] systemd[1]: Starting Load Kernel Modules...
[  +0.000425] systemd[1]: TPM2 PCR Machine ID Measurement was skipped because of an unmet condition check (ConditionSecurity=measured-uki).
[  +0.000946] systemd[1]: Starting Remount Root and Kernel File Systems...
[  +0.000324] systemd[1]: TPM2 SRK Setup (Early) was skipped because of an unmet condition check (ConditionSecurity=measured-uki).
[  +0.001004] systemd[1]: Starting Coldplug All udev Devices...
[  +0.001839] systemd[1]: Mounted Huge Pages File System.
[  +0.000497] systemd[1]: Mounted POSIX Message Queue File System.
[  +0.000370] systemd[1]: Mounted /dev/tmp.
[  +0.000475] systemd[1]: Mounted Kernel Debug File System.
[  +0.000359] systemd[1]: Mounted Kernel Trace File System.
[  +0.000560] systemd[1]: Finished Create List of Static Device Nodes.
[  +0.001038] loop: module loaded
[  +0.000074] device-mapper: uevent: version 1.0.3
[  +0.000109] device-mapper: ioctl: 4.48.0-ioctl (2023-03-01) initialised: dm-devel@redhat.com
[  +0.002033] systemd[1]: modprobe@configfs.service: Deactivated successfully.
[  +0.000261] systemd[1]: Finished Load Kernel Module configfs.
[  +0.000691] systemd[1]: modprobe@dm_mod.service: Deactivated successfully.
[  +0.000230] systemd[1]: Finished Load Kernel Module dm_mod.
[  +0.001163] EXT4-fs (nvme0n1p3): re-mounted 47903e0c-14db-4f1e-bd8f-a748a8a6b88b r/w. Quota mode: none.
[  +0.000218] systemd[1]: modprobe@drm.service: Deactivated successfully.
[  +0.000257] systemd[1]: Finished Load Kernel Module drm.
[  +0.001315] systemd[1]: modprobe@fuse.service: Deactivated successfully.
[  +0.000232] systemd[1]: Finished Load Kernel Module fuse.
[  +0.000276] systemd-journald[344]: Collecting audit messages is disabled.
[  +0.000471] systemd[1]: modprobe@loop.service: Deactivated successfully.
[  +0.000241] systemd[1]: Finished Load Kernel Module loop.
[  +0.000913] systemd[1]: Finished Load Kernel Modules.
[  +0.000714] systemd[1]: Finished Remount Root and Kernel File Systems.
[  +0.001965] systemd[1]: Mounting FUSE Control File System...
[  +0.004013] systemd[1]: Mounting Kernel Configuration File System...
[  +0.002234] systemd[1]: Rebuild Hardware Database was skipped because of an unmet condition check (ConditionNeedsUpdate=/etc).
[  +0.000094] systemd[1]: Repartition Root Disk was skipped because no trigger condition checks were met.
[  +0.000870] systemd[1]: Starting Apply Kernel Variables...
[  +0.002650] systemd[1]: Starting Create Static Device Nodes in /dev gracefully...
[  +0.002352] systemd[1]: Mounted FUSE Control File System.
[  +0.000403] systemd[1]: Mounted Kernel Configuration File System.
[  +0.008159] systemd[1]: Finished Apply Kernel Variables.
[  +0.003502] systemd[1]: Starting User Database Manager...
[  +0.025379] systemd[1]: Started User Database Manager.
[  +0.028287] systemd[1]: Finished Create Static Device Nodes in /dev gracefully.
[  +0.000484] systemd[1]: Create System Users was skipped because no trigger condition checks were met.
[  +0.000994] systemd[1]: Starting Create Static Device Nodes in /dev...
[  +0.007780] systemd[1]: Started Journal Service.
[  +0.052550] systemd-journald[344]: Received client request to flush runtime journal.
[  +0.019937] systemd-journald[344]: /var/log/journal/749ac78a84c54f12b1c0fc65231f173b/system.journal: Realtime clock jumped backwards relative to last journal entry, rotating.
[  +0.000011] systemd-journald[344]: Rotating system journal.
[  +0.137069] piix4_smbus 0000:00:14.0: SMBus Host Controller at 0xb00, revision 0
[  +0.000007] piix4_smbus 0000:00:14.0: Using register 0x02 for SMBus port selection
[  +0.000100] piix4_smbus 0000:00:14.0: Auxiliary SMBus Host Controller at 0xb20
[  +0.000111] Adding 33554428k swap on /dev/nvme0n1p2.  Priority:-2 extents:1 across:33554428k SS
[  +0.012845] ccp 0000:0b:00.2: enabling device (0000 -> 0002)
[  +0.001109] sp5100_tco: SP5100/SB800 TCO WatchDog Timer Driver
[  +0.001132] sp5100-tco sp5100-tco: Using 0xfeb00000 for watchdog MMIO address
[  +0.000528] sp5100-tco sp5100-tco: initialized. heartbeat=60 sec (nowayout=0)
[  +0.013950] pps_core: LinuxPPS API ver. 1 registered
[  +0.000004] pps_core: Software ver. 5.3.6 - Copyright 2005-2007 Rodolfo Giometti <giometti@linux.it>
[  +0.000221] ccp 0000:0b:00.2: ccp enabled
[  +0.000034] ccp 0000:0b:00.2: psp enabled
[  +0.002276] acpi_cpufreq: overriding BIOS provided _PSD data
[  +0.003584] PTP clock support registered
[  +0.014318] Intel(R) 2.5G Ethernet Linux Driver
[  +0.000005] Copyright(c) 2018 Intel Corporation.
[  +0.003739] igc 0000:09:00.0: PCIe PTM not supported by PCIe bus/controller
[  +0.002545] e1000e: Intel(R) PRO/1000 Network Driver
[  +0.000002] e1000e: Copyright(c) 1999 - 2015 Intel Corporation.
[  +0.000048] e1000e 0000:06:00.0: enabling device (0000 -> 0002)
[  +0.000227] e1000e 0000:06:00.0: Interrupt Throttling Rate (ints/sec) set to dynamic conservative mode
[  +0.000473] RAPL PMU: API unit is 2^-32 Joules, 1 fixed counters, 163840 ms ovfl timer
[  +0.000004] RAPL PMU: hw unit of domain package 2^-16 Joules
[  +0.009828] cryptd: max_cpu_qlen set to 1000
[  +0.008414] i8042: PNP: No PS/2 controller found.
[  +0.006132] AVX2 version of gcm_enc/dec engaged.
[  +0.000083] AES CTR mode by8 optimization enabled
[  +0.011522] asus_wmi: ASUS WMI generic driver loaded
[  +0.007749] asus_wmi: Initialization: 0x0
[  +0.000042] asus_wmi: BIOS WMI version: 0.9
[  +0.000197] asus_wmi: SFUN value: 0x0
[  +0.000003] eeepc-wmi eeepc-wmi: Detected ASUSWMI, use DCTS
[  +0.000488] snd_hda_intel 0000:0a:00.1: enabling device (0000 -> 0002)
[  +0.002763] snd_hda_intel 0000:0c:00.3: enabling device (0000 -> 0002)
[  +0.000828] input: Eee PC WMI hotkeys as /devices/platform/eeepc-wmi/input/input6
[  +0.010282] pps pps0: new PPS source ptp0
[  +0.001559] igc 0000:09:00.0 (unnamed net_device) (uninitialized): PHC added
[  +0.003222] e1000e 0000:06:00.0 0000:06:00.0 (uninitialized): registered PHC clock
[  +0.003201] input: HDA ATI HDMI HDMI/DP,pcm=3 as /devices/pci0000:00/0000:00:03.1/0000:0a:00.1/sound/card0/input7
[  +0.009556] snd_hda_codec_realtek hdaudioC1D0: autoconfig for ALC1220: line_outs=3 (0x14/0x15/0x16/0x0/0x0) type:line
[  +0.000007] snd_hda_codec_realtek hdaudioC1D0:    speaker_outs=0 (0x0/0x0/0x0/0x0/0x0)
[  +0.000002] snd_hda_codec_realtek hdaudioC1D0:    hp_outs=1 (0x1b/0x0/0x0/0x0/0x0)
[  +0.000001] snd_hda_codec_realtek hdaudioC1D0:    mono: mono_out=0x0
[  +0.000001] snd_hda_codec_realtek hdaudioC1D0:    dig-out=0x1e/0x0
[  +0.000002] snd_hda_codec_realtek hdaudioC1D0:    inputs:
[  +0.000001] snd_hda_codec_realtek hdaudioC1D0:      Front Mic=0x19
[  +0.000001] snd_hda_codec_realtek hdaudioC1D0:      Rear Mic=0x18
[  +0.000001] snd_hda_codec_realtek hdaudioC1D0:      Line=0x1a
[  +0.002974] intel_rapl_common: Found RAPL domain package
[  +0.000003] intel_rapl_common: Found RAPL domain core
[  +0.007426] igc 0000:09:00.0: 4.000 Gb/s available PCIe bandwidth (5.0 GT/s PCIe x1 link)
[  +0.000005] igc 0000:09:00.0 eth0: MAC: 08:bf:b8:73:99:c8
[  +0.002454] igc 0000:09:00.0 enp9s0: renamed from eth0
[  +0.009504] input: HD-Audio Generic Front Mic as /devices/pci0000:00/0000:00:08.1/0000:0c:00.3/sound/card1/input8
[  +0.000079] input: HD-Audio Generic Rear Mic as /devices/pci0000:00/0000:00:08.1/0000:0c:00.3/sound/card1/input9
[  +0.000414] input: HD-Audio Generic Line as /devices/pci0000:00/0000:00:08.1/0000:0c:00.3/sound/card1/input10
[  +0.005068] input: HD-Audio Generic Line Out Front as /devices/pci0000:00/0000:00:08.1/0000:0c:00.3/sound/card1/input11
[  +0.001128] input: HD-Audio Generic Line Out Surround as /devices/pci0000:00/0000:00:08.1/0000:0c:00.3/sound/card1/input12
[  +0.001042] input: HD-Audio Generic Line Out CLFE as /devices/pci0000:00/0000:00:08.1/0000:0c:00.3/sound/card1/input13
[  +0.001598] input: HD-Audio Generic Front Headphone as /devices/pci0000:00/0000:00:08.1/0000:0c:00.3/sound/card1/input14
[  +0.012087] e1000e 0000:06:00.0 eth0: (PCI Express:2.5GT/s:Width x1) 68:05:ca:e8:f0:18
[  +0.000005] e1000e 0000:06:00.0 eth0: Intel(R) PRO/1000 Network Connection
[  +0.000016] e1000e 0000:06:00.0 eth0: MAC: 3, PHY: 8, PBA No: E46981-008
[  +0.002048] e1000e 0000:06:00.0 enp6s0: renamed from eth0
[  +0.206651] xt_connbytes: Forcing CT accounting to be enabled
[  +0.401708] Lockdown: Xorg: raw io port access is restricted; see man kernel_lockdown.7
[  +0.299666] mousedev: PS/2 mouse device common for all mice
[  +0.220329] Lockdown: systemd-logind: hibernation is restricted; see man kernel_lockdown.7
[  +0.001597] Lockdown: systemd-logind: hibernation is restricted; see man kernel_lockdown.7
[  +0.000372] Lockdown: systemd-logind: hibernation is restricted; see man kernel_lockdown.7
[ +16.588116] systemd-journald[344]: /var/log/journal/749ac78a84c54f12b1c0fc65231f173b/user-1000.journal: Journal file uses a different sequence number ID, rotating.
