[Apr30 20:44] Linux version 6.2.13-zen-1-zen (linux-zen@archlinux) (gcc (GCC) 12.2.1 20230201, GNU ld (GNU Binutils) 2.40) #1 ZEN SMP PREEMPT_DYNAMIC Wed, 26 Apr 2023 20:49:44 +0000
[  +0.000000] Command line: BOOT_IMAGE=/vmlinuz-linux-zen root=UUID=eb0f27d9-17de-4fe3-96d3-89bbde76f272 rw rd.udev.log_priority=3 vt.global_cursor_default=0 log_buf_len=1M print-fatal-signals=1 loglevel=3 audit=0 console=tty0 console=ttys0,115200n0 no_timer_check noreplace-smp rcupdate.rcu_expedited=1 tsc=reliable lsm=yama,safesetid,confidentiality,landlock,lockdown,apparmor,bpf l1tf=flush,nosmt mds=full,nosmt tsx_async_abort=full,nosmt mmio_stale_data=full,nosmt retbleed=auto,nosmt mitigations=auto,nosmt nosmt=force pcie_aspm=force init_on_alloc=1 init_on_free=1 page_alloc.shuffle=1 vsyscall=none mce=0 debugfs=on randomize_kstack_offset=on slab_nomerge pti=on slub_debug=ZF slub_debug=P page_poison=on fsck.mode=force mem_encrypt=on vsyscall=none amd_iommu=force_isolation amdgpu.vm_update_mode=0 amdgpu.gpu_recovery=1 amdgpu.virtual_display=NULL amdgpu.audio=1 amdgpu.lbpw=1 amdgpu.tmz=1 amdgpu.freesync_video=1 iommu.strict=1 fsck.mode=force fsck.repair=yes efi=disable_early_pci_dma trace_c
[  +0.000000] x86/fpu: Supporting XSAVE feature 0x001: 'x87 floating point registers'
[  +0.000000] x86/fpu: Supporting XSAVE feature 0x002: 'SSE registers'
[  +0.000000] x86/fpu: Supporting XSAVE feature 0x004: 'AVX registers'
[  +0.000000] x86/fpu: Supporting XSAVE feature 0x200: 'Protection Keys User registers'
[  +0.000000] x86/fpu: xstate_offset[2]:  576, xstate_sizes[2]:  256
[  +0.000000] x86/fpu: xstate_offset[9]:  832, xstate_sizes[9]:    8
[  +0.000000] x86/fpu: Enabled xstate features 0x207, context size is 840 bytes, using 'compacted' format.
[  +0.000000] signal: max sigframe size: 3376
[  +0.000000] BIOS-provided physical RAM map:
[  +0.000000] BIOS-e820: [mem 0x0000000000000000-0x000000000009ffff] usable
[  +0.000000] BIOS-e820: [mem 0x00000000000a0000-0x00000000000fffff] reserved
[  +0.000000] BIOS-e820: [mem 0x0000000000100000-0x0000000009d1efff] usable
[  +0.000000] BIOS-e820: [mem 0x0000000009d1f000-0x0000000009ffffff] reserved
[  +0.000000] BIOS-e820: [mem 0x000000000a000000-0x000000000a1fffff] usable
[  +0.000000] BIOS-e820: [mem 0x000000000a200000-0x000000000a20efff] ACPI NVS
[  +0.000000] BIOS-e820: [mem 0x000000000a20f000-0x000000000affffff] usable
[  +0.000000] BIOS-e820: [mem 0x000000000b000000-0x000000000b01ffff] reserved
[  +0.000000] BIOS-e820: [mem 0x000000000b020000-0x00000000c3dc4fff] usable
[  +0.000000] BIOS-e820: [mem 0x00000000c3dc5000-0x00000000c40d7fff] reserved
[  +0.000000] BIOS-e820: [mem 0x00000000c40d8000-0x00000000c4296fff] ACPI data
[  +0.000000] BIOS-e820: [mem 0x00000000c4297000-0x00000000c5a4efff] ACPI NVS
[  +0.000000] BIOS-e820: [mem 0x00000000c5a4f000-0x00000000c6959fff] reserved
[  +0.000000] BIOS-e820: [mem 0x00000000c695a000-0x00000000c69fefff] type 20
[  +0.000000] BIOS-e820: [mem 0x00000000c69ff000-0x00000000c7ffffff] usable
[  +0.000000] BIOS-e820: [mem 0x00000000c8000000-0x00000000caffffff] reserved
[  +0.000000] BIOS-e820: [mem 0x00000000cf000000-0x00000000cfffffff] reserved
[  +0.000000] BIOS-e820: [mem 0x00000000f0000000-0x00000000f7ffffff] reserved
[  +0.000000] BIOS-e820: [mem 0x00000000fd200000-0x00000000fd2fffff] reserved
[  +0.000000] BIOS-e820: [mem 0x00000000fd600000-0x00000000fd6fffff] reserved
[  +0.000000] BIOS-e820: [mem 0x00000000fea00000-0x00000000fea0ffff] reserved
[  +0.000000] BIOS-e820: [mem 0x00000000feb80000-0x00000000fec01fff] reserved
[  +0.000000] BIOS-e820: [mem 0x00000000fec10000-0x00000000fec10fff] reserved
[  +0.000000] BIOS-e820: [mem 0x00000000fec30000-0x00000000fec30fff] reserved
[  +0.000000] BIOS-e820: [mem 0x00000000fed00000-0x00000000fed00fff] reserved
[  +0.000000] BIOS-e820: [mem 0x00000000fed40000-0x00000000fed44fff] reserved
[  +0.000000] BIOS-e820: [mem 0x00000000fed80000-0x00000000fed8ffff] reserved
[  +0.000000] BIOS-e820: [mem 0x00000000fedc2000-0x00000000fedcffff] reserved
[  +0.000000] BIOS-e820: [mem 0x00000000fedd4000-0x00000000fedd5fff] reserved
[  +0.000000] BIOS-e820: [mem 0x00000000ff000000-0x00000000ffffffff] reserved
[  +0.000000] BIOS-e820: [mem 0x0000000100000000-0x000000040e2fffff] usable
[  +0.000000] BIOS-e820: [mem 0x000000040e300000-0x000000042fffffff] reserved
[  +0.000000] SMT: Force disabled
[  +0.000000] NX (Execute Disable) protection: active
[  +0.000000] efi: EFI v2.70 by American Megatrends
[  +0.000000] efi: ACPI=0xc4296000 ACPI 2.0=0xc4296014 TPMFinalLog=0xc4a04000 SMBIOS=0xc67f0000 SMBIOS 3.0=0xc67ef000 MEMATTR=0xc0a16018 ESRT=0xc2f0ae98 
[  +0.000000] efi: Remove mem68: MMIO range=[0xf0000000-0xf7ffffff] (128MB) from e820 map
[  +0.000000] e820: remove [mem 0xf0000000-0xf7ffffff] reserved
[  +0.000000] efi: Remove mem69: MMIO range=[0xfd200000-0xfd2fffff] (1MB) from e820 map
[  +0.000000] e820: remove [mem 0xfd200000-0xfd2fffff] reserved
[  +0.000000] efi: Remove mem70: MMIO range=[0xfd600000-0xfd6fffff] (1MB) from e820 map
[  +0.000000] e820: remove [mem 0xfd600000-0xfd6fffff] reserved
[  +0.000000] efi: Not removing mem71: MMIO range=[0xfea00000-0xfea0ffff] (64KB) from e820 map
[  +0.000000] efi: Remove mem72: MMIO range=[0xfeb80000-0xfec01fff] (0MB) from e820 map
[  +0.000000] e820: remove [mem 0xfeb80000-0xfec01fff] reserved
[  +0.000000] efi: Not removing mem73: MMIO range=[0xfec10000-0xfec10fff] (4KB) from e820 map
[  +0.000000] efi: Not removing mem74: MMIO range=[0xfec30000-0xfec30fff] (4KB) from e820 map
[  +0.000000] efi: Not removing mem75: MMIO range=[0xfed00000-0xfed00fff] (4KB) from e820 map
[  +0.000000] efi: Not removing mem76: MMIO range=[0xfed40000-0xfed44fff] (20KB) from e820 map
[  +0.000000] efi: Not removing mem77: MMIO range=[0xfed80000-0xfed8ffff] (64KB) from e820 map
[  +0.000000] efi: Not removing mem78: MMIO range=[0xfedc2000-0xfedcffff] (56KB) from e820 map
[  +0.000000] efi: Not removing mem79: MMIO range=[0xfedd4000-0xfedd5fff] (8KB) from e820 map
[  +0.000000] efi: Remove mem80: MMIO range=[0xff000000-0xffffffff] (16MB) from e820 map
[  +0.000000] e820: remove [mem 0xff000000-0xffffffff] reserved
[  +0.000000] SMBIOS 3.3.0 present.
[  +0.000000] DMI: ASUS System Product Name/ROG STRIX B550-F GAMING, BIOS 3002 02/23/2023
[  +0.000000] tsc: Fast TSC calibration using PIT
[  +0.000000] tsc: Detected 3793.159 MHz processor
[  +0.000000] e820: update [mem 0x00000000-0x00000fff] usable ==> reserved
[  +0.000002] e820: remove [mem 0x000a0000-0x000fffff] usable
[  +0.000006] last_pfn = 0x40e300 max_arch_pfn = 0x400000000
[  +0.000005] x86/PAT: Configuration [0-7]: WB  WC  UC- UC  WB  WP  UC- WT  
[  +0.000562] e820: update [mem 0xd0000000-0xffffffff] usable ==> reserved
[  +0.000007] last_pfn = 0xc8000 max_arch_pfn = 0x400000000
[  +0.002611] esrt: Reserving ESRT space from 0x00000000c2f0ae98 to 0x00000000c2f0aed0.
[  +0.000004] e820: update [mem 0xc2f0a000-0xc2f0afff] usable ==> reserved
[  +0.000013] Kernel/User page tables isolation: force enabled on command line.
[  +0.000002] Using GB pages for direct mapping
[  +0.000772] printk: log_buf_len: 1048576 bytes
[  +0.000001] printk: early log buf free: 124352(94%)
[  +0.000001] Secure boot disabled
[  +0.000000] RAMDISK: [mem 0x34085000-0x36039fff]
[  +0.000004] ACPI: Early table checksum verification disabled
[  +0.000002] ACPI: RSDP 0x00000000C4296014 000024 (v02 ALASKA)
[  +0.000003] ACPI: XSDT 0x00000000C4295728 0000DC (v01 ALASKA A M I    01072009 AMI  01000013)
[  +0.000004] ACPI: FACP 0x00000000C4286000 000114 (v06 ALASKA A M I    01072009 AMI  00010013)
[  +0.000003] ACPI: DSDT 0x00000000C427A000 00B51E (v02 ALASKA A M I    01072009 INTL 20120913)
[  +0.000002] ACPI: FACS 0x00000000C4A34000 000040
[  +0.000001] ACPI: IVRS 0x00000000C4294000 0000D0 (v02 AMD    AmdTable 00000001 AMD  00000001)
[  +0.000002] ACPI: SSDT 0x00000000C428C000 0072B0 (v02 AMD    Artic    00000002 MSFT 04000000)
[  +0.000002] ACPI: SSDT 0x00000000C4288000 003B8E (v02 AMD    AMD AOD  00000001 INTL 20120913)
[  +0.000001] ACPI: SSDT 0x00000000C4287000 000139 (v02 ALASKA CPUSSDT  01072009 AMI  01072009)
[  +0.000002] ACPI: FIDT 0x00000000C4279000 00009C (v01 ALASKA A M I    01072009 AMI  00010013)
[  +0.000001] ACPI: FPDT 0x00000000C4131000 000044 (v01 ALASKA A M I    01072009 AMI  01000013)
[  +0.000001] ACPI: MCFG 0x00000000C4277000 00003C (v01 ALASKA A M I    01072009 MSFT 00010013)
[  +0.000002] ACPI: HPET 0x00000000C4276000 000038 (v01 ALASKA A M I    01072009 AMI  00000005)
[  +0.000001] ACPI: VFCT 0x00000000C4267000 00D884 (v01 ALASKA A M I    00000001 AMD  31504F47)
[  +0.000002] ACPI: BGRT 0x00000000C4266000 000038 (v01 ALASKA A M I    01072009 AMI  00010013)
[  +0.000001] ACPI: WPBT 0x00000000C4143000 00003C (v01 ALASKA A M I    00000001 ASUS 00000001)
[  +0.000002] ACPI: TPM2 0x00000000C4142000 00004C (v04 ALASKA A M I    00000001 AMI  00000000)
[  +0.000001] ACPI: SSDT 0x00000000C413F000 0028A4 (v02 AMD    AmdTable 00000001 AMD  00000001)
[  +0.000001] ACPI: CRAT 0x00000000C413E000 000EE8 (v01 AMD    AmdTable 00000001 AMD  00000001)
[  +0.000002] ACPI: CDIT 0x00000000C413D000 000029 (v01 AMD    AmdTable 00000001 AMD  00000001)
[  +0.000001] ACPI: SSDT 0x00000000C413C000 000D53 (v02 AMD    ArticIG2 00000001 INTL 20120913)
[  +0.000002] ACPI: SSDT 0x00000000C413A000 0010C1 (v02 AMD    ArticTPX 00000001 INTL 20120913)
[  +0.000001] ACPI: SSDT 0x00000000C4136000 003E6E (v02 AMD    ArticN   00000001 INTL 20120913)
[  +0.000002] ACPI: WSMT 0x00000000C4135000 000028 (v01 ALASKA A M I    01072009 AMI  00010013)
[  +0.000001] ACPI: APIC 0x00000000C4134000 00015E (v04 ALASKA A M I    01072009 AMI  00010013)
[  +0.000001] ACPI: SSDT 0x00000000C4133000 00007D (v02 AMD    ArticDIS 00000001 INTL 20120913)
[  +0.000002] ACPI: SSDT 0x00000000C4132000 0000BF (v01 AMD    AmdTable 00001000 INTL 20120913)
[  +0.000001] ACPI: Reserving FACP table memory at [mem 0xc4286000-0xc4286113]
[  +0.000001] ACPI: Reserving DSDT table memory at [mem 0xc427a000-0xc428551d]
[  +0.000000] ACPI: Reserving FACS table memory at [mem 0xc4a34000-0xc4a3403f]
[  +0.000001] ACPI: Reserving IVRS table memory at [mem 0xc4294000-0xc42940cf]
[  +0.000000] ACPI: Reserving SSDT table memory at [mem 0xc428c000-0xc42932af]
[  +0.000001] ACPI: Reserving SSDT table memory at [mem 0xc4288000-0xc428bb8d]
[  +0.000000] ACPI: Reserving SSDT table memory at [mem 0xc4287000-0xc4287138]
[  +0.000000] ACPI: Reserving FIDT table memory at [mem 0xc4279000-0xc427909b]
[  +0.000001] ACPI: Reserving FPDT table memory at [mem 0xc4131000-0xc4131043]
[  +0.000000] ACPI: Reserving MCFG table memory at [mem 0xc4277000-0xc427703b]
[  +0.000001] ACPI: Reserving HPET table memory at [mem 0xc4276000-0xc4276037]
[  +0.000000] ACPI: Reserving VFCT table memory at [mem 0xc4267000-0xc4274883]
[  +0.000001] ACPI: Reserving BGRT table memory at [mem 0xc4266000-0xc4266037]
[  +0.000000] ACPI: Reserving WPBT table memory at [mem 0xc4143000-0xc414303b]
[  +0.000001] ACPI: Reserving TPM2 table memory at [mem 0xc4142000-0xc414204b]
[  +0.000000] ACPI: Reserving SSDT table memory at [mem 0xc413f000-0xc41418a3]
[  +0.000000] ACPI: Reserving CRAT table memory at [mem 0xc413e000-0xc413eee7]
[  +0.000001] ACPI: Reserving CDIT table memory at [mem 0xc413d000-0xc413d028]
[  +0.000000] ACPI: Reserving SSDT table memory at [mem 0xc413c000-0xc413cd52]
[  +0.000001] ACPI: Reserving SSDT table memory at [mem 0xc413a000-0xc413b0c0]
[  +0.000000] ACPI: Reserving SSDT table memory at [mem 0xc4136000-0xc4139e6d]
[  +0.000001] ACPI: Reserving WSMT table memory at [mem 0xc4135000-0xc4135027]
[  +0.000000] ACPI: Reserving APIC table memory at [mem 0xc4134000-0xc413415d]
[  +0.000001] ACPI: Reserving SSDT table memory at [mem 0xc4133000-0xc413307c]
[  +0.000000] ACPI: Reserving SSDT table memory at [mem 0xc4132000-0xc41320be]
[  +0.000051] No NUMA configuration found
[  +0.000001] Faking a node at [mem 0x0000000000000000-0x000000040e2fffff]
[  +0.000002] NODE_DATA(0) allocated [mem 0x40de7b000-0x40de7ffff]
[  +0.000020] Zone ranges:
[  +0.000000]   DMA      [mem 0x0000000000001000-0x0000000000ffffff]
[  +0.000001]   DMA32    [mem 0x0000000001000000-0x00000000ffffffff]
[  +0.000001]   Normal   [mem 0x0000000100000000-0x000000040e2fffff]
[  +0.000001]   Device   empty
[  +0.000000] Movable zone start for each node
[  +0.000001] Early memory node ranges
[  +0.000000]   node   0: [mem 0x0000000000001000-0x000000000009ffff]
[  +0.000001]   node   0: [mem 0x0000000000100000-0x0000000009d1efff]
[  +0.000001]   node   0: [mem 0x000000000a000000-0x000000000a1fffff]
[  +0.000000]   node   0: [mem 0x000000000a20f000-0x000000000affffff]
[  +0.000000]   node   0: [mem 0x000000000b020000-0x00000000c3dc4fff]
[  +0.000001]   node   0: [mem 0x00000000c69ff000-0x00000000c7ffffff]
[  +0.000000]   node   0: [mem 0x0000000100000000-0x000000040e2fffff]
[  +0.000001] Initmem setup node 0 [mem 0x0000000000001000-0x000000040e2fffff]
[  +0.000003] On node 0, zone DMA: 1 pages in unavailable ranges
[  +0.000011] On node 0, zone DMA: 96 pages in unavailable ranges
[  +0.000094] On node 0, zone DMA32: 737 pages in unavailable ranges
[  +0.000010] On node 0, zone DMA32: 15 pages in unavailable ranges
[  +0.003511] On node 0, zone DMA32: 32 pages in unavailable ranges
[  +0.000091] On node 0, zone DMA32: 11322 pages in unavailable ranges
[  +0.015828] On node 0, zone Normal: 7424 pages in unavailable ranges
[  +0.000386] ACPI: PM-Timer IO Port: 0x808
[  +0.000006] ACPI: LAPIC_NMI (acpi_id[0xff] high edge lint[0x1])
[  +0.000012] IOAPIC[0]: apic_id 9, version 33, address 0xfec00000, GSI 0-23
[  +0.000005] IOAPIC[1]: apic_id 10, version 33, address 0xfec01000, GSI 24-55
[  +0.000001] ACPI: INT_SRC_OVR (bus 0 bus_irq 0 global_irq 2 dfl dfl)
[  +0.000002] ACPI: INT_SRC_OVR (bus 0 bus_irq 9 global_irq 9 low level)
[  +0.000002] ACPI: Using ACPI (MADT) for SMP configuration information
[  +0.000001] ACPI: HPET id: 0x10228201 base: 0xfed00000
[  +0.000007] e820: update [mem 0xc03ef000-0xc04e2fff] usable ==> reserved
[  +0.000010] smpboot: Allowing 32 CPUs, 24 hotplug CPUs
[  +0.000017] PM: hibernation: Registered nosave memory: [mem 0x00000000-0x00000fff]
[  +0.000001] PM: hibernation: Registered nosave memory: [mem 0x000a0000-0x000fffff]
[  +0.000001] PM: hibernation: Registered nosave memory: [mem 0x09d1f000-0x09ffffff]
[  +0.000001] PM: hibernation: Registered nosave memory: [mem 0x0a200000-0x0a20efff]
[  +0.000001] PM: hibernation: Registered nosave memory: [mem 0x0b000000-0x0b01ffff]
[  +0.000001] PM: hibernation: Registered nosave memory: [mem 0xc03ef000-0xc04e2fff]
[  +0.000001] PM: hibernation: Registered nosave memory: [mem 0xc2f0a000-0xc2f0afff]
[  +0.000001] PM: hibernation: Registered nosave memory: [mem 0xc3dc5000-0xc40d7fff]
[  +0.000000] PM: hibernation: Registered nosave memory: [mem 0xc40d8000-0xc4296fff]
[  +0.000001] PM: hibernation: Registered nosave memory: [mem 0xc4297000-0xc5a4efff]
[  +0.000000] PM: hibernation: Registered nosave memory: [mem 0xc5a4f000-0xc6959fff]
[  +0.000000] PM: hibernation: Registered nosave memory: [mem 0xc695a000-0xc69fefff]
[  +0.000001] PM: hibernation: Registered nosave memory: [mem 0xc8000000-0xcaffffff]
[  +0.000001] PM: hibernation: Registered nosave memory: [mem 0xcb000000-0xceffffff]
[  +0.000000] PM: hibernation: Registered nosave memory: [mem 0xcf000000-0xcfffffff]
[  +0.000000] PM: hibernation: Registered nosave memory: [mem 0xd0000000-0xfe9fffff]
[  +0.000001] PM: hibernation: Registered nosave memory: [mem 0xfea00000-0xfea0ffff]
[  +0.000000] PM: hibernation: Registered nosave memory: [mem 0xfea10000-0xfec0ffff]
[  +0.000000] PM: hibernation: Registered nosave memory: [mem 0xfec10000-0xfec10fff]
[  +0.000001] PM: hibernation: Registered nosave memory: [mem 0xfec11000-0xfec2ffff]
[  +0.000000] PM: hibernation: Registered nosave memory: [mem 0xfec30000-0xfec30fff]
[  +0.000000] PM: hibernation: Registered nosave memory: [mem 0xfec31000-0xfecfffff]
[  +0.000001] PM: hibernation: Registered nosave memory: [mem 0xfed00000-0xfed00fff]
[  +0.000000] PM: hibernation: Registered nosave memory: [mem 0xfed01000-0xfed3ffff]
[  +0.000000] PM: hibernation: Registered nosave memory: [mem 0xfed40000-0xfed44fff]
[  +0.000001] PM: hibernation: Registered nosave memory: [mem 0xfed45000-0xfed7ffff]
[  +0.000000] PM: hibernation: Registered nosave memory: [mem 0xfed80000-0xfed8ffff]
[  +0.000000] PM: hibernation: Registered nosave memory: [mem 0xfed90000-0xfedc1fff]
[  +0.000001] PM: hibernation: Registered nosave memory: [mem 0xfedc2000-0xfedcffff]
[  +0.000000] PM: hibernation: Registered nosave memory: [mem 0xfedd0000-0xfedd3fff]
[  +0.000000] PM: hibernation: Registered nosave memory: [mem 0xfedd4000-0xfedd5fff]
[  +0.000001] PM: hibernation: Registered nosave memory: [mem 0xfedd6000-0xffffffff]
[  +0.000001] [mem 0xd0000000-0xfe9fffff] available for PCI devices
[  +0.000001] Booting paravirtualized kernel on bare hardware
[  +0.000001] clocksource: refined-jiffies: mask: 0xffffffff max_cycles: 0xffffffff, max_idle_ns: 1910969940391419 ns
[  +0.003258] setup_percpu: NR_CPUS:320 nr_cpumask_bits:32 nr_cpu_ids:32 nr_node_ids:1
[  +0.000831] percpu: Embedded 63 pages/cpu s221184 r8192 d28672 u262144
[  +0.000006] pcpu-alloc: s221184 r8192 d28672 u262144 alloc=1*2097152
[  +0.000002] pcpu-alloc: [0] 00 01 02 03 04 05 06 07 [0] 08 09 10 11 12 13 14 15 
[  +0.000004] pcpu-alloc: [0] 16 17 18 19 20 21 22 23 [0] 24 25 26 27 28 29 30 31 
[  +0.000016] Fallback order for Node 0: 0 
[  +0.000003] Built 1 zonelists, mobility grouping on.  Total pages: 3948007
[  +0.000000] Policy zone: Normal
[  +0.000001] Kernel command line: BOOT_IMAGE=/vmlinuz-linux-zen root=UUID=eb0f27d9-17de-4fe3-96d3-89bbde76f272 rw rd.udev.log_priority=3 vt.global_cursor_default=0 log_buf_len=1M print-fatal-signals=1 loglevel=3 audit=0 console=tty0 console=ttys0,115200n0 no_timer_check noreplace-smp rcupdate.rcu_expedited=1 tsc=reliable lsm=yama,safesetid,confidentiality,landlock,lockdown,apparmor,bpf l1tf=flush,nosmt mds=full,nosmt tsx_async_abort=full,nosmt mmio_stale_data=full,nosmt retbleed=auto,nosmt mitigations=auto,nosmt nosmt=force pcie_aspm=force init_on_alloc=1 init_on_free=1 page_alloc.shuffle=1 vsyscall=none mce=0 debugfs=on randomize_kstack_offset=on slab_nomerge pti=on slub_debug=ZF slub_debug=P page_poison=on fsck.mode=force mem_encrypt=on vsyscall=none amd_iommu=force_isolation amdgpu.vm_update_mode=0 amdgpu.gpu_recovery=1 amdgpu.virtual_display=NULL amdgpu.audio=1 amdgpu.lbpw=1 amdgpu.tmz=1 amdgpu.freesync_video=1 iommu.strict=1 fsck.mode=force fsck.repair=yes efi=disable_early_pci_dma 
[  +0.000073] audit: disabled (until reboot)
[  +0.000088] PCIe ASPM is forcibly enabled
[  +0.000085] mem auto-init: SLAB_POISON will take precedence over init_on_alloc/init_on_free
[  +0.000132] tsc: Marking TSC unstable due to boot parameter
[  +0.000003] Unknown kernel command line parameters "BOOT_IMAGE=/vmlinuz-linux-zen pti=on mem_encrypt=on", will be passed to user space.
[  +0.000029] random: crng init done
[  +0.001192] Dentry cache hash table entries: 2097152 (order: 12, 16777216 bytes, linear)
[  +0.000633] Inode-cache hash table entries: 1048576 (order: 11, 8388608 bytes, linear)
[  +0.000147] mem auto-init: CONFIG_PAGE_POISONING is on, will take precedence over init_on_alloc and init_on_free
[  +0.000168] mem auto-init: stack:all(zero), heap alloc:off, heap free:off
[  +0.000043] software IO TLB: area num 32.
[  +1.176382] Memory: 15542864K/16043348K available (18432K kernel code, 2116K rwdata, 12420K rodata, 3444K init, 3780K bss, 500224K reserved, 0K cma-reserved)
[  +0.000004] **********************************************************
[  +0.000000] **   NOTICE NOTICE NOTICE NOTICE NOTICE NOTICE NOTICE   **
[  +0.000000] **                                                      **
[  +0.000001] ** This system shows unhashed kernel memory addresses   **
[  +0.000000] ** via the console, logs, and other interfaces. This    **
[  +0.000000] ** might reduce the security of your system.            **
[  +0.000001] **                                                      **
[  +0.000000] ** If you see this message and you are not debugging    **
[  +0.000000] ** the kernel, report this immediately to your system   **
[  +0.000000] ** administrator!                                       **
[  +0.000000] **                                                      **
[  +0.000001] **   NOTICE NOTICE NOTICE NOTICE NOTICE NOTICE NOTICE   **
[  +0.000000] **********************************************************
[  +0.000092] SLUB: HWalign=64, Order=0-3, MinObjects=0, CPUs=32, Nodes=1
[  +0.000009] Kernel/User page tables isolation: enabled
[  +0.000028] ftrace: allocating 44582 entries in 175 pages
[  +0.007945] ftrace: allocated 175 pages with 6 groups
[  +0.000081] Dynamic Preempt: full
[  +0.000044] rcu: Preemptible hierarchical RCU implementation.
[  +0.000000] rcu: 	RCU restricting CPUs from NR_CPUS=320 to nr_cpu_ids=32.
[  +0.000001] rcu: 	RCU priority boosting: priority 1 delay 500 ms.
[  +0.000000] 	All grace periods are expedited (rcu_expedited).
[  +0.000001] 	Trampoline variant of Tasks RCU enabled.
[  +0.000000] 	Rude variant of Tasks RCU enabled.
[  +0.000000] 	Tracing variant of Tasks RCU enabled.
[  +0.000001] rcu: RCU calculated value of scheduler-enlistment delay is 100 jiffies.
[  +0.000000] rcu: Adjusting geometry for rcu_fanout_leaf=16, nr_cpu_ids=32
[  +0.001610] NR_IRQS: 20736, nr_irqs: 1224, preallocated irqs: 16
[  +0.000168] rcu: srcu_init: Setting srcu_struct sizes based on contention.
[  +0.000086] kfence: initialized - using 2097152 bytes for 255 objects at 0xffff969a8bc00000-0xffff969a8be00000
[  +0.000030] Console: colour dummy device 80x25
[  +0.000002] printk: console [tty0] enabled
[  +0.000031] ACPI: Core revision 20221020
[  +0.000153] clocksource: hpet: mask: 0xffffffff max_cycles: 0xffffffff, max_idle_ns: 133484873504 ns
[  +0.000016] APIC: Switch to symmetric I/O mode setup
[  +0.000670] AMD-Vi: Using global IVHD EFR:0x206d73ef22254ade, EFR2:0x0
[  +0.000266] x2apic enabled
[  +0.000005] Switched APIC routing to cluster x2apic.
[  +0.000623] ..TIMER: vector=0x30 apic1=0 pin1=2 apic2=-1 pin2=-1
[  +0.000013] Calibrating delay loop (skipped), value calculated using timer frequency.. 7586.31 BogoMIPS (lpj=3793159)
[  +0.000001] pid_max: default: 32768 minimum: 301
[  +0.007031] LSM: initializing lsm=capability,yama,safesetid,landlock,lockdown,apparmor,bpf
[  +0.000015] Yama: becoming mindful.
[  +0.000007] landlock: Up and running.
[  +0.000028] AppArmor: AppArmor initialized
[  +0.000002] LSM support for eBPF active
[  +0.000048] Mount-cache hash table entries: 32768 (order: 6, 262144 bytes, linear)
[  +0.000031] Mountpoint-cache hash table entries: 32768 (order: 6, 262144 bytes, linear)
[  +0.000198] x86/cpu: User Mode Instruction Prevention (UMIP) activated
[  +0.000112] LVT offset 1 assigned for vector 0xf9
[  +0.000062] LVT offset 2 assigned for vector 0xf4
[  +0.000016] process: using mwait in idle threads
[  +0.000001] Last level iTLB entries: 4KB 512, 2MB 512, 4MB 256
[  +0.000001] Last level dTLB entries: 4KB 2048, 2MB 2048, 4MB 1024, 1GB 0
[  +0.000005] Spectre V1 : Mitigation: usercopy/swapgs barriers and __user pointer sanitization
[  +0.000003] Spectre V2 : Mitigation: Retpolines
[  +0.000000] Spectre V2 : Spectre v2 / SpectreRSB mitigation: Filling RSB on context switch
[  +0.000000] Spectre V2 : Spectre v2 / SpectreRSB : Filling RSB on VMEXIT
[  +0.000001] Spectre V2 : Enabling Restricted Speculation for firmware calls
[  +0.000001] Spectre V2 : mitigation: Enabling conditional Indirect Branch Prediction Barrier
[  +0.000002] Speculative Store Bypass: Mitigation: Speculative Store Bypass disabled via prctl
[  +0.014834] Freeing SMP alternatives memory: 48K
[  +0.103367] smpboot: CPU0: AMD Ryzen 7 5700G with Radeon Graphics (family: 0x19, model: 0x50, stepping: 0x0)
[  +0.000119] cblist_init_generic: Setting adjustable number of callback queues.
[  +0.000004] cblist_init_generic: Setting shift to 5 and lim to 1.
[  +0.000011] cblist_init_generic: Setting shift to 5 and lim to 1.
[  +0.000016] cblist_init_generic: Setting shift to 5 and lim to 1.
[  +0.000011] Performance Events: Fam17h+ core perfctr, AMD PMU driver.
[  +0.000004] ... version:                0
[  +0.000000] ... bit width:              48
[  +0.000001] ... generic registers:      6
[  +0.000000] ... value mask:             0000ffffffffffff
[  +0.000001] ... max period:             00007fffffffffff
[  +0.000000] ... fixed-purpose events:   0
[  +0.000001] ... event mask:             000000000000003f
[  +0.000064] rcu: Hierarchical SRCU implementation.
[  +0.000000] rcu: 	Max phase no-delay instances is 400.
[  +0.000000] NMI watchdog: Enabled. Permanently consumes one hw-PMU counter.
[  +0.000000] smp: Bringing up secondary CPUs ...
[  +0.000000] x86: Booting SMP configuration:
[  +0.000000] .... node  #0, CPUs:        #1  #2  #3  #4  #5  #6  #7
[  +0.002213] smp: Brought up 1 node, 8 CPUs
[  +0.000000] smpboot: Max logical packages: 4
[  +0.000000] smpboot: Total of 8 processors activated (60690.54 BogoMIPS)
[  +0.001498] devtmpfs: initialized
[  +0.000323] x86/mm: Memory block size: 128MB
[  +0.001095] ACPI: PM: Registering ACPI NVS region [mem 0x0a200000-0x0a20efff] (61440 bytes)
[  +0.000002] ACPI: PM: Registering ACPI NVS region [mem 0xc4297000-0xc5a4efff] (24870912 bytes)
[  +0.000614] clocksource: jiffies: mask: 0xffffffff max_cycles: 0xffffffff, max_idle_ns: 1911260446275000 ns
[  +0.000033] futex hash table entries: 8192 (order: 7, 524288 bytes, linear)
[  +0.000047] pinctrl core: initialized pinctrl subsystem
[  +0.000085] PM: RTC time: 17:44:06, date: 2023-04-30
[  +0.000324] NET: Registered PF_NETLINK/PF_ROUTE protocol family
[  +0.000323] DMA: preallocated 2048 KiB GFP_KERNEL pool for atomic allocations
[  +0.000130] DMA: preallocated 2048 KiB GFP_KERNEL|GFP_DMA pool for atomic allocations
[  +0.000127] DMA: preallocated 2048 KiB GFP_KERNEL|GFP_DMA32 pool for atomic allocations
[  +0.000071] thermal_sys: Registered thermal governor 'fair_share'
[  +0.000001] thermal_sys: Registered thermal governor 'bang_bang'
[  +0.000000] thermal_sys: Registered thermal governor 'step_wise'
[  +0.000001] thermal_sys: Registered thermal governor 'user_space'
[  +0.000000] thermal_sys: Registered thermal governor 'power_allocator'
[  +0.000025] cpuidle: using governor ladder
[  +0.000000] cpuidle: using governor menu
[  +0.000233] acpiphp: ACPI Hot Plug PCI Controller Driver version: 0.5
[  +0.000063] PCI: MMCONFIG for domain 0000 [bus 00-7f] at [mem 0xf0000000-0xf7ffffff] (base 0xf0000000)
[  +0.000004] PCI: not using MMCONFIG
[  +0.000001] PCI: Using configuration type 1 for base access
[  +0.000001] PCI: Using configuration type 1 for extended access
[  +0.000303] kprobes: kprobe jump-optimization is enabled. All kprobes are optimized if possible.
[  +0.002489] HugeTLB: registered 1.00 GiB page size, pre-allocated 0 pages
[  +0.000001] HugeTLB: 16380 KiB vmemmap can be freed for a 1.00 GiB page
[  +0.000001] HugeTLB: registered 2.00 MiB page size, pre-allocated 0 pages
[  +0.000001] HugeTLB: 28 KiB vmemmap can be freed for a 2.00 MiB page
[  +0.000115] ACPI: Added _OSI(Module Device)
[  +0.000002] ACPI: Added _OSI(Processor Device)
[  +0.000000] ACPI: Added _OSI(3.0 _SCP Extensions)
[  +0.000001] ACPI: Added _OSI(Processor Aggregator Device)
[  +0.010229] ACPI: 10 ACPI AML tables successfully acquired and loaded
[  +0.000950] ACPI: [Firmware Bug]: BIOS _OSI(Linux) query ignored
[  +0.001778] ACPI: Interpreter enabled
[  +0.000009] ACPI: PM: (supports S0 S4 S5)
[  +0.000001] ACPI: Using IOAPIC for interrupt routing
[  +0.000469] PCI: MMCONFIG for domain 0000 [bus 00-7f] at [mem 0xf0000000-0xf7ffffff] (base 0xf0000000)
[  +0.000028] PCI: MMCONFIG at [mem 0xf0000000-0xf7ffffff] reserved as ACPI motherboard resource
[  +0.000007] PCI: Using host bridge windows from ACPI; if necessary, use "pci=nocrs" and report a bug
[  +0.000000] PCI: Ignoring E820 reservations for host bridge windows
[  +0.000209] ACPI: Enabled 4 GPEs in block 00 to 1F
[  +0.012840] ACPI: PCI Root Bridge [PCI0] (domain 0000 [bus 00-ff])
[  +0.000004] acpi PNP0A08:00: _OSC: OS supports [ExtendedConfig ASPM ClockPM Segments MSI EDR HPX-Type3]
[  +0.000088] acpi PNP0A08:00: _OSC: platform does not support [PCIeHotplug SHPCHotplug PME LTR DPC]
[  +0.000158] acpi PNP0A08:00: _OSC: OS now controls [AER PCIeCapability]
[  +0.000008] acpi PNP0A08:00: [Firmware Info]: MMCONFIG for domain 0000 [bus 00-7f] only partially covers this bridge
[  +0.000268] PCI host bridge to bus 0000:00
[  +0.000001] pci_bus 0000:00: root bus resource [io  0x0000-0x03af window]
[  +0.000001] pci_bus 0000:00: root bus resource [io  0x03e0-0x0cf7 window]
[  +0.000000] pci_bus 0000:00: root bus resource [io  0x03b0-0x03df window]
[  +0.000001] pci_bus 0000:00: root bus resource [io  0x0d00-0xffff window]
[  +0.000001] pci_bus 0000:00: root bus resource [mem 0x000a0000-0x000dffff window]
[  +0.000000] pci_bus 0000:00: root bus resource [mem 0xd0000000-0xfec2ffff window]
[  +0.000001] pci_bus 0000:00: root bus resource [mem 0xfee00000-0xffffffff window]
[  +0.000001] pci_bus 0000:00: root bus resource [bus 00-ff]
[  +0.000010] pci 0000:00:00.0: [1022:1630] type 00 class 0x060000
[  +0.000081] pci 0000:00:00.2: [1022:1631] type 00 class 0x080600
[  +0.000078] pci 0000:00:01.0: [1022:1632] type 00 class 0x060000
[  +0.000048] pci 0000:00:02.0: [1022:1632] type 00 class 0x060000
[  +0.000045] pci 0000:00:02.1: [1022:1634] type 01 class 0x060400
[  +0.000021] pci 0000:00:02.1: enabling Extended Tags
[  +0.000030] pci 0000:00:02.1: PME# supported from D0 D3hot D3cold
[  +0.000092] pci 0000:00:02.2: [1022:1634] type 01 class 0x060400
[  +0.000049] pci 0000:00:02.2: PME# supported from D0 D3hot D3cold
[  +0.000078] pci 0000:00:08.0: [1022:1632] type 00 class 0x060000
[  +0.000043] pci 0000:00:08.1: [1022:1635] type 01 class 0x060400
[  +0.000019] pci 0000:00:08.1: enabling Extended Tags
[  +0.000029] pci 0000:00:08.1: PME# supported from D0 D3hot D3cold
[  +0.000109] pci 0000:00:14.0: [1022:790b] type 00 class 0x0c0500
[  +0.000111] pci 0000:00:14.3: [1022:790e] type 00 class 0x060100
[  +0.000119] pci 0000:00:18.0: [1022:166a] type 00 class 0x060000
[  +0.000024] pci 0000:00:18.1: [1022:166b] type 00 class 0x060000
[  +0.000023] pci 0000:00:18.2: [1022:166c] type 00 class 0x060000
[  +0.000026] pci 0000:00:18.3: [1022:166d] type 00 class 0x060000
[  +0.000025] pci 0000:00:18.4: [1022:166e] type 00 class 0x060000
[  +0.000023] pci 0000:00:18.5: [1022:166f] type 00 class 0x060000
[  +0.000022] pci 0000:00:18.6: [1022:1670] type 00 class 0x060000
[  +0.000026] pci 0000:00:18.7: [1022:1671] type 00 class 0x060000
[  +0.000082] pci 0000:01:00.0: [1022:43ee] type 00 class 0x0c0330
[  +0.000016] pci 0000:01:00.0: reg 0x10: [mem 0xfcea0000-0xfcea7fff 64bit]
[  +0.000038] pci 0000:01:00.0: enabling Extended Tags
[  +0.000049] pci 0000:01:00.0: PME# supported from D3hot D3cold
[  +0.000121] pci 0000:01:00.1: [1022:43eb] type 00 class 0x010601
[  +0.000044] pci 0000:01:00.1: reg 0x24: [mem 0xfce80000-0xfce9ffff]
[  +0.000007] pci 0000:01:00.1: reg 0x30: [mem 0xfce00000-0xfce7ffff pref]
[  +0.000005] pci 0000:01:00.1: enabling Extended Tags
[  +0.000038] pci 0000:01:00.1: PME# supported from D3hot D3cold
[  +0.000072] pci 0000:01:00.2: [1022:43e9] type 01 class 0x060400
[  +0.000040] pci 0000:01:00.2: enabling Extended Tags
[  +0.000042] pci 0000:01:00.2: PME# supported from D3hot D3cold
[  +0.000080] pci 0000:00:02.1: PCI bridge to [bus 01-07]
[  +0.000003] pci 0000:00:02.1:   bridge window [io  0xf000-0xffff]
[  +0.000001] pci 0000:00:02.1:   bridge window [mem 0xfcd00000-0xfcefffff]
[  +0.000003] pci 0000:00:02.1:   bridge window [mem 0xe0300000-0xe03fffff 64bit pref]
[  +0.000084] pci 0000:02:00.0: [1022:43ea] type 01 class 0x060400
[  +0.000043] pci 0000:02:00.0: enabling Extended Tags
[  +0.000049] pci 0000:02:00.0: PME# supported from D3hot D3cold
[  +0.000091] pci 0000:02:01.0: [1022:43ea] type 01 class 0x060400
[  +0.000044] pci 0000:02:01.0: enabling Extended Tags
[  +0.000049] pci 0000:02:01.0: PME# supported from D3hot D3cold
[  +0.000087] pci 0000:02:02.0: [1022:43ea] type 01 class 0x060400
[  +0.000043] pci 0000:02:02.0: enabling Extended Tags
[  +0.000049] pci 0000:02:02.0: PME# supported from D3hot D3cold
[  +0.000089] pci 0000:02:03.0: [1022:43ea] type 01 class 0x060400
[  +0.000044] pci 0000:02:03.0: enabling Extended Tags
[  +0.000049] pci 0000:02:03.0: PME# supported from D3hot D3cold
[  +0.000095] pci 0000:02:08.0: [1022:43ea] type 01 class 0x060400
[  +0.000043] pci 0000:02:08.0: enabling Extended Tags
[  +0.000049] pci 0000:02:08.0: PME# supported from D3hot D3cold
[  +0.000100] pci 0000:01:00.2: PCI bridge to [bus 02-07]
[  +0.000004] pci 0000:01:00.2:   bridge window [io  0xf000-0xffff]
[  +0.000003] pci 0000:01:00.2:   bridge window [mem 0xfcd00000-0xfcdfffff]
[  +0.000004] pci 0000:01:00.2:   bridge window [mem 0xe0300000-0xe03fffff 64bit pref]
[  +0.000034] pci 0000:02:00.0: PCI bridge to [bus 03]
[  +0.000044] pci 0000:02:01.0: PCI bridge to [bus 04]
[  +0.000068] pci 0000:05:00.0: [10ec:8168] type 00 class 0x020000
[  +0.000023] pci 0000:05:00.0: reg 0x10: [io  0xf000-0xf0ff]
[  +0.000028] pci 0000:05:00.0: reg 0x18: [mem 0xe0304000-0xe0304fff 64bit pref]
[  +0.000018] pci 0000:05:00.0: reg 0x20: [mem 0xe0300000-0xe0303fff 64bit pref]
[  +0.000132] pci 0000:05:00.0: supports D1 D2
[  +0.000001] pci 0000:05:00.0: PME# supported from D0 D1 D2 D3hot D3cold
[  +0.000196] pci 0000:02:02.0: PCI bridge to [bus 05]
[  +0.000005] pci 0000:02:02.0:   bridge window [io  0xf000-0xffff]
[  +0.000006] pci 0000:02:02.0:   bridge window [mem 0xe0300000-0xe03fffff 64bit pref]
[  +0.000062] pci 0000:06:00.0: [13a8:0352] type 00 class 0x070002
[  +0.000024] pci 0000:06:00.0: reg 0x10: [mem 0xfcd00000-0xfcd03fff]
[  +0.000156] pci 0000:06:00.0: PME# supported from D0 D3hot
[  +0.003255] pci 0000:02:03.0: PCI bridge to [bus 06]
[  +0.000007] pci 0000:02:03.0:   bridge window [mem 0xfcd00000-0xfcdfffff]
[  +0.000045] pci 0000:02:08.0: PCI bridge to [bus 07]
[  +0.000077] pci 0000:08:00.0: [1179:010f] type 00 class 0x010802
[  +0.000015] pci 0000:08:00.0: reg 0x10: [mem 0xfcf00000-0xfcf03fff 64bit]
[  +0.000181] pci 0000:00:02.2: PCI bridge to [bus 08]
[  +0.000005] pci 0000:00:02.2:   bridge window [mem 0xfcf00000-0xfcffffff]
[  +0.000075] pci 0000:09:00.0: [1002:1638] type 00 class 0x030000
[  +0.000014] pci 0000:09:00.0: reg 0x10: [mem 0xd0000000-0xdfffffff 64bit pref]
[  +0.000009] pci 0000:09:00.0: reg 0x18: [mem 0xe0000000-0xe01fffff 64bit pref]
[  +0.000007] pci 0000:09:00.0: reg 0x20: [io  0xe000-0xe0ff]
[  +0.000006] pci 0000:09:00.0: reg 0x24: [mem 0xfcc00000-0xfcc7ffff]
[  +0.000010] pci 0000:09:00.0: enabling Extended Tags
[  +0.000014] pci 0000:09:00.0: BAR 0: assigned to efifb
[  +0.000052] pci 0000:09:00.0: PME# supported from D1 D2 D3hot D3cold
[  +0.000045] pci 0000:09:00.0: 126.016 Gb/s available PCIe bandwidth, limited by 8.0 GT/s PCIe x16 link at 0000:00:08.1 (capable of 252.048 Gb/s with 16.0 GT/s PCIe x16 link)
[  +0.000099] pci 0000:09:00.1: [1002:1637] type 00 class 0x040300
[  +0.000009] pci 0000:09:00.1: reg 0x10: [mem 0xfcc88000-0xfcc8bfff]
[  +0.000027] pci 0000:09:00.1: enabling Extended Tags
[  +0.000039] pci 0000:09:00.1: PME# supported from D1 D2 D3hot D3cold
[  +0.000081] pci 0000:09:00.2: [1022:15df] type 00 class 0x108000
[  +0.000016] pci 0000:09:00.2: reg 0x18: [mem 0xfcb00000-0xfcbfffff]
[  +0.000012] pci 0000:09:00.2: reg 0x24: [mem 0xfcc8c000-0xfcc8dfff]
[  +0.000009] pci 0000:09:00.2: enabling Extended Tags
[  +0.000119] pci 0000:09:00.3: [1022:1639] type 00 class 0x0c0330
[  +0.000015] pci 0000:09:00.3: reg 0x10: [mem 0xfca00000-0xfcafffff 64bit]
[  +0.000030] pci 0000:09:00.3: enabling Extended Tags
[  +0.000041] pci 0000:09:00.3: PME# supported from D0 D3hot D3cold
[  +0.000091] pci 0000:09:00.4: [1022:1639] type 00 class 0x0c0330
[  +0.000013] pci 0000:09:00.4: reg 0x10: [mem 0xfc900000-0xfc9fffff 64bit]
[  +0.000031] pci 0000:09:00.4: enabling Extended Tags
[  +0.000040] pci 0000:09:00.4: PME# supported from D0 D3hot D3cold
[  +0.000089] pci 0000:09:00.6: [1022:15e3] type 00 class 0x040300
[  +0.000010] pci 0000:09:00.6: reg 0x10: [mem 0xfcc80000-0xfcc87fff]
[  +0.000026] pci 0000:09:00.6: enabling Extended Tags
[  +0.000035] pci 0000:09:00.6: PME# supported from D0 D3hot D3cold
[  +0.000083] pci 0000:00:08.1: PCI bridge to [bus 09]
[  +0.000003] pci 0000:00:08.1:   bridge window [io  0xe000-0xefff]
[  +0.000003] pci 0000:00:08.1:   bridge window [mem 0xfc900000-0xfccfffff]
[  +0.000002] pci 0000:00:08.1:   bridge window [mem 0xd0000000-0xe01fffff 64bit pref]
[  +0.000332] ACPI: PCI: Interrupt link LNKA configured for IRQ 0
[  +0.000040] ACPI: PCI: Interrupt link LNKB configured for IRQ 0
[  +0.000034] ACPI: PCI: Interrupt link LNKC configured for IRQ 0
[  +0.000041] ACPI: PCI: Interrupt link LNKD configured for IRQ 0
[  +0.000038] ACPI: PCI: Interrupt link LNKE configured for IRQ 0
[  +0.000033] ACPI: PCI: Interrupt link LNKF configured for IRQ 0
[  +0.000031] ACPI: PCI: Interrupt link LNKG configured for IRQ 0
[  +0.000031] ACPI: PCI: Interrupt link LNKH configured for IRQ 0
[  +0.000919] iommu: Default domain type: Translated 
[  +0.000000] iommu: DMA domain TLB invalidation policy: strict mode (set via kernel command line)
[  +0.000109] SCSI subsystem initialized
[  +0.000005] libata version 3.00 loaded.
[  +0.000000] ACPI: bus type USB registered
[  +0.000000] usbcore: registered new interface driver usbfs
[  +0.000000] usbcore: registered new interface driver hub
[  +0.000000] usbcore: registered new device driver usb
[  +0.001441] pps_core: LinuxPPS API ver. 1 registered
[  +0.000001] pps_core: Software ver. 5.3.6 - Copyright 2005-2007 Rodolfo Giometti <giometti@linux.it>
[  +0.000002] PTP clock support registered
[  +0.000006] EDAC MC: Ver: 3.0.0
[  +0.000447] Registered efivars operations
[  +0.001108] NetLabel: Initializing
[  +0.000000] NetLabel:  domain hash size = 128
[  +0.000001] NetLabel:  protocols = UNLABELED CIPSOv4 CALIPSO
[  +0.000010] NetLabel:  unlabeled traffic allowed by default
[  +0.000002] mctp: management component transport protocol core
[  +0.000001] NET: Registered PF_MCTP protocol family
[  +0.000003] PCI: Using ACPI for IRQ routing
[  +0.003370] PCI: pci_cache_line_size set to 64 bytes
[  +0.000052] e820: reserve RAM buffer [mem 0x09d1f000-0x0bffffff]
[  +0.000001] e820: reserve RAM buffer [mem 0x0a200000-0x0bffffff]
[  +0.000001] e820: reserve RAM buffer [mem 0x0b000000-0x0bffffff]
[  +0.000000] e820: reserve RAM buffer [mem 0xc03ef000-0xc3ffffff]
[  +0.000001] e820: reserve RAM buffer [mem 0xc2f0a000-0xc3ffffff]
[  +0.000001] e820: reserve RAM buffer [mem 0xc3dc5000-0xc3ffffff]
[  +0.000000] e820: reserve RAM buffer [mem 0x40e300000-0x40fffffff]
[  +0.000439] pci 0000:09:00.0: vgaarb: setting as boot VGA device
[  +0.000000] pci 0000:09:00.0: vgaarb: bridge control possible
[  +0.000000] pci 0000:09:00.0: vgaarb: VGA device added: decodes=io+mem,owns=none,locks=none
[  +0.000001] vgaarb: loaded
[  +0.000147] hpet0: at MMIO 0xfed00000, IRQs 2, 8, 0
[  +0.000008] hpet0: 3 comparators, 32-bit 14.318180 MHz counter
[  +0.001874] clocksource: Switched to clocksource hpet
[  +0.000085] VFS: Disk quotas dquot_6.6.0
[  +0.000008] VFS: Dquot-cache hash table entries: 512 (order 0, 4096 bytes)
[  +0.000061] AppArmor: AppArmor Filesystem Enabled
[  +0.000026] pnp: PnP ACPI init
[  +0.000058] system 00:00: [mem 0xf0000000-0xf7ffffff] has been reserved
[  +0.000040] system 00:01: [mem 0x410000000-0x42fffffff window] has been reserved
[  +0.000139] system 00:03: [io  0x0290-0x029f] has been reserved
[  +0.000001] system 00:03: [io  0x0200-0x021f] has been reserved
[  +0.000182] system 00:04: [io  0x04d0-0x04d1] has been reserved
[  +0.000001] system 00:04: [io  0x040b] has been reserved
[  +0.000001] system 00:04: [io  0x04d6] has been reserved
[  +0.000000] system 00:04: [io  0x0c00-0x0c01] has been reserved
[  +0.000001] system 00:04: [io  0x0c14] has been reserved
[  +0.000001] system 00:04: [io  0x0c50-0x0c51] has been reserved
[  +0.000000] system 00:04: [io  0x0c52] has been reserved
[  +0.000001] system 00:04: [io  0x0c6c] has been reserved
[  +0.000001] system 00:04: [io  0x0c6f] has been reserved
[  +0.000000] system 00:04: [io  0x0cd8-0x0cdf] has been reserved
[  +0.000001] system 00:04: [io  0x0800-0x089f] has been reserved
[  +0.000000] system 00:04: [io  0x0b00-0x0b0f] has been reserved
[  +0.000001] system 00:04: [io  0x0b20-0x0b3f] has been reserved
[  +0.000001] system 00:04: [io  0x0900-0x090f] has been reserved
[  +0.000000] system 00:04: [io  0x0910-0x091f] has been reserved
[  +0.000001] system 00:04: [mem 0xfec00000-0xfec00fff] could not be reserved
[  +0.000001] system 00:04: [mem 0xfec01000-0xfec01fff] could not be reserved
[  +0.000001] system 00:04: [mem 0xfedc0000-0xfedc0fff] has been reserved
[  +0.000001] system 00:04: [mem 0xfee00000-0xfee00fff] has been reserved
[  +0.000001] system 00:04: [mem 0xfed80000-0xfed8ffff] could not be reserved
[  +0.000001] system 00:04: [mem 0xfec10000-0xfec10fff] has been reserved
[  +0.000001] system 00:04: [mem 0xff000000-0xffffffff] has been reserved
[  +0.000522] pnp: PnP ACPI: found 5 devices
[  +0.005657] clocksource: acpi_pm: mask: 0xffffff max_cycles: 0xffffff, max_idle_ns: 2085701024 ns
[  +0.000043] NET: Registered PF_INET protocol family
[  +0.000274] IP idents hash table entries: 262144 (order: 9, 2097152 bytes, linear)
[  +0.001607] tcp_listen_portaddr_hash hash table entries: 8192 (order: 5, 131072 bytes, linear)
[  +0.000028] Table-perturb hash table entries: 65536 (order: 6, 262144 bytes, linear)
[  +0.000098] TCP established hash table entries: 131072 (order: 8, 1048576 bytes, linear)
[  +0.000251] TCP bind hash table entries: 65536 (order: 9, 2097152 bytes, linear)
[  +0.000082] TCP: Hash tables configured (established 131072 bind 65536)
[  +0.000111] MPTCP token hash table entries: 16384 (order: 6, 393216 bytes, linear)
[  +0.000035] UDP hash table entries: 8192 (order: 6, 262144 bytes, linear)
[  +0.000038] UDP-Lite hash table entries: 8192 (order: 6, 262144 bytes, linear)
[  +0.000053] NET: Registered PF_UNIX/PF_LOCAL protocol family
[  +0.000004] NET: Registered PF_XDP protocol family
[  +0.000008] pci 0000:02:00.0: PCI bridge to [bus 03]
[  +0.000016] pci 0000:02:01.0: PCI bridge to [bus 04]
[  +0.000009] pci 0000:02:02.0: PCI bridge to [bus 05]
[  +0.000002] pci 0000:02:02.0:   bridge window [io  0xf000-0xffff]
[  +0.000005] pci 0000:02:02.0:   bridge window [mem 0xe0300000-0xe03fffff 64bit pref]
[  +0.000005] pci 0000:02:03.0: PCI bridge to [bus 06]
[  +0.000003] pci 0000:02:03.0:   bridge window [mem 0xfcd00000-0xfcdfffff]
[  +0.000007] pci 0000:02:08.0: PCI bridge to [bus 07]
[  +0.000009] pci 0000:01:00.2: PCI bridge to [bus 02-07]
[  +0.000001] pci 0000:01:00.2:   bridge window [io  0xf000-0xffff]
[  +0.000003] pci 0000:01:00.2:   bridge window [mem 0xfcd00000-0xfcdfffff]
[  +0.000003] pci 0000:01:00.2:   bridge window [mem 0xe0300000-0xe03fffff 64bit pref]
[  +0.000004] pci 0000:00:02.1: PCI bridge to [bus 01-07]
[  +0.000001] pci 0000:00:02.1:   bridge window [io  0xf000-0xffff]
[  +0.000002] pci 0000:00:02.1:   bridge window [mem 0xfcd00000-0xfcefffff]
[  +0.000001] pci 0000:00:02.1:   bridge window [mem 0xe0300000-0xe03fffff 64bit pref]
[  +0.000003] pci 0000:00:02.2: PCI bridge to [bus 08]
[  +0.000002] pci 0000:00:02.2:   bridge window [mem 0xfcf00000-0xfcffffff]
[  +0.000004] pci 0000:00:08.1: PCI bridge to [bus 09]
[  +0.000001] pci 0000:00:08.1:   bridge window [io  0xe000-0xefff]
[  +0.000001] pci 0000:00:08.1:   bridge window [mem 0xfc900000-0xfccfffff]
[  +0.000002] pci 0000:00:08.1:   bridge window [mem 0xd0000000-0xe01fffff 64bit pref]
[  +0.000003] pci_bus 0000:00: resource 4 [io  0x0000-0x03af window]
[  +0.000001] pci_bus 0000:00: resource 5 [io  0x03e0-0x0cf7 window]
[  +0.000001] pci_bus 0000:00: resource 6 [io  0x03b0-0x03df window]
[  +0.000000] pci_bus 0000:00: resource 7 [io  0x0d00-0xffff window]
[  +0.000001] pci_bus 0000:00: resource 8 [mem 0x000a0000-0x000dffff window]
[  +0.000000] pci_bus 0000:00: resource 9 [mem 0xd0000000-0xfec2ffff window]
[  +0.000001] pci_bus 0000:00: resource 10 [mem 0xfee00000-0xffffffff window]
[  +0.000000] pci_bus 0000:01: resource 0 [io  0xf000-0xffff]
[  +0.000001] pci_bus 0000:01: resource 1 [mem 0xfcd00000-0xfcefffff]
[  +0.000001] pci_bus 0000:01: resource 2 [mem 0xe0300000-0xe03fffff 64bit pref]
[  +0.000000] pci_bus 0000:02: resource 0 [io  0xf000-0xffff]
[  +0.000001] pci_bus 0000:02: resource 1 [mem 0xfcd00000-0xfcdfffff]
[  +0.000000] pci_bus 0000:02: resource 2 [mem 0xe0300000-0xe03fffff 64bit pref]
[  +0.000001] pci_bus 0000:05: resource 0 [io  0xf000-0xffff]
[  +0.000001] pci_bus 0000:05: resource 2 [mem 0xe0300000-0xe03fffff 64bit pref]
[  +0.000000] pci_bus 0000:06: resource 1 [mem 0xfcd00000-0xfcdfffff]
[  +0.000001] pci_bus 0000:08: resource 1 [mem 0xfcf00000-0xfcffffff]
[  +0.000001] pci_bus 0000:09: resource 0 [io  0xe000-0xefff]
[  +0.000000] pci_bus 0000:09: resource 1 [mem 0xfc900000-0xfccfffff]
[  +0.000001] pci_bus 0000:09: resource 2 [mem 0xd0000000-0xe01fffff 64bit pref]
[  +0.000169] pci 0000:09:00.1: D0 power state depends on 0000:09:00.0
[  +0.000030] pci 0000:09:00.3: extending delay after power-on from D3hot to 20 msec
[  +0.000087] pci 0000:09:00.4: extending delay after power-on from D3hot to 20 msec
[  +0.000060] PCI: CLS 64 bytes, default 64
[  +0.000006] pci 0000:00:00.2: AMD-Vi: IOMMU performance counters supported
[  +0.000025] pci 0000:00:01.0: Adding to iommu group 0
[  +0.000007] Trying to unpack rootfs image as initramfs...
[  +0.000006] pci 0000:00:02.0: Adding to iommu group 1
[  +0.000007] pci 0000:00:02.1: Adding to iommu group 2
[  +0.000007] pci 0000:00:02.2: Adding to iommu group 3
[  +0.000008] pci 0000:00:08.0: Adding to iommu group 4
[  +0.000008] pci 0000:00:08.1: Adding to iommu group 5
[  +0.000009] pci 0000:00:14.0: Adding to iommu group 6
[  +0.000005] pci 0000:00:14.3: Adding to iommu group 6
[  +0.000024] pci 0000:00:18.0: Adding to iommu group 7
[  +0.000005] pci 0000:00:18.1: Adding to iommu group 7
[  +0.000007] pci 0000:00:18.2: Adding to iommu group 7
[  +0.000005] pci 0000:00:18.3: Adding to iommu group 7
[  +0.000005] pci 0000:00:18.4: Adding to iommu group 7
[  +0.000004] pci 0000:00:18.5: Adding to iommu group 7
[  +0.000005] pci 0000:00:18.6: Adding to iommu group 7
[  +0.000004] pci 0000:00:18.7: Adding to iommu group 7
[  +0.000015] pci 0000:01:00.0: Adding to iommu group 8
[  +0.000014] pci 0000:01:00.1: Adding to iommu group 8
[  +0.000010] pci 0000:01:00.2: Adding to iommu group 8
[  +0.000005] pci 0000:02:00.0: Adding to iommu group 8
[  +0.000004] pci 0000:02:01.0: Adding to iommu group 8
[  +0.000004] pci 0000:02:02.0: Adding to iommu group 8
[  +0.000004] pci 0000:02:03.0: Adding to iommu group 8
[  +0.000005] pci 0000:02:08.0: Adding to iommu group 8
[  +0.000007] pci 0000:05:00.0: Adding to iommu group 8
[  +0.000005] pci 0000:06:00.0: Adding to iommu group 8
[  +0.000009] pci 0000:08:00.0: Adding to iommu group 9
[  +0.000009] pci 0000:09:00.0: Adding to iommu group 10
[  +0.000009] pci 0000:09:00.1: Adding to iommu group 11
[  +0.000012] pci 0000:09:00.2: Adding to iommu group 12
[  +0.000010] pci 0000:09:00.3: Adding to iommu group 13
[  +0.000009] pci 0000:09:00.4: Adding to iommu group 14
[  +0.000010] pci 0000:09:00.6: Adding to iommu group 15
[  +0.002738] pci 0000:00:00.2: can't derive routing for PCI INT A
[  +0.000002] pci 0000:00:00.2: PCI INT A: not connected
[  +0.000197] pci 0000:00:00.2: AMD-Vi: Found IOMMU cap 0x40
[  +0.000001] AMD-Vi: Extended features (0x206d73ef22254ade, 0x0): PPR X2APIC NX GT IA GA PC GA_vAPIC
[  +0.000004] AMD-Vi: Interrupt remapping enabled
[  +0.000001] AMD-Vi: X2APIC enabled
[  +0.000886] AMD-Vi: Virtual APIC enabled
[  +0.000075] PCI-DMA: Using software bounce buffering for IO (SWIOTLB)
[  +0.000002] software IO TLB: mapped [mem 0x00000000b727f000-0x00000000bb27f000] (64MB)
[  +0.000167] LVT offset 0 assigned for vector 0x400
[  +0.000085] perf: AMD IBS detected (0x000003ff)
[  +0.000004] perf/amd_iommu: Detected AMD IOMMU #0 (2 banks, 4 counters/bank).
[  +0.000876] Initialise system trusted keyrings
[  +0.000013] Key type blacklist registered
[  +0.000035] workingset: timestamp_bits=41 max_order=22 bucket_order=0
[  +0.000021] zbud: loaded
[  +0.000188] integrity: Platform Keyring initialized
[  +0.000002] integrity: Machine keyring initialized
[  +0.002338] Key type asymmetric registered
[  +0.000001] Asymmetric key parser 'x509' registered
[  +0.000010] Block layer SCSI generic (bsg) driver version 0.4 loaded (major 242)
[  +0.000100] io scheduler mq-deadline registered
[  +0.000001] io scheduler kyber registered
[  +0.000008] io scheduler bfq registered
[  +0.001869] shpchp: Standard Hot Plug PCI Controller Driver version: 0.4
[  +0.000090] input: Power Button as /devices/LNXSYSTM:00/LNXSYBUS:00/PNP0C0C:00/input/input0
[  +0.000014] ACPI: button: Power Button [PWRB]
[  +0.000019] input: Power Button as /devices/LNXSYSTM:00/LNXPWRBN:00/input/input1
[  +0.003093] ACPI: button: Power Button [PWRF]
[  +0.000098] Estimated ratio of average max frequency by base frequency (times 1024): 1141
[  +0.000017] Monitor-Mwait will be used to enter C-1 state
[  +0.000006] ACPI: \_SB_.PLTF.C000: Found 3 idle states
[  +0.000091] ACPI: \_SB_.PLTF.C001: Found 3 idle states
[  +0.000125] ACPI: \_SB_.PLTF.C002: Found 3 idle states
[  +0.000082] ACPI: \_SB_.PLTF.C003: Found 3 idle states
[  +0.000105] ACPI: \_SB_.PLTF.C004: Found 3 idle states
[  +0.000070] ACPI: \_SB_.PLTF.C005: Found 3 idle states
[  +0.000102] ACPI: \_SB_.PLTF.C006: Found 3 idle states
[  +0.000116] ACPI: \_SB_.PLTF.C007: Found 3 idle states
[  +0.000277] Serial: 8250/16550 driver, 32 ports, IRQ sharing enabled
[  +0.000154] serial8250: ttyS0 at I/O 0x3f8 (irq = 4, base_baud = 115200) is a 16550A
[  +0.001127] Non-volatile memory driver v1.3
[  +0.000003] Linux agpgart interface v0.103
[  +0.045916] AMD-Vi: AMD IOMMUv2 loaded and initialized
[  +0.000733] ahci 0000:01:00.1: version 3.0
[  +0.000156] ahci 0000:01:00.1: SSS flag set, parallel bus scan disabled
[  +0.000039] ahci 0000:01:00.1: AHCI 0001.0301 32 slots 6 ports 6 Gbps 0x3f impl SATA mode
[  +0.000002] ahci 0000:01:00.1: flags: 64bit ncq sntf stag pm led clo only pmp pio slum part sxs deso sadm sds apst 
[  +0.000569] scsi host0: ahci
[  +0.000217] scsi host1: ahci
[  +0.000201] scsi host2: ahci
[  +0.000124] scsi host3: ahci
[  +0.000110] scsi host4: ahci
[  +0.000119] scsi host5: ahci
[  +0.000037] ata1: SATA max UDMA/133 abar m131072@0xfce80000 port 0xfce80100 irq 38
[  +0.000003] ata2: SATA max UDMA/133 abar m131072@0xfce80000 port 0xfce80180 irq 38
[  +0.000001] ata3: SATA max UDMA/133 abar m131072@0xfce80000 port 0xfce80200 irq 38
[  +0.000002] ata4: SATA max UDMA/133 abar m131072@0xfce80000 port 0xfce80280 irq 38
[  +0.000002] ata5: SATA max UDMA/133 abar m131072@0xfce80000 port 0xfce80300 irq 38
[  +0.000002] ata6: SATA max UDMA/133 abar m131072@0xfce80000 port 0xfce80380 irq 38
[  +0.000089] ACPI: bus type drm_connector registered
[  +0.000084] Freeing initrd memory: 32468K
[  +0.000594] usbcore: registered new interface driver usbserial_generic
[  +0.000004] usbserial: USB Serial support registered for generic
[  +0.000064] rtc_cmos 00:02: RTC can wake from S4
[  +0.000191] rtc_cmos 00:02: registered as rtc0
[  +0.000031] rtc_cmos 00:02: setting system clock to 2023-04-30T17:44:06 UTC (1682876646)
[  +0.000019] rtc_cmos 00:02: alarms up to one month, y3k, 114 bytes nvram, hpet irqs
[  +0.000111] ledtrig-cpu: registered to indicate activity on CPUs
[  +0.000168] efifb: probing for efifb
[  +0.000011] efifb: framebuffer at 0xd0000000, using 8128k, total 8128k
[  +0.000001] efifb: mode is 1920x1080x32, linelength=7680, pages=1
[  +0.000001] efifb: scrolling: redraw
[  +0.000000] efifb: Truecolor: size=8:8:8:8, shift=24:16:8:0
[  +0.000031] fbcon: Deferring console take-over
[  +0.000001] fb0: EFI VGA frame buffer device
[  +0.000017] hid: raw HID events driver (C) Jiri Kosina
[  +0.000067] drop_monitor: Initializing network drop monitor service
[  +0.006891] Initializing XFRM netlink socket
[  +0.000020] NET: Registered PF_INET6 protocol family
[  +0.004544] Segment Routing with IPv6
[  +0.000001] RPL Segment Routing with IPv6
[  +0.000006] In-situ OAM (IOAM) with IPv6
[  +0.000017] NET: Registered PF_PACKET protocol family
[  +0.000744] microcode: CPU4: patch_level=0x0a50000d
[  +0.000005] microcode: CPU0: patch_level=0x0a50000d
[  -0.000002] microcode: CPU5: patch_level=0x0a50000d
[  +0.000001] microcode: CPU6: patch_level=0x0a50000d
[  +0.000000] microcode: CPU3: patch_level=0x0a50000d
[  +0.000000] microcode: CPU2: patch_level=0x0a50000d
[  +0.000002] microcode: CPU1: patch_level=0x0a50000d
[  +0.000009] microcode: CPU7: patch_level=0x0a50000d
[  +0.000015] microcode: Microcode Update Driver: v2.2.
[  +0.000110] resctrl: L3 allocation detected
[  +0.000002] resctrl: MB allocation detected
[  +0.000002] resctrl: L3 monitoring detected
[  +0.000003] IPI shorthand broadcast: enabled
[  +0.001168] registered taskstats version 1
[  +0.000388] Loading compiled-in X.509 certificates
[  +0.001311] Loaded X.509 cert 'Build time autogenerated kernel key: 0396117d6c87ba720107290e7a8ca80d5db3228b'
[  +0.000885] zswap: loaded using pool lz4/z3fold
[  +0.001523] Key type .fscrypt registered
[  +0.000001] Key type fscrypt-provisioning registered
[  +0.000026] AppArmor: AppArmor sha1 policy hashing enabled
[  +0.000074] integrity: Loading X.509 certificate: UEFI:db
[  +0.000168] integrity: Loaded X.509 cert 'ASUSTeK MotherBoard SW Key Certificate: da83b990422ebc8c441f8d8b039a65a2'
[  +0.000001] integrity: Loading X.509 certificate: UEFI:db
[  +0.000085] integrity: Loaded X.509 cert 'ASUSTeK Notebook SW Key Certificate: b8e581e4df77a5bb4282d5ccfc00c071'
[  +0.000000] integrity: Loading X.509 certificate: UEFI:db
[  +0.000010] integrity: Loaded X.509 cert 'Microsoft Corporation UEFI CA 2011: 13adbf4309bd82709c8cd54f316ed522988a1bd4'
[  +0.000001] integrity: Loading X.509 certificate: UEFI:db
[  +0.000009] integrity: Loaded X.509 cert 'Microsoft Windows Production PCA 2011: a92902398e16c49778cd90f99e4f9ae17c55af53'
[  +0.000000] integrity: Loading X.509 certificate: UEFI:db
[  +0.000087] integrity: Loaded X.509 cert 'Canonical Ltd. Master Certificate Authority: ad91990bc22ab1f517048c23b6655a268e345a63'
[  +0.000448] PM:   Magic number: 3:730:745
[  +0.000152] RAS: Correctable Errors collector initialized.
[  +0.288845] ata1: SATA link down (SStatus 0 SControl 330)
[  +0.311989] ata2: SATA link down (SStatus 0 SControl 330)
[  +0.312209] ata3: SATA link down (SStatus 0 SControl 330)
[  +0.311735] ata4: SATA link down (SStatus 0 SControl 330)
[  +0.312101] ata5: SATA link down (SStatus 0 SControl 330)
[  +0.311954] ata6: SATA link down (SStatus 0 SControl 330)
[  +0.000993] Freeing unused decrypted memory: 2036K
[  +0.000421] Freeing unused kernel image (initmem) memory: 3444K
[  +0.000028] Write protecting the kernel read-only data: 32768k
[  +0.000353] Freeing unused kernel image (rodata/data gap) memory: 1916K
[  +0.021926] x86/mm: Checked W+X mappings: passed, no W+X pages found.
[  +0.000004] rodata_test: all tests were successful
[  +0.000003] x86/mm: Checking user space page tables
[  +0.020924] x86/mm: Checked W+X mappings: passed, no W+X pages found.
[  +0.000008] Run /init as init process
[  +0.000001]   with arguments:
[  +0.000001]     /init
[  +0.000001]   with environment:
[  +0.000001]     HOME=/
[  +0.000000]     TERM=linux
[  +0.000001]     BOOT_IMAGE=/vmlinuz-linux-zen
[  +0.000000]     pti=on
[  +0.000001]     mem_encrypt=on
[  +0.012334] fbcon: Taking over console
[  +0.000051] Console: switching to colour frame buffer device 240x67
[  +0.090560] xhci_hcd 0000:01:00.0: xHCI Host Controller
[  +0.000006] xhci_hcd 0000:01:00.0: new USB bus registered, assigned bus number 1
[  +0.008806] nvme 0000:08:00.0: platform quirk: setting simple suspend
[  +0.000045] nvme nvme0: pci function 0000:08:00.0
[  +0.005177] nvme nvme0: 7/0/0 default/read/poll queues
[  +0.001446]  nvme0n1: p1 p2 p3
[  +0.039851] xhci_hcd 0000:01:00.0: hcc params 0x0200ef81 hci version 0x110 quirks 0x0000000000000410
[  +0.000349] xhci_hcd 0000:01:00.0: xHCI Host Controller
[  +0.000002] xhci_hcd 0000:01:00.0: new USB bus registered, assigned bus number 2
[  +0.000002] xhci_hcd 0000:01:00.0: Host supports USB 3.1 Enhanced SuperSpeed
[  +0.000055] usb usb1: New USB device found, idVendor=1d6b, idProduct=0002, bcdDevice= 6.02
[  +0.000002] usb usb1: New USB device strings: Mfr=3, Product=2, SerialNumber=1
[  +0.000001] usb usb1: Product: xHCI Host Controller
[  +0.000000] usb usb1: Manufacturer: Linux 6.2.13-zen-1-zen xhci-hcd
[  +0.000001] usb usb1: SerialNumber: 0000:01:00.0
[  +0.000458] hub 1-0:1.0: USB hub found
[  +0.000012] hub 1-0:1.0: 10 ports detected
[  +0.006789] usb usb2: We don't know the algorithms for LPM for this host, disabling LPM.
[  +0.000013] usb usb2: New USB device found, idVendor=1d6b, idProduct=0003, bcdDevice= 6.02
[  +0.000001] usb usb2: New USB device strings: Mfr=3, Product=2, SerialNumber=1
[  +0.000001] usb usb2: Product: xHCI Host Controller
[  +0.000001] usb usb2: Manufacturer: Linux 6.2.13-zen-1-zen xhci-hcd
[  +0.000000] usb usb2: SerialNumber: 0000:01:00.0
[  +0.000099] hub 2-0:1.0: USB hub found
[  +0.000006] hub 2-0:1.0: 4 ports detected
[  +0.003190] xhci_hcd 0000:09:00.3: xHCI Host Controller
[  +0.000003] xhci_hcd 0000:09:00.3: new USB bus registered, assigned bus number 3
[  +0.000095] xhci_hcd 0000:09:00.3: hcc params 0x0268ffe5 hci version 0x110 quirks 0x0000020000000410
[  +0.000245] xhci_hcd 0000:09:00.3: xHCI Host Controller
[  +0.000001] xhci_hcd 0000:09:00.3: new USB bus registered, assigned bus number 4
[  +0.000002] xhci_hcd 0000:09:00.3: Host supports USB 3.1 Enhanced SuperSpeed
[  +0.000022] usb usb3: New USB device found, idVendor=1d6b, idProduct=0002, bcdDevice= 6.02
[  +0.000002] usb usb3: New USB device strings: Mfr=3, Product=2, SerialNumber=1
[  +0.000000] usb usb3: Product: xHCI Host Controller
[  +0.000001] usb usb3: Manufacturer: Linux 6.2.13-zen-1-zen xhci-hcd
[  +0.000001] usb usb3: SerialNumber: 0000:09:00.3
[  +0.000101] hub 3-0:1.0: USB hub found
[  +0.000005] hub 3-0:1.0: 4 ports detected
[  +0.000119] usb usb4: We don't know the algorithms for LPM for this host, disabling LPM.
[  +0.000012] usb usb4: New USB device found, idVendor=1d6b, idProduct=0003, bcdDevice= 6.02
[  +0.000001] usb usb4: New USB device strings: Mfr=3, Product=2, SerialNumber=1
[  +0.000000] usb usb4: Product: xHCI Host Controller
[  +0.000001] usb usb4: Manufacturer: Linux 6.2.13-zen-1-zen xhci-hcd
[  +0.000000] usb usb4: SerialNumber: 0000:09:00.3
[  +0.000071] hub 4-0:1.0: USB hub found
[  +0.000003] hub 4-0:1.0: 2 ports detected
[  +0.000112] xhci_hcd 0000:09:00.4: xHCI Host Controller
[  +0.000003] xhci_hcd 0000:09:00.4: new USB bus registered, assigned bus number 5
[  +0.000086] xhci_hcd 0000:09:00.4: hcc params 0x0268ffe5 hci version 0x110 quirks 0x0000020000000410
[  +0.000236] xhci_hcd 0000:09:00.4: xHCI Host Controller
[  +0.000001] xhci_hcd 0000:09:00.4: new USB bus registered, assigned bus number 6
[  +0.000001] xhci_hcd 0000:09:00.4: Host supports USB 3.1 Enhanced SuperSpeed
[  +0.000020] usb usb5: New USB device found, idVendor=1d6b, idProduct=0002, bcdDevice= 6.02
[  +0.000001] usb usb5: New USB device strings: Mfr=3, Product=2, SerialNumber=1
[  +0.000000] usb usb5: Product: xHCI Host Controller
[  +0.000001] usb usb5: Manufacturer: Linux 6.2.13-zen-1-zen xhci-hcd
[  +0.000000] usb usb5: SerialNumber: 0000:09:00.4
[  +0.000060] hub 5-0:1.0: USB hub found
[  +0.000005] hub 5-0:1.0: 4 ports detected
[  +0.000149] usb usb6: We don't know the algorithms for LPM for this host, disabling LPM.
[  +0.000011] usb usb6: New USB device found, idVendor=1d6b, idProduct=0003, bcdDevice= 6.02
[  +0.000001] usb usb6: New USB device strings: Mfr=3, Product=2, SerialNumber=1
[  +0.000001] usb usb6: Product: xHCI Host Controller
[  +0.000000] usb usb6: Manufacturer: Linux 6.2.13-zen-1-zen xhci-hcd
[  +0.000001] usb usb6: SerialNumber: 0000:09:00.4
[  +0.000076] hub 6-0:1.0: USB hub found
[  +0.000004] hub 6-0:1.0: 2 ports detected
[  +0.235983] usb 3-1: new low-speed USB device number 2 using xhci_hcd
[  +0.062001] usb 1-6: new full-speed USB device number 2 using xhci_hcd
[  +0.085064] usb 3-1: New USB device found, idVendor=09da, idProduct=2268, bcdDevice= 1.04
[  +0.000003] usb 3-1: New USB device strings: Mfr=1, Product=2, SerialNumber=0
[  +0.000002] usb 3-1: Product: USB Keyboard
[  +0.000000] usb 3-1: Manufacturer: SONiX
[  +0.138924] usb 3-2: new low-speed USB device number 3 using xhci_hcd
[  +0.134243] usb 1-6: config 1 has an invalid interface number: 2 but max is 1
[  +0.000002] usb 1-6: config 1 has no interface number 1
[  +0.009243] usb 3-2: New USB device found, idVendor=1bcf, idProduct=0005, bcdDevice= 0.90
[  +0.000002] usb 3-2: New USB device strings: Mfr=0, Product=2, SerialNumber=0
[  +0.000002] usb 3-2: Product: USB Optical Mouse
[  +0.002700] usb 1-6: New USB device found, idVendor=0b05, idProduct=1939, bcdDevice= 1.00
[  +0.000003] usb 1-6: New USB device strings: Mfr=1, Product=2, SerialNumber=3
[  +0.000001] usb 1-6: Product: AURA LED Controller
[  +0.000001] usb 1-6: Manufacturer: AsusTek Computer Inc.
[  +0.000001] usb 1-6: SerialNumber: 9876543210
[  +0.182802] usb 1-7: new high-speed USB device number 3 using xhci_hcd
[  +0.098185] input: SONiX USB Keyboard as /devices/pci0000:00/0000:00:08.1/0000:09:00.3/usb3/3-1/3-1:1.0/0003:09DA:2268.0001/input/input2
[  +0.000313] [drm] amdgpu kernel modesetting enabled.
[  +0.006432] amdgpu: Virtual CRAT table created for CPU
[  +0.000016] amdgpu: Topology: Add CPU node
[  +0.000083] amdgpu 0000:09:00.0: enabling device (0006 -> 0007)
[  +0.000037] [drm] initializing kernel modesetting (RENOIR 0x1002:0x1638 0x1043:0x8809 0xC8).
[  +0.000006] [drm] register mmio base: 0xFCC00000
[  +0.000001] [drm] register mmio size: 524288
[  +0.000061] [drm] virtual display string:NULL, 0000:09:00.0:virtual_display:0, num_crtc:0
[  +0.001317] [drm] add ip block number 0 <soc15_common>
[  +0.000001] [drm] add ip block number 1 <gmc_v9_0>
[  +0.000000] [drm] add ip block number 2 <vega10_ih>
[  +0.000001] [drm] add ip block number 3 <psp>
[  +0.000001] [drm] add ip block number 4 <smu>
[  +0.000000] [drm] add ip block number 5 <dm>
[  +0.000001] [drm] add ip block number 6 <gfx_v9_0>
[  +0.000001] [drm] add ip block number 7 <sdma_v4_0>
[  +0.000001] [drm] add ip block number 8 <vcn_v2_0>
[  +0.000001] [drm] add ip block number 9 <jpeg_v2_0>
[  +0.000010] amdgpu 0000:09:00.0: amdgpu: Fetched VBIOS from VFCT
[  +0.000002] amdgpu: ATOM BIOS: 113-CEZANNE-018
[  +0.001866] [drm] VCN decode is enabled in VM mode
[  +0.000000] [drm] VCN encode is enabled in VM mode
[  +0.000001] [drm] JPEG decode is enabled in VM mode
[  +0.000090] Console: switching to colour dummy device 80x25
[  +0.000018] amdgpu 0000:09:00.0: vgaarb: deactivate vga console
[  +0.000001] amdgpu 0000:09:00.0: amdgpu: Trusted Memory Zone (TMZ) feature enabled
[  +0.000002] amdgpu 0000:09:00.0: amdgpu: PCIE atomic ops is not supported
[  +0.000004] amdgpu 0000:09:00.0: amdgpu: MODE2 reset
[  +0.000225] [drm] vm size is 262144 GB, 4 levels, block size is 9-bit, fragment size is 9-bit
[  +0.000005] amdgpu 0000:09:00.0: amdgpu: VRAM: 512M 0x000000F400000000 - 0x000000F41FFFFFFF (512M used)
[  +0.000001] amdgpu 0000:09:00.0: amdgpu: GART: 1024M 0x0000000000000000 - 0x000000003FFFFFFF
[  +0.000001] amdgpu 0000:09:00.0: amdgpu: AGP: 267419648M 0x000000F800000000 - 0x0000FFFFFFFFFFFF
[  +0.000004] [drm] Detected VRAM RAM=512M, BAR=512M
[  +0.000001] [drm] RAM width 128bits DDR4
[  +0.000044] [drm] amdgpu: 512M of VRAM memory ready
[  +0.000001] [drm] amdgpu: 7638M of GTT memory ready.
[  +0.000011] [drm] GART: num cpu pages 262144, num gpu pages 262144
[  +0.000138] [drm] PCIE GART of 1024M enabled.
[  +0.000002] [drm] PTB located at 0x000000F41FC00000
[  +0.005153] amdgpu 0000:09:00.0: amdgpu: PSP runtime database doesn't exist
[  +0.000001] amdgpu 0000:09:00.0: amdgpu: PSP runtime database doesn't exist
[  +0.004423] [drm] Loading DMUB firmware via PSP: version=0x01010024
[  +0.022436] [drm] Found VCN firmware Version ENC: 1.19 DEC: 5 VEP: 0 Revision: 0
[  +0.000006] amdgpu 0000:09:00.0: amdgpu: Will use PSP to load VCN firmware
[  +0.009680] hid-generic 0003:09DA:2268.0001: input,hidraw0: USB HID v1.11 Keyboard [SONiX USB Keyboard] on usb-0000:09:00.3-1/input0
[  +0.004675] input: SONiX USB Keyboard Consumer Control as /devices/pci0000:00/0000:00:08.1/0000:09:00.3/usb3/3-1/3-1:1.1/0003:09DA:2268.0002/input/input3
[  +0.051924] input: SONiX USB Keyboard System Control as /devices/pci0000:00/0000:00:08.1/0000:09:00.3/usb3/3-1/3-1:1.1/0003:09DA:2268.0002/input/input4
[  +0.000360] hid-generic 0003:09DA:2268.0002: input,hidraw1: USB HID v1.11 Device [SONiX USB Keyboard] on usb-0000:09:00.3-1/input1
[  +0.004919] usb 1-7: New USB device found, idVendor=05e3, idProduct=0608, bcdDevice=60.90
[  +0.000004] usb 1-7: New USB device strings: Mfr=0, Product=1, SerialNumber=0
[  +0.000001] usb 1-7: Product: USB2.0 Hub
[  +0.001728] hid-generic 0003:0B05:1939.0003: hiddev96,hidraw2: USB HID v1.11 Device [AsusTek Computer Inc. AURA LED Controller] on usb-0000:01:00.0-6/input2
[  +0.004944] input: USB Optical Mouse as /devices/pci0000:00/0000:00:08.1/0000:09:00.3/usb3/3-2/3-2:1.0/0003:1BCF:0005.0004/input/input5
[  +0.000147] hid-generic 0003:1BCF:0005.0004: input,hidraw3: USB HID v1.10 Mouse [USB Optical Mouse] on usb-0000:09:00.3-2/input0
[  +0.000027] usbcore: registered new interface driver usbhid
[  +0.000001] usbhid: USB HID core driver
[  +0.001131] hub 1-7:1.0: USB hub found
[  +0.003965] hub 1-7:1.0: 4 ports detected
[  +0.629611] [drm] reserve 0x400000 from 0xf41f800000 for PSP TMR
[  +0.085510] amdgpu 0000:09:00.0: amdgpu: RAS: optional ras ta ucode is not available
[  +0.011106] amdgpu 0000:09:00.0: amdgpu: RAP: optional rap ta ucode is not available
[  +0.000002] amdgpu 0000:09:00.0: amdgpu: SECUREDISPLAY: securedisplay ta ucode is not available
[  +0.000632] amdgpu 0000:09:00.0: amdgpu: SMU is initialized successfully!
[  +0.001117] [drm] Display Core initialized with v3.2.215!
[  +0.000551] [drm] DMUB hardware initialized: version=0x01010024
[  +0.050059] [drm] kiq ring mec 2 pipe 1 q 0
[  +0.003327] [drm] VCN decode and encode initialized successfully(under DPG Mode).
[  +0.000016] [drm] JPEG decode initialized successfully.
[  +0.001918] kfd kfd: amdgpu: Allocated 3969056 bytes on gart
[  +0.000065] amdgpu: sdma_bitmap: 3
[  +0.001005] memmap_init_zone_device initialised 131072 pages in 1ms
[  +0.000002] amdgpu: HMM registered 512MB device memory
[  +0.000019] amdgpu: SRAT table not found
[  +0.000000] amdgpu: Virtual CRAT table created for GPU
[  +0.000057] amdgpu: Topology: Add dGPU node [0x1638:0x1002]
[  +0.000001] kfd kfd: amdgpu: added device 1002:1638
[  +0.000019] amdgpu 0000:09:00.0: amdgpu: SE 1, SH per SE 1, CU per SH 8, active_cu_number 8
[  +0.000047] amdgpu 0000:09:00.0: amdgpu: ring gfx uses VM inv eng 0 on hub 0
[  +0.000001] amdgpu 0000:09:00.0: amdgpu: ring gfx_low uses VM inv eng 1 on hub 0
[  +0.000001] amdgpu 0000:09:00.0: amdgpu: ring gfx_high uses VM inv eng 4 on hub 0
[  +0.000001] amdgpu 0000:09:00.0: amdgpu: ring comp_1.0.0 uses VM inv eng 5 on hub 0
[  +0.000000] amdgpu 0000:09:00.0: amdgpu: ring comp_1.1.0 uses VM inv eng 6 on hub 0
[  +0.000001] amdgpu 0000:09:00.0: amdgpu: ring comp_1.2.0 uses VM inv eng 7 on hub 0
[  +0.000000] amdgpu 0000:09:00.0: amdgpu: ring comp_1.3.0 uses VM inv eng 8 on hub 0
[  +0.000001] amdgpu 0000:09:00.0: amdgpu: ring comp_1.0.1 uses VM inv eng 9 on hub 0
[  +0.000000] amdgpu 0000:09:00.0: amdgpu: ring comp_1.1.1 uses VM inv eng 10 on hub 0
[  +0.000001] amdgpu 0000:09:00.0: amdgpu: ring comp_1.2.1 uses VM inv eng 11 on hub 0
[  +0.000000] amdgpu 0000:09:00.0: amdgpu: ring comp_1.3.1 uses VM inv eng 12 on hub 0
[  +0.000001] amdgpu 0000:09:00.0: amdgpu: ring kiq_2.1.0 uses VM inv eng 13 on hub 0
[  +0.000000] amdgpu 0000:09:00.0: amdgpu: ring sdma0 uses VM inv eng 0 on hub 1
[  +0.000001] amdgpu 0000:09:00.0: amdgpu: ring vcn_dec uses VM inv eng 1 on hub 1
[  +0.000000] amdgpu 0000:09:00.0: amdgpu: ring vcn_enc0 uses VM inv eng 4 on hub 1
[  +0.000001] amdgpu 0000:09:00.0: amdgpu: ring vcn_enc1 uses VM inv eng 5 on hub 1
[  +0.000000] amdgpu 0000:09:00.0: amdgpu: ring jpeg_dec uses VM inv eng 6 on hub 1
[  +0.000712] [drm] Initialized amdgpu 3.49.0 20150101 for 0000:09:00.0 on minor 0
[  +0.005777] fbcon: amdgpudrmfb (fb0) is primary device
[  +0.000176] [drm] DSC precompute is not needed.
[  +0.075476] Console: switching to colour frame buffer device 240x67
[  +0.018293] amdgpu 0000:09:00.0: [drm] fb0: amdgpudrmfb frame buffer device
[  +2.008219] EXT4-fs (nvme0n1p3): mounted filesystem eb0f27d9-17de-4fe3-96d3-89bbde76f272 with ordered data mode. Quota mode: none.
[  +0.065032] systemd[1]: systemd 253.3-3-arch running in system mode (+PAM +AUDIT -SELINUX -APPARMOR -IMA +SMACK +SECCOMP +GCRYPT +GNUTLS +OPENSSL +ACL +BLKID +CURL +ELFUTILS +FIDO2 +IDN2 -IDN +IPTC +KMOD +LIBCRYPTSETUP +LIBFDISK +PCRE2 -PWQUALITY +P11KIT -QRENCODE +TPM2 +BZIP2 +LZ4 +XZ +ZLIB +ZSTD +BPF_FRAMEWORK +XKBCOMMON +UTMP -SYSVINIT default-hierarchy=unified)
[  +0.000007] systemd[1]: Detected architecture x86-64.
[  +0.000643] systemd[1]: Hostname set to <mksscryerpc>.
[  +0.247867] systemd[1]: bpf-lsm: LSM BPF program attached
[  +0.021592] systemd-fstab-generator[286]: Checking was requested for "/var", but it is not a device.
[  +0.040041] systemd[1]: Configuration file /usr/lib/systemd/system/haveged-service.service is marked world-inaccessible. This has no effect as configuration data is accessible via APIs without restrictions. Proceeding anyway.
[  +0.008492] systemd[1]: Queued start job for default target Graphical Interface.
[  +0.001492] systemd[1]: Created slice Slice /system/getty.
[  +0.000279] systemd[1]: Created slice Slice /system/modprobe.
[  +0.000228] systemd[1]: Created slice Slice /system/systemd-fsck.
[  +0.000213] systemd[1]: Created slice User and Session Slice.
[  +0.000092] systemd[1]: Started Dispatch Password Requests to Console Directory Watch.
[  +0.000083] systemd[1]: Started Forward Password Requests to Wall Directory Watch.
[  +0.000156] systemd[1]: Set up automount Arbitrary Executable File Formats File System Automount Point.
[  +0.000086] systemd[1]: Reached target Local Encrypted Volumes.
[  +0.000050] systemd[1]: Reached target Login Prompts.
[  +0.000045] systemd[1]: Reached target Local Integrity Protected Volumes.
[  +0.000052] systemd[1]: Reached target Path Units.
[  +0.000048] systemd[1]: Reached target Remote File Systems.
[  +0.000046] systemd[1]: Reached target Slice Units.
[  +0.000053] systemd[1]: Reached target Local Verity Protected Volumes.
[  +0.000086] systemd[1]: Listening on Device-mapper event daemon FIFOs.
[  +0.000118] systemd[1]: Listening on LVM2 poll daemon socket.
[  +0.000585] systemd[1]: Listening on Process Core Dump Socket.
[  +0.000131] systemd[1]: Listening on Journal Socket (/dev/log).
[  +0.000120] systemd[1]: Listening on Journal Socket.
[  +0.000256] systemd[1]: Listening on udev Control Socket.
[  +0.000117] systemd[1]: Listening on udev Kernel Socket.
[  +0.000628] systemd[1]: Mounting Huge Pages File System...
[  +0.000888] systemd[1]: Mounting POSIX Message Queue File System...
[  +0.000566] systemd[1]: Mounting Kernel Debug File System...
[  +0.000521] systemd[1]: Mounting Kernel Trace File System...
[  +0.000615] systemd[1]: Starting Create List of Static Device Nodes...
[  +0.000514] systemd[1]: Starting Monitoring of LVM2 mirrors, snapshots etc. using dmeventd or progress polling...
[  +0.000652] systemd[1]: Starting Load Kernel Module configfs...
[  +0.000588] systemd[1]: Starting Load Kernel Module dm_mod...
[  +0.000563] systemd[1]: Starting Load Kernel Module drm...
[  +0.000601] systemd[1]: Starting Load Kernel Module fuse...
[  +0.000560] systemd[1]: Starting Load Kernel Module loop...
[  +0.000086] systemd[1]: File System Check on Root Device was skipped because of an unmet condition check (ConditionPathIsReadWrite=!/).
[  +0.001096] systemd[1]: Starting Load Kernel Modules...
[  +0.000068] systemd[1]: TPM2 PCR Machine ID Measurement was skipped because of an unmet condition check (ConditionPathExists=/sys/firmware/efi/efivars/StubPcrKernelImage-4a67b082-0a4c-41cf-b6c7-440b29bb8c4f).
[  +0.000576] systemd[1]: Starting Remount Root and Kernel File Systems...
[  +0.000593] systemd[1]: Starting Coldplug All udev Devices...
[  +0.000997] systemd[1]: Mounted Huge Pages File System.
[  +0.000145] systemd[1]: Mounted POSIX Message Queue File System.
[  +0.000000] loop: module loaded
[  +0.000122] systemd[1]: Mounted Kernel Debug File System.
[  +0.000114] systemd[1]: Mounted Kernel Trace File System.
[  +0.000245] systemd[1]: Finished Create List of Static Device Nodes.
[  +0.001745] systemd[1]: modprobe@configfs.service: Deactivated successfully.
[  +0.000149] systemd[1]: Finished Load Kernel Module configfs.
[  +0.000263] systemd[1]: modprobe@drm.service: Deactivated successfully.
[  +0.000170] systemd[1]: Finished Load Kernel Module drm.
[  +0.000172] EXT4-fs (nvme0n1p3): re-mounted eb0f27d9-17de-4fe3-96d3-89bbde76f272. Quota mode: none.
[  +0.000030] device-mapper: uevent: version 1.0.3
[  +0.000090] device-mapper: ioctl: 4.47.0-ioctl (2022-07-28) initialised: dm-devel@redhat.com
[  +0.000434] systemd[1]: modprobe@loop.service: Deactivated successfully.
[  +0.000148] systemd[1]: Finished Load Kernel Module loop.
[  +0.000244] systemd[1]: modprobe@dm_mod.service: Deactivated successfully.
[  +0.000131] systemd[1]: Finished Load Kernel Module dm_mod.
[  +0.000273] systemd[1]: Finished Remount Root and Kernel File Systems.
[  +0.000164] fuse: init (API version 7.38)
[  +0.000784] systemd[1]: Mounting Kernel Configuration File System...
[  +0.000070] systemd[1]: First Boot Wizard was skipped because of an unmet condition check (ConditionFirstBoot=yes).
[  +0.000330] systemd[1]: Rebuild Hardware Database was skipped because no trigger condition checks were met.
[  +0.000154] systemd[1]: Repartition Root Disk was skipped because no trigger condition checks were met.
[  +0.000577] systemd[1]: Starting Create System Users...
[  +0.000345] systemd[1]: modprobe@fuse.service: Deactivated successfully.
[  +0.000156] systemd[1]: Finished Load Kernel Module fuse.
[  +0.000282] systemd[1]: Finished Load Kernel Modules.
[  +0.001376] systemd[1]: Mounted Kernel Configuration File System.
[  +0.001424] systemd[1]: Mounting FUSE Control File System...
[  +0.001439] systemd[1]: Starting Apply Kernel Variables...
[  +0.001359] systemd[1]: Mounted FUSE Control File System.
[  +0.007575] systemd[1]: Finished Apply Kernel Variables.
[  +0.004630] systemd[1]: Finished Create System Users.
[  +0.001513] systemd[1]: Starting Create Static Device Nodes in /dev...
[  +0.016489] systemd[1]: Finished Monitoring of LVM2 mirrors, snapshots etc. using dmeventd or progress polling.
[  +0.007480] systemd[1]: Finished Create Static Device Nodes in /dev.
[  +0.001016] systemd[1]: Reached target Preparation for Local File Systems.
[  +0.002004] systemd[1]: Started Entropy Daemon based on the HAVEGE algorithm.
[  +0.002151] systemd[1]: Starting Journal Service...
[  +0.001569] systemd[1]: Starting Rule-based Manager for Device Events and Files...
[  +0.005580] systemd-journald[321]: Collecting audit messages is disabled.
[  +0.024019] systemd[1]: Started Rule-based Manager for Device Events and Files.
[  +0.014267] systemd[1]: Finished Coldplug All udev Devices.
[  +0.021246] systemd[1]: Found device THNSN5512GPU7 NVMe TOSHIBA 512GB 1.
[  +0.001985] systemd[1]: Starting File System Check on /dev/nvme0n1p1...
[  +0.005033] systemd[1]: Found device THNSN5512GPU7 NVMe TOSHIBA 512GB 2.
[  +0.002016] systemd[1]: Activating swap Swap Partition...
[  +0.005633] Adding 16777212k swap on /dev/nvme0n1p2.  Priority:-2 extents:1 across:16777212k SSFS
[  +0.003430] systemd[1]: Activated swap Swap Partition.
[  +0.001124] systemd[1]: Started Journal Service.
[  +0.038761] ccp 0000:09:00.2: enabling device (0000 -> 0002)
[  +0.000142] ccp 0000:09:00.2: ccp: unable to access the device: you might be running a broken BIOS.
[  +0.006033] piix4_smbus 0000:00:14.0: SMBus Host Controller at 0xb00, revision 0
[  +0.000003] piix4_smbus 0000:00:14.0: Using register 0x02 for SMBus port selection
[  +0.000050] piix4_smbus 0000:00:14.0: Auxiliary SMBus Host Controller at 0xb20
[  +0.004063] ccp 0000:09:00.2: tee enabled
[  +0.000003] ccp 0000:09:00.2: psp enabled
[  +0.001202] sp5100_tco: SP5100/SB800 TCO WatchDog Timer Driver
[  +0.000064] sp5100-tco sp5100-tco: Using 0xfeb00000 for watchdog MMIO address
[  +0.000069] sp5100-tco sp5100-tco: initialized. heartbeat=60 sec (nowayout=0)
[  +0.015815] exar_serial 0000:06:00.0: enabling device (0000 -> 0002)
[  +0.002247] 0000:06:00.0: ttyS4 at MMIO 0xfcd00000 (irq = 75, base_baud = 7812500) is a XR17V35X
[  +0.001986] 0000:06:00.0: ttyS5 at MMIO 0xfcd00400 (irq = 75, base_baud = 7812500) is a XR17V35X
[  +0.027192] r8169 0000:05:00.0: enabling device (0000 -> 0003)
[  +0.006461] RAPL PMU: API unit is 2^-32 Joules, 1 fixed counters, 163840 ms ovfl timer
[  +0.000001] RAPL PMU: hw unit of domain package 2^-16 Joules
[  +0.002782] snd_hda_intel 0000:09:00.1: enabling device (0000 -> 0002)
[  +0.000060] snd_hda_intel 0000:09:00.1: Handle vga_switcheroo audio client
[  +0.000104] snd_hda_intel 0000:09:00.6: enabling device (0000 -> 0002)
[  +0.001502] cryptd: max_cpu_qlen set to 1000
[  +0.013281] AVX2 version of gcm_enc/dec engaged.
[  +0.000071] AES CTR mode by8 optimization enabled
[  +0.004767] r8169 0000:05:00.0 eth0: RTL8168e/8111e, 08:be:ac:22:a2:76, XID 2c2, IRQ 76
[  +0.000004] r8169 0000:05:00.0 eth0: jumbo features [frames: 9194 bytes, tx checksumming: ko]
[  +0.006541] snd_hda_intel 0000:09:00.1: bound 0000:09:00.0 (ops amdgpu_dm_audio_component_bind_ops [amdgpu])
[  +0.004997] asus_wmi: ASUS WMI generic driver loaded
[  +0.005177] input: HD-Audio Generic HDMI/DP,pcm=3 as /devices/pci0000:00/0000:00:08.1/0000:09:00.1/sound/card0/input6
[  +0.000837] input: HD-Audio Generic HDMI/DP,pcm=7 as /devices/pci0000:00/0000:00:08.1/0000:09:00.1/sound/card0/input7
[  +0.005336] asus_wmi: Initialization: 0x0
[  +0.000033] asus_wmi: BIOS WMI version: 0.9
[  +0.000124] asus_wmi: SFUN value: 0x0
[  +0.000002] eeepc-wmi eeepc-wmi: Detected ASUSWMI, use DCTS
[  +0.002577] snd_hda_codec_realtek hdaudioC1D0: autoconfig for ALC1220: line_outs=3 (0x14/0x15/0x16/0x0/0x0) type:line
[  +0.000002] snd_hda_codec_realtek hdaudioC1D0:    speaker_outs=0 (0x0/0x0/0x0/0x0/0x0)
[  +0.000002] snd_hda_codec_realtek hdaudioC1D0:    hp_outs=1 (0x1b/0x0/0x0/0x0/0x0)
[  +0.000001] snd_hda_codec_realtek hdaudioC1D0:    mono: mono_out=0x0
[  +0.000000] snd_hda_codec_realtek hdaudioC1D0:    dig-out=0x1e/0x0
[  +0.000001] snd_hda_codec_realtek hdaudioC1D0:    inputs:
[  +0.000000] snd_hda_codec_realtek hdaudioC1D0:      Front Mic=0x19
[  +0.000001] snd_hda_codec_realtek hdaudioC1D0:      Rear Mic=0x18
[  +0.000001] snd_hda_codec_realtek hdaudioC1D0:      Line=0x1a
[  +0.006811] input: Eee PC WMI hotkeys as /devices/platform/eeepc-wmi/input/input8
[  +0.002845] MCE: In-kernel MCE decoding enabled.
[  +0.027171] intel_rapl_common: Found RAPL domain package
[  +0.000002] intel_rapl_common: Found RAPL domain core
[  +0.000546] input: HD-Audio Generic Front Mic as /devices/pci0000:00/0000:00:08.1/0000:09:00.6/sound/card1/input9
[  +0.000683] input: HD-Audio Generic Rear Mic as /devices/pci0000:00/0000:00:08.1/0000:09:00.6/sound/card1/input10
[  +0.002016] r8169 0000:05:00.0 enp5s0: renamed from eth0
[  +0.000671] input: HD-Audio Generic Line as /devices/pci0000:00/0000:00:08.1/0000:09:00.6/sound/card1/input11
[  +0.000063] input: HD-Audio Generic Line Out Front as /devices/pci0000:00/0000:00:08.1/0000:09:00.6/sound/card1/input12
[  +0.000045] input: HD-Audio Generic Line Out Surround as /devices/pci0000:00/0000:00:08.1/0000:09:00.6/sound/card1/input13
[  +0.000058] input: HD-Audio Generic Line Out CLFE as /devices/pci0000:00/0000:00:08.1/0000:09:00.6/sound/card1/input14
[  +0.000043] input: HD-Audio Generic Front Headphone as /devices/pci0000:00/0000:00:08.1/0000:09:00.6/sound/card1/input15
[  +0.684972] systemd-journald[321]: Received client request to flush runtime journal.
[  +0.029395] systemd-journald[321]: /var/log/journal/4363d246c0344e6187bbf7e9048cd6bf/system.journal: Monotonic clock jumped backwards relative to last journal entry, rotating.
[  +0.000007] systemd-journald[321]: Rotating system journal.
[  +0.270864] mousedev: PS/2 mouse device common for all mice
[  +0.462132] xt_connbytes: Forcing CT accounting to be enabled
[  +0.143080] RTL8211DN Gigabit Ethernet r8169-0-500:00: attached PHY driver (mii_bus:phy_addr=r8169-0-500:00, irq=MAC)
[  +0.231653] r8169 0000:05:00.0 enp5s0: Link is Down
[  +6.186847] systemd-journald[321]: /var/log/journal/4363d246c0344e6187bbf7e9048cd6bf/user-1000.journal: Monotonic clock jumped backwards relative to last journal entry, rotating.
[Apr30 20:46] r8169 0000:05:00.0 enp5s0: Link is Up - 1Gbps/Full - flow control rx/tx
[  +0.000016] IPv6: ADDRCONF(NETDEV_CHANGE): enp5s0: link becomes ready
[  +0.002868] r8169 0000:05:00.0 enp5s0: Link is Up - 1Gbps/Full - flow control rx/tx
[  +2.143223] r8169 0000:05:00.0 enp5s0: Link is Down
[  +4.956678] r8169 0000:05:00.0 enp5s0: Link is Up - 1Gbps/Full - flow control off
[Apr30 20:48] systemd-fstab-generator[3502]: Checking was requested for "/var", but it is not a device.
[Apr30 21:54] Iptables: v4Deny: IN= OUT=enp5s0 SRC=192.168.0.240 DST=192.168.0.255 LEN=193 TOS=0x00 PREC=0x00 TTL=64 ID=36816 DF PROTO=UDP SPT=27036 DPT=27036 LEN=173 
[  +0.000088] Iptables: v4Deny: IN= OUT=enp5s0 SRC=192.168.0.240 DST=192.168.0.255 LEN=69 TOS=0x00 PREC=0x00 TTL=64 ID=36817 DF PROTO=UDP SPT=27036 DPT=27036 LEN=49 
[  +2.031960] Iptables: v4Deny: IN= OUT=enp5s0 SRC=192.168.0.240 DST=192.168.0.255 LEN=193 TOS=0x00 PREC=0x00 TTL=64 ID=37726 DF PROTO=UDP SPT=27036 DPT=27036 LEN=173 
[  +0.000065] Iptables: v4Deny: IN= OUT=enp5s0 SRC=192.168.0.240 DST=192.168.0.255 LEN=69 TOS=0x00 PREC=0x00 TTL=64 ID=37727 DF PROTO=UDP SPT=27036 DPT=27036 LEN=49 
[  +7.021620] Iptables: v4Deny: IN= OUT=enp5s0 SRC=192.168.0.240 DST=192.168.0.255 LEN=69 TOS=0x00 PREC=0x00 TTL=64 ID=44481 DF PROTO=UDP SPT=27036 DPT=27036 LEN=49 
[ +13.013550] Iptables: v4Deny: IN= OUT=enp5s0 SRC=192.168.0.240 DST=192.168.0.255 LEN=193 TOS=0x00 PREC=0x00 TTL=64 ID=48642 DF PROTO=UDP SPT=27036 DPT=27036 LEN=173 
[Apr30 21:56] Iptables: v4Reject: IN=enp5s0 OUT= MAC=08:be:ac:22:a2:76:84:d8:1b:8a:31:73:08:00 SRC=18.66.224.52 DST=192.168.0.240 LEN=5764 TOS=0x00 PREC=0x00 TTL=246 ID=7904 PROTO=TCP SPT=443 DPT=36706 WINDOW=191 RES=0x00 ACK URGP=0 
[  +0.003046] Iptables: v4Reject: IN=enp5s0 OUT= MAC=08:be:ac:22:a2:76:84:d8:1b:8a:31:73:08:00 SRC=18.66.224.52 DST=192.168.0.240 LEN=7192 TOS=0x00 PREC=0x00 TTL=246 ID=7934 PROTO=TCP SPT=443 DPT=36706 WINDOW=191 RES=0x00 ACK URGP=0 
[  +0.001174] Iptables: v4Reject: IN=enp5s0 OUT= MAC=08:be:ac:22:a2:76:84:d8:1b:8a:31:73:08:00 SRC=18.66.224.52 DST=192.168.0.240 LEN=4336 TOS=0x00 PREC=0x00 TTL=246 ID=7948 PROTO=TCP SPT=443 DPT=36706 WINDOW=191 RES=0x00 ACK URGP=0 
[  +0.004298] Iptables: v4Reject: IN=enp5s0 OUT= MAC=08:be:ac:22:a2:76:84:d8:1b:8a:31:73:08:00 SRC=18.66.224.52 DST=192.168.0.240 LEN=7192 TOS=0x00 PREC=0x00 TTL=246 ID=7979 PROTO=TCP SPT=443 DPT=36706 WINDOW=191 RES=0x00 ACK URGP=0 
[  +0.000583] Iptables: v4Reject: IN=enp5s0 OUT= MAC=08:be:ac:22:a2:76:84:d8:1b:8a:31:73:08:00 SRC=18.66.224.52 DST=192.168.0.240 LEN=2908 TOS=0x00 PREC=0x00 TTL=246 ID=8000 PROTO=TCP SPT=443 DPT=36706 WINDOW=191 RES=0x00 ACK URGP=0 
[  +0.001621] Iptables: v4Reject: IN=enp5s0 OUT= MAC=08:be:ac:22:a2:76:84:d8:1b:8a:31:73:08:00 SRC=18.66.224.52 DST=192.168.0.240 LEN=7192 TOS=0x00 PREC=0x00 TTL=246 ID=8011 PROTO=TCP SPT=443 DPT=36706 WINDOW=191 RES=0x00 ACK URGP=0 
[  +3.527792] Iptables: v4Reject: IN=enp5s0 OUT= MAC=08:be:ac:22:a2:76:84:d8:1b:8a:31:73:08:00 SRC=18.244.102.121 DST=192.168.0.240 LEN=2908 TOS=0x00 PREC=0x00 TTL=246 ID=19814 PROTO=TCP SPT=443 DPT=55976 WINDOW=157 RES=0x00 ACK URGP=0 
[  +0.985415] Iptables: v4Reject: IN=enp5s0 OUT= MAC=08:be:ac:22:a2:76:84:d8:1b:8a:31:73:08:00 SRC=108.138.44.49 DST=192.168.0.240 LEN=2908 TOS=0x00 PREC=0x00 TTL=246 ID=57662 PROTO=TCP SPT=443 DPT=59682 WINDOW=168 RES=0x00 ACK URGP=0 
[  +0.005501] Iptables: v4Reject: IN=enp5s0 OUT= MAC=08:be:ac:22:a2:76:84:d8:1b:8a:31:73:08:00 SRC=108.138.44.49 DST=192.168.0.240 LEN=2908 TOS=0x00 PREC=0x00 TTL=246 ID=57677 PROTO=TCP SPT=443 DPT=59682 WINDOW=168 RES=0x00 ACK URGP=0 
[  +0.001373] Iptables: v4Reject: IN=enp5s0 OUT= MAC=08:be:ac:22:a2:76:84:d8:1b:8a:31:73:08:00 SRC=108.138.44.49 DST=192.168.0.240 LEN=2908 TOS=0x00 PREC=0x00 TTL=246 ID=57680 PROTO=TCP SPT=443 DPT=59682 WINDOW=168 RES=0x00 ACK URGP=0 
[  +0.010061] Iptables: v4Reject: IN=enp5s0 OUT= MAC=08:be:ac:22:a2:76:84:d8:1b:8a:31:73:08:00 SRC=108.138.44.49 DST=192.168.0.240 LEN=2908 TOS=0x00 PREC=0x00 TTL=246 ID=57713 PROTO=TCP SPT=443 DPT=59682 WINDOW=168 RES=0x00 ACK URGP=0 
[  +0.000390] Iptables: v4Reject: IN=enp5s0 OUT= MAC=08:be:ac:22:a2:76:84:d8:1b:8a:31:73:08:00 SRC=108.138.44.49 DST=192.168.0.240 LEN=2908 TOS=0x00 PREC=0x00 TTL=246 ID=57716 PROTO=TCP SPT=443 DPT=59682 WINDOW=168 RES=0x00 ACK URGP=0 
[  +0.000886] Iptables: v4Reject: IN=enp5s0 OUT= MAC=08:be:ac:22:a2:76:84:d8:1b:8a:31:73:08:00 SRC=108.138.44.49 DST=192.168.0.240 LEN=2908 TOS=0x00 PREC=0x00 TTL=246 ID=57719 PROTO=TCP SPT=443 DPT=59682 WINDOW=168 RES=0x00 ACK URGP=0 
[  +0.001760] Iptables: v4Reject: IN=enp5s0 OUT= MAC=08:be:ac:22:a2:76:84:d8:1b:8a:31:73:08:00 SRC=108.138.44.49 DST=192.168.0.240 LEN=2908 TOS=0x00 PREC=0x00 TTL=246 ID=57725 PROTO=TCP SPT=443 DPT=59682 WINDOW=168 RES=0x00 ACK URGP=0 
[  +0.000699] Iptables: v4Reject: IN=enp5s0 OUT= MAC=08:be:ac:22:a2:76:84:d8:1b:8a:31:73:08:00 SRC=108.138.44.49 DST=192.168.0.240 LEN=2908 TOS=0x00 PREC=0x00 TTL=246 ID=57728 PROTO=TCP SPT=443 DPT=59682 WINDOW=168 RES=0x00 ACK URGP=0 
[  +0.256106] Iptables: v4Reject: IN=enp5s0 OUT= MAC=08:be:ac:22:a2:76:84:d8:1b:8a:31:73:08:00 SRC=108.138.44.49 DST=192.168.0.240 LEN=2908 TOS=0x00 PREC=0x00 TTL=246 ID=58267 PROTO=TCP SPT=443 DPT=59682 WINDOW=168 RES=0x00 ACK URGP=0 
[  +0.015702] Iptables: v4Reject: IN=enp5s0 OUT= MAC=08:be:ac:22:a2:76:84:d8:1b:8a:31:73:08:00 SRC=108.138.44.49 DST=192.168.0.240 LEN=2908 TOS=0x00 PREC=0x00 TTL=246 ID=58299 PROTO=TCP SPT=443 DPT=59682 WINDOW=168 RES=0x00 ACK URGP=0 
[  +0.001073] Iptables: v4Reject: IN=enp5s0 OUT= MAC=08:be:ac:22:a2:76:84:d8:1b:8a:31:73:08:00 SRC=108.138.44.49 DST=192.168.0.240 LEN=2908 TOS=0x00 PREC=0x00 TTL=246 ID=58302 PROTO=TCP SPT=443 DPT=59682 WINDOW=168 RES=0x00 ACK URGP=0 
[  +0.003719] Iptables: v4Reject: IN=enp5s0 OUT= MAC=08:be:ac:22:a2:76:84:d8:1b:8a:31:73:08:00 SRC=108.138.44.49 DST=192.168.0.240 LEN=2908 TOS=0x00 PREC=0x00 TTL=246 ID=58308 PROTO=TCP SPT=443 DPT=59682 WINDOW=168 RES=0x00 ACK URGP=0 
[  +0.001331] Iptables: v4Reject: IN=enp5s0 OUT= MAC=08:be:ac:22:a2:76:84:d8:1b:8a:31:73:08:00 SRC=108.138.44.49 DST=192.168.0.240 LEN=2908 TOS=0x00 PREC=0x00 TTL=246 ID=58312 PROTO=TCP SPT=443 DPT=59682 WINDOW=168 RES=0x00 ACK URGP=0 
[  +0.003080] Iptables: v4Reject: IN=enp5s0 OUT= MAC=08:be:ac:22:a2:76:84:d8:1b:8a:31:73:08:00 SRC=108.138.44.49 DST=192.168.0.240 LEN=2908 TOS=0x00 PREC=0x00 TTL=246 ID=58318 PROTO=TCP SPT=443 DPT=59682 WINDOW=168 RES=0x00 ACK URGP=0 
[  +0.391521] Iptables: v4Reject: IN=enp5s0 OUT= MAC=08:be:ac:22:a2:76:84:d8:1b:8a:31:73:08:00 SRC=108.138.44.49 DST=192.168.0.240 LEN=2908 TOS=0x00 PREC=0x00 TTL=246 ID=17161 PROTO=TCP SPT=443 DPT=45110 WINDOW=200 RES=0x00 ACK URGP=0 
[  +0.002472] Iptables: v4Reject: IN=enp5s0 OUT= MAC=08:be:ac:22:a2:76:84:d8:1b:8a:31:73:08:00 SRC=108.138.44.49 DST=192.168.0.240 LEN=2908 TOS=0x00 PREC=0x00 TTL=246 ID=17169 PROTO=TCP SPT=443 DPT=45110 WINDOW=200 RES=0x00 ACK URGP=0 
[  +0.000922] Iptables: v4Reject: IN=enp5s0 OUT= MAC=08:be:ac:22:a2:76:84:d8:1b:8a:31:73:08:00 SRC=108.138.44.49 DST=192.168.0.240 LEN=4336 TOS=0x00 PREC=0x00 TTL=246 ID=17172 PROTO=TCP SPT=443 DPT=45110 WINDOW=200 RES=0x00 ACK URGP=0 
[  +0.002148] Iptables: v4Reject: IN=enp5s0 OUT= MAC=08:be:ac:22:a2:76:84:d8:1b:8a:31:73:08:00 SRC=108.138.44.49 DST=192.168.0.240 LEN=2908 TOS=0x00 PREC=0x00 TTL=246 ID=17181 PROTO=TCP SPT=443 DPT=45110 WINDOW=200 RES=0x00 ACK URGP=0 
[  +0.008069] Iptables: v4Reject: IN=enp5s0 OUT= MAC=08:be:ac:22:a2:76:84:d8:1b:8a:31:73:08:00 SRC=108.138.44.49 DST=192.168.0.240 LEN=4336 TOS=0x00 PREC=0x00 TTL=246 ID=17197 PROTO=TCP SPT=443 DPT=45110 WINDOW=200 RES=0x00 ACK URGP=0 
[  +0.000645] Iptables: v4Reject: IN=enp5s0 OUT= MAC=08:be:ac:22:a2:76:84:d8:1b:8a:31:73:08:00 SRC=108.138.44.49 DST=192.168.0.240 LEN=4336 TOS=0x00 PREC=0x00 TTL=246 ID=17201 PROTO=TCP SPT=443 DPT=45110 WINDOW=200 RES=0x00 ACK URGP=0 
[  +0.000231] Iptables: v4Reject: IN=enp5s0 OUT= MAC=08:be:ac:22:a2:76:84:d8:1b:8a:31:73:08:00 SRC=108.138.44.49 DST=192.168.0.240 LEN=2908 TOS=0x00 PREC=0x00 TTL=246 ID=17206 PROTO=TCP SPT=443 DPT=45110 WINDOW=200 RES=0x00 ACK URGP=0 
[  +0.002353] Iptables: v4Reject: IN=enp5s0 OUT= MAC=08:be:ac:22:a2:76:84:d8:1b:8a:31:73:08:00 SRC=108.138.44.49 DST=192.168.0.240 LEN=2908 TOS=0x00 PREC=0x00 TTL=246 ID=17218 PROTO=TCP SPT=443 DPT=45110 WINDOW=200 RES=0x00 ACK URGP=0 
[  +0.000550] Iptables: v4Reject: IN=enp5s0 OUT= MAC=08:be:ac:22:a2:76:84:d8:1b:8a:31:73:08:00 SRC=108.138.44.49 DST=192.168.0.240 LEN=2908 TOS=0x00 PREC=0x00 TTL=246 ID=17222 PROTO=TCP SPT=443 DPT=45110 WINDOW=200 RES=0x00 ACK URGP=0 
[  +0.001482] Iptables: v4Reject: IN=enp5s0 OUT= MAC=08:be:ac:22:a2:76:84:d8:1b:8a:31:73:08:00 SRC=108.138.44.49 DST=192.168.0.240 LEN=4336 TOS=0x00 PREC=0x00 TTL=246 ID=17225 PROTO=TCP SPT=443 DPT=45110 WINDOW=200 RES=0x00 ACK URGP=0 
[  +0.002326] Iptables: v4Reject: IN=enp5s0 OUT= MAC=08:be:ac:22:a2:76:84:d8:1b:8a:31:73:08:00 SRC=108.138.44.49 DST=192.168.0.240 LEN=2908 TOS=0x00 PREC=0x00 TTL=246 ID=17235 PROTO=TCP SPT=443 DPT=45110 WINDOW=200 RES=0x00 ACK URGP=0 
[  +0.001706] Iptables: v4Reject: IN=enp5s0 OUT= MAC=08:be:ac:22:a2:76:84:d8:1b:8a:31:73:08:00 SRC=108.138.44.49 DST=192.168.0.240 LEN=4336 TOS=0x00 PREC=0x00 TTL=246 ID=17238 PROTO=TCP SPT=443 DPT=45110 WINDOW=200 RES=0x00 ACK URGP=0 
[  +0.000474] Iptables: v4Reject: IN=enp5s0 OUT= MAC=08:be:ac:22:a2:76:84:d8:1b:8a:31:73:08:00 SRC=108.138.44.49 DST=192.168.0.240 LEN=2908 TOS=0x00 PREC=0x00 TTL=246 ID=17243 PROTO=TCP SPT=443 DPT=45110 WINDOW=200 RES=0x00 ACK URGP=0 
[  +0.001384] Iptables: v4Reject: IN=enp5s0 OUT= MAC=08:be:ac:22:a2:76:84:d8:1b:8a:31:73:08:00 SRC=108.138.44.49 DST=192.168.0.240 LEN=2908 TOS=0x00 PREC=0x00 TTL=246 ID=17246 PROTO=TCP SPT=443 DPT=45110 WINDOW=200 RES=0x00 ACK URGP=0 
[  +0.001680] Iptables: v4Reject: IN=enp5s0 OUT= MAC=08:be:ac:22:a2:76:84:d8:1b:8a:31:73:08:00 SRC=108.138.44.49 DST=192.168.0.240 LEN=2908 TOS=0x00 PREC=0x00 TTL=246 ID=17255 PROTO=TCP SPT=443 DPT=45110 WINDOW=200 RES=0x00 ACK URGP=0 
[  +0.207165] Iptables: v4Reject: IN=enp5s0 OUT= MAC=08:be:ac:22:a2:76:84:d8:1b:8a:31:73:08:00 SRC=108.138.44.49 DST=192.168.0.240 LEN=2908 TOS=0x00 PREC=0x00 TTL=246 ID=17778 PROTO=TCP SPT=443 DPT=45110 WINDOW=200 RES=0x00 ACK URGP=0 
[  +0.004556] Iptables: v4Reject: IN=enp5s0 OUT= MAC=08:be:ac:22:a2:76:84:d8:1b:8a:31:73:08:00 SRC=108.138.44.49 DST=192.168.0.240 LEN=2908 TOS=0x00 PREC=0x00 TTL=246 ID=17787 PROTO=TCP SPT=443 DPT=45110 WINDOW=200 RES=0x00 ACK URGP=0 
[  +0.001460] Iptables: v4Reject: IN=enp5s0 OUT= MAC=08:be:ac:22:a2:76:84:d8:1b:8a:31:73:08:00 SRC=108.138.44.49 DST=192.168.0.240 LEN=2908 TOS=0x00 PREC=0x00 TTL=246 ID=17793 PROTO=TCP SPT=443 DPT=45110 WINDOW=200 RES=0x00 ACK URGP=0 
[  +0.010710] Iptables: v4Reject: IN=enp5s0 OUT= MAC=08:be:ac:22:a2:76:84:d8:1b:8a:31:73:08:00 SRC=108.138.44.49 DST=192.168.0.240 LEN=2908 TOS=0x00 PREC=0x00 TTL=246 ID=17820 PROTO=TCP SPT=443 DPT=45110 WINDOW=200 RES=0x00 ACK URGP=0 
[  +0.002919] Iptables: v4Reject: IN=enp5s0 OUT= MAC=08:be:ac:22:a2:76:84:d8:1b:8a:31:73:08:00 SRC=108.138.44.49 DST=192.168.0.240 LEN=2908 TOS=0x00 PREC=0x00 TTL=246 ID=17826 PROTO=TCP SPT=443 DPT=45110 WINDOW=200 RES=0x00 ACK URGP=0 
[  +0.001099] Iptables: v4Reject: IN=enp5s0 OUT= MAC=08:be:ac:22:a2:76:84:d8:1b:8a:31:73:08:00 SRC=108.138.44.49 DST=192.168.0.240 LEN=2908 TOS=0x00 PREC=0x00 TTL=246 ID=17829 PROTO=TCP SPT=443 DPT=45110 WINDOW=200 RES=0x00 ACK URGP=0 
[  +0.002358] Iptables: v4Reject: IN=enp5s0 OUT= MAC=08:be:ac:22:a2:76:84:d8:1b:8a:31:73:08:00 SRC=108.138.44.49 DST=192.168.0.240 LEN=2908 TOS=0x00 PREC=0x00 TTL=246 ID=17832 PROTO=TCP SPT=443 DPT=45110 WINDOW=200 RES=0x00 ACK URGP=0 
[  +0.000806] Iptables: v4Reject: IN=enp5s0 OUT= MAC=08:be:ac:22:a2:76:84:d8:1b:8a:31:73:08:00 SRC=108.138.44.49 DST=192.168.0.240 LEN=2908 TOS=0x00 PREC=0x00 TTL=246 ID=17838 PROTO=TCP SPT=443 DPT=45110 WINDOW=200 RES=0x00 ACK URGP=0 
[  +0.000843] Iptables: v4Reject: IN=enp5s0 OUT= MAC=08:be:ac:22:a2:76:84:d8:1b:8a:31:73:08:00 SRC=108.138.44.49 DST=192.168.0.240 LEN=2908 TOS=0x00 PREC=0x00 TTL=246 ID=17841 PROTO=TCP SPT=443 DPT=45110 WINDOW=200 RES=0x00 ACK URGP=0 
[  +3.530945] Iptables: v4Reject: IN=enp5s0 OUT= MAC=08:be:ac:22:a2:76:84:d8:1b:8a:31:73:08:00 SRC=108.138.44.49 DST=192.168.0.240 LEN=2908 TOS=0x00 PREC=0x00 TTL=246 ID=48936 PROTO=TCP SPT=443 DPT=59698 WINDOW=172 RES=0x00 ACK URGP=0 
[  +0.003089] Iptables: v4Reject: IN=enp5s0 OUT= MAC=08:be:ac:22:a2:76:84:d8:1b:8a:31:73:08:00 SRC=108.138.44.49 DST=192.168.0.240 LEN=2908 TOS=0x00 PREC=0x00 TTL=246 ID=48945 PROTO=TCP SPT=443 DPT=59698 WINDOW=172 RES=0x00 ACK URGP=0 
[  +0.001578] Iptables: v4Reject: IN=enp5s0 OUT= MAC=08:be:ac:22:a2:76:84:d8:1b:8a:31:73:08:00 SRC=108.138.44.49 DST=192.168.0.240 LEN=2908 TOS=0x00 PREC=0x00 TTL=246 ID=48948 PROTO=TCP SPT=443 DPT=59698 WINDOW=172 RES=0x00 ACK URGP=0 
[  +0.001408] Iptables: v4Reject: IN=enp5s0 OUT= MAC=08:be:ac:22:a2:76:84:d8:1b:8a:31:73:08:00 SRC=108.138.44.49 DST=192.168.0.240 LEN=2908 TOS=0x00 PREC=0x00 TTL=246 ID=48951 PROTO=TCP SPT=443 DPT=59698 WINDOW=172 RES=0x00 ACK URGP=0 
[  +0.002886] Iptables: v4Reject: IN=enp5s0 OUT= MAC=08:be:ac:22:a2:76:84:d8:1b:8a:31:73:08:00 SRC=108.138.44.49 DST=192.168.0.240 LEN=2908 TOS=0x00 PREC=0x00 TTL=246 ID=48957 PROTO=TCP SPT=443 DPT=59698 WINDOW=172 RES=0x00 ACK URGP=0 
[  +0.001556] Iptables: v4Reject: IN=enp5s0 OUT= MAC=08:be:ac:22:a2:76:84:d8:1b:8a:31:73:08:00 SRC=108.138.44.49 DST=192.168.0.240 LEN=2908 TOS=0x00 PREC=0x00 TTL=246 ID=48961 PROTO=TCP SPT=443 DPT=59698 WINDOW=172 RES=0x00 ACK URGP=0 
[  +0.667649] Iptables: v4Reject: IN=enp5s0 OUT= MAC=08:be:ac:22:a2:76:84:d8:1b:8a:31:73:08:00 SRC=108.138.44.49 DST=192.168.0.240 LEN=2908 TOS=0x00 PREC=0x00 TTL=246 ID=39736 PROTO=TCP SPT=443 DPT=59670 WINDOW=212 RES=0x00 ACK URGP=0 
[  +0.010621] Iptables: v4Reject: IN=enp5s0 OUT= MAC=08:be:ac:22:a2:76:84:d8:1b:8a:31:73:08:00 SRC=108.138.44.49 DST=192.168.0.240 LEN=2908 TOS=0x00 PREC=0x00 TTL=246 ID=39761 PROTO=TCP SPT=443 DPT=59670 WINDOW=212 RES=0x00 ACK URGP=0 
[  +0.008178] Iptables: v4Reject: IN=enp5s0 OUT= MAC=08:be:ac:22:a2:76:84:d8:1b:8a:31:73:08:00 SRC=108.138.44.49 DST=192.168.0.240 LEN=2908 TOS=0x00 PREC=0x00 TTL=246 ID=39776 PROTO=TCP SPT=443 DPT=59670 WINDOW=212 RES=0x00 ACK URGP=0 
[  +0.854637] Iptables: v4Reject: IN=enp5s0 OUT= MAC=08:be:ac:22:a2:76:84:d8:1b:8a:31:73:08:00 SRC=108.138.44.49 DST=192.168.0.240 LEN=2908 TOS=0x00 PREC=0x00 TTL=246 ID=14167 PROTO=TCP SPT=443 DPT=59706 WINDOW=202 RES=0x00 ACK URGP=0 
[  +0.001368] Iptables: v4Reject: IN=enp5s0 OUT= MAC=08:be:ac:22:a2:76:84:d8:1b:8a:31:73:08:00 SRC=108.138.44.49 DST=192.168.0.240 LEN=2908 TOS=0x00 PREC=0x00 TTL=246 ID=14170 PROTO=TCP SPT=443 DPT=59706 WINDOW=202 RES=0x00 ACK URGP=0 
[  +0.002521] Iptables: v4Reject: IN=enp5s0 OUT= MAC=08:be:ac:22:a2:76:84:d8:1b:8a:31:73:08:00 SRC=108.138.44.49 DST=192.168.0.240 LEN=2908 TOS=0x00 PREC=0x00 TTL=246 ID=14176 PROTO=TCP SPT=443 DPT=59706 WINDOW=202 RES=0x00 ACK URGP=0 
[  +0.004076] Iptables: v4Reject: IN=enp5s0 OUT= MAC=08:be:ac:22:a2:76:84:d8:1b:8a:31:73:08:00 SRC=108.138.44.49 DST=192.168.0.240 LEN=2908 TOS=0x00 PREC=0x00 TTL=246 ID=14185 PROTO=TCP SPT=443 DPT=59706 WINDOW=202 RES=0x00 ACK URGP=0 
[  +0.003284] Iptables: v4Reject: IN=enp5s0 OUT= MAC=08:be:ac:22:a2:76:84:d8:1b:8a:31:73:08:00 SRC=108.138.44.49 DST=192.168.0.240 LEN=2908 TOS=0x00 PREC=0x00 TTL=246 ID=14194 PROTO=TCP SPT=443 DPT=59706 WINDOW=202 RES=0x00 ACK URGP=0 
[  +0.002191] Iptables: v4Reject: IN=enp5s0 OUT= MAC=08:be:ac:22:a2:76:84:d8:1b:8a:31:73:08:00 SRC=108.138.44.49 DST=192.168.0.240 LEN=2908 TOS=0x00 PREC=0x00 TTL=246 ID=26212 PROTO=TCP SPT=443 DPT=45110 WINDOW=200 RES=0x00 ACK URGP=0 
[  +0.000979] Iptables: v4Reject: IN=enp5s0 OUT= MAC=08:be:ac:22:a2:76:84:d8:1b:8a:31:73:08:00 SRC=108.138.44.49 DST=192.168.0.240 LEN=2908 TOS=0x00 PREC=0x00 TTL=246 ID=14199 PROTO=TCP SPT=443 DPT=59706 WINDOW=202 RES=0x00 ACK URGP=0 
[  +0.001862] Iptables: v4Reject: IN=enp5s0 OUT= MAC=08:be:ac:22:a2:76:84:d8:1b:8a:31:73:08:00 SRC=108.138.44.49 DST=192.168.0.240 LEN=2908 TOS=0x00 PREC=0x00 TTL=246 ID=14205 PROTO=TCP SPT=443 DPT=59706 WINDOW=202 RES=0x00 ACK URGP=0 
[  +0.001417] Iptables: v4Reject: IN=enp5s0 OUT= MAC=08:be:ac:22:a2:76:84:d8:1b:8a:31:73:08:00 SRC=108.138.44.49 DST=192.168.0.240 LEN=2908 TOS=0x00 PREC=0x00 TTL=246 ID=14208 PROTO=TCP SPT=443 DPT=59706 WINDOW=202 RES=0x00 ACK URGP=0 
[  +0.000878] Iptables: v4Reject: IN=enp5s0 OUT= MAC=08:be:ac:22:a2:76:84:d8:1b:8a:31:73:08:00 SRC=108.138.44.49 DST=192.168.0.240 LEN=2908 TOS=0x00 PREC=0x00 TTL=246 ID=14211 PROTO=TCP SPT=443 DPT=59706 WINDOW=202 RES=0x00 ACK URGP=0 
[  +0.000632] Iptables: v4Reject: IN=enp5s0 OUT= MAC=08:be:ac:22:a2:76:84:d8:1b:8a:31:73:08:00 SRC=108.138.44.49 DST=192.168.0.240 LEN=2908 TOS=0x00 PREC=0x00 TTL=246 ID=26227 PROTO=TCP SPT=443 DPT=45110 WINDOW=200 RES=0x00 ACK URGP=0 
[  +0.000352] Iptables: v4Reject: IN=enp5s0 OUT= MAC=08:be:ac:22:a2:76:84:d8:1b:8a:31:73:08:00 SRC=108.138.44.49 DST=192.168.0.240 LEN=2908 TOS=0x00 PREC=0x00 TTL=246 ID=14214 PROTO=TCP SPT=443 DPT=59706 WINDOW=202 RES=0x00 ACK URGP=0 
[  +0.004239] Iptables: v4Reject: IN=enp5s0 OUT= MAC=08:be:ac:22:a2:76:84:d8:1b:8a:31:73:08:00 SRC=108.138.44.49 DST=192.168.0.240 LEN=2908 TOS=0x00 PREC=0x00 TTL=246 ID=14223 PROTO=TCP SPT=443 DPT=59706 WINDOW=202 RES=0x00 ACK URGP=0 
[  +0.150626] Iptables: v4Reject: IN=enp5s0 OUT= MAC=08:be:ac:22:a2:76:84:d8:1b:8a:31:73:08:00 SRC=108.138.44.49 DST=192.168.0.240 LEN=2908 TOS=0x00 PREC=0x00 TTL=246 ID=51946 PROTO=TCP SPT=443 DPT=59698 WINDOW=172 RES=0x00 ACK URGP=0 
[  +0.002225] Iptables: v4Reject: IN=enp5s0 OUT= MAC=08:be:ac:22:a2:76:84:d8:1b:8a:31:73:08:00 SRC=108.138.44.49 DST=192.168.0.240 LEN=2908 TOS=0x00 PREC=0x00 TTL=246 ID=51955 PROTO=TCP SPT=443 DPT=59698 WINDOW=172 RES=0x00 ACK URGP=0 
[  +0.003147] Iptables: v4Reject: IN=enp5s0 OUT= MAC=08:be:ac:22:a2:76:84:d8:1b:8a:31:73:08:00 SRC=108.138.44.49 DST=192.168.0.240 LEN=2908 TOS=0x00 PREC=0x00 TTL=246 ID=51962 PROTO=TCP SPT=443 DPT=59698 WINDOW=172 RES=0x00 ACK URGP=0 
[  +0.001635] Iptables: v4Reject: IN=enp5s0 OUT= MAC=08:be:ac:22:a2:76:84:d8:1b:8a:31:73:08:00 SRC=108.138.44.49 DST=192.168.0.240 LEN=2908 TOS=0x00 PREC=0x00 TTL=246 ID=51965 PROTO=TCP SPT=443 DPT=59698 WINDOW=172 RES=0x00 ACK URGP=0 
