[Aug15 20:53] Linux version 6.1.45-1-lts (linux-lts@archlinux) (gcc (GCC) 13.2.1 20230801, GNU ld (GNU Binutils) 2.41.0) #1 SMP PREEMPT_DYNAMIC Fri, 11 Aug 2023 11:28:00 +0000
[  +0.000000] Command line: BOOT_IMAGE=/vmlinuz-linux-lts root=UUID=7bf17edb-b8bf-4757-9cc5-921e34440e42 rw rd.udev.log_priority=3 loglevel=3 audit=0 console=tty0 noreplace-smp rcupdate.rcu_expedited=1 tsc=unstable lsm=capability,yama,safesetid,landlock,lockdown,apparmor,bpf lockdown=integrity apparmor=1 module.sig_enforce=1 mitigations=auto,nosmt l1tf=flush,nosmt mds=full,nosmt tsx_async_abort=full,nosmt mmio_stale_data=full,nosmt retbleed=auto,nosmt nosmt=force pcie_aspm=force init_on_alloc=1 init_on_free=1 page_alloc.shuffle=1 vsyscall=none mce=0 debugfs=on randomize_kstack_offset=on kasan_multi_shot=on slab_nomerge pti=on slub_debug=ZF slub_debug=P page_poison=on fsck.mode=force mem_encrypt=on vsyscall=none amd_iommu=force_isolation amdgpu.gpu_recovery=1 amdgpu.audio=0 amdgpu.lbpw=1 amdgpu.tmz=1 amdgpu.freesync_video=1 iommu.strict=1 iomem=strict fsck.mode=force fsck.repair=yes pci.pcie_scan_all=1 extra_latent_entropy trace_clock=local noexec=on mce=recovery
[  +0.000000] BIOS-provided physical RAM map:
[  +0.000000] BIOS-e820: [mem 0x0000000000000000-0x000000000009ffff] usable
[  +0.000000] BIOS-e820: [mem 0x00000000000a0000-0x00000000000fffff] reserved
[  +0.000000] BIOS-e820: [mem 0x0000000000100000-0x0000000009d1efff] usable
[  +0.000000] BIOS-e820: [mem 0x0000000009d1f000-0x0000000009ffffff] reserved
[  +0.000000] BIOS-e820: [mem 0x000000000a000000-0x000000000a1fffff] usable
[  +0.000000] BIOS-e820: [mem 0x000000000a200000-0x000000000a20efff] ACPI NVS
[  +0.000000] BIOS-e820: [mem 0x000000000a20f000-0x000000000affffff] usable
[  +0.000000] BIOS-e820: [mem 0x000000000b000000-0x000000000b01ffff] reserved
[  +0.000000] BIOS-e820: [mem 0x000000000b020000-0x00000000be275fff] usable
[  +0.000000] BIOS-e820: [mem 0x00000000be276000-0x00000000be276fff] reserved
[  +0.000000] BIOS-e820: [mem 0x00000000be277000-0x00000000c3c73fff] usable
[  +0.000000] BIOS-e820: [mem 0x00000000c3c74000-0x00000000c3f7cfff] reserved
[  +0.000000] BIOS-e820: [mem 0x00000000c3f7d000-0x00000000c3fcefff] ACPI data
[  +0.000000] BIOS-e820: [mem 0x00000000c3fcf000-0x00000000c574afff] ACPI NVS
[  +0.000000] BIOS-e820: [mem 0x00000000c574b000-0x00000000c69fefff] reserved
[  +0.000000] BIOS-e820: [mem 0x00000000c69ff000-0x00000000c7ffffff] usable
[  +0.000000] BIOS-e820: [mem 0x00000000c8000000-0x00000000caffffff] reserved
[  +0.000000] BIOS-e820: [mem 0x00000000cf000000-0x00000000cfffffff] reserved
[  +0.000000] BIOS-e820: [mem 0x00000000f0000000-0x00000000f7ffffff] reserved
[  +0.000000] BIOS-e820: [mem 0x00000000fd200000-0x00000000fd2fffff] reserved
[  +0.000000] BIOS-e820: [mem 0x00000000fd600000-0x00000000fd6fffff] reserved
[  +0.000000] BIOS-e820: [mem 0x00000000fea00000-0x00000000fea0ffff] reserved
[  +0.000000] BIOS-e820: [mem 0x00000000feb80000-0x00000000fec01fff] reserved
[  +0.000000] BIOS-e820: [mem 0x00000000fec10000-0x00000000fec10fff] reserved
[  +0.000000] BIOS-e820: [mem 0x00000000fec30000-0x00000000fec30fff] reserved
[  +0.000000] BIOS-e820: [mem 0x00000000fed00000-0x00000000fed00fff] reserved
[  +0.000000] BIOS-e820: [mem 0x00000000fed40000-0x00000000fed44fff] reserved
[  +0.000000] BIOS-e820: [mem 0x00000000fed80000-0x00000000fed8ffff] reserved
[  +0.000000] BIOS-e820: [mem 0x00000000fedc2000-0x00000000fedcffff] reserved
[  +0.000000] BIOS-e820: [mem 0x00000000fedd4000-0x00000000fedd5fff] reserved
[  +0.000000] BIOS-e820: [mem 0x00000000ff000000-0x00000000ffffffff] reserved
[  +0.000000] BIOS-e820: [mem 0x0000000100000000-0x000000040e2fffff] usable
[  +0.000000] BIOS-e820: [mem 0x000000040e300000-0x000000042fffffff] reserved
[  +0.000000] Kernel is locked down from command line; see man kernel_lockdown.7
[  +0.000000] SMT: Force disabled
[  +0.000000] NX (Execute Disable) protection: active
[  +0.000000] e820: update [mem 0xb1bf3018-0xb1c00857] usable ==> usable
[  +0.000000] e820: update [mem 0xb1bf3018-0xb1c00857] usable ==> usable
[  +0.000000] extended physical RAM map:
[  +0.000000] reserve setup_data: [mem 0x0000000000000000-0x000000000009ffff] usable
[  +0.000000] reserve setup_data: [mem 0x00000000000a0000-0x00000000000fffff] reserved
[  +0.000000] reserve setup_data: [mem 0x0000000000100000-0x0000000009d1efff] usable
[  +0.000000] reserve setup_data: [mem 0x0000000009d1f000-0x0000000009ffffff] reserved
[  +0.000000] reserve setup_data: [mem 0x000000000a000000-0x000000000a1fffff] usable
[  +0.000000] reserve setup_data: [mem 0x000000000a200000-0x000000000a20efff] ACPI NVS
[  +0.000000] reserve setup_data: [mem 0x000000000a20f000-0x000000000affffff] usable
[  +0.000000] reserve setup_data: [mem 0x000000000b000000-0x000000000b01ffff] reserved
[  +0.000000] reserve setup_data: [mem 0x000000000b020000-0x00000000b1bf3017] usable
[  +0.000000] reserve setup_data: [mem 0x00000000b1bf3018-0x00000000b1c00857] usable
[  +0.000000] reserve setup_data: [mem 0x00000000b1c00858-0x00000000be275fff] usable
[  +0.000000] reserve setup_data: [mem 0x00000000be276000-0x00000000be276fff] reserved
[  +0.000000] reserve setup_data: [mem 0x00000000be277000-0x00000000c3c73fff] usable
[  +0.000000] reserve setup_data: [mem 0x00000000c3c74000-0x00000000c3f7cfff] reserved
[  +0.000000] reserve setup_data: [mem 0x00000000c3f7d000-0x00000000c3fcefff] ACPI data
[  +0.000000] reserve setup_data: [mem 0x00000000c3fcf000-0x00000000c574afff] ACPI NVS
[  +0.000000] reserve setup_data: [mem 0x00000000c574b000-0x00000000c69fefff] reserved
[  +0.000000] reserve setup_data: [mem 0x00000000c69ff000-0x00000000c7ffffff] usable
[  +0.000000] reserve setup_data: [mem 0x00000000c8000000-0x00000000caffffff] reserved
[  +0.000000] reserve setup_data: [mem 0x00000000cf000000-0x00000000cfffffff] reserved
[  +0.000000] reserve setup_data: [mem 0x00000000f0000000-0x00000000f7ffffff] reserved
[  +0.000000] reserve setup_data: [mem 0x00000000fd200000-0x00000000fd2fffff] reserved
[  +0.000000] reserve setup_data: [mem 0x00000000fd600000-0x00000000fd6fffff] reserved
[  +0.000000] reserve setup_data: [mem 0x00000000fea00000-0x00000000fea0ffff] reserved
[  +0.000000] reserve setup_data: [mem 0x00000000feb80000-0x00000000fec01fff] reserved
[  +0.000000] reserve setup_data: [mem 0x00000000fec10000-0x00000000fec10fff] reserved
[  +0.000000] reserve setup_data: [mem 0x00000000fec30000-0x00000000fec30fff] reserved
[  +0.000000] reserve setup_data: [mem 0x00000000fed00000-0x00000000fed00fff] reserved
[  +0.000000] reserve setup_data: [mem 0x00000000fed40000-0x00000000fed44fff] reserved
[  +0.000000] reserve setup_data: [mem 0x00000000fed80000-0x00000000fed8ffff] reserved
[  +0.000000] reserve setup_data: [mem 0x00000000fedc2000-0x00000000fedcffff] reserved
[  +0.000000] reserve setup_data: [mem 0x00000000fedd4000-0x00000000fedd5fff] reserved
[  +0.000000] reserve setup_data: [mem 0x00000000ff000000-0x00000000ffffffff] reserved
[  +0.000000] reserve setup_data: [mem 0x0000000100000000-0x000000040e2fffff] usable
[  +0.000000] reserve setup_data: [mem 0x000000040e300000-0x000000042fffffff] reserved
[  +0.000000] efi: EFI v2.70 by American Megatrends
[  +0.000000] efi: ACPI=0xc3fce000 ACPI 2.0=0xc3fce014 SMBIOS=0xc67f0000 SMBIOS 3.0=0xc67ef000 MEMATTR=0xc09d7318 ESRT=0xc22f7118 INITRD=0xbb277f18 RNG=0xc3fadc18 
[  +0.000000] random: crng init done
[  +0.000000] SMBIOS 3.3.0 present.
[  +0.000000] DMI: ASUS System Product Name/ROG STRIX B550-F GAMING, BIOS 3202 06/15/2023
[  +0.000000] tsc: Fast TSC calibration using PIT
[  +0.000000] tsc: Detected 3793.060 MHz processor
[  +0.000000] e820: update [mem 0x00000000-0x00000fff] usable ==> reserved
[  +0.000002] e820: remove [mem 0x000a0000-0x000fffff] usable
[  +0.000007] last_pfn = 0x40e300 max_arch_pfn = 0x400000000
[  +0.000370] x86/PAT: Configuration [0-7]: WB  WC  UC- UC  WB  WP  UC- WT  
[  +0.000206] e820: update [mem 0xd0000000-0xffffffff] usable ==> reserved
[  +0.000006] last_pfn = 0xc8000 max_arch_pfn = 0x400000000
[  +0.002880] esrt: Reserving ESRT space from 0x00000000c22f7118 to 0x00000000c22f7150.
[  +0.000005] e820: update [mem 0xc22f7000-0xc22f7fff] usable ==> reserved
[  +0.000018] Kernel/User page tables isolation: force enabled on command line.
[  +0.000001] Using GB pages for direct mapping
[  +0.000535] Secure boot disabled
[  +0.000001] RAMDISK: [mem 0xb2a07000-0xb4bfbfff]
[  +0.000004] ACPI: Early table checksum verification disabled
[  +0.000003] ACPI: RSDP 0x00000000C3FCE014 000024 (v02 ALASKA)
[  +0.000003] ACPI: XSDT 0x00000000C3FCD728 0000CC (v01 ALASKA A M I    01072009 AMI  01000013)
[  +0.000004] ACPI: FACP 0x00000000C3FBE000 000114 (v06 ALASKA A M I    01072009 AMI  00010013)
[  +0.000003] ACPI: DSDT 0x00000000C3FB2000 00B51E (v02 ALASKA A M I    01072009 INTL 20120913)
[  +0.000002] ACPI: FACS 0x00000000C4730000 000040
[  +0.000002] ACPI: IVRS 0x00000000C3FCC000 0000D0 (v02 AMD    AmdTable 00000001 AMD  00000001)
[  +0.000002] ACPI: SSDT 0x00000000C3FC4000 0072B0 (v02 AMD    Artic    00000002 MSFT 04000000)
[  +0.000001] ACPI: SSDT 0x00000000C3FC0000 003B8E (v02 AMD    AMD AOD  00000001 INTL 20120913)
[  +0.000002] ACPI: SSDT 0x00000000C3FBF000 000139 (v02 ALASKA CPUSSDT  01072009 AMI  01072009)
[  +0.000002] ACPI: FIDT 0x00000000C3FB1000 00009C (v01 ALASKA A M I    01072009 AMI  00010013)
[  +0.000001] ACPI: FPDT 0x00000000C3F8D000 000044 (v01 ALASKA A M I    01072009 AMI  01000013)
[  +0.000002] ACPI: MCFG 0x00000000C3FAF000 00003C (v01 ALASKA A M I    01072009 MSFT 00010013)
[  +0.000001] ACPI: HPET 0x00000000C3FAE000 000038 (v01 ALASKA A M I    01072009 AMI  00000005)
[  +0.000002] ACPI: VFCT 0x00000000C3F9F000 00D884 (v01 ALASKA A M I    00000001 AMD  31504F47)
[  +0.000002] ACPI: BGRT 0x00000000C3F9E000 000038 (v01 ALASKA A M I    01072009 AMI  00010013)
[  +0.000001] ACPI: SSDT 0x00000000C3F9B000 0028A4 (v02 AMD    AmdTable 00000001 AMD  00000001)
[  +0.000002] ACPI: CRAT 0x00000000C3F9A000 000EE8 (v01 AMD    AmdTable 00000001 AMD  00000001)
[  +0.000001] ACPI: CDIT 0x00000000C3F99000 000029 (v01 AMD    AmdTable 00000001 AMD  00000001)
[  +0.000002] ACPI: SSDT 0x00000000C3F98000 000D53 (v02 AMD    ArticIG2 00000001 INTL 20120913)
[  +0.000002] ACPI: SSDT 0x00000000C3F96000 0010C1 (v02 AMD    ArticTPX 00000001 INTL 20120913)
[  +0.000001] ACPI: SSDT 0x00000000C3F92000 003E6E (v02 AMD    ArticN   00000001 INTL 20120913)
[  +0.000002] ACPI: WSMT 0x00000000C3F91000 000028 (v01 ALASKA A M I    01072009 AMI  00010013)
[  +0.000001] ACPI: APIC 0x00000000C3F90000 00015E (v04 ALASKA A M I    01072009 AMI  00010013)
[  +0.000002] ACPI: SSDT 0x00000000C3F8F000 00007D (v02 AMD    ArticDIS 00000001 INTL 20120913)
[  +0.000001] ACPI: SSDT 0x00000000C3F8E000 0000BF (v01 AMD    AmdTable 00001000 INTL 20120913)
[  +0.000002] ACPI: Reserving FACP table memory at [mem 0xc3fbe000-0xc3fbe113]
[  +0.000001] ACPI: Reserving DSDT table memory at [mem 0xc3fb2000-0xc3fbd51d]
[  +0.000000] ACPI: Reserving FACS table memory at [mem 0xc4730000-0xc473003f]
[  +0.000001] ACPI: Reserving IVRS table memory at [mem 0xc3fcc000-0xc3fcc0cf]
[  +0.000000] ACPI: Reserving SSDT table memory at [mem 0xc3fc4000-0xc3fcb2af]
[  +0.000001] ACPI: Reserving SSDT table memory at [mem 0xc3fc0000-0xc3fc3b8d]
[  +0.000000] ACPI: Reserving SSDT table memory at [mem 0xc3fbf000-0xc3fbf138]
[  +0.000001] ACPI: Reserving FIDT table memory at [mem 0xc3fb1000-0xc3fb109b]
[  +0.000000] ACPI: Reserving FPDT table memory at [mem 0xc3f8d000-0xc3f8d043]
[  +0.000001] ACPI: Reserving MCFG table memory at [mem 0xc3faf000-0xc3faf03b]
[  +0.000000] ACPI: Reserving HPET table memory at [mem 0xc3fae000-0xc3fae037]
[  +0.000000] ACPI: Reserving VFCT table memory at [mem 0xc3f9f000-0xc3fac883]
[  +0.000001] ACPI: Reserving BGRT table memory at [mem 0xc3f9e000-0xc3f9e037]
[  +0.000000] ACPI: Reserving SSDT table memory at [mem 0xc3f9b000-0xc3f9d8a3]
[  +0.000001] ACPI: Reserving CRAT table memory at [mem 0xc3f9a000-0xc3f9aee7]
[  +0.000000] ACPI: Reserving CDIT table memory at [mem 0xc3f99000-0xc3f99028]
[  +0.000001] ACPI: Reserving SSDT table memory at [mem 0xc3f98000-0xc3f98d52]
[  +0.000000] ACPI: Reserving SSDT table memory at [mem 0xc3f96000-0xc3f970c0]
[  +0.000001] ACPI: Reserving SSDT table memory at [mem 0xc3f92000-0xc3f95e6d]
[  +0.000000] ACPI: Reserving WSMT table memory at [mem 0xc3f91000-0xc3f91027]
[  +0.000001] ACPI: Reserving APIC table memory at [mem 0xc3f90000-0xc3f9015d]
[  +0.000000] ACPI: Reserving SSDT table memory at [mem 0xc3f8f000-0xc3f8f07c]
[  +0.000001] ACPI: Reserving SSDT table memory at [mem 0xc3f8e000-0xc3f8e0be]
[  +0.000051] No NUMA configuration found
[  +0.000001] Faking a node at [mem 0x0000000000000000-0x000000040e2fffff]
[  +0.000002] NODE_DATA(0) allocated [mem 0x40e2fb000-0x40e2fffff]
[  +0.000028] Zone ranges:
[  +0.000001]   DMA      [mem 0x0000000000001000-0x0000000000ffffff]
[  +0.000001]   DMA32    [mem 0x0000000001000000-0x00000000ffffffff]
[  +0.000001]   Normal   [mem 0x0000000100000000-0x000000040e2fffff]
[  +0.000000]   Device   empty
[  +0.000001] Movable zone start for each node
[  +0.000001] Early memory node ranges
[  +0.000000]   node   0: [mem 0x0000000000001000-0x000000000009ffff]
[  +0.000001]   node   0: [mem 0x0000000000100000-0x0000000009d1efff]
[  +0.000000]   node   0: [mem 0x000000000a000000-0x000000000a1fffff]
[  +0.000001]   node   0: [mem 0x000000000a20f000-0x000000000affffff]
[  +0.000000]   node   0: [mem 0x000000000b020000-0x00000000be275fff]
[  +0.000001]   node   0: [mem 0x00000000be277000-0x00000000c3c73fff]
[  +0.000000]   node   0: [mem 0x00000000c69ff000-0x00000000c7ffffff]
[  +0.000001]   node   0: [mem 0x0000000100000000-0x000000040e2fffff]
[  +0.000001] Initmem setup node 0 [mem 0x0000000000001000-0x000000040e2fffff]
[  +0.000003] On node 0, zone DMA: 1 pages in unavailable ranges
[  +0.000011] On node 0, zone DMA: 96 pages in unavailable ranges
[  +0.000097] On node 0, zone DMA32: 737 pages in unavailable ranges
[  +0.000009] On node 0, zone DMA32: 15 pages in unavailable ranges
[  +0.003145] On node 0, zone DMA32: 32 pages in unavailable ranges
[  +0.000116] On node 0, zone DMA32: 1 pages in unavailable ranges
[  +0.000100] On node 0, zone DMA32: 11659 pages in unavailable ranges
[  +0.015775] On node 0, zone Normal: 7424 pages in unavailable ranges
[  +0.000419] ACPI: PM-Timer IO Port: 0x808
[  +0.000006] ACPI: LAPIC_NMI (acpi_id[0xff] high edge lint[0x1])
[  +0.000013] IOAPIC[0]: apic_id 9, version 33, address 0xfec00000, GSI 0-23
[  +0.000004] IOAPIC[1]: apic_id 10, version 33, address 0xfec01000, GSI 24-55
[  +0.000002] ACPI: INT_SRC_OVR (bus 0 bus_irq 0 global_irq 2 dfl dfl)
[  +0.000001] ACPI: INT_SRC_OVR (bus 0 bus_irq 9 global_irq 9 low level)
[  +0.000003] ACPI: Using ACPI (MADT) for SMP configuration information
[  +0.000001] ACPI: HPET id: 0x10228201 base: 0xfed00000
[  +0.000007] e820: update [mem 0xc0272000-0xc0365fff] usable ==> reserved
[  +0.000012] smpboot: Allowing 32 CPUs, 24 hotplug CPUs
[  +0.000023] PM: hibernation: Registered nosave memory: [mem 0x00000000-0x00000fff]
[  +0.000002] PM: hibernation: Registered nosave memory: [mem 0x000a0000-0x000fffff]
[  +0.000001] PM: hibernation: Registered nosave memory: [mem 0x09d1f000-0x09ffffff]
[  +0.000001] PM: hibernation: Registered nosave memory: [mem 0x0a200000-0x0a20efff]
[  +0.000002] PM: hibernation: Registered nosave memory: [mem 0x0b000000-0x0b01ffff]
[  +0.000001] PM: hibernation: Registered nosave memory: [mem 0xb1bf3000-0xb1bf3fff]
[  +0.000001] PM: hibernation: Registered nosave memory: [mem 0xb1c00000-0xb1c00fff]
[  +0.000001] PM: hibernation: Registered nosave memory: [mem 0xbe276000-0xbe276fff]
[  +0.000001] PM: hibernation: Registered nosave memory: [mem 0xc0272000-0xc0365fff]
[  +0.000001] PM: hibernation: Registered nosave memory: [mem 0xc22f7000-0xc22f7fff]
[  +0.000002] PM: hibernation: Registered nosave memory: [mem 0xc3c74000-0xc3f7cfff]
[  +0.000000] PM: hibernation: Registered nosave memory: [mem 0xc3f7d000-0xc3fcefff]
[  +0.000000] PM: hibernation: Registered nosave memory: [mem 0xc3fcf000-0xc574afff]
[  +0.000001] PM: hibernation: Registered nosave memory: [mem 0xc574b000-0xc69fefff]
[  +0.000001] PM: hibernation: Registered nosave memory: [mem 0xc8000000-0xcaffffff]
[  +0.000000] PM: hibernation: Registered nosave memory: [mem 0xcb000000-0xceffffff]
[  +0.000001] PM: hibernation: Registered nosave memory: [mem 0xcf000000-0xcfffffff]
[  +0.000000] PM: hibernation: Registered nosave memory: [mem 0xd0000000-0xefffffff]
[  +0.000000] PM: hibernation: Registered nosave memory: [mem 0xf0000000-0xf7ffffff]
[  +0.000001] PM: hibernation: Registered nosave memory: [mem 0xf8000000-0xfd1fffff]
[  +0.000000] PM: hibernation: Registered nosave memory: [mem 0xfd200000-0xfd2fffff]
[  +0.000000] PM: hibernation: Registered nosave memory: [mem 0xfd300000-0xfd5fffff]
[  +0.000001] PM: hibernation: Registered nosave memory: [mem 0xfd600000-0xfd6fffff]
[  +0.000000] PM: hibernation: Registered nosave memory: [mem 0xfd700000-0xfe9fffff]
[  +0.000000] PM: hibernation: Registered nosave memory: [mem 0xfea00000-0xfea0ffff]
[  +0.000001] PM: hibernation: Registered nosave memory: [mem 0xfea10000-0xfeb7ffff]
[  +0.000000] PM: hibernation: Registered nosave memory: [mem 0xfeb80000-0xfec01fff]
[  +0.000000] PM: hibernation: Registered nosave memory: [mem 0xfec02000-0xfec0ffff]
[  +0.000001] PM: hibernation: Registered nosave memory: [mem 0xfec10000-0xfec10fff]
[  +0.000000] PM: hibernation: Registered nosave memory: [mem 0xfec11000-0xfec2ffff]
[  +0.000001] PM: hibernation: Registered nosave memory: [mem 0xfec30000-0xfec30fff]
[  +0.000000] PM: hibernation: Registered nosave memory: [mem 0xfec31000-0xfecfffff]
[  +0.000000] PM: hibernation: Registered nosave memory: [mem 0xfed00000-0xfed00fff]
[  +0.000001] PM: hibernation: Registered nosave memory: [mem 0xfed01000-0xfed3ffff]
[  +0.000000] PM: hibernation: Registered nosave memory: [mem 0xfed40000-0xfed44fff]
[  +0.000000] PM: hibernation: Registered nosave memory: [mem 0xfed45000-0xfed7ffff]
[  +0.000001] PM: hibernation: Registered nosave memory: [mem 0xfed80000-0xfed8ffff]
[  +0.000000] PM: hibernation: Registered nosave memory: [mem 0xfed90000-0xfedc1fff]
[  +0.000000] PM: hibernation: Registered nosave memory: [mem 0xfedc2000-0xfedcffff]
[  +0.000001] PM: hibernation: Registered nosave memory: [mem 0xfedd0000-0xfedd3fff]
[  +0.000000] PM: hibernation: Registered nosave memory: [mem 0xfedd4000-0xfedd5fff]
[  +0.000001] PM: hibernation: Registered nosave memory: [mem 0xfedd6000-0xfeffffff]
[  +0.000000] PM: hibernation: Registered nosave memory: [mem 0xff000000-0xffffffff]
[  +0.000001] [mem 0xd0000000-0xefffffff] available for PCI devices
[  +0.000001] Booting paravirtualized kernel on bare hardware
[  +0.000002] clocksource: refined-jiffies: mask: 0xffffffff max_cycles: 0xffffffff, max_idle_ns: 6370452778343963 ns
[  +0.002977] setup_percpu: NR_CPUS:320 nr_cpumask_bits:32 nr_cpu_ids:32 nr_node_ids:1
[  +0.000803] percpu: Embedded 63 pages/cpu s221184 r8192 d28672 u262144
[  +0.000006] pcpu-alloc: s221184 r8192 d28672 u262144 alloc=1*2097152
[  +0.000001] pcpu-alloc: [0] 00 01 02 03 04 05 06 07 [0] 08 09 10 11 12 13 14 15 
[  +0.000005] pcpu-alloc: [0] 16 17 18 19 20 21 22 23 [0] 24 25 26 27 28 29 30 31 
[  +0.000021] Fallback order for Node 0: 0 
[  +0.000003] Built 1 zonelists, mobility grouping on.  Total pages: 3947674
[  +0.000001] Policy zone: Normal
[  +0.000001] Kernel command line: BOOT_IMAGE=/vmlinuz-linux-lts root=UUID=7bf17edb-b8bf-4757-9cc5-921e34440e42 rw rd.udev.log_priority=3 loglevel=3 audit=0 console=tty0 noreplace-smp rcupdate.rcu_expedited=1 tsc=unstable lsm=capability,yama,safesetid,landlock,lockdown,apparmor,bpf lockdown=integrity apparmor=1 module.sig_enforce=1 mitigations=auto,nosmt l1tf=flush,nosmt mds=full,nosmt tsx_async_abort=full,nosmt mmio_stale_data=full,nosmt retbleed=auto,nosmt nosmt=force pcie_aspm=force init_on_alloc=1 init_on_free=1 page_alloc.shuffle=1 vsyscall=none mce=0 debugfs=on randomize_kstack_offset=on kasan_multi_shot=on slab_nomerge pti=on slub_debug=ZF slub_debug=P page_poison=on fsck.mode=force mem_encrypt=on vsyscall=none amd_iommu=force_isolation amdgpu.gpu_recovery=1 amdgpu.audio=0 amdgpu.lbpw=1 amdgpu.tmz=1 amdgpu.freesync_video=1 iommu.strict=1 iomem=strict fsck.mode=force fsck.repair=yes pci.pcie_scan_all=1 extra_latent_entropy trace_clock=local noexec=on mce=recovery
[  +0.000049] audit: disabled (until reboot)
[  +0.000014] tsc: Marking TSC unstable due to boot parameter
[  +0.000070] PCIe ASPM is forcibly enabled
[  +0.000080] mem auto-init: SLAB_POISON will take precedence over init_on_alloc/init_on_free
[  +0.000119] Unknown kernel command line parameters "extra_latent_entropy BOOT_IMAGE=/vmlinuz-linux-lts kasan_multi_shot=on pti=on mem_encrypt=on noexec=on", will be passed to user space.
[  +0.000020] printk: log_buf_len individual max cpu contribution: 4096 bytes
[  +0.000000] printk: log_buf_len total cpu_extra contributions: 126976 bytes
[  +0.000001] printk: log_buf_len min size: 131072 bytes
[  +0.000131] printk: log_buf_len: 262144 bytes
[  +0.000001] printk: early log buf free: 111104(84%)
[  +0.000472] Dentry cache hash table entries: 2097152 (order: 12, 16777216 bytes, linear)
[  +0.000238] Inode-cache hash table entries: 1048576 (order: 11, 8388608 bytes, linear)
[  +0.000075] mem auto-init: CONFIG_PAGE_POISONING is on, will take precedence over init_on_alloc and init_on_free
[  +0.000063] mem auto-init: stack:all(zero), heap alloc:off, heap free:off
[  +0.000040] software IO TLB: area num 32.
[  +1.173146] Memory: 15536292K/16041996K available (16391K kernel code, 2139K rwdata, 11608K rodata, 2148K init, 5352K bss, 505444K reserved, 0K cma-reserved)
[  +0.000004] **********************************************************
[  +0.000001] **   NOTICE NOTICE NOTICE NOTICE NOTICE NOTICE NOTICE   **
[  +0.000000] **                                                      **
[  +0.000000] ** This system shows unhashed kernel memory addresses   **
[  +0.000001] ** via the console, logs, and other interfaces. This    **
[  +0.000000] ** might reduce the security of your system.            **
[  +0.000000] **                                                      **
[  +0.000000] ** If you see this message and you are not debugging    **
[  +0.000001] ** the kernel, report this immediately to your system   **
[  +0.000000] ** administrator!                                       **
[  +0.000000] **                                                      **
[  +0.000000] **   NOTICE NOTICE NOTICE NOTICE NOTICE NOTICE NOTICE   **
[  +0.000001] **********************************************************
[  +0.000097] SLUB: HWalign=64, Order=0-3, MinObjects=0, CPUs=32, Nodes=1
[  +0.000010] Kernel/User page tables isolation: enabled
[  +0.000028] ftrace: allocating 46481 entries in 182 pages
[  +0.008003] ftrace: allocated 182 pages with 5 groups
[  +0.000551] Dynamic Preempt: voluntary
[  +0.000046] rcu: Preemptible hierarchical RCU implementation.
[  +0.000000] rcu: 	RCU restricting CPUs from NR_CPUS=320 to nr_cpu_ids=32.
[  +0.000001] 	All grace periods are expedited (rcu_expedited).
[  +0.000001] 	Trampoline variant of Tasks RCU enabled.
[  +0.000000] 	Rude variant of Tasks RCU enabled.
[  +0.000000] 	Tracing variant of Tasks RCU enabled.
[  +0.000001] rcu: RCU calculated value of scheduler-enlistment delay is 30 jiffies.
[  +0.000001] rcu: Adjusting geometry for rcu_fanout_leaf=16, nr_cpu_ids=32
[  +0.002706] NR_IRQS: 20736, nr_irqs: 1224, preallocated irqs: 16
[  +0.000169] rcu: srcu_init: Setting srcu_struct sizes based on contention.
[  +0.000093] kfence: initialized - using 2097152 bytes for 255 objects at 0xffff8deb3c950000-0xffff8deb3cb50000
[  +0.000022] Console: colour dummy device 80x25
[  +0.000014] printk: console [tty0] enabled
[  +0.000022] ACPI: Core revision 20220331
[  +0.000116] clocksource: hpet: mask: 0xffffffff max_cycles: 0xffffffff, max_idle_ns: 133484873504 ns
[  +0.000016] APIC: Switch to symmetric I/O mode setup
[  +0.000849] AMD-Vi: Using global IVHD EFR:0x206d73ef22254ade, EFR2:0x0
[  +0.000270] x2apic enabled
[  +0.000005] Switched APIC routing to cluster x2apic.
[  +0.000714] ..TIMER: vector=0x30 apic1=0 pin1=2 apic2=-1 pin2=-1
[  +0.014838] Calibrating delay loop (skipped), value calculated using timer frequency.. 7589.20 BogoMIPS (lpj=12643533)
[  +0.000014] x86/cpu: User Mode Instruction Prevention (UMIP) activated
[  +0.000030] LVT offset 1 assigned for vector 0xf9
[  +0.000111] LVT offset 2 assigned for vector 0xf4
[  +0.000025] process: using mwait in idle threads
[  +0.000001] Last level iTLB entries: 4KB 512, 2MB 512, 4MB 256
[  +0.000001] Last level dTLB entries: 4KB 2048, 2MB 2048, 4MB 1024, 1GB 0
[  +0.000002] Spectre V1 : Mitigation: usercopy/swapgs barriers and __user pointer sanitization
[  +0.000003] Spectre V2 : Mitigation: Retpolines
[  +0.000001] Spectre V2 : Spectre v2 / SpectreRSB mitigation: Filling RSB on context switch
[  +0.000000] Spectre V2 : Spectre v2 / SpectreRSB : Filling RSB on VMEXIT
[  +0.000001] Spectre V2 : Enabling Restricted Speculation for firmware calls
[  +0.000002] Spectre V2 : mitigation: Enabling conditional Indirect Branch Prediction Barrier
[  +0.000002] Speculative Store Bypass: Mitigation: Speculative Store Bypass disabled via prctl
[  +0.000003] Speculative Return Stack Overflow: IBPB-extending microcode not applied!
[  +0.000001] Speculative Return Stack Overflow: WARNING: See https://kernel.org/doc/html/latest/admin-guide/hw-vuln/srso.html for mitigation options.
[  +0.000000] Speculative Return Stack Overflow: Mitigation: safe RET, no microcode
[  +0.000004] x86/fpu: Supporting XSAVE feature 0x001: 'x87 floating point registers'
[  +0.000001] x86/fpu: Supporting XSAVE feature 0x002: 'SSE registers'
[  +0.000001] x86/fpu: Supporting XSAVE feature 0x004: 'AVX registers'
[  +0.000000] x86/fpu: Supporting XSAVE feature 0x200: 'Protection Keys User registers'
[  +0.000002] x86/fpu: xstate_offset[2]:  576, xstate_sizes[2]:  256
[  +0.000000] x86/fpu: xstate_offset[9]:  832, xstate_sizes[9]:    8
[  +0.000001] x86/fpu: Enabled xstate features 0x207, context size is 840 bytes, using 'compacted' format.
[  +0.009031] Freeing SMP alternatives memory: 40K
[  +0.000001] pid_max: default: 32768 minimum: 301
[  +0.007473] LSM: Security Framework initializing
[  +0.000024] Yama: becoming mindful.
[  +0.000008] landlock: Up and running.
[  +0.000027] AppArmor: AppArmor initialized
[  +0.000002] LSM support for eBPF active
[  +0.000055] Mount-cache hash table entries: 32768 (order: 6, 262144 bytes, linear)
[  +0.000032] Mountpoint-cache hash table entries: 32768 (order: 6, 262144 bytes, linear)
[  +0.107653] smpboot: CPU0: AMD Ryzen 7 5700G with Radeon Graphics (family: 0x19, model: 0x50, stepping: 0x0)
[  +0.000207] cblist_init_generic: Setting adjustable number of callback queues.
[  +0.000002] cblist_init_generic: Setting shift to 5 and lim to 1.
[  +0.000021] cblist_init_generic: Setting adjustable number of callback queues.
[  +0.000001] cblist_init_generic: Setting shift to 5 and lim to 1.
[  +0.000023] cblist_init_generic: Setting adjustable number of callback queues.
[  +0.000001] cblist_init_generic: Setting shift to 5 and lim to 1.
[  +0.000016] Performance Events: Fam17h+ core perfctr, AMD PMU driver.
[  +0.000005] ... version:                0
[  +0.000002] ... bit width:              48
[  +0.000001] ... generic registers:      6
[  +0.000000] ... value mask:             0000ffffffffffff
[  +0.000001] ... max period:             00007fffffffffff
[  +0.000001] ... fixed-purpose events:   0
[  +0.000001] ... event mask:             000000000000003f
[  +0.000101] signal: max sigframe size: 3376
[  +0.000028] rcu: Hierarchical SRCU implementation.
[  +0.000001] rcu: 	Max phase no-delay instances is 1000.
[  +0.000469] NMI watchdog: Enabled. Permanently consumes one hw-PMU counter.
[  +0.000380] smp: Bringing up secondary CPUs ...
[  +0.000142] x86: Booting SMP configuration:
[  +0.000001] .... node  #0, CPUs:        #1  #2  #3  #4  #5  #6  #7
[  +0.001028] smp: Brought up 1 node, 8 CPUs
[  +0.000000] smpboot: Max logical packages: 4
[  +0.000000] smpboot: Total of 8 processors activated (60713.66 BogoMIPS)
[  +0.003152] devtmpfs: initialized
[  +0.000000] x86/mm: Memory block size: 128MB
[  +0.002092] ACPI: PM: Registering ACPI NVS region [mem 0x0a200000-0x0a20efff] (61440 bytes)
[  +0.000000] ACPI: PM: Registering ACPI NVS region [mem 0xc3fcf000-0xc574afff] (24625152 bytes)
[  +0.001714] clocksource: jiffies: mask: 0xffffffff max_cycles: 0xffffffff, max_idle_ns: 6370867519511994 ns
[  +0.000035] futex hash table entries: 8192 (order: 7, 524288 bytes, linear)
[  +0.000067] pinctrl core: initialized pinctrl subsystem
[  +0.000129] PM: RTC time: 17:53:22, date: 2023-08-15
[  +0.000451] NET: Registered PF_NETLINK/PF_ROUTE protocol family
[  +0.000519] DMA: preallocated 2048 KiB GFP_KERNEL pool for atomic allocations
[  +0.000135] DMA: preallocated 2048 KiB GFP_KERNEL|GFP_DMA pool for atomic allocations
[  +0.000136] DMA: preallocated 2048 KiB GFP_KERNEL|GFP_DMA32 pool for atomic allocations
[  +0.000135] thermal_sys: Registered thermal governor 'fair_share'
[  +0.000001] thermal_sys: Registered thermal governor 'bang_bang'
[  +0.000001] thermal_sys: Registered thermal governor 'step_wise'
[  +0.000001] thermal_sys: Registered thermal governor 'user_space'
[  +0.000001] thermal_sys: Registered thermal governor 'power_allocator'
[  +0.000035] cpuidle: using governor ladder
[  +0.000000] cpuidle: using governor menu
[  +0.000000] acpiphp: ACPI Hot Plug PCI Controller Driver version: 0.5
[  +0.000000] PCI: MMCONFIG for domain 0000 [bus 00-7f] at [mem 0xf0000000-0xf7ffffff] (base 0xf0000000)
[  +0.000000] PCI: MMCONFIG at [mem 0xf0000000-0xf7ffffff] reserved in E820
[  +0.000000] PCI: Using configuration type 1 for base access
[  +0.003353] kprobes: kprobe jump-optimization is enabled. All kprobes are optimized if possible.
[  +0.000005] HugeTLB: registered 1.00 GiB page size, pre-allocated 0 pages
[  +0.000000] HugeTLB: 16380 KiB vmemmap can be freed for a 1.00 GiB page
[  +0.000000] HugeTLB: registered 2.00 MiB page size, pre-allocated 0 pages
[  +0.000000] HugeTLB: 28 KiB vmemmap can be freed for a 2.00 MiB page
[  +0.000000] ACPI: Added _OSI(Module Device)
[  +0.000000] ACPI: Added _OSI(Processor Device)
[  +0.000000] ACPI: Added _OSI(3.0 _SCP Extensions)
[  +0.000000] ACPI: Added _OSI(Processor Aggregator Device)
[  +0.025945] ACPI: 10 ACPI AML tables successfully acquired and loaded
[  +0.002515] ACPI: [Firmware Bug]: BIOS _OSI(Linux) query ignored
[  +0.004466] ACPI: Interpreter enabled
[  +0.000014] ACPI: PM: (supports S0 S4 S5)
[  +0.000001] ACPI: Using IOAPIC for interrupt routing
[  +0.000549] PCI: Using host bridge windows from ACPI; if necessary, use "pci=nocrs" and report a bug
[  +0.000002] PCI: Ignoring E820 reservations for host bridge windows
[  +0.000510] ACPI: Enabled 4 GPEs in block 00 to 1F
[  +0.034483] ACPI: PCI Root Bridge [PCI0] (domain 0000 [bus 00-ff])
[  +0.000005] acpi PNP0A08:00: _OSC: OS supports [ExtendedConfig ASPM ClockPM Segments MSI EDR HPX-Type3]
[  +0.000195] acpi PNP0A08:00: _OSC: platform does not support [PCIeHotplug SHPCHotplug PME LTR DPC]
[  +0.000364] acpi PNP0A08:00: _OSC: OS now controls [AER PCIeCapability]
[  +0.000012] acpi PNP0A08:00: [Firmware Info]: MMCONFIG for domain 0000 [bus 00-7f] only partially covers this bridge
[  +0.000631] PCI host bridge to bus 0000:00
[  +0.000002] pci_bus 0000:00: root bus resource [io  0x0000-0x03af window]
[  +0.000002] pci_bus 0000:00: root bus resource [io  0x03e0-0x0cf7 window]
[  +0.000001] pci_bus 0000:00: root bus resource [io  0x03b0-0x03df window]
[  +0.000002] pci_bus 0000:00: root bus resource [io  0x0d00-0xffff window]
[  +0.000001] pci_bus 0000:00: root bus resource [mem 0x000a0000-0x000dffff window]
[  +0.000002] pci_bus 0000:00: root bus resource [mem 0xd0000000-0xfec2ffff window]
[  +0.000001] pci_bus 0000:00: root bus resource [mem 0xfee00000-0xffffffff window]
[  +0.000002] pci_bus 0000:00: root bus resource [bus 00-ff]
[  +0.000016] pci 0000:00:00.0: [1022:1630] type 00 class 0x060000
[  +0.000124] pci 0000:00:00.2: [1022:1631] type 00 class 0x080600
[  +0.000127] pci 0000:00:01.0: [1022:1632] type 00 class 0x060000
[  +0.000069] pci 0000:00:02.0: [1022:1632] type 00 class 0x060000
[  +0.000062] pci 0000:00:02.1: [1022:1634] type 01 class 0x060400
[  +0.000022] pci 0000:00:02.1: enabling Extended Tags
[  +0.000033] pci 0000:00:02.1: PME# supported from D0 D3hot D3cold
[  +0.000161] pci 0000:00:02.2: [1022:1634] type 01 class 0x060400
[  +0.000053] pci 0000:00:02.2: PME# supported from D0 D3hot D3cold
[  +0.000122] pci 0000:00:08.0: [1022:1632] type 00 class 0x060000
[  +0.000060] pci 0000:00:08.1: [1022:1635] type 01 class 0x060400
[  +0.000021] pci 0000:00:08.1: enabling Extended Tags
[  +0.000032] pci 0000:00:08.1: PME# supported from D0 D3hot D3cold
[  +0.000165] pci 0000:00:14.0: [1022:790b] type 00 class 0x0c0500
[  +0.000150] pci 0000:00:14.3: [1022:790e] type 00 class 0x060100
[  +0.000167] pci 0000:00:18.0: [1022:166a] type 00 class 0x060000
[  +0.000043] pci 0000:00:18.1: [1022:166b] type 00 class 0x060000
[  +0.000040] pci 0000:00:18.2: [1022:166c] type 00 class 0x060000
[  +0.000043] pci 0000:00:18.3: [1022:166d] type 00 class 0x060000
[  +0.000039] pci 0000:00:18.4: [1022:166e] type 00 class 0x060000
[  +0.000042] pci 0000:00:18.5: [1022:166f] type 00 class 0x060000
[  +0.000040] pci 0000:00:18.6: [1022:1670] type 00 class 0x060000
[  +0.000043] pci 0000:00:18.7: [1022:1671] type 00 class 0x060000
[  +0.000121] pci 0000:01:00.0: [1022:43ee] type 00 class 0x0c0330
[  +0.000017] pci 0000:01:00.0: reg 0x10: [mem 0xfcea0000-0xfcea7fff 64bit]
[  +0.000039] pci 0000:01:00.0: enabling Extended Tags
[  +0.000055] pci 0000:01:00.0: PME# supported from D3hot D3cold
[  +0.000186] pci 0000:01:00.1: [1022:43eb] type 00 class 0x010601
[  +0.000045] pci 0000:01:00.1: reg 0x24: [mem 0xfce80000-0xfce9ffff]
[  +0.000008] pci 0000:01:00.1: reg 0x30: [mem 0xfce00000-0xfce7ffff pref]
[  +0.000007] pci 0000:01:00.1: enabling Extended Tags
[  +0.000042] pci 0000:01:00.1: PME# supported from D3hot D3cold
[  +0.000111] pci 0000:01:00.2: [1022:43e9] type 01 class 0x060400
[  +0.000042] pci 0000:01:00.2: enabling Extended Tags
[  +0.000047] pci 0000:01:00.2: PME# supported from D3hot D3cold
[  +0.000133] pci 0000:00:02.1: PCI bridge to [bus 01-08]
[  +0.000003] pci 0000:00:02.1:   bridge window [io  0xf000-0xffff]
[  +0.000003] pci 0000:00:02.1:   bridge window [mem 0xfcd00000-0xfcefffff]
[  +0.000003] pci 0000:00:02.1:   bridge window [mem 0xe0300000-0xe03fffff 64bit pref]
[  +0.000154] pci 0000:02:00.0: [1022:43ea] type 01 class 0x060400
[  +0.000045] pci 0000:02:00.0: enabling Extended Tags
[  +0.000055] pci 0000:02:00.0: PME# supported from D3hot D3cold
[  +0.000134] pci 0000:02:01.0: [1022:43ea] type 01 class 0x060400
[  +0.000045] pci 0000:02:01.0: enabling Extended Tags
[  +0.000055] pci 0000:02:01.0: PME# supported from D3hot D3cold
[  +0.000129] pci 0000:02:02.0: [1022:43ea] type 01 class 0x060400
[  +0.000045] pci 0000:02:02.0: enabling Extended Tags
[  +0.000056] pci 0000:02:02.0: PME# supported from D3hot D3cold
[  +0.000132] pci 0000:02:03.0: [1022:43ea] type 01 class 0x060400
[  +0.000046] pci 0000:02:03.0: enabling Extended Tags
[  +0.000055] pci 0000:02:03.0: PME# supported from D3hot D3cold
[  +0.000134] pci 0000:02:04.0: [1022:43ea] type 01 class 0x060400
[  +0.000045] pci 0000:02:04.0: enabling Extended Tags
[  +0.000055] pci 0000:02:04.0: PME# supported from D3hot D3cold
[  +0.000134] pci 0000:02:08.0: [1022:43ea] type 01 class 0x060400
[  +0.000045] pci 0000:02:08.0: enabling Extended Tags
[  +0.000055] pci 0000:02:08.0: PME# supported from D3hot D3cold
[  +0.000141] pci 0000:01:00.2: PCI bridge to [bus 02-08]
[  +0.000006] pci 0000:01:00.2:   bridge window [io  0xf000-0xffff]
[  +0.000003] pci 0000:01:00.2:   bridge window [mem 0xfcd00000-0xfcdfffff]
[  +0.000005] pci 0000:01:00.2:   bridge window [mem 0xe0300000-0xe03fffff 64bit pref]
[  +0.000053] pci 0000:02:00.0: PCI bridge to [bus 03]
[  +0.000063] pci 0000:02:01.0: PCI bridge to [bus 04]
[  +0.000088] pci 0000:05:00.0: [10ec:8168] type 00 class 0x020000
[  +0.000024] pci 0000:05:00.0: reg 0x10: [io  0xf000-0xf0ff]
[  +0.000029] pci 0000:05:00.0: reg 0x18: [mem 0xe0304000-0xe0304fff 64bit pref]
[  +0.000019] pci 0000:05:00.0: reg 0x20: [mem 0xe0300000-0xe0303fff 64bit pref]
[  +0.000138] pci 0000:05:00.0: supports D1 D2
[  +0.000002] pci 0000:05:00.0: PME# supported from D0 D1 D2 D3hot D3cold
[  +0.000240] pci 0000:02:02.0: PCI bridge to [bus 05]
[  +0.000005] pci 0000:02:02.0:   bridge window [io  0xf000-0xffff]
[  +0.000007] pci 0000:02:02.0:   bridge window [mem 0xe0300000-0xe03fffff 64bit pref]
[  +0.000049] pci 0000:02:03.0: PCI bridge to [bus 06]
[  +0.000083] pci 0000:07:00.0: [1344:5404] type 00 class 0x010802
[  +0.000030] pci 0000:07:00.0: reg 0x10: [mem 0xfcd00000-0xfcd03fff 64bit]
[  +0.000397] pci 0000:02:04.0: PCI bridge to [bus 07]
[  +0.000007] pci 0000:02:04.0:   bridge window [mem 0xfcd00000-0xfcdfffff]
[  +0.000044] pci 0000:02:08.0: PCI bridge to [bus 08]
[  +0.000087] pci 0000:09:00.0: [1179:010f] type 00 class 0x010802
[  +0.000014] pci 0000:09:00.0: reg 0x10: [mem 0xfcf00000-0xfcf03fff 64bit]
[  +0.000174] pci 0000:00:02.2: PCI bridge to [bus 09]
[  +0.000005] pci 0000:00:02.2:   bridge window [mem 0xfcf00000-0xfcffffff]
[  +0.000100] pci 0000:0a:00.0: [1002:1638] type 00 class 0x030000
[  +0.000011] pci 0000:0a:00.0: reg 0x10: [mem 0xd0000000-0xdfffffff 64bit pref]
[  +0.000008] pci 0000:0a:00.0: reg 0x18: [mem 0xe0000000-0xe01fffff 64bit pref]
[  +0.000005] pci 0000:0a:00.0: reg 0x20: [io  0xe000-0xe0ff]
[  +0.000005] pci 0000:0a:00.0: reg 0x24: [mem 0xfcc00000-0xfcc7ffff]
[  +0.000009] pci 0000:0a:00.0: enabling Extended Tags
[  +0.000013] pci 0000:0a:00.0: BAR 0: assigned to efifb
[  +0.000039] pci 0000:0a:00.0: PME# supported from D1 D2 D3hot D3cold
[  +0.000034] pci 0000:0a:00.0: 126.016 Gb/s available PCIe bandwidth, limited by 8.0 GT/s PCIe x16 link at 0000:00:08.1 (capable of 252.048 Gb/s with 16.0 GT/s PCIe x16 link)
[  +0.000109] pci 0000:0a:00.1: [1002:1637] type 00 class 0x040300
[  +0.000007] pci 0000:0a:00.1: reg 0x10: [mem 0xfcc88000-0xfcc8bfff]
[  +0.000021] pci 0000:0a:00.1: enabling Extended Tags
[  +0.000033] pci 0000:0a:00.1: PME# supported from D1 D2 D3hot D3cold
[  +0.000099] pci 0000:0a:00.2: [1022:15df] type 00 class 0x108000
[  +0.000013] pci 0000:0a:00.2: reg 0x18: [mem 0xfcb00000-0xfcbfffff]
[  +0.000010] pci 0000:0a:00.2: reg 0x24: [mem 0xfcc8c000-0xfcc8dfff]
[  +0.000007] pci 0000:0a:00.2: enabling Extended Tags
[  +0.000128] pci 0000:0a:00.3: [1022:1639] type 00 class 0x0c0330
[  +0.000011] pci 0000:0a:00.3: reg 0x10: [mem 0xfca00000-0xfcafffff 64bit]
[  +0.000023] pci 0000:0a:00.3: enabling Extended Tags
[  +0.000034] pci 0000:0a:00.3: PME# supported from D0 D3hot D3cold
[  +0.000106] pci 0000:0a:00.4: [1022:1639] type 00 class 0x0c0330
[  +0.000011] pci 0000:0a:00.4: reg 0x10: [mem 0xfc900000-0xfc9fffff 64bit]
[  +0.000023] pci 0000:0a:00.4: enabling Extended Tags
[  +0.000034] pci 0000:0a:00.4: PME# supported from D0 D3hot D3cold
[  +0.000106] pci 0000:0a:00.6: [1022:15e3] type 00 class 0x040300
[  +0.000007] pci 0000:0a:00.6: reg 0x10: [mem 0xfcc80000-0xfcc87fff]
[  +0.000021] pci 0000:0a:00.6: enabling Extended Tags
[  +0.000032] pci 0000:0a:00.6: PME# supported from D0 D3hot D3cold
[  +0.000117] pci 0000:00:08.1: PCI bridge to [bus 0a]
[  +0.000003] pci 0000:00:08.1:   bridge window [io  0xe000-0xefff]
[  +0.000002] pci 0000:00:08.1:   bridge window [mem 0xfc900000-0xfccfffff]
[  +0.000003] pci 0000:00:08.1:   bridge window [mem 0xd0000000-0xe01fffff 64bit pref]
[  +0.000757] ACPI: PCI: Interrupt link LNKA configured for IRQ 0
[  +0.000086] ACPI: PCI: Interrupt link LNKB configured for IRQ 0
[  +0.000076] ACPI: PCI: Interrupt link LNKC configured for IRQ 0
[  +0.000092] ACPI: PCI: Interrupt link LNKD configured for IRQ 0
[  +0.000083] ACPI: PCI: Interrupt link LNKE configured for IRQ 0
[  +0.000070] ACPI: PCI: Interrupt link LNKF configured for IRQ 0
[  +0.000074] ACPI: PCI: Interrupt link LNKG configured for IRQ 0
[  +0.000069] ACPI: PCI: Interrupt link LNKH configured for IRQ 0
[  +0.001218] iommu: Default domain type: Translated 
[  +0.000000] iommu: DMA domain TLB invalidation policy: strict mode (set via kernel command line)
[  +0.000000] SCSI subsystem initialized
[  +0.000000] libata version 3.00 loaded.
[  +0.000000] ACPI: bus type USB registered
[  +0.000000] usbcore: registered new interface driver usbfs
[  +0.000000] usbcore: registered new interface driver hub
[  +0.000000] usbcore: registered new device driver usb
[  +0.004051] pps_core: LinuxPPS API ver. 1 registered
[  +0.000002] pps_core: Software ver. 5.3.6 - Copyright 2005-2007 Rodolfo Giometti <giometti@linux.it>
[  +0.000004] PTP clock support registered
[  +0.000008] EDAC MC: Ver: 3.0.0
[  +0.000091] Registered efivars operations
[  +0.000000] NetLabel: Initializing
[  +0.000000] NetLabel:  domain hash size = 128
[  +0.000000] NetLabel:  protocols = UNLABELED CIPSOv4 CALIPSO
[  +0.000000] NetLabel:  unlabeled traffic allowed by default
[  +0.000000] mctp: management component transport protocol core
[  +0.000000] NET: Registered PF_MCTP protocol family
[  +0.000000] PCI: Using ACPI for IRQ routing
[  +0.004479] PCI: pci_cache_line_size set to 64 bytes
[  +0.000060] e820: reserve RAM buffer [mem 0x09d1f000-0x0bffffff]
[  +0.000015] e820: reserve RAM buffer [mem 0x0a200000-0x0bffffff]
[  +0.000002] e820: reserve RAM buffer [mem 0x0b000000-0x0bffffff]
[  +0.000001] e820: reserve RAM buffer [mem 0xb1bf3018-0xb3ffffff]
[  +0.000001] e820: reserve RAM buffer [mem 0xbe276000-0xbfffffff]
[  +0.000001] e820: reserve RAM buffer [mem 0xc0272000-0xc3ffffff]
[  +0.000002] e820: reserve RAM buffer [mem 0xc22f7000-0xc3ffffff]
[  +0.000001] e820: reserve RAM buffer [mem 0xc3c74000-0xc3ffffff]
[  +0.000001] e820: reserve RAM buffer [mem 0x40e300000-0x40fffffff]
[  +0.000020] pci 0000:0a:00.0: vgaarb: setting as boot VGA device
[  +0.000000] pci 0000:0a:00.0: vgaarb: bridge control possible
[  +0.000000] pci 0000:0a:00.0: vgaarb: VGA device added: decodes=io+mem,owns=none,locks=none
[  +0.000000] vgaarb: loaded
[  +0.000241] hpet0: at MMIO 0xfed00000, IRQs 2, 8, 0
[  +0.000004] hpet0: 3 comparators, 32-bit 14.318180 MHz counter
[  +0.002076] clocksource: Switched to clocksource hpet
[  +0.011609] VFS: Disk quotas dquot_6.6.0
[  +0.000019] VFS: Dquot-cache hash table entries: 512 (order 0, 4096 bytes)
[  +0.000200] AppArmor: AppArmor Filesystem Enabled
[  +0.000045] pnp: PnP ACPI init
[  +0.000130] system 00:00: [mem 0xf0000000-0xf7ffffff] has been reserved
[  +0.000119] system 00:01: [mem 0x410000000-0x42fffffff window] has been reserved
[  +0.000339] system 00:03: [io  0x0290-0x029f] has been reserved
[  +0.000002] system 00:03: [io  0x0200-0x021f] has been reserved
[  +0.000405] system 00:04: [io  0x04d0-0x04d1] has been reserved
[  +0.000002] system 00:04: [io  0x040b] has been reserved
[  +0.000001] system 00:04: [io  0x04d6] has been reserved
[  +0.000002] system 00:04: [io  0x0c00-0x0c01] has been reserved
[  +0.000001] system 00:04: [io  0x0c14] has been reserved
[  +0.000004] system 00:04: [io  0x0c50-0x0c51] has been reserved
[  +0.000002] system 00:04: [io  0x0c52] has been reserved
[  +0.000001] system 00:04: [io  0x0c6c] has been reserved
[  +0.000002] system 00:04: [io  0x0c6f] has been reserved
[  +0.000001] system 00:04: [io  0x0cd8-0x0cdf] has been reserved
[  +0.000002] system 00:04: [io  0x0800-0x089f] has been reserved
[  +0.000001] system 00:04: [io  0x0b00-0x0b0f] has been reserved
[  +0.000002] system 00:04: [io  0x0b20-0x0b3f] has been reserved
[  +0.000001] system 00:04: [io  0x0900-0x090f] has been reserved
[  +0.000002] system 00:04: [io  0x0910-0x091f] has been reserved
[  +0.000002] system 00:04: [mem 0xfec00000-0xfec00fff] could not be reserved
[  +0.000002] system 00:04: [mem 0xfec01000-0xfec01fff] could not be reserved
[  +0.000002] system 00:04: [mem 0xfedc0000-0xfedc0fff] has been reserved
[  +0.000002] system 00:04: [mem 0xfee00000-0xfee00fff] has been reserved
[  +0.000002] system 00:04: [mem 0xfed80000-0xfed8ffff] could not be reserved
[  +0.000002] system 00:04: [mem 0xfec10000-0xfec10fff] has been reserved
[  +0.000002] system 00:04: [mem 0xff000000-0xffffffff] has been reserved
[  +0.001178] pnp: PnP ACPI: found 5 devices
[  +0.006443] clocksource: acpi_pm: mask: 0xffffff max_cycles: 0xffffff, max_idle_ns: 2085701024 ns
[  +0.000095] NET: Registered PF_INET protocol family
[  +0.000403] IP idents hash table entries: 262144 (order: 9, 2097152 bytes, linear)
[  +0.001908] tcp_listen_portaddr_hash hash table entries: 8192 (order: 5, 131072 bytes, linear)
[  +0.000031] Table-perturb hash table entries: 65536 (order: 6, 262144 bytes, linear)
[  +0.000114] TCP established hash table entries: 131072 (order: 8, 1048576 bytes, linear)
[  +0.000247] TCP bind hash table entries: 65536 (order: 9, 2097152 bytes, linear)
[  +0.000080] TCP: Hash tables configured (established 131072 bind 65536)
[  +0.000160] MPTCP token hash table entries: 16384 (order: 6, 393216 bytes, linear)
[  +0.000036] UDP hash table entries: 8192 (order: 6, 262144 bytes, linear)
[  +0.000037] UDP-Lite hash table entries: 8192 (order: 6, 262144 bytes, linear)
[  +0.000086] NET: Registered PF_UNIX/PF_LOCAL protocol family
[  +0.000010] NET: Registered PF_XDP protocol family
[  +0.000009] pci 0000:02:00.0: PCI bridge to [bus 03]
[  +0.000015] pci 0000:02:01.0: PCI bridge to [bus 04]
[  +0.000011] pci 0000:02:02.0: PCI bridge to [bus 05]
[  +0.000002] pci 0000:02:02.0:   bridge window [io  0xf000-0xffff]
[  +0.000006] pci 0000:02:02.0:   bridge window [mem 0xe0300000-0xe03fffff 64bit pref]
[  +0.000005] pci 0000:02:03.0: PCI bridge to [bus 06]
[  +0.000010] pci 0000:02:04.0: PCI bridge to [bus 07]
[  +0.000004] pci 0000:02:04.0:   bridge window [mem 0xfcd00000-0xfcdfffff]
[  +0.000007] pci 0000:02:08.0: PCI bridge to [bus 08]
[  +0.000010] pci 0000:01:00.2: PCI bridge to [bus 02-08]
[  +0.000002] pci 0000:01:00.2:   bridge window [io  0xf000-0xffff]
[  +0.000004] pci 0000:01:00.2:   bridge window [mem 0xfcd00000-0xfcdfffff]
[  +0.000003] pci 0000:01:00.2:   bridge window [mem 0xe0300000-0xe03fffff 64bit pref]
[  +0.000006] pci 0000:00:02.1: PCI bridge to [bus 01-08]
[  +0.000001] pci 0000:00:02.1:   bridge window [io  0xf000-0xffff]
[  +0.000003] pci 0000:00:02.1:   bridge window [mem 0xfcd00000-0xfcefffff]
[  +0.000002] pci 0000:00:02.1:   bridge window [mem 0xe0300000-0xe03fffff 64bit pref]
[  +0.000003] pci 0000:00:02.2: PCI bridge to [bus 09]
[  +0.000003] pci 0000:00:02.2:   bridge window [mem 0xfcf00000-0xfcffffff]
[  +0.000004] pci 0000:00:08.1: PCI bridge to [bus 0a]
[  +0.000002] pci 0000:00:08.1:   bridge window [io  0xe000-0xefff]
[  +0.000002] pci 0000:00:08.1:   bridge window [mem 0xfc900000-0xfccfffff]
[  +0.000002] pci 0000:00:08.1:   bridge window [mem 0xd0000000-0xe01fffff 64bit pref]
[  +0.000004] pci_bus 0000:00: resource 4 [io  0x0000-0x03af window]
[  +0.000002] pci_bus 0000:00: resource 5 [io  0x03e0-0x0cf7 window]
[  +0.000001] pci_bus 0000:00: resource 6 [io  0x03b0-0x03df window]
[  +0.000001] pci_bus 0000:00: resource 7 [io  0x0d00-0xffff window]
[  +0.000001] pci_bus 0000:00: resource 8 [mem 0x000a0000-0x000dffff window]
[  +0.000002] pci_bus 0000:00: resource 9 [mem 0xd0000000-0xfec2ffff window]
[  +0.000001] pci_bus 0000:00: resource 10 [mem 0xfee00000-0xffffffff window]
[  +0.000002] pci_bus 0000:01: resource 0 [io  0xf000-0xffff]
[  +0.000001] pci_bus 0000:01: resource 1 [mem 0xfcd00000-0xfcefffff]
[  +0.000001] pci_bus 0000:01: resource 2 [mem 0xe0300000-0xe03fffff 64bit pref]
[  +0.000002] pci_bus 0000:02: resource 0 [io  0xf000-0xffff]
[  +0.000001] pci_bus 0000:02: resource 1 [mem 0xfcd00000-0xfcdfffff]
[  +0.000001] pci_bus 0000:02: resource 2 [mem 0xe0300000-0xe03fffff 64bit pref]
[  +0.000002] pci_bus 0000:05: resource 0 [io  0xf000-0xffff]
[  +0.000001] pci_bus 0000:05: resource 2 [mem 0xe0300000-0xe03fffff 64bit pref]
[  +0.000001] pci_bus 0000:07: resource 1 [mem 0xfcd00000-0xfcdfffff]
[  +0.000002] pci_bus 0000:09: resource 1 [mem 0xfcf00000-0xfcffffff]
[  +0.000001] pci_bus 0000:0a: resource 0 [io  0xe000-0xefff]
[  +0.000001] pci_bus 0000:0a: resource 1 [mem 0xfc900000-0xfccfffff]
[  +0.000001] pci_bus 0000:0a: resource 2 [mem 0xd0000000-0xe01fffff 64bit pref]
[  +0.000282] pci 0000:0a:00.1: D0 power state depends on 0000:0a:00.0
[  +0.000008] pci 0000:0a:00.3: extending delay after power-on from D3hot to 20 msec
[  +0.000164] pci 0000:0a:00.4: extending delay after power-on from D3hot to 20 msec
[  +0.000095] PCI: CLS 64 bytes, default 64
[  +0.000009] pci 0000:00:00.2: AMD-Vi: IOMMU performance counters supported
[  +0.000041] pci 0000:00:01.0: Adding to iommu group 0
[  +0.000002] Trying to unpack rootfs image as initramfs...
[  +0.000016] pci 0000:00:02.0: Adding to iommu group 1
[  +0.000014] pci 0000:00:02.1: Adding to iommu group 2
[  +0.000018] pci 0000:00:02.2: Adding to iommu group 3
[  +0.000018] pci 0000:00:08.0: Adding to iommu group 4
[  +0.000012] pci 0000:00:08.1: Adding to iommu group 5
[  +0.000020] pci 0000:00:14.0: Adding to iommu group 6
[  +0.000010] pci 0000:00:14.3: Adding to iommu group 6
[  +0.000046] pci 0000:00:18.0: Adding to iommu group 7
[  +0.000011] pci 0000:00:18.1: Adding to iommu group 7
[  +0.000011] pci 0000:00:18.2: Adding to iommu group 7
[  +0.000015] pci 0000:00:18.3: Adding to iommu group 7
[  +0.000010] pci 0000:00:18.4: Adding to iommu group 7
[  +0.000014] pci 0000:00:18.5: Adding to iommu group 7
[  +0.000013] pci 0000:00:18.6: Adding to iommu group 7
[  +0.000011] pci 0000:00:18.7: Adding to iommu group 7
[  +0.000024] pci 0000:01:00.0: Adding to iommu group 8
[  +0.000012] pci 0000:01:00.1: Adding to iommu group 8
[  +0.000011] pci 0000:01:00.2: Adding to iommu group 8
[  +0.000006] pci 0000:02:00.0: Adding to iommu group 8
[  +0.000005] pci 0000:02:01.0: Adding to iommu group 8
[  +0.000008] pci 0000:02:02.0: Adding to iommu group 8
[  +0.000005] pci 0000:02:03.0: Adding to iommu group 8
[  +0.000005] pci 0000:02:04.0: Adding to iommu group 8
[  +0.000005] pci 0000:02:08.0: Adding to iommu group 8
[  +0.000006] pci 0000:05:00.0: Adding to iommu group 8
[  +0.000006] pci 0000:07:00.0: Adding to iommu group 8
[  +0.000015] pci 0000:09:00.0: Adding to iommu group 9
[  +0.000018] pci 0000:0a:00.0: Adding to iommu group 10
[  +0.000013] pci 0000:0a:00.1: Adding to iommu group 11
[  +0.000014] pci 0000:0a:00.2: Adding to iommu group 12
[  +0.000015] pci 0000:0a:00.3: Adding to iommu group 13
[  +0.000014] pci 0000:0a:00.4: Adding to iommu group 14
[  +0.000013] pci 0000:0a:00.6: Adding to iommu group 15
[  +0.003802] pci 0000:00:00.2: can't derive routing for PCI INT A
[  +0.000003] pci 0000:00:00.2: PCI INT A: not connected
[  +0.000197] pci 0000:00:00.2: AMD-Vi: Found IOMMU cap 0x40
[  +0.000001] AMD-Vi: Extended features (0x206d73ef22254ade, 0x0): PPR X2APIC NX GT IA GA PC GA_vAPIC
[  +0.000007] AMD-Vi: Interrupt remapping enabled
[  +0.000001] AMD-Vi: X2APIC enabled
[  +0.001291] AMD-Vi: Virtual APIC enabled
[  +0.000084] PCI-DMA: Using software bounce buffering for IO (SWIOTLB)
[  +0.000002] software IO TLB: mapped [mem 0x00000000b7108000-0x00000000bb108000] (64MB)
[  +0.000358] LVT offset 0 assigned for vector 0x400
[  +0.000105] perf: AMD IBS detected (0x000003ff)
[  +0.000007] perf/amd_iommu: Detected AMD IOMMU #0 (2 banks, 4 counters/bank).
[  +0.001459] Initialise system trusted keyrings
[  +0.000014] Key type blacklist registered
[  +0.000051] workingset: timestamp_bits=41 max_order=22 bucket_order=0
[  +0.002543] zbud: loaded
[  +0.000443] integrity: Platform Keyring initialized
[  +0.000003] integrity: Machine keyring initialized
[  +0.002529] Key type asymmetric registered
[  +0.000001] Asymmetric key parser 'x509' registered
[  +0.059481] Freeing initrd memory: 34772K
[  +0.003460] alg: self-tests for CTR-KDF (hmac(sha256)) passed
[  +0.000020] Block layer SCSI generic (bsg) driver version 0.4 loaded (major 242)
[  +0.000065] io scheduler mq-deadline registered
[  +0.000001] io scheduler kyber registered
[  +0.000054] io scheduler bfq registered
[  +0.002546] shpchp: Standard Hot Plug PCI Controller Driver version: 0.4
[  +0.000185] input: Power Button as /devices/LNXSYSTM:00/LNXSYBUS:00/PNP0C0C:00/input/input0
[  +0.000027] ACPI: button: Power Button [PWRB]
[  +0.000040] input: Power Button as /devices/LNXSYSTM:00/LNXPWRBN:00/input/input1
[  +0.000050] ACPI: button: Power Button [PWRF]
[  +0.000108] Estimated ratio of average max frequency by base frequency (times 1024): 1141
[  +0.000019] Monitor-Mwait will be used to enter C-1 state
[  +0.000007] ACPI: \_SB_.PLTF.C000: Found 3 idle states
[  +0.000127] ACPI: \_SB_.PLTF.C001: Found 3 idle states
[  +0.000128] ACPI: \_SB_.PLTF.C002: Found 3 idle states
[  +0.000168] ACPI: \_SB_.PLTF.C003: Found 3 idle states
[  +0.000155] ACPI: \_SB_.PLTF.C004: Found 3 idle states
[  +0.000152] ACPI: \_SB_.PLTF.C005: Found 3 idle states
[  +0.000166] ACPI: \_SB_.PLTF.C006: Found 3 idle states
[  +0.000174] ACPI: \_SB_.PLTF.C007: Found 3 idle states
[  +0.000323] Serial: 8250/16550 driver, 32 ports, IRQ sharing enabled
[  +0.000171] serial8250: ttyS0 at I/O 0x3f8 (irq = 4, base_baud = 115200) is a 16550A
[  +0.001983] Non-volatile memory driver v1.3
[  +0.000002] Linux agpgart interface v0.103
[  +0.000159] AMD-Vi: AMD IOMMUv2 loaded and initialized
[  +0.000040] ACPI: bus type drm_connector registered
[  +0.001314] ahci 0000:01:00.1: version 3.0
[  +0.000116] ahci 0000:01:00.1: SSS flag set, parallel bus scan disabled
[  +0.000046] ahci 0000:01:00.1: AHCI 0001.0301 32 slots 6 ports 6 Gbps 0x3f impl SATA mode
[  +0.000003] ahci 0000:01:00.1: flags: 64bit ncq sntf stag pm led clo only pmp pio slum part sxs deso sadm sds apst 
[  +0.000623] scsi host0: ahci
[  +0.000189] scsi host1: ahci
[  +0.000160] scsi host2: ahci
[  +0.000154] scsi host3: ahci
[  +0.000174] scsi host4: ahci
[  +0.000139] scsi host5: ahci
[  +0.000049] ata1: SATA max UDMA/133 abar m131072@0xfce80000 port 0xfce80100 irq 40
[  +0.000003] ata2: SATA max UDMA/133 abar m131072@0xfce80000 port 0xfce80180 irq 40
[  +0.000002] ata3: SATA max UDMA/133 abar m131072@0xfce80000 port 0xfce80200 irq 40
[  +0.000001] ata4: SATA max UDMA/133 abar m131072@0xfce80000 port 0xfce80280 irq 40
[  +0.000002] ata5: SATA max UDMA/133 abar m131072@0xfce80000 port 0xfce80300 irq 40
[  +0.000002] ata6: SATA max UDMA/133 abar m131072@0xfce80000 port 0xfce80380 irq 40
[  +0.000136] usbcore: registered new interface driver usbserial_generic
[  +0.000005] usbserial: USB Serial support registered for generic
[  +0.000074] rtc_cmos 00:02: RTC can wake from S4
[  +0.000239] rtc_cmos 00:02: registered as rtc0
[  +0.000038] rtc_cmos 00:02: setting system clock to 2023-08-15T17:53:22 UTC (1692122002)
[  +0.000026] rtc_cmos 00:02: alarms up to one month, y3k, 114 bytes nvram, hpet irqs
[  +0.000148] ledtrig-cpu: registered to indicate activity on CPUs
[  +0.000326] efifb: probing for efifb
[  +0.000031] efifb: framebuffer at 0xd0000000, using 8100k, total 8100k
[  +0.000002] efifb: mode is 1920x1080x32, linelength=7680, pages=1
[  +0.000001] efifb: scrolling: redraw
[  +0.000001] efifb: Truecolor: size=8:8:8:8, shift=24:16:8:0
[  +0.000044] fbcon: Deferring console take-over
[  +0.000001] fb0: EFI VGA frame buffer device
[  +0.000031] hid: raw HID events driver (C) Jiri Kosina
[  +0.000080] drop_monitor: Initializing network drop monitor service
[  +0.008966] Initializing XFRM netlink socket
[  +0.000144] NET: Registered PF_INET6 protocol family
[  +0.003462] Segment Routing with IPv6
[  +0.000002] RPL Segment Routing with IPv6
[  +0.000008] In-situ OAM (IOAM) with IPv6
[  +0.000022] NET: Registered PF_PACKET protocol family
[  +0.001334] microcode: CPU0: patch_level=0x0a50000d
[  +0.000005] microcode: CPU1: patch_level=0x0a50000d
[  +0.000007] microcode: CPU2: patch_level=0x0a50000d
[  +0.000009] microcode: CPU3: patch_level=0x0a50000d
[  +0.000017] microcode: CPU4: patch_level=0x0a50000d
[  +0.000022] microcode: CPU5: patch_level=0x0a50000d
[  +0.000018] microcode: CPU6: patch_level=0x0a50000d
[  +0.000009] microcode: CPU7: patch_level=0x0a50000d
[  +0.000004] microcode: Microcode Update Driver: v2.2.
[  +0.000140] resctrl: L3 allocation detected
[  +0.000001] resctrl: MB allocation detected
[  +0.000001] resctrl: L3 monitoring detected
[  +0.000002] IPI shorthand broadcast: enabled
[  +0.000228] registered taskstats version 1
[  +0.000241] Loading compiled-in X.509 certificates
[  +0.002057] Loaded X.509 cert 'Build time autogenerated kernel key: b8298a4de3542cd1f2afb7e0079e512badf03353'
[  +0.001100] zswap: loaded using pool lz4/z3fold
[  +0.000283] Key type .fscrypt registered
[  +0.000001] Key type fscrypt-provisioning registered
[  +0.000046] AppArmor: AppArmor sha1 policy hashing enabled
[  +0.000080] integrity: Loading X.509 certificate: UEFI:db
[  +0.000294] integrity: Loaded X.509 cert 'ASUSTeK MotherBoard SW Key Certificate: da83b990422ebc8c441f8d8b039a65a2'
[  +0.000001] integrity: Loading X.509 certificate: UEFI:db
[  +0.000103] integrity: Loaded X.509 cert 'ASUSTeK Notebook SW Key Certificate: b8e581e4df77a5bb4282d5ccfc00c071'
[  +0.000001] integrity: Loading X.509 certificate: UEFI:db
[  +0.000014] integrity: Loaded X.509 cert 'Microsoft Corporation UEFI CA 2011: 13adbf4309bd82709c8cd54f316ed522988a1bd4'
[  +0.000001] integrity: Loading X.509 certificate: UEFI:db
[  +0.000022] integrity: Loaded X.509 cert 'Microsoft Windows Production PCA 2011: a92902398e16c49778cd90f99e4f9ae17c55af53'
[  +0.000001] integrity: Loading X.509 certificate: UEFI:db
[  +0.000105] integrity: Loaded X.509 cert 'Canonical Ltd. Master Certificate Authority: ad91990bc22ab1f517048c23b6655a268e345a63'
[  +0.002113] PM:   Magic number: 3:283:896
[  +0.000211] RAS: Correctable Errors collector initialized.
[  +0.000017] Lockdown: swapper/0: hibernation is restricted; see man kernel_lockdown.7
[  +0.292079] ata1: SATA link down (SStatus 0 SControl 330)
[  +0.313325] ata2: SATA link down (SStatus 0 SControl 330)
[  +0.313243] ata3: SATA link down (SStatus 0 SControl 300)
[  +0.313321] ata4: SATA link down (SStatus 0 SControl 300)
[  +0.313327] ata5: SATA link down (SStatus 0 SControl 330)
[  +0.313520] ata6: SATA link down (SStatus 0 SControl 330)
[  +0.002214] Freeing unused decrypted memory: 2036K
[  +0.000378] Freeing unused kernel image (initmem) memory: 2148K
[  +0.000052] Write protecting the kernel read-only data: 30720k
[  +0.000529] Freeing unused kernel image (text/rodata gap) memory: 2040K
[  +0.000173] Freeing unused kernel image (rodata/data gap) memory: 680K
[  +0.039872] x86/mm: Checked W+X mappings: passed, no W+X pages found.
[  +0.000005] rodata_test: all tests were successful
[  +0.000003] x86/mm: Checking user space page tables
[  +0.038068] x86/mm: Checked W+X mappings: passed, no W+X pages found.
[  +0.000010] Run /init as init process
[  +0.000002]   with arguments:
[  +0.000001]     /init
[  +0.000001]     extra_latent_entropy
[  +0.000001]   with environment:
[  +0.000001]     HOME=/
[  +0.000001]     TERM=linux
[  +0.000001]     BOOT_IMAGE=/vmlinuz-linux-lts
[  +0.000001]     kasan_multi_shot=on
[  +0.000001]     pti=on
[  +0.000000]     mem_encrypt=on
[  +0.000001]     noexec=on
[  +0.016473] fbcon: Taking over console
[  +0.000069] Console: switching to colour frame buffer device 240x67
[  +0.161212] xhci_hcd 0000:01:00.0: xHCI Host Controller
[  +0.000008] xhci_hcd 0000:01:00.0: new USB bus registered, assigned bus number 1
[  +0.012850] nvme 0000:07:00.0: platform quirk: setting simple suspend
[  +0.000055] nvme nvme0: pci function 0000:07:00.0
[  +0.000277] nvme 0000:09:00.0: platform quirk: setting simple suspend
[  +0.000041] nvme nvme1: pci function 0000:09:00.0
[  +0.005553] nvme nvme1: 7/0/0 default/read/poll queues
[  +0.001566]  nvme1n1: p1 p2 p3
[  +0.013772] nvme nvme0: 15/0/0 default/read/poll queues
[  +0.006255]  nvme0n1: p1
[  +0.015047] xhci_hcd 0000:01:00.0: hcc params 0x0200ef81 hci version 0x110 quirks 0x0000000000000410
[  +0.000585] xhci_hcd 0000:01:00.0: xHCI Host Controller
[  +0.000008] xhci_hcd 0000:01:00.0: new USB bus registered, assigned bus number 2
[  +0.000003] xhci_hcd 0000:01:00.0: Host supports USB 3.1 Enhanced SuperSpeed
[  +0.000064] usb usb1: New USB device found, idVendor=1d6b, idProduct=0002, bcdDevice= 6.01
[  +0.000002] usb usb1: New USB device strings: Mfr=3, Product=2, SerialNumber=1
[  +0.000002] usb usb1: Product: xHCI Host Controller
[  +0.000001] usb usb1: Manufacturer: Linux 6.1.45-1-lts xhci-hcd
[  +0.000002] usb usb1: SerialNumber: 0000:01:00.0
[  +0.000226] hub 1-0:1.0: USB hub found
[  +0.000018] hub 1-0:1.0: 10 ports detected
[  +0.018202] usb usb2: We don't know the algorithms for LPM for this host, disabling LPM.
[  +0.000027] usb usb2: New USB device found, idVendor=1d6b, idProduct=0003, bcdDevice= 6.01
[  +0.000009] usb usb2: New USB device strings: Mfr=3, Product=2, SerialNumber=1
[  +0.000001] usb usb2: Product: xHCI Host Controller
[  +0.000002] usb usb2: Manufacturer: Linux 6.1.45-1-lts xhci-hcd
[  +0.000001] usb usb2: SerialNumber: 0000:01:00.0
[  +0.000148] hub 2-0:1.0: USB hub found
[  +0.000009] hub 2-0:1.0: 4 ports detected
[  +0.008124] xhci_hcd 0000:0a:00.3: xHCI Host Controller
[  +0.000005] xhci_hcd 0000:0a:00.3: new USB bus registered, assigned bus number 3
[  +0.000105] xhci_hcd 0000:0a:00.3: hcc params 0x0268ffe5 hci version 0x110 quirks 0x0000020000000410
[  +0.000430] xhci_hcd 0000:0a:00.3: xHCI Host Controller
[  +0.000003] xhci_hcd 0000:0a:00.3: new USB bus registered, assigned bus number 4
[  +0.000003] xhci_hcd 0000:0a:00.3: Host supports USB 3.1 Enhanced SuperSpeed
[  +0.000037] usb usb3: New USB device found, idVendor=1d6b, idProduct=0002, bcdDevice= 6.01
[  +0.000002] usb usb3: New USB device strings: Mfr=3, Product=2, SerialNumber=1
[  +0.000001] usb usb3: Product: xHCI Host Controller
[  +0.000001] usb usb3: Manufacturer: Linux 6.1.45-1-lts xhci-hcd
[  +0.000002] usb usb3: SerialNumber: 0000:0a:00.3
[  +0.000140] hub 3-0:1.0: USB hub found
[  +0.000008] hub 3-0:1.0: 4 ports detected
[  +0.000209] usb usb4: We don't know the algorithms for LPM for this host, disabling LPM.
[  +0.000025] usb usb4: New USB device found, idVendor=1d6b, idProduct=0003, bcdDevice= 6.01
[  +0.000002] usb usb4: New USB device strings: Mfr=3, Product=2, SerialNumber=1
[  +0.000001] usb usb4: Product: xHCI Host Controller
[  +0.000002] usb usb4: Manufacturer: Linux 6.1.45-1-lts xhci-hcd
[  +0.000001] usb usb4: SerialNumber: 0000:0a:00.3
[  +0.000132] hub 4-0:1.0: USB hub found
[  +0.000007] hub 4-0:1.0: 2 ports detected
[  +0.000203] xhci_hcd 0000:0a:00.4: xHCI Host Controller
[  +0.000004] xhci_hcd 0000:0a:00.4: new USB bus registered, assigned bus number 5
[  +0.000103] xhci_hcd 0000:0a:00.4: hcc params 0x0268ffe5 hci version 0x110 quirks 0x0000020000000410
[  +0.000396] xhci_hcd 0000:0a:00.4: xHCI Host Controller
[  +0.000003] xhci_hcd 0000:0a:00.4: new USB bus registered, assigned bus number 6
[  +0.000006] xhci_hcd 0000:0a:00.4: Host supports USB 3.1 Enhanced SuperSpeed
[  +0.000036] usb usb5: New USB device found, idVendor=1d6b, idProduct=0002, bcdDevice= 6.01
[  +0.000002] usb usb5: New USB device strings: Mfr=3, Product=2, SerialNumber=1
[  +0.000001] usb usb5: Product: xHCI Host Controller
[  +0.000002] usb usb5: Manufacturer: Linux 6.1.45-1-lts xhci-hcd
[  +0.000001] usb usb5: SerialNumber: 0000:0a:00.4
[  +0.000136] hub 5-0:1.0: USB hub found
[  +0.000008] hub 5-0:1.0: 4 ports detected
[  +0.000237] usb usb6: We don't know the algorithms for LPM for this host, disabling LPM.
[  +0.000024] usb usb6: New USB device found, idVendor=1d6b, idProduct=0003, bcdDevice= 6.01
[  +0.000002] usb usb6: New USB device strings: Mfr=3, Product=2, SerialNumber=1
[  +0.000001] usb usb6: Product: xHCI Host Controller
[  +0.000001] usb usb6: Manufacturer: Linux 6.1.45-1-lts xhci-hcd
[  +0.000001] usb usb6: SerialNumber: 0000:0a:00.4
[  +0.000126] hub 6-0:1.0: USB hub found
[  +0.000007] hub 6-0:1.0: 2 ports detected
[  +0.237534] usb 1-6: new full-speed USB device number 2 using xhci_hcd
[  +0.010201] usb 3-1: new low-speed USB device number 2 using xhci_hcd
[  +0.157560] usb 3-1: New USB device found, idVendor=09da, idProduct=2268, bcdDevice= 1.04
[  +0.000004] usb 3-1: New USB device strings: Mfr=1, Product=2, SerialNumber=0
[  +0.000002] usb 3-1: Product: USB Keyboard
[  +0.000002] usb 3-1: Manufacturer: SONiX
[  +0.141174] usb 1-6: config 1 has an invalid interface number: 2 but max is 1
[  +0.000003] usb 1-6: config 1 has no interface number 1
[  +0.008140] usb 3-2: new low-speed USB device number 3 using xhci_hcd
[  +0.003463] usb 1-6: New USB device found, idVendor=0b05, idProduct=1939, bcdDevice= 1.00
[  +0.000004] usb 1-6: New USB device strings: Mfr=1, Product=2, SerialNumber=3
[  +0.000002] usb 1-6: Product: AURA LED Controller
[  +0.000002] usb 1-6: Manufacturer: AsusTek Computer Inc.
[  +0.000001] usb 1-6: SerialNumber: 9876543210
[  +0.129862] usb 1-7: new high-speed USB device number 3 using xhci_hcd
[  +0.020302] usb 3-2: New USB device found, idVendor=1bcf, idProduct=0005, bcdDevice= 0.90
[  +0.000003] usb 3-2: New USB device strings: Mfr=0, Product=2, SerialNumber=0
[  +0.000003] usb 3-2: Product: USB Optical Mouse
[  +0.084198] input: SONiX USB Keyboard as /devices/pci0000:00/0000:00:08.1/0000:0a:00.3/usb3/3-1/3-1:1.0/0003:09DA:2268.0001/input/input2
[  +0.000508] [drm] amdgpu kernel modesetting enabled.
[  +0.014286] amdgpu: Virtual CRAT table created for CPU
[  +0.000020] amdgpu: Topology: Add CPU node
[  +0.000111] amdgpu 0000:0a:00.0: enabling device (0006 -> 0007)
[  +0.000048] [drm] initializing kernel modesetting (RENOIR 0x1002:0x1638 0x1043:0x8809 0xC8).
[  +0.000008] [drm] register mmio base: 0xFCC00000
[  +0.000001] [drm] register mmio size: 524288
[  +0.001870] [drm] add ip block number 0 <soc15_common>
[  +0.000002] [drm] add ip block number 1 <gmc_v9_0>
[  +0.000001] [drm] add ip block number 2 <vega10_ih>
[  +0.000001] [drm] add ip block number 3 <psp>
[  +0.000001] [drm] add ip block number 4 <smu>
[  +0.000001] [drm] add ip block number 5 <dm>
[  +0.000001] [drm] add ip block number 6 <gfx_v9_0>
[  +0.000002] [drm] add ip block number 7 <sdma_v4_0>
[  +0.000001] [drm] add ip block number 8 <vcn_v2_0>
[  +0.000001] [drm] add ip block number 9 <jpeg_v2_0>
[  +0.000011] amdgpu 0000:0a:00.0: amdgpu: Fetched VBIOS from VFCT
[  +0.000003] amdgpu: ATOM BIOS: 113-CEZANNE-018
[  +0.000110] [drm] VCN decode is enabled in VM mode
[  +0.000001] [drm] VCN encode is enabled in VM mode
[  +0.000001] [drm] JPEG decode is enabled in VM mode
[  +0.000097] Console: switching to colour dummy device 80x25
[  +0.000025] amdgpu 0000:0a:00.0: vgaarb: deactivate vga console
[  +0.000002] amdgpu 0000:0a:00.0: amdgpu: Trusted Memory Zone (TMZ) feature enabled
[  +0.000006] amdgpu 0000:0a:00.0: amdgpu: MODE2 reset
[  +0.000080] [drm] vm size is 262144 GB, 4 levels, block size is 9-bit, fragment size is 9-bit
[  +0.000006] amdgpu 0000:0a:00.0: amdgpu: VRAM: 512M 0x000000F400000000 - 0x000000F41FFFFFFF (512M used)
[  +0.000002] amdgpu 0000:0a:00.0: amdgpu: GART: 1024M 0x0000000000000000 - 0x000000003FFFFFFF
[  +0.000001] amdgpu 0000:0a:00.0: amdgpu: AGP: 267419648M 0x000000F800000000 - 0x0000FFFFFFFFFFFF
[  +0.000006] [drm] Detected VRAM RAM=512M, BAR=512M
[  +0.000001] [drm] RAM width 128bits DDR4
[  +0.000065] [drm] amdgpu: 512M of VRAM memory ready
[  +0.000001] [drm] amdgpu: 7640M of GTT memory ready.
[  +0.000014] [drm] GART: num cpu pages 262144, num gpu pages 262144
[  +0.000133] [drm] PCIE GART of 1024M enabled.
[  +0.000002] [drm] PTB located at 0x000000F41FC00000
[  +0.000497] amdgpu 0000:0a:00.0: amdgpu: PSP runtime database doesn't exist
[  +0.000001] amdgpu 0000:0a:00.0: amdgpu: PSP runtime database doesn't exist
[  +0.000410] [drm] Loading DMUB firmware via PSP: version=0x01010027
[  +0.001957] [drm] Found VCN firmware Version ENC: 1.20 DEC: 6 VEP: 0 Revision: 0
[  +0.000009] amdgpu 0000:0a:00.0: amdgpu: Will use PSP to load VCN firmware
[  +0.035043] hid-generic 0003:09DA:2268.0001: input,hidraw0: USB HID v1.11 Keyboard [SONiX USB Keyboard] on usb-0000:0a:00.3-1/input0
[  +0.002496] usb 1-7: New USB device found, idVendor=05e3, idProduct=0608, bcdDevice=60.90
[  +0.000004] usb 1-7: New USB device strings: Mfr=0, Product=1, SerialNumber=0
[  +0.000002] usb 1-7: Product: USB2.0 Hub
[  +0.002130] input: SONiX USB Keyboard Consumer Control as /devices/pci0000:00/0000:00:08.1/0000:0a:00.3/usb3/3-1/3-1:1.1/0003:09DA:2268.0002/input/input3
[  +0.005884] hub 1-7:1.0: USB hub found
[  +0.003969] hub 1-7:1.0: 4 ports detected
[  +0.045730] input: SONiX USB Keyboard System Control as /devices/pci0000:00/0000:00:08.1/0000:0a:00.3/usb3/3-1/3-1:1.1/0003:09DA:2268.0002/input/input4
[  +0.000181] hid-generic 0003:09DA:2268.0002: input,hidraw1: USB HID v1.11 Device [SONiX USB Keyboard] on usb-0000:0a:00.3-1/input1
[  +0.006846] hid-generic 0003:0B05:1939.0003: hiddev96,hidraw2: USB HID v1.11 Device [AsusTek Computer Inc. AURA LED Controller] on usb-0000:01:00.0-6/input2
[  +0.005349] input: USB Optical Mouse as /devices/pci0000:00/0000:00:08.1/0000:0a:00.3/usb3/3-2/3-2:1.0/0003:1BCF:0005.0004/input/input5
[  +0.000676] hid-generic 0003:1BCF:0005.0004: input,hidraw3: USB HID v1.10 Mouse [USB Optical Mouse] on usb-0000:0a:00.3-2/input0
[  +0.000033] usbcore: registered new interface driver usbhid
[  +0.000002] usbhid: USB HID core driver
[  +0.610611] [drm] reserve 0x400000 from 0xf41f800000 for PSP TMR
[  +0.086451] amdgpu 0000:0a:00.0: amdgpu: RAS: optional ras ta ucode is not available
[  +0.010982] amdgpu 0000:0a:00.0: amdgpu: RAP: optional rap ta ucode is not available
[  +0.000002] amdgpu 0000:0a:00.0: amdgpu: SECUREDISPLAY: securedisplay ta ucode is not available
[  +0.000992] amdgpu 0000:0a:00.0: amdgpu: SMU is initialized successfully!
[  +0.001213] [drm] Display Core initialized with v3.2.207!
[  +0.000553] [drm] DMUB hardware initialized: version=0x01010027
[  +0.055039] [drm] kiq ring mec 2 pipe 1 q 0
[  +0.003091] [drm] VCN decode and encode initialized successfully(under DPG Mode).
[  +0.000016] [drm] JPEG decode initialized successfully.
[  +0.001955] kfd kfd: amdgpu: Allocated 3969056 bytes on gart
[  +0.000089] amdgpu: sdma_bitmap: 3
[  +0.002017] memmap_init_zone_device initialised 131072 pages in 0ms
[  +0.000005] amdgpu: HMM registered 512MB device memory
[  +0.000021] amdgpu: SRAT table not found
[  +0.000002] amdgpu: Virtual CRAT table created for GPU
[  +0.000106] amdgpu: Topology: Add dGPU node [0x1638:0x1002]
[  +0.000003] kfd kfd: amdgpu: added device 1002:1638
[  +0.000006] amdgpu 0000:0a:00.0: amdgpu: SE 1, SH per SE 1, CU per SH 8, active_cu_number 8
[  +0.000089] amdgpu 0000:0a:00.0: amdgpu: ring gfx uses VM inv eng 0 on hub 0
[  +0.000002] amdgpu 0000:0a:00.0: amdgpu: ring comp_1.0.0 uses VM inv eng 1 on hub 0
[  +0.000001] amdgpu 0000:0a:00.0: amdgpu: ring comp_1.1.0 uses VM inv eng 4 on hub 0
[  +0.000002] amdgpu 0000:0a:00.0: amdgpu: ring comp_1.2.0 uses VM inv eng 5 on hub 0
[  +0.000001] amdgpu 0000:0a:00.0: amdgpu: ring comp_1.3.0 uses VM inv eng 6 on hub 0
[  +0.000001] amdgpu 0000:0a:00.0: amdgpu: ring comp_1.0.1 uses VM inv eng 7 on hub 0
[  +0.000001] amdgpu 0000:0a:00.0: amdgpu: ring comp_1.1.1 uses VM inv eng 8 on hub 0
[  +0.000001] amdgpu 0000:0a:00.0: amdgpu: ring comp_1.2.1 uses VM inv eng 9 on hub 0
[  +0.000001] amdgpu 0000:0a:00.0: amdgpu: ring comp_1.3.1 uses VM inv eng 10 on hub 0
[  +0.000002] amdgpu 0000:0a:00.0: amdgpu: ring kiq_2.1.0 uses VM inv eng 11 on hub 0
[  +0.000001] amdgpu 0000:0a:00.0: amdgpu: ring sdma0 uses VM inv eng 0 on hub 1
[  +0.000001] amdgpu 0000:0a:00.0: amdgpu: ring vcn_dec uses VM inv eng 1 on hub 1
[  +0.000001] amdgpu 0000:0a:00.0: amdgpu: ring vcn_enc0 uses VM inv eng 4 on hub 1
[  +0.000001] amdgpu 0000:0a:00.0: amdgpu: ring vcn_enc1 uses VM inv eng 5 on hub 1
[  +0.000002] amdgpu 0000:0a:00.0: amdgpu: ring jpeg_dec uses VM inv eng 6 on hub 1
[  +0.000909] [drm] Initialized amdgpu 3.49.0 20150101 for 0000:0a:00.0 on minor 0
[  +0.005027] fbcon: amdgpudrmfb (fb0) is primary device
[  +0.000148] [drm] DSC precompute is not needed.
[  +0.074140] Console: switching to colour frame buffer device 240x67
[  +0.017977] amdgpu 0000:0a:00.0: [drm] fb0: amdgpudrmfb frame buffer device
[  +2.492978] EXT4-fs (nvme1n1p3): mounted filesystem with ordered data mode. Quota mode: none.
[  +0.075058] systemd[1]: systemd 254.1-1-arch running in system mode (+PAM +AUDIT -SELINUX -APPARMOR -IMA +SMACK +SECCOMP +GCRYPT +GNUTLS +OPENSSL +ACL +BLKID +CURL +ELFUTILS +FIDO2 +IDN2 -IDN +IPTC +KMOD +LIBCRYPTSETUP +LIBFDISK +PCRE2 -PWQUALITY +P11KIT -QRENCODE +TPM2 +BZIP2 +LZ4 +XZ +ZLIB +ZSTD +BPF_FRAMEWORK +XKBCOMMON +UTMP -SYSVINIT default-hierarchy=unified)
[  +0.000007] systemd[1]: Detected architecture x86-64.
[  +0.000961] systemd[1]: Hostname set to <klimenkomaximsergievich>.
[  +0.266438] systemd[1]: bpf-lsm: LSM BPF program attached
[  +0.023411] systemd-fstab-generator[328]: Checking was requested for "/home", but it is not a device.
[  +0.000082] systemd-fstab-generator[328]: Checking was requested for "/var", but it is not a device.
[  +0.053509] systemd[1]: Queued start job for default target Graphical Interface.
[  +0.001477] systemd[1]: Created slice Slice /system/getty.
[  +0.000418] systemd[1]: Created slice Slice /system/modprobe.
[  +0.000354] systemd[1]: Created slice Slice /system/systemd-fsck.
[  +0.000347] systemd[1]: Created slice User and Session Slice.
[  +0.000138] systemd[1]: Started Dispatch Password Requests to Console Directory Watch.
[  +0.000130] systemd[1]: Started Forward Password Requests to Wall Directory Watch.
[  +0.000235] systemd[1]: Set up automount Arbitrary Executable File Formats File System Automount Point.
[  +0.000123] systemd[1]: Reached target Local Encrypted Volumes.
[  +0.000075] systemd[1]: Reached target Login Prompts.
[  +0.000072] systemd[1]: Reached target Local Integrity Protected Volumes.
[  +0.000079] systemd[1]: Reached target Path Units.
[  +0.000075] systemd[1]: Reached target Remote File Systems.
[  +0.000070] systemd[1]: Reached target Slice Units.
[  +0.000076] systemd[1]: Reached target Local Verity Protected Volumes.
[  +0.000126] systemd[1]: Listening on Device-mapper event daemon FIFOs.
[  +0.000749] systemd[1]: Listening on Process Core Dump Socket.
[  +0.000198] systemd[1]: Listening on Journal Socket (/dev/log).
[  +0.000189] systemd[1]: Listening on Journal Socket.
[  +0.000308] systemd[1]: Listening on udev Control Socket.
[  +0.000174] systemd[1]: Listening on udev Kernel Socket.
[  +0.000999] systemd[1]: Mounting Huge Pages File System...
[  +0.000902] systemd[1]: Mounting POSIX Message Queue File System...
[  +0.000829] systemd[1]: Mounting /dev/tmp...
[  +0.000892] systemd[1]: Mounting Kernel Debug File System...
[  +0.000893] systemd[1]: Mounting Kernel Trace File System...
[  +0.000943] systemd[1]: Starting Create List of Static Device Nodes...
[  +0.000961] systemd[1]: Starting Load Kernel Module configfs...
[  +0.000945] systemd[1]: Starting Load Kernel Module dm_mod...
[  +0.000877] systemd[1]: Starting Load Kernel Module drm...
[  +0.000894] systemd[1]: Starting Load Kernel Module fuse...
[  +0.000884] systemd[1]: Starting Load Kernel Module loop...
[  +0.000120] systemd[1]: File System Check on Root Device was skipped because of an unmet condition check (ConditionPathIsReadWrite=!/).
[  +0.001511] systemd[1]: Starting Journal Service...
[  +0.000523] systemd[1]: Load Kernel Modules was skipped because no trigger condition checks were met.
[  +0.000042] systemd[1]: TPM2 PCR Machine ID Measurement was skipped because of an unmet condition check (ConditionPathExists=/sys/firmware/efi/efivars/StubPcrKernelImage-4a67b082-0a4c-41cf-b6c7-440b29bb8c4f).
[  +0.000838] systemd[1]: Starting Remount Root and Kernel File Systems...
[  +0.000897] systemd[1]: Starting Apply Kernel Variables...
[  +0.000913] systemd[1]: Starting Coldplug All udev Devices...
[  +0.001488] systemd[1]: Mounted Huge Pages File System.
[  +0.000194] systemd[1]: Mounted POSIX Message Queue File System.
[  +0.000165] systemd[1]: Mounted /dev/tmp.
[  +0.000175] systemd[1]: Mounted Kernel Debug File System.
[  +0.000214] systemd[1]: Mounted Kernel Trace File System.
[  +0.000074] loop: module loaded
[  +0.000087] device-mapper: uevent: version 1.0.3
[  +0.000075] device-mapper: ioctl: 4.47.0-ioctl (2022-07-28) initialised: dm-devel@redhat.com
[  +0.000179] systemd[1]: Finished Create List of Static Device Nodes.
[  +0.001628] fuse: init (API version 7.37)
[  +0.000962] systemd-journald[350]: Collecting audit messages is disabled.
[  +0.000119] EXT4-fs (nvme1n1p3): re-mounted. Quota mode: none.
[  +0.000659] systemd[1]: modprobe@configfs.service: Deactivated successfully.
[  +0.000207] systemd[1]: Finished Load Kernel Module configfs.
[  +0.000375] systemd[1]: modprobe@dm_mod.service: Deactivated successfully.
[  +0.000185] systemd[1]: Finished Load Kernel Module dm_mod.
[  +0.000348] systemd[1]: modprobe@drm.service: Deactivated successfully.
[  +0.000183] systemd[1]: Finished Load Kernel Module drm.
[  +0.000344] systemd[1]: modprobe@fuse.service: Deactivated successfully.
[  +0.000180] systemd[1]: Finished Load Kernel Module fuse.
[  +0.000335] systemd[1]: modprobe@loop.service: Deactivated successfully.
[  +0.000183] systemd[1]: Finished Load Kernel Module loop.
[  +0.000359] systemd[1]: Finished Remount Root and Kernel File Systems.
[  +0.000352] systemd[1]: Finished Apply Kernel Variables.
[  +0.001259] systemd[1]: Mounting FUSE Control File System...
[  +0.000882] systemd[1]: Mounting Kernel Configuration File System...
[  +0.000594] systemd[1]: Rebuild Hardware Database was skipped because no trigger condition checks were met.
[  +0.000080] systemd[1]: Repartition Root Disk was skipped because no trigger condition checks were met.
[  +0.000875] systemd[1]: Starting Create System Users...
[  +0.001964] systemd[1]: Starting Create Static Device Nodes in /dev...
[  +0.001875] systemd[1]: Mounted FUSE Control File System.
[  +0.001270] systemd[1]: Mounted Kernel Configuration File System.
[  +0.015427] systemd[1]: Finished Create System Users.
[  +0.020040] systemd[1]: Finished Create Static Device Nodes in /dev.
[  +0.001331] systemd[1]: Reached target Preparation for Local File Systems.
[  +0.001330] systemd[1]: home.mount: Directory /home to mount over is not empty, mounting anyway.
[  +0.000807] systemd[1]: Mounting /home...
[  +0.001262] systemd[1]: var.mount: Directory /var to mount over is not empty, mounting anyway.
[  +0.000732] systemd[1]: Mounting /var...
[  +0.002087] systemd[1]: Starting Rule-based Manager for Device Events and Files...
[  +0.002504] systemd[1]: Mounted /home.
[  +0.001193] systemd[1]: Mounted /var.
[  +0.001375] systemd[1]: Virtual Machine and Container Storage (Compatibility) was skipped because of an unmet condition check (ConditionPathExists=/var/lib/machines.raw).
[  +0.000784] systemd[1]: Starting Load/Save OS Random Seed...
[  +0.015678] systemd[1]: Finished Load/Save OS Random Seed.
[  +0.001412] systemd[1]: Started Journal Service.
[  +0.017946] systemd-journald[350]: Received client request to flush runtime journal.
[  +0.014246] systemd-journald[350]: /var/log/journal/749ac78a84c54f12b1c0fc65231f173b/system.journal: Boot ID changed since last record, rotating.
[  +0.000008] systemd-journald[350]: Rotating system journal.
[  +0.100311] Adding 17825788k swap on /dev/nvme1n1p2.  Priority:-2 extents:1 across:17825788k SSFS
[  +0.009880] FAT-fs (nvme1n1p1): Volume was not properly unmounted. Some data may be corrupt. Please run fsck.
[  +0.082901] ccp 0000:0a:00.2: enabling device (0000 -> 0002)
[  +0.002047] ccp 0000:0a:00.2: ccp: unable to access the device: you might be running a broken BIOS.
[  +0.010152] ccp 0000:0a:00.2: tee enabled
[  +0.000005] ccp 0000:0a:00.2: psp enabled
[  +0.004384] piix4_smbus 0000:00:14.0: SMBus Host Controller at 0xb00, revision 0
[  +0.000005] piix4_smbus 0000:00:14.0: Using register 0x02 for SMBus port selection
[  +0.012612] piix4_smbus 0000:00:14.0: Auxiliary SMBus Host Controller at 0xb20
[  +0.001018] r8169 0000:05:00.0: enabling device (0000 -> 0003)
[  +0.004437] sp5100_tco: SP5100/SB800 TCO WatchDog Timer Driver
[  +0.002233] sp5100-tco sp5100-tco: Using 0xfeb00000 for watchdog MMIO address
[  +0.003392] sp5100-tco sp5100-tco: initialized. heartbeat=60 sec (nowayout=0)
[  +0.017762] RAPL PMU: API unit is 2^-32 Joules, 1 fixed counters, 163840 ms ovfl timer
[  +0.000004] RAPL PMU: hw unit of domain package 2^-16 Joules
[  +0.011140] r8169 0000:05:00.0 eth0: RTL8168e/8111e, 08:be:ac:22:9f:b4, XID 2c2, IRQ 93
[  +0.000004] r8169 0000:05:00.0 eth0: jumbo features [frames: 9194 bytes, tx checksumming: ko]
[  +0.003278] mousedev: PS/2 mouse device common for all mice
[  +0.012852] cryptd: max_cpu_qlen set to 1000
[  +0.022497] snd_hda_intel 0000:0a:00.1: enabling device (0000 -> 0002)
[  +0.000095] snd_hda_intel 0000:0a:00.1: Handle vga_switcheroo audio client
[  +0.000169] AVX2 version of gcm_enc/dec engaged.
[  +0.000076] AES CTR mode by8 optimization enabled
[  +0.002248] snd_hda_intel 0000:0a:00.6: enabling device (0000 -> 0002)
[  +0.003970] asus_wmi: ASUS WMI generic driver loaded
[  +0.009789] asus_wmi: Initialization: 0x0
[  +0.000059] asus_wmi: BIOS WMI version: 0.9
[  +0.000336] asus_wmi: SFUN value: 0x0
[  +0.000002] eeepc-wmi eeepc-wmi: Detected ASUSWMI, use DCTS
[  +0.015776] input: Eee PC WMI hotkeys as /devices/platform/eeepc-wmi/input/input6
[  +0.039719] MCE: In-kernel MCE decoding enabled.
[  +0.019054] snd_hda_codec_realtek hdaudioC1D0: autoconfig for ALC1220: line_outs=3 (0x14/0x15/0x16/0x0/0x0) type:line
[  +0.000005] snd_hda_codec_realtek hdaudioC1D0:    speaker_outs=0 (0x0/0x0/0x0/0x0/0x0)
[  +0.000002] snd_hda_codec_realtek hdaudioC1D0:    hp_outs=1 (0x1b/0x0/0x0/0x0/0x0)
[  +0.000001] snd_hda_codec_realtek hdaudioC1D0:    mono: mono_out=0x0
[  +0.000001] snd_hda_codec_realtek hdaudioC1D0:    dig-out=0x1e/0x0
[  +0.000001] snd_hda_codec_realtek hdaudioC1D0:    inputs:
[  +0.000002] snd_hda_codec_realtek hdaudioC1D0:      Front Mic=0x19
[  +0.000001] snd_hda_codec_realtek hdaudioC1D0:      Rear Mic=0x18
[  +0.000002] snd_hda_codec_realtek hdaudioC1D0:      Line=0x1a
[  +0.000059] input: HD-Audio Generic HDMI/DP,pcm=3 as /devices/pci0000:00/0000:00:08.1/0000:0a:00.1/sound/card0/input7
[  +0.009486] r8169 0000:05:00.0 enp5s0: renamed from eth0
[  +0.000109] input: HD-Audio Generic HDMI/DP,pcm=7 as /devices/pci0000:00/0000:00:08.1/0000:0a:00.1/sound/card0/input8
[  +0.012806] intel_rapl_common: Found RAPL domain package
[  +0.000003] intel_rapl_common: Found RAPL domain core
[  +0.003355] input: HD-Audio Generic Front Mic as /devices/pci0000:00/0000:00:08.1/0000:0a:00.6/sound/card1/input9
[  +0.000069] input: HD-Audio Generic Rear Mic as /devices/pci0000:00/0000:00:08.1/0000:0a:00.6/sound/card1/input10
[  +0.000060] input: HD-Audio Generic Line as /devices/pci0000:00/0000:00:08.1/0000:0a:00.6/sound/card1/input11
[  +0.000065] input: HD-Audio Generic Line Out Front as /devices/pci0000:00/0000:00:08.1/0000:0a:00.6/sound/card1/input12
[  +0.002902] input: HD-Audio Generic Line Out Surround as /devices/pci0000:00/0000:00:08.1/0000:0a:00.6/sound/card1/input13
[  +0.000139] input: HD-Audio Generic Line Out CLFE as /devices/pci0000:00/0000:00:08.1/0000:0a:00.6/sound/card1/input14
[  +0.001894] input: HD-Audio Generic Front Headphone as /devices/pci0000:00/0000:00:08.1/0000:0a:00.6/sound/card1/input15
[  +4.653371] EXT4-fs (nvme0n1p1): mounted filesystem with ordered data mode. Quota mode: none.
[  +0.297528] xt_connbytes: Forcing CT accounting to be enabled
[  +0.261168] RTL8211DN Gigabit Ethernet r8169-0-500:00: attached PHY driver (mii_bus:phy_addr=r8169-0-500:00, irq=MAC)
[  +0.065517] Lockdown: Xorg: raw io port access is restricted; see man kernel_lockdown.7
[  +0.220991] r8169 0000:05:00.0 enp5s0: Link is Down
[  +0.501633] Lockdown: systemd-logind: hibernation is restricted; see man kernel_lockdown.7
[  +0.001658] Lockdown: systemd-logind: hibernation is restricted; see man kernel_lockdown.7
[  +0.000499] Lockdown: systemd-logind: hibernation is restricted; see man kernel_lockdown.7
[  +1.173007] r8169 0000:05:00.0 enp5s0: Link is Up - 100Mbps/Full - flow control off
[  +0.000015] IPv6: ADDRCONF(NETDEV_CHANGE): enp5s0: link becomes ready
[  +5.305263] systemd-journald[350]: /var/log/journal/749ac78a84c54f12b1c0fc65231f173b/user-1000.journal: Boot ID changed since last record, rotating.
[Aug15 20:54] PPP generic driver version 2.4.2
[  +0.008573] NET: Registered PF_PPPOX protocol family
[  +0.441363] Iptables: IPT OUTPUT packet dIN= OUT=ppp0 SRC=fe80:0000:0000:0000:56bf:c275:2671:1e8a DST=ff02:0000:0000:0000:0000:0000:0000:0002 LEN=48 TC=0 HOPLIMIT=255 FLOWLBL=345932 PROTO=ICMPv6 TYPE=133 CODE=0 
[  +0.000011] Iptables: v6Deny: IN= OUT=ppp0 SRC=fe80:0000:0000:0000:56bf:c275:2671:1e8a DST=ff02:0000:0000:0000:0000:0000:0000:0002 LEN=48 TC=0 HOPLIMIT=255 FLOWLBL=345932 PROTO=ICMPv6 TYPE=133 CODE=0 
[  +1.092136] Iptables: IPT OUTPUT packet dIN= OUT=ppp0 SRC=195.64.182.160 DST=1.1.1.1 LEN=64 TOS=0x00 PREC=0x00 TTL=64 ID=24510 DF PROTO=UDP SPT=57348 DPT=53 LEN=44 
[  +0.725896] Iptables: IPT OUTPUT packet dIN= OUT=ppp0 SRC=195.64.182.160 DST=1.1.1.1 LEN=64 TOS=0x00 PREC=0x00 TTL=64 ID=13159 DF PROTO=UDP SPT=52477 DPT=53 LEN=44 
[  +0.000134] Iptables: IPT OUTPUT packet dIN= OUT=ppp0 SRC=195.64.182.160 DST=1.1.1.1 LEN=64 TOS=0x00 PREC=0x00 TTL=64 ID=13160 DF PROTO=UDP SPT=52477 DPT=53 LEN=44 
[  +2.185607] Iptables: IPT OUTPUT packet dIN= OUT=ppp0 SRC=fe80:0000:0000:0000:56bf:c275:2671:1e8a DST=ff02:0000:0000:0000:0000:0000:0000:0002 LEN=48 TC=0 HOPLIMIT=255 FLOWLBL=345932 PROTO=ICMPv6 TYPE=133 CODE=0 
[  +0.000010] Iptables: v6Deny: IN= OUT=ppp0 SRC=fe80:0000:0000:0000:56bf:c275:2671:1e8a DST=ff02:0000:0000:0000:0000:0000:0000:0002 LEN=48 TC=0 HOPLIMIT=255 FLOWLBL=345932 PROTO=ICMPv6 TYPE=133 CODE=0 
[  +7.644255] Iptables: IPT OUTPUT packet dIN= OUT=ppp0 SRC=fe80:0000:0000:0000:56bf:c275:2671:1e8a DST=ff02:0000:0000:0000:0000:0000:0000:0002 LEN=48 TC=0 HOPLIMIT=255 FLOWLBL=345932 PROTO=ICMPv6 TYPE=133 CODE=0 
[  +0.000014] Iptables: v6Deny: IN= OUT=ppp0 SRC=fe80:0000:0000:0000:56bf:c275:2671:1e8a DST=ff02:0000:0000:0000:0000:0000:0000:0002 LEN=48 TC=0 HOPLIMIT=255 FLOWLBL=345932 PROTO=ICMPv6 TYPE=133 CODE=0 
[  +9.508175] Iptables: IPT OUTPUT packet dIN= OUT=ppp0 SRC=195.64.182.160 DST=89.187.182.173 LEN=52 TOS=0x00 PREC=0x00 TTL=64 ID=36657 DF PROTO=TCP SPT=40178 DPT=443 WINDOW=510 RES=0x00 ACK URGP=0 
[Aug15 20:55] Iptables: IPT OUTPUT packet dIN= OUT=ppp0 SRC=195.64.182.160 DST=18.159.68.239 LEN=52 TOS=0x00 PREC=0x00 TTL=64 ID=52374 DF PROTO=TCP SPT=64200 DPT=443 WINDOW=65535 RES=0x00 ACK URGP=0 
[ +20.135789] Iptables: IPT OUTPUT packet dIN= OUT=ppp0 SRC=195.64.182.160 DST=142.250.203.205 LEN=57 TOS=0x00 PREC=0x00 TTL=64 ID=38781 DF PROTO=UDP SPT=53602 DPT=443 LEN=37 
[ +20.521348] Iptables: IPT OUTPUT packet dIN= OUT=ppp0 SRC=195.64.182.160 DST=142.250.203.205 LEN=1274 TOS=0x00 PREC=0x00 TTL=64 ID=38794 DF PROTO=UDP SPT=53602 DPT=443 LEN=1254 
[Aug15 20:56] Iptables: IPT OUTPUT packet dIN= OUT=ppp0 SRC=195.64.182.160 DST=142.250.203.205 LEN=1273 TOS=0x00 PREC=0x00 TTL=64 ID=38804 DF PROTO=UDP SPT=53602 DPT=443 LEN=1253 
[ +19.339541] Iptables: IPT OUTPUT packet dIN= OUT=ppp0 SRC=195.64.182.160 DST=172.217.16.10 LEN=64 TOS=0x00 PREC=0x00 TTL=64 ID=6213 DF PROTO=UDP SPT=50969 DPT=443 LEN=44 
[ +21.374908] Iptables: IPT OUTPUT packet dIN= OUT=ppp0 SRC=195.64.182.160 DST=146.112.41.2 LEN=52 TOS=0x00 PREC=0x00 TTL=64 ID=8487 DF PROTO=TCP SPT=54672 DPT=443 WINDOW=65535 RES=0x00 ACK FIN URGP=0 
[Aug15 20:57] Iptables: IPT OUTPUT packet dIN= OUT=ppp0 SRC=195.64.182.160 DST=140.82.121.3 LEN=52 TOS=0x00 PREC=0x00 TTL=64 ID=35208 DF PROTO=TCP SPT=64816 DPT=443 WINDOW=65535 RES=0x00 ACK URGP=0 
[ +19.917304] Iptables: IPT OUTPUT packet dIN= OUT=ppp0 SRC=195.64.182.160 DST=216.58.209.10 LEN=52 TOS=0x00 PREC=0x00 TTL=64 ID=18859 DF PROTO=TCP SPT=53892 DPT=443 WINDOW=65535 RES=0x00 ACK URGP=0 
[ +20.010755] Iptables: IPT OUTPUT packet dIN= OUT=ppp0 SRC=195.64.182.160 DST=142.250.186.197 LEN=2852 TOS=0x00 PREC=0x00 TTL=64 ID=23561 DF PROTO=TCP SPT=56668 DPT=443 WINDOW=64400 RES=0x00 ACK PSH URGP=0 
[Aug15 20:58] Iptables: IPT OUTPUT packet dIN= OUT=ppp0 SRC=195.64.182.160 DST=176.122.113.12 LEN=63 TOS=0x00 PREC=0x00 TTL=64 ID=59899 DF PROTO=UDP SPT=55698 DPT=443 LEN=43 
[ +20.114546] Iptables: IPT OUTPUT packet dIN= OUT=ppp0 SRC=195.64.182.160 DST=142.250.203.202 LEN=64 TOS=0x00 PREC=0x00 TTL=64 ID=22737 DF PROTO=UDP SPT=53298 DPT=443 LEN=44 
[ +19.945415] Iptables: IPT OUTPUT packet dIN= OUT=ppp0 SRC=195.64.182.160 DST=142.250.186.206 LEN=57 TOS=0x00 PREC=0x00 TTL=64 ID=8273 DF PROTO=UDP SPT=62075 DPT=443 LEN=37 
[Aug15 20:59] Iptables: IPT OUTPUT packet dIN= OUT=ppp0 SRC=195.64.182.160 DST=142.250.186.197 LEN=52 TOS=0x00 PREC=0x00 TTL=64 ID=30917 DF PROTO=TCP SPT=50044 DPT=443 WINDOW=65535 RES=0x00 ACK URGP=0 
[ +19.975198] Iptables: IPT OUTPUT packet dIN= OUT=ppp0 SRC=195.64.182.160 DST=146.75.122.208 LEN=52 TOS=0x00 PREC=0x00 TTL=64 ID=5603 DF PROTO=TCP SPT=60940 DPT=443 WINDOW=65535 RES=0x00 ACK URGP=0 
[ +20.074176] Iptables: IPT OUTPUT packet dIN= OUT=ppp0 SRC=195.64.182.160 DST=140.18.188.11 LEN=40 TOS=0x00 PREC=0x00 TTL=64 ID=25619 DF PROTO=TCP SPT=50858 DPT=443 WINDOW=55440 RES=0x00 ACK URGP=0 
[Aug15 21:00] Iptables: IPT OUTPUT packet dIN= OUT=ppp0 SRC=195.64.182.160 DST=142.250.203.202 LEN=61 TOS=0x00 PREC=0x00 TTL=64 ID=22864 DF PROTO=UDP SPT=53298 DPT=443 LEN=41 
[ +19.852940] Iptables: IPT OUTPUT packet dIN= OUT=ppp0 SRC=195.64.182.160 DST=54.241.143.118 LEN=52 TOS=0x00 PREC=0x00 TTL=64 ID=50458 DF PROTO=TCP SPT=53918 DPT=443 WINDOW=65535 RES=0x00 ACK URGP=0 
[ +20.003341] Iptables: IPT OUTPUT packet dIN= OUT=ppp0 SRC=195.64.182.160 DST=140.82.121.3 LEN=52 TOS=0x00 PREC=0x00 TTL=64 ID=36109 DF PROTO=TCP SPT=64816 DPT=443 WINDOW=65535 RES=0x00 ACK URGP=0 
[Aug15 21:01] Iptables: IPT OUTPUT packet dIN= OUT=ppp0 SRC=195.64.182.160 DST=142.250.203.202 LEN=57 TOS=0x00 PREC=0x00 TTL=64 ID=22939 DF PROTO=UDP SPT=53298 DPT=443 LEN=37 
[ +19.981146] Iptables: IPT OUTPUT packet dIN= OUT=ppp0 SRC=195.64.182.160 DST=216.58.209.10 LEN=52 TOS=0x00 PREC=0x00 TTL=64 ID=18869 DF PROTO=TCP SPT=53892 DPT=443 WINDOW=65535 RES=0x00 ACK FIN URGP=0 
[ +20.026334] Iptables: IPT OUTPUT packet dIN= OUT=ppp0 SRC=195.64.182.160 DST=142.250.203.202 LEN=57 TOS=0x00 PREC=0x00 TTL=64 ID=22992 DF PROTO=UDP SPT=53298 DPT=443 LEN=37 
[Aug15 21:02] Iptables: IPT OUTPUT packet dIN= OUT=ppp0 SRC=195.64.182.160 DST=54.189.80.227 LEN=52 TOS=0x00 PREC=0x00 TTL=64 ID=25961 DF PROTO=TCP SPT=64276 DPT=443 WINDOW=65535 RES=0x00 ACK URGP=0 
[ +19.913088] Iptables: IPT OUTPUT packet dIN= OUT=ppp0 SRC=195.64.182.160 DST=192.178.25.170 LEN=1278 TOS=0x00 PREC=0x00 TTL=64 ID=5876 DF PROTO=UDP SPT=64375 DPT=443 LEN=1258 
[ +19.991874] Iptables: IPT OUTPUT packet dIN= OUT=ppp0 SRC=195.64.182.160 DST=142.250.203.206 LEN=61 TOS=0x00 PREC=0x00 TTL=64 ID=34869 DF PROTO=UDP SPT=60115 DPT=443 LEN=41 
[Aug15 21:03] Iptables: IPT OUTPUT packet dIN= OUT=ppp0 SRC=195.64.182.160 DST=104.25.95.5 LEN=52 TOS=0x00 PREC=0x00 TTL=64 ID=31601 DF PROTO=TCP SPT=60482 DPT=443 WINDOW=65535 RES=0x00 ACK URGP=0 
[ +20.008975] Iptables: IPT OUTPUT packet dIN= OUT=ppp0 SRC=195.64.182.160 DST=176.122.113.12 LEN=1100 TOS=0x00 PREC=0x00 TTL=64 ID=3596 DF PROTO=UDP SPT=55698 DPT=443 LEN=1080 
[ +20.043993] Iptables: IPT OUTPUT packet dIN= OUT=ppp0 SRC=195.64.182.160 DST=142.250.186.206 LEN=57 TOS=0x00 PREC=0x00 TTL=64 ID=8710 DF PROTO=UDP SPT=62075 DPT=443 LEN=37 
[Aug15 21:04] Iptables: IPT OUTPUT packet dIN= OUT=ppp0 SRC=195.64.182.160 DST=142.250.186.202 LEN=57 TOS=0x00 PREC=0x00 TTL=64 ID=6335 DF PROTO=UDP SPT=58038 DPT=443 LEN=37 
[ +19.973419] Iptables: IPT OUTPUT packet dIN= OUT=ppp0 SRC=195.64.182.160 DST=52.29.123.56 LEN=52 TOS=0x00 PREC=0x00 TTL=64 ID=64221 DF PROTO=TCP SPT=61500 DPT=443 WINDOW=65535 RES=0x00 ACK URGP=0 
[ +20.114247] Iptables: IPT OUTPUT packet dIN= OUT=ppp0 SRC=195.64.182.160 DST=142.250.186.202 LEN=57 TOS=0x00 PREC=0x00 TTL=64 ID=6380 DF PROTO=UDP SPT=58038 DPT=443 LEN=37 
[Aug15 21:05] Iptables: IPT OUTPUT packet dIN= OUT=ppp0 SRC=195.64.182.160 DST=185.199.111.133 LEN=52 TOS=0x00 PREC=0x00 TTL=64 ID=4859 DF PROTO=TCP SPT=60516 DPT=443 WINDOW=65535 RES=0x00 ACK URGP=0 
[ +20.075779] Iptables: IPT OUTPUT packet dIN= OUT=ppp0 SRC=195.64.182.160 DST=142.250.186.202 LEN=57 TOS=0x00 PREC=0x00 TTL=64 ID=58259 DF PROTO=UDP SPT=52324 DPT=443 LEN=37 
[ +19.999494] Iptables: IPT OUTPUT packet dIN= OUT=ppp0 SRC=195.64.182.160 DST=142.250.186.206 LEN=57 TOS=0x00 PREC=0x00 TTL=64 ID=8864 DF PROTO=UDP SPT=62075 DPT=443 LEN=37 
[  +8.263818] Iptables: v4Reject: IN=ppp0 OUT= MAC= SRC=109.205.213.62 DST=195.64.182.160 LEN=40 TOS=0x00 PREC=0x00 TTL=239 ID=57197 PROTO=TCP SPT=42282 DPT=39597 WINDOW=1200 RES=0x00 RST URGP=0 
[  +0.000031] Iptables: v4Deny Out: IN= OUT=ppp0 SRC=195.64.182.160 DST=109.205.213.62 LEN=68 TOS=0x00 PREC=0xC0 TTL=64 ID=56979 PROTO=ICMP TYPE=3 CODE=2 [SRC=109.205.213.62 DST=195.64.182.160 LEN=40 TOS=0x00 PREC=0x00 TTL=239 ID=57197 PROTO=TCP SPT=42282 DPT=39597 WINDOW=1200 RES=0x00 RST URGP=0 ] 
[Aug15 21:06] Iptables: IPT OUTPUT packet dIN= OUT=ppp0 SRC=195.64.182.160 DST=142.250.186.202 LEN=57 TOS=0x00 PREC=0x00 TTL=64 ID=58283 DF PROTO=UDP SPT=52324 DPT=443 LEN=37 
[ +19.968220] Iptables: IPT OUTPUT packet dIN= OUT=ppp0 SRC=195.64.182.160 DST=142.250.186.202 LEN=57 TOS=0x00 PREC=0x00 TTL=64 ID=58294 DF PROTO=UDP SPT=52324 DPT=443 LEN=37 
[ +20.016392] Iptables: IPT OUTPUT packet dIN= OUT=ppp0 SRC=195.64.182.160 DST=142.250.203.202 LEN=57 TOS=0x00 PREC=0x00 TTL=64 ID=23302 DF PROTO=UDP SPT=53298 DPT=443 LEN=37 
[Aug15 21:07] Iptables: IPT OUTPUT packet dIN= OUT=ppp0 SRC=195.64.182.160 DST=104.18.121.34 LEN=52 TOS=0x00 PREC=0x00 TTL=64 ID=35342 DF PROTO=TCP SPT=61716 DPT=443 WINDOW=65535 RES=0x00 ACK URGP=0 
[ +19.977742] Iptables: IPT OUTPUT packet dIN= OUT=ppp0 SRC=195.64.182.160 DST=176.122.113.12 LEN=1101 TOS=0x00 PREC=0x00 TTL=64 ID=9139 DF PROTO=UDP SPT=55698 DPT=443 LEN=1081 
[ +20.032833] Iptables: IPT OUTPUT packet dIN= OUT=ppp0 SRC=195.64.182.160 DST=109.205.213.62 LEN=40 TOS=0x00 PREC=0x00 TTL=64 ID=0 DF PROTO=TCP SPT=51912 DPT=42282 WINDOW=0 RES=0x00 ACK RST URGP=0 
[Aug15 21:08] Iptables: IPT OUTPUT packet dIN= OUT=ppp0 SRC=195.64.182.160 DST=142.250.186.206 LEN=57 TOS=0x00 PREC=0x00 TTL=64 ID=9082 DF PROTO=UDP SPT=62075 DPT=443 LEN=37 
[ +20.232066] Iptables: IPT OUTPUT packet dIN= OUT=ppp0 SRC=195.64.182.160 DST=159.65.170.203 LEN=81 TOS=0x02 PREC=0x00 TTL=64 ID=21407 DF PROTO=TCP SPT=62724 DPT=443 WINDOW=65535 RES=0x00 ACK PSH URGP=0 
[ +20.007799] Iptables: IPT OUTPUT packet dIN= OUT=ppp0 SRC=195.64.182.160 DST=108.138.51.24 LEN=123 TOS=0x02 PREC=0x00 TTL=64 ID=60918 DF PROTO=TCP SPT=58946 DPT=443 WINDOW=65535 RES=0x00 ACK PSH URGP=0 
[Aug15 21:09] Iptables: IPT OUTPUT packet dIN= OUT=ppp0 SRC=195.64.182.160 DST=142.250.186.202 LEN=57 TOS=0x00 PREC=0x00 TTL=64 ID=6678 DF PROTO=UDP SPT=58038 DPT=443 LEN=37 
[ +19.164630] Iptables: IPT OUTPUT packet dIN= OUT=ppp0 SRC=195.64.182.160 DST=34.193.96.207 LEN=52 TOS=0x00 PREC=0x00 TTL=64 ID=12492 DF PROTO=TCP SPT=62824 DPT=443 WINDOW=65535 RES=0x00 ACK URGP=0 
[ +20.112322] Iptables: IPT OUTPUT packet dIN= OUT=ppp0 SRC=195.64.182.160 DST=149.154.167.41 LEN=52 TOS=0x00 PREC=0x00 TTL=64 ID=42872 DF PROTO=TCP SPT=37062 DPT=443 WINDOW=6843 RES=0x00 ACK URGP=0 
[Aug15 21:10] Iptables: IPT OUTPUT packet dIN= OUT=ppp0 SRC=195.64.182.160 DST=176.122.113.12 LEN=1101 TOS=0x00 PREC=0x00 TTL=64 ID=12794 DF PROTO=UDP SPT=55698 DPT=443 LEN=1081 
[ +19.718704] Iptables: IPT OUTPUT packet dIN= OUT=ppp0 SRC=195.64.182.160 DST=108.138.51.88 LEN=672 TOS=0x02 PREC=0x00 TTL=64 ID=8538 DF PROTO=TCP SPT=53664 DPT=443 WINDOW=65535 RES=0x00 ACK PSH URGP=0 
[ +20.007002] Iptables: IPT OUTPUT packet dIN= OUT=ppp0 SRC=195.64.182.160 DST=149.154.167.41 LEN=317 TOS=0x00 PREC=0x00 TTL=64 ID=42891 DF PROTO=TCP SPT=37062 DPT=443 WINDOW=6843 RES=0x00 ACK PSH URGP=0 
[Aug15 21:11] Iptables: IPT OUTPUT packet dIN= OUT=ppp0 SRC=195.64.182.160 DST=109.205.213.62 LEN=40 TOS=0x00 PREC=0x00 TTL=64 ID=0 DF PROTO=TCP SPT=48366 DPT=42282 WINDOW=0 RES=0x00 ACK RST URGP=0 
[ +19.832025] Iptables: IPT OUTPUT packet dIN= OUT=ppp0 SRC=195.64.182.160 DST=142.250.186.206 LEN=57 TOS=0x00 PREC=0x00 TTL=64 ID=9310 DF PROTO=UDP SPT=62075 DPT=443 LEN=37 
[ +19.991391] Iptables: IPT OUTPUT packet dIN= OUT=ppp0 SRC=195.64.182.160 DST=108.138.51.59 LEN=52 TOS=0x00 PREC=0x00 TTL=64 ID=46954 DF PROTO=TCP SPT=49912 DPT=443 WINDOW=65535 RES=0x00 ACK URGP=0 
[Aug15 21:12] Iptables: IPT OUTPUT packet dIN= OUT=ppp0 SRC=195.64.182.160 DST=142.250.186.206 LEN=57 TOS=0x00 PREC=0x00 TTL=64 ID=9357 DF PROTO=UDP SPT=62075 DPT=443 LEN=37 
[ +19.608569] Iptables: IPT OUTPUT packet dIN= OUT=ppp0 SRC=195.64.182.160 DST=142.250.203.202 LEN=57 TOS=0x00 PREC=0x00 TTL=64 ID=23645 DF PROTO=UDP SPT=53298 DPT=443 LEN=37 
[ +20.087767] Iptables: IPT OUTPUT packet dIN= OUT=ppp0 SRC=195.64.182.160 DST=142.250.186.206 LEN=57 TOS=0x00 PREC=0x00 TTL=64 ID=9401 DF PROTO=UDP SPT=62075 DPT=443 LEN=37 
[Aug15 21:13] Iptables: IPT OUTPUT packet dIN= OUT=ppp0 SRC=195.64.182.160 DST=142.250.186.206 LEN=57 TOS=0x00 PREC=0x00 TTL=64 ID=9426 DF PROTO=UDP SPT=62075 DPT=443 LEN=37 
[ +19.960152] Iptables: IPT OUTPUT packet dIN= OUT=ppp0 SRC=195.64.182.160 DST=142.250.186.206 LEN=57 TOS=0x00 PREC=0x00 TTL=64 ID=9450 DF PROTO=UDP SPT=62075 DPT=443 LEN=37 
[ +19.951945] Iptables: IPT OUTPUT packet dIN= OUT=ppp0 SRC=195.64.182.160 DST=142.250.75.14 LEN=57 TOS=0x00 PREC=0x00 TTL=64 ID=7075 DF PROTO=UDP SPT=62964 DPT=443 LEN=37 
[Aug15 21:14] Iptables: IPT OUTPUT packet dIN= OUT=ppp0 SRC=195.64.182.160 DST=142.250.75.14 LEN=57 TOS=0x00 PREC=0x00 TTL=64 ID=19192 DF PROTO=UDP SPT=51597 DPT=443 LEN=37 
[ +20.203818] Iptables: IPT OUTPUT packet dIN= OUT=ppp0 SRC=195.64.182.160 DST=108.138.51.88 LEN=672 TOS=0x02 PREC=0x00 TTL=64 ID=8779 DF PROTO=TCP SPT=53664 DPT=443 WINDOW=65535 RES=0x00 ACK PSH URGP=0 
[ +19.739833] Iptables: IPT OUTPUT packet dIN= OUT=ppp0 SRC=195.64.182.160 DST=142.250.203.206 LEN=60 TOS=0x00 PREC=0x00 TTL=64 ID=57294 DF PROTO=UDP SPT=50611 DPT=443 LEN=40 
[Aug15 21:15] Iptables: IPT OUTPUT packet dIN= OUT=ppp0 SRC=195.64.182.160 DST=192.178.25.164 LEN=517 TOS=0x00 PREC=0x00 TTL=64 ID=58428 DF PROTO=UDP SPT=61056 DPT=443 LEN=497 
[ +19.600239] Iptables: IPT OUTPUT packet dIN= OUT=ppp0 SRC=195.64.182.160 DST=108.138.51.88 LEN=672 TOS=0x02 PREC=0x00 TTL=64 ID=8840 DF PROTO=TCP SPT=53664 DPT=443 WINDOW=65535 RES=0x00 ACK PSH URGP=0 
[ +19.921862] Iptables: IPT OUTPUT packet dIN= OUT=ppp0 SRC=195.64.182.160 DST=109.205.213.62 LEN=40 TOS=0x00 PREC=0x00 TTL=64 ID=0 DF PROTO=TCP SPT=36442 DPT=42282 WINDOW=0 RES=0x00 ACK RST URGP=0 
[Aug15 21:16] Iptables: IPT OUTPUT packet dIN= OUT=ppp0 SRC=195.64.182.160 DST=142.250.186.206 LEN=57 TOS=0x00 PREC=0x00 TTL=64 ID=9632 DF PROTO=UDP SPT=62075 DPT=443 LEN=37 
[ +19.888117] Iptables: IPT OUTPUT packet dIN= OUT=ppp0 SRC=195.64.182.160 DST=142.250.186.202 LEN=57 TOS=0x00 PREC=0x00 TTL=64 ID=7228 DF PROTO=UDP SPT=58038 DPT=443 LEN=37 
[ +19.966330] Iptables: IPT OUTPUT packet dIN= OUT=ppp0 SRC=195.64.182.160 DST=176.122.113.12 LEN=1099 TOS=0x00 PREC=0x00 TTL=64 ID=21946 DF PROTO=UDP SPT=55698 DPT=443 LEN=1079 
