[    0.000000] Linux version 5.19.9-arch1-1 (linux@archlinux) (gcc (GCC) 12.2.0, GNU ld (GNU Binutils) 2.39.0) #1 SMP PREEMPT_DYNAMIC Thu, 15 Sep 2022 16:08:26 +0000
[    0.000000] Command line: BOOT_IMAGE=/boot/vmlinuz-linux root=UUID=e6727f08-bac3-4fb3-a50f-4968f15ad046 rw quiet resume=UUID=461941d7-17b5-4263-aa6c-be6c2432f14d loglevel=3 audit=0 apparmor=1 sm=landlock,lockdown,yama,apparmor,bpf l1tf=full,force mds=full,nosmt mitigations=auto,nosmt nosmt=force pcie_aspm=force init_on_alloc=1 init_on_free=1 randomize_kstack_offset=on slab_nomerge pti=on slub_debug=ZF slub_debug=P page_poison=1 fsck.mode=force fsck.repair=yes 915.modeset=1 i915.fastboot=1 i915.enable_fbc=1 iommu.strict=1 intremap=on
[    0.000000] x86/fpu: Supporting XSAVE feature 0x001: 'x87 floating point registers'
[    0.000000] x86/fpu: Supporting XSAVE feature 0x002: 'SSE registers'
[    0.000000] x86/fpu: Supporting XSAVE feature 0x004: 'AVX registers'
[    0.000000] x86/fpu: Supporting XSAVE feature 0x008: 'MPX bounds registers'
[    0.000000] x86/fpu: Supporting XSAVE feature 0x010: 'MPX CSR'
[    0.000000] x86/fpu: xstate_offset[2]:  576, xstate_sizes[2]:  256
[    0.000000] x86/fpu: xstate_offset[3]:  832, xstate_sizes[3]:   64
[    0.000000] x86/fpu: xstate_offset[4]:  896, xstate_sizes[4]:   64
[    0.000000] x86/fpu: Enabled xstate features 0x1f, context size is 960 bytes, using 'compacted' format.
[    0.000000] signal: max sigframe size: 2032
[    0.000000] BIOS-provided physical RAM map:
[    0.000000] BIOS-e820: [mem 0x0000000000000000-0x0000000000057fff] usable
[    0.000000] BIOS-e820: [mem 0x0000000000058000-0x0000000000058fff] reserved
[    0.000000] BIOS-e820: [mem 0x0000000000059000-0x000000000009dfff] usable
[    0.000000] BIOS-e820: [mem 0x000000000009e000-0x00000000000fffff] reserved
[    0.000000] BIOS-e820: [mem 0x0000000000100000-0x000000002ab5dfff] usable
[    0.000000] BIOS-e820: [mem 0x000000002ab5e000-0x000000002ab5efff] ACPI NVS
[    0.000000] BIOS-e820: [mem 0x000000002ab5f000-0x000000002ab88fff] reserved
[    0.000000] BIOS-e820: [mem 0x000000002ab89000-0x00000000389c2fff] usable
[    0.000000] BIOS-e820: [mem 0x00000000389c3000-0x0000000038d7efff] reserved
[    0.000000] BIOS-e820: [mem 0x0000000038d7f000-0x0000000038dbcfff] ACPI data
[    0.000000] BIOS-e820: [mem 0x0000000038dbd000-0x0000000039426fff] ACPI NVS
[    0.000000] BIOS-e820: [mem 0x0000000039427000-0x000000003a425fff] reserved
[    0.000000] BIOS-e820: [mem 0x000000003a426000-0x000000003a4fefff] type 20
[    0.000000] BIOS-e820: [mem 0x000000003a4ff000-0x000000003a4fffff] usable
[    0.000000] BIOS-e820: [mem 0x000000003a500000-0x000000003fffffff] reserved
[    0.000000] BIOS-e820: [mem 0x00000000e0000000-0x00000000efffffff] reserved
[    0.000000] BIOS-e820: [mem 0x00000000fe000000-0x00000000fe010fff] reserved
[    0.000000] BIOS-e820: [mem 0x00000000fec00000-0x00000000fec00fff] reserved
[    0.000000] BIOS-e820: [mem 0x00000000fee00000-0x00000000fee00fff] reserved
[    0.000000] BIOS-e820: [mem 0x00000000ff000000-0x00000000ffffffff] reserved
[    0.000000] BIOS-e820: [mem 0x0000000100000000-0x00000008bdffffff] usable
[    0.000000] SMT: Force disabled
[    0.000000] NX (Execute Disable) protection: active
[    0.000000] efi: EFI v2.40 by American Megatrends
[    0.000000] efi: ACPI=0x38d8b000 ACPI 2.0=0x38d8b000 SMBIOS=0xf0000 ESRT=0x3a1c5018 MEMATTR=0x36614018 
[    0.000000] SMBIOS 2.8 present.
[    0.000000] DMI: Dell Inc. Precision 5510/08R8KJ, BIOS 1.23.0 07/06/2022
[    0.000000] tsc: Detected 2800.000 MHz processor
[    0.000000] tsc: Detected 2799.927 MHz TSC
[    0.000938] e820: update [mem 0x00000000-0x00000fff] usable ==> reserved
[    0.000941] e820: remove [mem 0x000a0000-0x000fffff] usable
[    0.000952] last_pfn = 0x8be000 max_arch_pfn = 0x400000000
[    0.001062] x86/PAT: Configuration [0-7]: WB  WC  UC- UC  WB  WP  UC- WT  
[    0.001557] last_pfn = 0x3a500 max_arch_pfn = 0x400000000
[    0.010239] esrt: Reserving ESRT space from 0x000000003a1c5018 to 0x000000003a1c5050.
[    0.010247] Using GB pages for direct mapping
[    0.010408] Secure boot disabled
[    0.010409] RAMDISK: [mem 0x34ad5000-0x35656fff]
[    0.010413] ACPI: Early table checksum verification disabled
[    0.010416] ACPI: RSDP 0x0000000038D8B000 000024 (v02 DELL  )
[    0.010420] ACPI: XSDT 0x0000000038D8B0C0 0000FC (v01 DELL   CBX3     01072009 AMI  00010013)
[    0.010425] ACPI: FACP 0x0000000038DABF78 00010C (v05 DELL   CBX3     01072009 AMI  00010013)
[    0.010431] ACPI: DSDT 0x0000000038D8B248 020D2E (v02 DELL   CBX3     01072009 INTL 20120913)
[    0.010434] ACPI: FACS 0x0000000039420D80 000040
[    0.010438] ACPI: APIC 0x0000000038DAC088 000084 (v03 DELL   CBX3     01072009 AMI  00010013)
[    0.010441] ACPI: FPDT 0x0000000038DAC110 000044 (v01 DELL   CBX3     01072009 AMI  00010013)
[    0.010444] ACPI: MCFG 0x0000000038DAC158 00003C (v01 DELL   CBX3     01072009 MSFT 00000097)
[    0.010446] ACPI: HPET 0x0000000038DAC198 000038 (v01 DELL   CBX3     01072009 AMI. 0005000B)
[    0.010449] ACPI: SSDT 0x0000000038DAC1D0 00046D (v01 SataRe SataTabl 00001000 INTL 20120913)
[    0.010452] ACPI: LPIT 0x0000000038DAC640 000094 (v01 INTEL  SKL      00000000 MSFT 0000005F)
[    0.010455] ACPI: SSDT 0x0000000038DAC6D8 000248 (v02 INTEL  sensrhub 00000000 INTL 20120913)
[    0.010458] ACPI: SSDT 0x0000000038DAC920 002BAE (v02 INTEL  PtidDevc 00001000 INTL 20120913)
[    0.010462] ACPI: SSDT 0x0000000038DAF4D0 000024 (v02 INTEL  OEM_RTD3 00001000 INTL 20120913)
[    0.010464] ACPI: SSDT 0x0000000038DAF4F8 000BE3 (v02 INTEL  Ther_Rvp 00001000 INTL 20120913)
[    0.010467] ACPI: SSDT 0x0000000038DB00E0 0004DC (v02 INTEL  zpodd    00001000 INTL 20120913)
[    0.010470] ACPI: DBGP 0x0000000038DB05C0 000034 (v01 INTEL           00000000 MSFT 0000005F)
[    0.010473] ACPI: DBG2 0x0000000038DB05F8 000054 (v00 INTEL           00000000 MSFT 0000005F)
[    0.010476] ACPI: SSDT 0x0000000038DB0650 000775 (v02 INTEL  xh_rvp10 00000000 INTL 20120913)
[    0.010479] ACPI: BOOT 0x0000000038DB0DC8 000028 (v01 DELL   CBX3     01072009 AMI  00010013)
[    0.010482] ACPI: SSDT 0x0000000038DB0DF0 0037D6 (v02 SaSsdt SaSsdt   00003000 INTL 20120913)
[    0.010485] ACPI: UEFI 0x0000000038DB45C8 000042 (v01                 00000000      00000000)
[    0.010488] ACPI: SSDT 0x0000000038DB4610 000E73 (v02 CpuRef CpuSsdt  00003000 INTL 20120913)
[    0.010491] ACPI: SSDT 0x0000000038DB5488 0044FA (v02 DptfTa DptfTabl 00001000 INTL 20120913)
[    0.010494] ACPI: MSDM 0x0000000038DB9988 000055 (v03 DELL   CBX3     06222004 AMI  00010013)
[    0.010497] ACPI: SLIC 0x0000000038DB99E0 000176 (v03 DELL   CBX3     01072009 MSFT 00010013)
[    0.010500] ACPI: TCPA 0x0000000038DB9B58 000032 (v02 ALASKA NAPAASF  00000000 MSFT 01000013)
[    0.010502] ACPI: BGRT 0x0000000038DB9B90 000038 (v00 ?Hr;            01072009 AMI  00010013)
[    0.010505] ACPI: SSDT 0x0000000038DB9BC8 0000C3 (v02 SgRef  SgPeg    00001000 INTL 20120913)
[    0.010508] ACPI: SSDT 0x0000000038DB9C90 001868 (v01 OptRef OptTabl  00001000 INTL 20120913)
[    0.010511] ACPI: ASF! 0x0000000038DBB4F8 0000A5 (v32 INTEL   HCG     00000001 TFSM 000F4240)
[    0.010514] ACPI: Reserving FACP table memory at [mem 0x38dabf78-0x38dac083]
[    0.010515] ACPI: Reserving DSDT table memory at [mem 0x38d8b248-0x38dabf75]
[    0.010516] ACPI: Reserving FACS table memory at [mem 0x39420d80-0x39420dbf]
[    0.010517] ACPI: Reserving APIC table memory at [mem 0x38dac088-0x38dac10b]
[    0.010518] ACPI: Reserving FPDT table memory at [mem 0x38dac110-0x38dac153]
[    0.010519] ACPI: Reserving MCFG table memory at [mem 0x38dac158-0x38dac193]
[    0.010520] ACPI: Reserving HPET table memory at [mem 0x38dac198-0x38dac1cf]
[    0.010521] ACPI: Reserving SSDT table memory at [mem 0x38dac1d0-0x38dac63c]
[    0.010522] ACPI: Reserving LPIT table memory at [mem 0x38dac640-0x38dac6d3]
[    0.010522] ACPI: Reserving SSDT table memory at [mem 0x38dac6d8-0x38dac91f]
[    0.010523] ACPI: Reserving SSDT table memory at [mem 0x38dac920-0x38daf4cd]
[    0.010524] ACPI: Reserving SSDT table memory at [mem 0x38daf4d0-0x38daf4f3]
[    0.010525] ACPI: Reserving SSDT table memory at [mem 0x38daf4f8-0x38db00da]
[    0.010526] ACPI: Reserving SSDT table memory at [mem 0x38db00e0-0x38db05bb]
[    0.010527] ACPI: Reserving DBGP table memory at [mem 0x38db05c0-0x38db05f3]
[    0.010528] ACPI: Reserving DBG2 table memory at [mem 0x38db05f8-0x38db064b]
[    0.010529] ACPI: Reserving SSDT table memory at [mem 0x38db0650-0x38db0dc4]
[    0.010529] ACPI: Reserving BOOT table memory at [mem 0x38db0dc8-0x38db0def]
[    0.010530] ACPI: Reserving SSDT table memory at [mem 0x38db0df0-0x38db45c5]
[    0.010531] ACPI: Reserving UEFI table memory at [mem 0x38db45c8-0x38db4609]
[    0.010532] ACPI: Reserving SSDT table memory at [mem 0x38db4610-0x38db5482]
[    0.010533] ACPI: Reserving SSDT table memory at [mem 0x38db5488-0x38db9981]
[    0.010534] ACPI: Reserving MSDM table memory at [mem 0x38db9988-0x38db99dc]
[    0.010535] ACPI: Reserving SLIC table memory at [mem 0x38db99e0-0x38db9b55]
[    0.010536] ACPI: Reserving TCPA table memory at [mem 0x38db9b58-0x38db9b89]
[    0.010537] ACPI: Reserving BGRT table memory at [mem 0x38db9b90-0x38db9bc7]
[    0.010538] ACPI: Reserving SSDT table memory at [mem 0x38db9bc8-0x38db9c8a]
[    0.010538] ACPI: Reserving SSDT table memory at [mem 0x38db9c90-0x38dbb4f7]
[    0.010539] ACPI: Reserving ASF! table memory at [mem 0x38dbb4f8-0x38dbb59c]
[    0.010647] No NUMA configuration found
[    0.010648] Faking a node at [mem 0x0000000000000000-0x00000008bdffffff]
[    0.010651] NODE_DATA(0) allocated [mem 0x8bdffc000-0x8bdffffff]
[    0.010706] Zone ranges:
[    0.010707]   DMA      [mem 0x0000000000001000-0x0000000000ffffff]
[    0.010709]   DMA32    [mem 0x0000000001000000-0x00000000ffffffff]
[    0.010710]   Normal   [mem 0x0000000100000000-0x00000008bdffffff]
[    0.010712]   Device   empty
[    0.010713] Movable zone start for each node
[    0.010714] Early memory node ranges
[    0.010714]   node   0: [mem 0x0000000000001000-0x0000000000057fff]
[    0.010716]   node   0: [mem 0x0000000000059000-0x000000000009dfff]
[    0.010717]   node   0: [mem 0x0000000000100000-0x000000002ab5dfff]
[    0.010718]   node   0: [mem 0x000000002ab89000-0x00000000389c2fff]
[    0.010719]   node   0: [mem 0x000000003a4ff000-0x000000003a4fffff]
[    0.010719]   node   0: [mem 0x0000000100000000-0x00000008bdffffff]
[    0.010724] Initmem setup node 0 [mem 0x0000000000001000-0x00000008bdffffff]
[    0.010727] On node 0, zone DMA: 1 pages in unavailable ranges
[    0.010729] On node 0, zone DMA: 1 pages in unavailable ranges
[    0.010749] On node 0, zone DMA: 98 pages in unavailable ranges
[    0.011911] On node 0, zone DMA32: 43 pages in unavailable ranges
[    0.011996] On node 0, zone DMA32: 6972 pages in unavailable ranges
[    0.054197] On node 0, zone Normal: 23296 pages in unavailable ranges
[    0.054297] On node 0, zone Normal: 8192 pages in unavailable ranges
[    0.054317] Reserving Intel graphics memory at [mem 0x3c000000-0x3fffffff]
[    0.055331] ACPI: PM-Timer IO Port: 0x1808
[    0.055337] ACPI: LAPIC_NMI (acpi_id[0x01] high edge lint[0x1])
[    0.055339] ACPI: LAPIC_NMI (acpi_id[0x02] high edge lint[0x1])
[    0.055340] ACPI: LAPIC_NMI (acpi_id[0x03] high edge lint[0x1])
[    0.055340] ACPI: LAPIC_NMI (acpi_id[0x04] high edge lint[0x1])
[    0.055366] IOAPIC[0]: apic_id 2, version 32, address 0xfec00000, GSI 0-119
[    0.055369] ACPI: INT_SRC_OVR (bus 0 bus_irq 0 global_irq 2 dfl dfl)
[    0.055371] ACPI: INT_SRC_OVR (bus 0 bus_irq 9 global_irq 9 high level)
[    0.055375] ACPI: Using ACPI (MADT) for SMP configuration information
[    0.055376] ACPI: HPET id: 0x8086a701 base: 0xfed00000
[    0.055383] e820: update [mem 0x36353000-0x363d6fff] usable ==> reserved
[    0.055395] TSC deadline timer available
[    0.055396] smpboot: Allowing 4 CPUs, 0 hotplug CPUs
[    0.055416] PM: hibernation: Registered nosave memory: [mem 0x00000000-0x00000fff]
[    0.055418] PM: hibernation: Registered nosave memory: [mem 0x00058000-0x00058fff]
[    0.055420] PM: hibernation: Registered nosave memory: [mem 0x0009e000-0x000fffff]
[    0.055422] PM: hibernation: Registered nosave memory: [mem 0x2ab5e000-0x2ab5efff]
[    0.055422] PM: hibernation: Registered nosave memory: [mem 0x2ab5f000-0x2ab88fff]
[    0.055424] PM: hibernation: Registered nosave memory: [mem 0x36353000-0x363d6fff]
[    0.055426] PM: hibernation: Registered nosave memory: [mem 0x389c3000-0x38d7efff]
[    0.055427] PM: hibernation: Registered nosave memory: [mem 0x38d7f000-0x38dbcfff]
[    0.055427] PM: hibernation: Registered nosave memory: [mem 0x38dbd000-0x39426fff]
[    0.055428] PM: hibernation: Registered nosave memory: [mem 0x39427000-0x3a425fff]
[    0.055429] PM: hibernation: Registered nosave memory: [mem 0x3a426000-0x3a4fefff]
[    0.055430] PM: hibernation: Registered nosave memory: [mem 0x3a500000-0x3fffffff]
[    0.055431] PM: hibernation: Registered nosave memory: [mem 0x40000000-0xdfffffff]
[    0.055432] PM: hibernation: Registered nosave memory: [mem 0xe0000000-0xefffffff]
[    0.055432] PM: hibernation: Registered nosave memory: [mem 0xf0000000-0xfdffffff]
[    0.055433] PM: hibernation: Registered nosave memory: [mem 0xfe000000-0xfe010fff]
[    0.055434] PM: hibernation: Registered nosave memory: [mem 0xfe011000-0xfebfffff]
[    0.055434] PM: hibernation: Registered nosave memory: [mem 0xfec00000-0xfec00fff]
[    0.055435] PM: hibernation: Registered nosave memory: [mem 0xfec01000-0xfedfffff]
[    0.055436] PM: hibernation: Registered nosave memory: [mem 0xfee00000-0xfee00fff]
[    0.055436] PM: hibernation: Registered nosave memory: [mem 0xfee01000-0xfeffffff]
[    0.055437] PM: hibernation: Registered nosave memory: [mem 0xff000000-0xffffffff]
[    0.055439] [mem 0x40000000-0xdfffffff] available for PCI devices
[    0.055440] Booting paravirtualized kernel on bare hardware
[    0.055442] clocksource: refined-jiffies: mask: 0xffffffff max_cycles: 0xffffffff, max_idle_ns: 6370452778343963 ns
[    0.060878] setup_percpu: NR_CPUS:320 nr_cpumask_bits:320 nr_cpu_ids:4 nr_node_ids:1
[    0.061009] percpu: Embedded 63 pages/cpu s221184 r8192 d28672 u524288
[    0.061016] pcpu-alloc: s221184 r8192 d28672 u524288 alloc=1*2097152
[    0.061018] pcpu-alloc: [0] 0 1 2 3 
[    0.061037] Fallback order for Node 0: 0 
[    0.061040] Built 1 zonelists, mobility grouping on.  Total pages: 8219378
[    0.061041] Policy zone: Normal
[    0.061042] Kernel command line: BOOT_IMAGE=/boot/vmlinuz-linux root=UUID=e6727f08-bac3-4fb3-a50f-4968f15ad046 rw quiet resume=UUID=461941d7-17b5-4263-aa6c-be6c2432f14d loglevel=3 audit=0 apparmor=1 sm=landlock,lockdown,yama,apparmor,bpf l1tf=full,force mds=full,nosmt mitigations=auto,nosmt nosmt=force pcie_aspm=force init_on_alloc=1 init_on_free=1 randomize_kstack_offset=on slab_nomerge pti=on slub_debug=ZF slub_debug=P page_poison=1 fsck.mode=force fsck.repair=yes 915.modeset=1 i915.fastboot=1 i915.enable_fbc=1 iommu.strict=1 intremap=on
[    0.061123] audit: disabled (until reboot)
[    0.061219] PCIe ASPM is forcibly enabled
[    0.061328] mem auto-init: SLAB_POISON will take precedence over init_on_alloc/init_on_free
[    0.061451] Unknown kernel command line parameters "BOOT_IMAGE=/boot/vmlinuz-linux sm=landlock,lockdown,yama,apparmor,bpf pti=on", will be passed to user space.
[    0.062863] Dentry cache hash table entries: 4194304 (order: 13, 33554432 bytes, linear)
[    0.063577] Inode-cache hash table entries: 2097152 (order: 12, 16777216 bytes, linear)
[    0.063631] mem auto-init: CONFIG_PAGE_POISONING is on, will take precedence over init_on_alloc and init_on_free
[    0.063725] mem auto-init: stack:all(zero), heap alloc:off, heap free:off
[    2.287473] Memory: 32666444K/33400020K available (14343K kernel code, 2072K rwdata, 11176K rodata, 2116K init, 3584K bss, 733320K reserved, 0K cma-reserved)
[    2.287478] **********************************************************
[    2.287479] **   NOTICE NOTICE NOTICE NOTICE NOTICE NOTICE NOTICE   **
[    2.287479] **                                                      **
[    2.287479] ** This system shows unhashed kernel memory addresses   **
[    2.287480] ** via the console, logs, and other interfaces. This    **
[    2.287480] ** might reduce the security of your system.            **
[    2.287481] **                                                      **
[    2.287481] ** If you see this message and you are not debugging    **
[    2.287482] ** the kernel, report this immediately to your system   **
[    2.287482] ** administrator!                                       **
[    2.287482] **                                                      **
[    2.287483] **   NOTICE NOTICE NOTICE NOTICE NOTICE NOTICE NOTICE   **
[    2.287483] **********************************************************
[    2.288916] SLUB: HWalign=64, Order=0-3, MinObjects=0, CPUs=4, Nodes=1
[    2.288964] Kernel/User page tables isolation: enabled
[    2.288979] ftrace: allocating 45426 entries in 178 pages
[    2.296714] ftrace: allocated 178 pages with 4 groups
[    2.296839] Dynamic Preempt: full
[    2.296945] rcu: Preemptible hierarchical RCU implementation.
[    2.296946] rcu: 	RCU restricting CPUs from NR_CPUS=320 to nr_cpu_ids=4.
[    2.296947] rcu: 	RCU priority boosting: priority 1 delay 500 ms.
[    2.296948] 	Trampoline variant of Tasks RCU enabled.
[    2.296949] 	Rude variant of Tasks RCU enabled.
[    2.296949] 	Tracing variant of Tasks RCU enabled.
[    2.296950] rcu: RCU calculated value of scheduler-enlistment delay is 30 jiffies.
[    2.296951] rcu: Adjusting geometry for rcu_fanout_leaf=16, nr_cpu_ids=4
[    2.303642] NR_IRQS: 20736, nr_irqs: 1024, preallocated irqs: 16
[    2.303877] rcu: srcu_init: Setting srcu_struct sizes based on contention.
[    2.304049] kfence: initialized - using 2097152 bytes for 255 objects at 0xffff987e9aa00000-0xffff987e9ac00000
[    2.304091] random: crng init done
[    2.304124] spurious 8259A interrupt: IRQ7.
[    2.304149] Console: colour dummy device 80x25
[    2.304170] printk: console [tty0] enabled
[    2.304192] ACPI: Core revision 20220331
[    2.304521] clocksource: hpet: mask: 0xffffffff max_cycles: 0xffffffff, max_idle_ns: 79635855245 ns
[    2.304620] APIC: Switch to symmetric I/O mode setup
[    2.305990] x2apic: IRQ remapping doesn't support X2APIC mode
[    2.308925] ..TIMER: vector=0x30 apic1=0 pin1=2 apic2=0 pin2=0
[    2.324620] clocksource: tsc-early: mask: 0xffffffffffffffff max_cycles: 0x285bfbafad2, max_idle_ns: 440795215530 ns
[    2.324625] Calibrating delay loop (skipped), value calculated using timer frequency.. 5602.18 BogoMIPS (lpj=9333090)
[    2.324628] pid_max: default: 32768 minimum: 301
[    2.328855] LSM: Security Framework initializing
[    2.328868] landlock: Up and running.
[    2.328870] Yama: becoming mindful.
[    2.328882] LSM support for eBPF active
[    2.328992] Mount-cache hash table entries: 65536 (order: 7, 524288 bytes, linear)
[    2.329084] Mountpoint-cache hash table entries: 65536 (order: 7, 524288 bytes, linear)
[    2.329416] x86/cpu: VMX (outside TXT) disabled by BIOS
[    2.329418] x86/cpu: SGX disabled by BIOS.
[    2.329423] CPU0: Thermal monitoring enabled (TM1)
[    2.329489] process: using mwait in idle threads
[    2.329491] Last level iTLB entries: 4KB 128, 2MB 8, 4MB 8
[    2.329493] Last level dTLB entries: 4KB 64, 2MB 0, 4MB 0, 1GB 4
[    2.329500] Spectre V1 : Mitigation: usercopy/swapgs barriers and __user pointer sanitization
[    2.329503] Spectre V2 : Mitigation: IBRS
[    2.329504] Spectre V2 : Spectre v2 / SpectreRSB mitigation: Filling RSB on context switch
[    2.329505] Spectre V2 : Spectre v2 / SpectreRSB : Filling RSB on VMEXIT
[    2.329506] RETBleed: Mitigation: IBRS
[    2.329508] Spectre V2 : mitigation: Enabling conditional Indirect Branch Prediction Barrier
[    2.329511] Speculative Store Bypass: Mitigation: Speculative Store Bypass disabled via prctl
[    2.329518] MDS: Mitigation: Clear CPU buffers
[    2.329519] TAA: Mitigation: TSX disabled
[    2.329520] MMIO Stale Data: Mitigation: Clear CPU buffers
[    2.329526] SRBDS: Mitigation: Microcode
[    2.353866] Freeing SMP alternatives memory: 36K
[    2.354719] smpboot: CPU0: Intel(R) Xeon(R) CPU E3-1505M v5 @ 2.80GHz (family: 0x6, model: 0x5e, stepping: 0x3)
[    2.354936] cblist_init_generic: Setting adjustable number of callback queues.
[    2.354938] cblist_init_generic: Setting shift to 2 and lim to 1.
[    2.354959] cblist_init_generic: Setting shift to 2 and lim to 1.
[    2.354983] cblist_init_generic: Setting shift to 2 and lim to 1.
[    2.355001] Performance Events: PEBS fmt3+, Skylake events, 32-deep LBR, full-width counters, Intel PMU driver.
[    2.355026] ... version:                4
[    2.355026] ... bit width:              48
[    2.355027] ... generic registers:      8
[    2.355028] ... value mask:             0000ffffffffffff
[    2.355029] ... max period:             00007fffffffffff
[    2.355030] ... fixed-purpose events:   3
[    2.355031] ... event mask:             00000007000000ff
[    2.355135] Estimated ratio of average max frequency by base frequency (times 1024): 1206
[    2.355168] rcu: Hierarchical SRCU implementation.
[    2.355169] rcu: 	Max phase no-delay instances is 1000.
[    2.356199] NMI watchdog: Enabled. Permanently consumes one hw-PMU counter.
[    2.356286] smp: Bringing up secondary CPUs ...
[    2.356433] x86: Booting SMP configuration:
[    2.356434] .... node  #0, CPUs:      #1 #2 #3
[    2.361657] smp: Brought up 1 node, 4 CPUs
[    2.361657] smpboot: Max logical packages: 1
[    2.361657] smpboot: Total of 4 processors activated (22408.72 BogoMIPS)
[    2.363093] devtmpfs: initialized
[    2.363093] x86/mm: Memory block size: 128MB
[    2.368069] ACPI: PM: Registering ACPI NVS region [mem 0x2ab5e000-0x2ab5efff] (4096 bytes)
[    2.368072] ACPI: PM: Registering ACPI NVS region [mem 0x38dbd000-0x39426fff] (6725632 bytes)
[    2.368582] clocksource: jiffies: mask: 0xffffffff max_cycles: 0xffffffff, max_idle_ns: 6370867519511994 ns
[    2.368593] futex hash table entries: 1024 (order: 4, 65536 bytes, linear)
[    2.368653] pinctrl core: initialized pinctrl subsystem
[    2.368891] PM: RTC time: 16:09:18, date: 2022-09-20
[    2.369496] NET: Registered PF_NETLINK/PF_ROUTE protocol family
[    2.370287] DMA: preallocated 4096 KiB GFP_KERNEL pool for atomic allocations
[    2.370760] DMA: preallocated 4096 KiB GFP_KERNEL|GFP_DMA pool for atomic allocations
[    2.371230] DMA: preallocated 4096 KiB GFP_KERNEL|GFP_DMA32 pool for atomic allocations
[    2.371407] thermal_sys: Registered thermal governor 'fair_share'
[    2.371408] thermal_sys: Registered thermal governor 'bang_bang'
[    2.371409] thermal_sys: Registered thermal governor 'step_wise'
[    2.371410] thermal_sys: Registered thermal governor 'user_space'
[    2.371411] thermal_sys: Registered thermal governor 'power_allocator'
[    2.371423] cpuidle: using governor ladder
[    2.371427] cpuidle: using governor menu
[    2.371623] Simple Boot Flag at 0x47 set to 0x80
[    2.371623] HugeTLB: can optimize 4095 vmemmap pages for hugepages-1048576kB
[    2.371623] ACPI FADT declares the system doesn't support PCIe ASPM, so disable it
[    2.371623] acpiphp: ACPI Hot Plug PCI Controller Driver version: 0.5
[    2.371623] PCI: MMCONFIG for domain 0000 [bus 00-ff] at [mem 0xe0000000-0xefffffff] (base 0xe0000000)
[    2.371623] PCI: MMCONFIG at [mem 0xe0000000-0xefffffff] reserved in E820
[    2.371623] PCI: Using configuration type 1 for base access
[    2.371820] ENERGY_PERF_BIAS: Set to 'normal', was 'performance'
[    2.373622] kprobes: kprobe jump-optimization is enabled. All kprobes are optimized if possible.
[    2.374648] HugeTLB: can optimize 7 vmemmap pages for hugepages-2048kB
[    2.374648] HugeTLB registered 1.00 GiB page size, pre-allocated 0 pages
[    2.374648] HugeTLB registered 2.00 MiB page size, pre-allocated 0 pages
[    2.374798] ACPI: Added _OSI(Module Device)
[    2.374799] ACPI: Added _OSI(Processor Device)
[    2.374800] ACPI: Added _OSI(3.0 _SCP Extensions)
[    2.374802] ACPI: Added _OSI(Processor Aggregator Device)
[    2.374803] ACPI: Added _OSI(Linux-Dell-Video)
[    2.374805] ACPI: Added _OSI(Linux-Lenovo-NV-HDMI-Audio)
[    2.374806] ACPI: Added _OSI(Linux-HPI-Hybrid-Graphics)
[    2.456246] ACPI: 13 ACPI AML tables successfully acquired and loaded
[    2.461163] ACPI: [Firmware Bug]: BIOS _OSI(Linux) query ignored
[    2.478511] ACPI: Dynamic OEM Table Load:
[    2.478519] ACPI: SSDT 0xFFFF987700CC6000 00061E (v02 PmRef  Cpu0Ist  00003000 INTL 20120913)
[    2.480733] ACPI: \_PR_.CPU0: _OSC native thermal LVT Acked
[    2.483804] ACPI: Dynamic OEM Table Load:
[    2.483810] ACPI: SSDT 0xFFFF987700BF0800 00037F (v02 PmRef  Cpu0Cst  00003001 INTL 20120913)
[    2.486810] ACPI: Dynamic OEM Table Load:
[    2.486817] ACPI: SSDT 0xFFFF987700CC4000 0005AA (v02 PmRef  ApIst    00003000 INTL 20120913)
[    2.489667] ACPI: Dynamic OEM Table Load:
[    2.489672] ACPI: SSDT 0xFFFF987700C3C800 000119 (v02 PmRef  ApCst    00003000 INTL 20120913)
[    2.495513] ACPI: EC: EC started
[    2.495514] ACPI: EC: interrupt blocked
[    2.499583] ACPI: EC: EC_CMD/EC_SC=0x934, EC_DATA=0x930
[    2.499586] ACPI: \_SB_.PCI0.LPCB.ECDV: Boot DSDT EC used to handle transactions
[    2.499588] ACPI: Interpreter enabled
[    2.499651] ACPI: PM: (supports S0 S4 S5)
[    2.499652] ACPI: Using IOAPIC for interrupt routing
[    2.499719] PCI: Using host bridge windows from ACPI; if necessary, use "pci=nocrs" and report a bug
[    2.499721] PCI: Using E820 reservations for host bridge windows
[    2.501230] ACPI: Enabled 9 GPEs in block 00 to 7F
[    2.504946] ACPI: PM: Power Resource [PG00]
[    2.552474] ACPI: PM: Power Resource [PG01]
[    2.553454] ACPI: PM: Power Resource [PG02]
[    2.557681] ACPI: PM: Power Resource [WRST]
[    2.558409] ACPI: PM: Power Resource [WRST]
[    2.559127] ACPI: PM: Power Resource [WRST]
[    2.559420] ACPI: PM: Power Resource [WRST]
[    2.559420] ACPI: PM: Power Resource [WRST]
[    2.559891] ACPI: PM: Power Resource [WRST]
[    2.560628] ACPI: PM: Power Resource [WRST]
[    2.561376] ACPI: PM: Power Resource [WRST]
[    2.562124] ACPI: PM: Power Resource [WRST]
[    2.562855] ACPI: PM: Power Resource [WRST]
[    2.563606] ACPI: PM: Power Resource [WRST]
[    2.564341] ACPI: PM: Power Resource [WRST]
[    2.565072] ACPI: PM: Power Resource [WRST]
[    2.565807] ACPI: PM: Power Resource [WRST]
[    2.566530] ACPI: PM: Power Resource [WRST]
[    2.567250] ACPI: PM: Power Resource [WRST]
[    2.567978] ACPI: PM: Power Resource [WRST]
[    2.568698] ACPI: PM: Power Resource [WRST]
[    2.569413] ACPI: PM: Power Resource [WRST]
[    2.570966] ACPI: PM: Power Resource [WRST]
[    2.605846] ACPI: PM: Power Resource [FN00]
[    2.606022] ACPI: PM: Power Resource [FN01]
[    2.606196] ACPI: PM: Power Resource [FN02]
[    2.606365] ACPI: PM: Power Resource [FN03]
[    2.606532] ACPI: PM: Power Resource [FN04]
[    2.608519] ACPI: PCI Root Bridge [PCI0] (domain 0000 [bus 00-fe])
[    2.608529] acpi PNP0A08:00: _OSC: OS supports [ExtendedConfig ASPM ClockPM Segments MSI EDR HPX-Type3]
[    2.608636] acpi PNP0A08:00: _OSC: OS requested [PCIeHotplug SHPCHotplug PME AER PCIeCapability LTR DPC]
[    2.608638] acpi PNP0A08:00: _OSC: platform willing to grant [PCIeHotplug SHPCHotplug PME AER PCIeCapability LTR DPC]
[    2.608640] acpi PNP0A08:00: _OSC: platform retains control of PCIe features (AE_ERROR)
[    2.610175] PCI host bridge to bus 0000:00
[    2.610177] pci_bus 0000:00: root bus resource [io  0x0000-0x0cf7 window]
[    2.610180] pci_bus 0000:00: root bus resource [io  0x0d00-0xffff window]
[    2.610182] pci_bus 0000:00: root bus resource [mem 0x000a0000-0x000dffff window]
[    2.610184] pci_bus 0000:00: root bus resource [mem 0x000e4000-0x000effff window]
[    2.610189] pci_bus 0000:00: root bus resource [mem 0x40000000-0xdfffffff window]
[    2.610191] pci_bus 0000:00: root bus resource [mem 0xfd000000-0xfe7fffff window]
[    2.610193] pci_bus 0000:00: root bus resource [bus 00-fe]
[    2.610218] pci 0000:00:00.0: [8086:1918] type 00 class 0x060000
[    2.610322] pci 0000:00:01.0: [8086:1901] type 01 class 0x060400
[    2.610394] pci 0000:00:01.0: PME# supported from D0 D3hot D3cold
[    2.611487] pci 0000:00:02.0: [8086:191d] type 00 class 0x030000
[    2.611507] pci 0000:00:02.0: reg 0x10: [mem 0xdb000000-0xdbffffff 64bit]
[    2.611521] pci 0000:00:02.0: reg 0x18: [mem 0x70000000-0x7fffffff 64bit pref]
[    2.611531] pci 0000:00:02.0: reg 0x20: [io  0xf000-0xf03f]
[    2.611564] pci 0000:00:02.0: BAR 2: assigned to efifb
[    2.611568] pci 0000:00:02.0: Video device with shadowed ROM at [mem 0x000c0000-0x000dffff]
[    2.611931] pci 0000:00:04.0: [8086:1903] type 00 class 0x118000
[    2.611948] pci 0000:00:04.0: reg 0x10: [mem 0xddd20000-0xddd27fff 64bit]
[    2.612512] pci 0000:00:14.0: [8086:a12f] type 00 class 0x0c0330
[    2.612539] pci 0000:00:14.0: reg 0x10: [mem 0xddd10000-0xddd1ffff 64bit]
[    2.612635] pci 0000:00:14.0: PME# supported from D3hot D3cold
[    2.613212] pci 0000:00:14.2: [8086:a131] type 00 class 0x118000
[    2.613239] pci 0000:00:14.2: reg 0x10: [mem 0xddd38000-0xddd38fff 64bit]
[    2.613455] pci 0000:00:15.0: [8086:a160] type 00 class 0x118000
[    2.613651] pci 0000:00:15.0: reg 0x10: [mem 0xddd37000-0xddd37fff 64bit]
[    2.614964] pci 0000:00:15.1: [8086:a161] type 00 class 0x118000
[    2.615160] pci 0000:00:15.1: reg 0x10: [mem 0xddd36000-0xddd36fff 64bit]
[    2.616349] pci 0000:00:16.0: [8086:a13a] type 00 class 0x078000
[    2.616377] pci 0000:00:16.0: reg 0x10: [mem 0xddd35000-0xddd35fff 64bit]
[    2.616464] pci 0000:00:16.0: PME# supported from D3hot
[    2.616958] pci 0000:00:17.0: [8086:a102] type 00 class 0x010601
[    2.616984] pci 0000:00:17.0: reg 0x10: [mem 0xddd30000-0xddd31fff]
[    2.617000] pci 0000:00:17.0: reg 0x14: [mem 0xddd34000-0xddd340ff]
[    2.617015] pci 0000:00:17.0: reg 0x18: [io  0xf090-0xf097]
[    2.617031] pci 0000:00:17.0: reg 0x1c: [io  0xf080-0xf083]
[    2.617046] pci 0000:00:17.0: reg 0x20: [io  0xf060-0xf07f]
[    2.617062] pci 0000:00:17.0: reg 0x24: [mem 0xddd33000-0xddd337ff]
[    2.617113] pci 0000:00:17.0: PME# supported from D3hot
[    2.617679] pci 0000:00:1c.0: [8086:a110] type 01 class 0x060400
[    2.617772] pci 0000:00:1c.0: PME# supported from D0 D3hot D3cold
[    2.619181] pci 0000:00:1c.1: [8086:a111] type 01 class 0x060400
[    2.619276] pci 0000:00:1c.1: PME# supported from D0 D3hot D3cold
[    2.620628] pci 0000:00:1d.0: [8086:a118] type 01 class 0x060400
[    2.620724] pci 0000:00:1d.0: PME# supported from D0 D3hot D3cold
[    2.622083] pci 0000:00:1d.4: [8086:a11c] type 01 class 0x060400
[    2.622172] pci 0000:00:1d.4: PME# supported from D0 D3hot D3cold
[    2.623494] pci 0000:00:1d.6: [8086:a11e] type 01 class 0x060400
[    2.623590] pci 0000:00:1d.6: PME# supported from D0 D3hot D3cold
[    2.624921] pci 0000:00:1f.0: [8086:a150] type 00 class 0x060100
[    2.625540] pci 0000:00:1f.2: [8086:a121] type 00 class 0x058000
[    2.625558] pci 0000:00:1f.2: reg 0x10: [mem 0xddd2c000-0xddd2ffff]
[    2.626105] pci 0000:00:1f.3: [8086:a170] type 00 class 0x040380
[    2.626133] pci 0000:00:1f.3: reg 0x10: [mem 0xddd28000-0xddd2bfff 64bit]
[    2.626167] pci 0000:00:1f.3: reg 0x20: [mem 0xddd00000-0xddd0ffff 64bit]
[    2.626219] pci 0000:00:1f.3: PME# supported from D3hot D3cold
[    2.627474] pci 0000:00:1f.4: [8086:a123] type 00 class 0x0c0500
[    2.627533] pci 0000:00:1f.4: reg 0x10: [mem 0xddd32000-0xddd320ff 64bit]
[    2.627604] pci 0000:00:1f.4: reg 0x20: [io  0xf040-0xf05f]
[    2.628238] pci 0000:01:00.0: [10de:13b1] type 00 class 0x030200
[    2.628261] pci 0000:01:00.0: reg 0x10: [mem 0xdc000000-0xdcffffff]
[    2.628282] pci 0000:01:00.0: reg 0x14: [mem 0xb0000000-0xbfffffff 64bit pref]
[    2.628302] pci 0000:01:00.0: reg 0x1c: [mem 0xc0000000-0xc1ffffff 64bit pref]
[    2.628316] pci 0000:01:00.0: reg 0x24: [io  0xe000-0xe07f]
[    2.628329] pci 0000:01:00.0: reg 0x30: [mem 0xdd000000-0xdd07ffff pref]
[    2.628354] pci 0000:01:00.0: Enabling HDA controller
[    2.628409] pci 0000:01:00.0: 64.000 Gb/s available PCIe bandwidth, limited by 5.0 GT/s PCIe x16 link at 0000:00:01.0 (capable of 126.016 Gb/s with 8.0 GT/s PCIe x16 link)
[    2.629238] pci 0000:00:01.0: PCI bridge to [bus 01]
[    2.629241] pci 0000:00:01.0:   bridge window [io  0xe000-0xefff]
[    2.629244] pci 0000:00:01.0:   bridge window [mem 0xdc000000-0xdd0fffff]
[    2.629247] pci 0000:00:01.0:   bridge window [mem 0xb0000000-0xc1ffffff 64bit pref]
[    2.629378] pci 0000:02:00.0: [8086:24f3] type 00 class 0x028000
[    2.629429] pci 0000:02:00.0: reg 0x10: [mem 0xddc00000-0xddc01fff 64bit]
[    2.629646] pci 0000:02:00.0: PME# supported from D0 D3hot D3cold
[    2.630543] pci 0000:00:1c.0: PCI bridge to [bus 02]
[    2.630548] pci 0000:00:1c.0:   bridge window [mem 0xddc00000-0xddcfffff]
[    2.630642] pci 0000:03:00.0: [10ec:525a] type 00 class 0xff0000
[    2.630682] pci 0000:03:00.0: reg 0x14: [mem 0xdd100000-0xdd100fff]
[    2.630831] pci 0000:03:00.0: supports D1 D2
[    2.630833] pci 0000:03:00.0: PME# supported from D1 D2 D3hot D3cold
[    2.631639] pci 0000:00:1c.1: PCI bridge to [bus 03]
[    2.631643] pci 0000:00:1c.1:   bridge window [io  0xd000-0xdfff]
[    2.631645] pci 0000:00:1c.1:   bridge window [mem 0xdd100000-0xddafffff]
[    2.631650] pci 0000:00:1c.1:   bridge window [mem 0xc2100000-0xc2afffff 64bit pref]
[    2.631736] pci 0000:04:00.0: [1179:010f] type 00 class 0x010802
[    2.631764] pci 0000:04:00.0: reg 0x10: [mem 0xddb00000-0xddb03fff 64bit]
[    2.631828] pci 0000:04:00.0: enabling Extended Tags
[    2.641375] pci 0000:00:1d.0: PCI bridge to [bus 04]
[    2.641380] pci 0000:00:1d.0:   bridge window [mem 0xddb00000-0xddbfffff]
[    2.641461] pci 0000:00:1d.4: PCI bridge to [bus 05]
[    2.641535] pci 0000:00:1d.6: PCI bridge to [bus 06-3e]
[    2.641540] pci 0000:00:1d.6:   bridge window [mem 0xc4000000-0xda0fffff]
[    2.641544] pci 0000:00:1d.6:   bridge window [mem 0x80000000-0xa1ffffff 64bit pref]
[    2.646806] ACPI: PCI: Interrupt link LNKA configured for IRQ 11
[    2.646955] ACPI: PCI: Interrupt link LNKB configured for IRQ 10
[    2.647100] ACPI: PCI: Interrupt link LNKC configured for IRQ 11
[    2.647244] ACPI: PCI: Interrupt link LNKD configured for IRQ 11
[    2.647388] ACPI: PCI: Interrupt link LNKE configured for IRQ 11
[    2.647532] ACPI: PCI: Interrupt link LNKF configured for IRQ 11
[    2.647676] ACPI: PCI: Interrupt link LNKG configured for IRQ 11
[    2.647819] ACPI: PCI: Interrupt link LNKH configured for IRQ 11
[    2.651694] ACPI: EC: interrupt unblocked
[    2.651696] ACPI: EC: event unblocked
[    2.651704] ACPI: EC: EC_CMD/EC_SC=0x934, EC_DATA=0x930
[    2.651706] ACPI: EC: GPE=0x14
[    2.651708] ACPI: \_SB_.PCI0.LPCB.ECDV: Boot DSDT EC initialization complete
[    2.651710] ACPI: \_SB_.PCI0.LPCB.ECDV: EC: Used to handle transactions and events
[    2.651816] iommu: Default domain type: Translated 
[    2.651817] iommu: DMA domain TLB invalidation policy: strict mode (set via kernel command line)
[    2.652081] SCSI subsystem initialized
[    2.652091] libata version 3.00 loaded.
[    2.652091] ACPI: bus type USB registered
[    2.652091] usbcore: registered new interface driver usbfs
[    2.652091] usbcore: registered new interface driver hub
[    2.652091] usbcore: registered new device driver usb
[    2.652091] pps_core: LinuxPPS API ver. 1 registered
[    2.652091] pps_core: Software ver. 5.3.6 - Copyright 2005-2007 Rodolfo Giometti <giometti@linux.it>
[    2.652091] PTP clock support registered
[    2.652091] EDAC MC: Ver: 3.0.0
[    2.652091] Registered efivars operations
[    2.652091] NetLabel: Initializing
[    2.652091] NetLabel:  domain hash size = 128
[    2.652091] NetLabel:  protocols = UNLABELED CIPSOv4 CALIPSO
[    2.652091] NetLabel:  unlabeled traffic allowed by default
[    2.652091] mctp: management component transport protocol core
[    2.652091] NET: Registered PF_MCTP protocol family
[    2.652091] PCI: Using ACPI for IRQ routing
[    2.676500] PCI: pci_cache_line_size set to 64 bytes
[    2.676628] e820: reserve RAM buffer [mem 0x00058000-0x0005ffff]
[    2.676647] e820: reserve RAM buffer [mem 0x0009e000-0x0009ffff]
[    2.676649] e820: reserve RAM buffer [mem 0x2ab5e000-0x2bffffff]
[    2.676651] e820: reserve RAM buffer [mem 0x36353000-0x37ffffff]
[    2.676652] e820: reserve RAM buffer [mem 0x389c3000-0x3bffffff]
[    2.676654] e820: reserve RAM buffer [mem 0x3a500000-0x3bffffff]
[    2.676655] e820: reserve RAM buffer [mem 0x8be000000-0x8bfffffff]
[    2.677969] pci 0000:00:02.0: vgaarb: setting as boot VGA device
[    2.677969] pci 0000:00:02.0: vgaarb: bridge control possible
[    2.677969] pci 0000:00:02.0: vgaarb: VGA device added: decodes=io+mem,owns=io+mem,locks=none
[    2.677972] vgaarb: loaded
[    2.679175] hpet0: at MMIO 0xfed00000, IRQs 2, 8, 0, 0, 0, 0, 0, 0
[    2.679175] hpet0: 8 comparators, 64-bit 24.000000 MHz counter
[    2.681292] clocksource: Switched to clocksource tsc-early
[    2.681296] VFS: Disk quotas dquot_6.6.0
[    2.681296] VFS: Dquot-cache hash table entries: 512 (order 0, 4096 bytes)
[    2.681296] pnp: PnP ACPI init
[    2.681296] system 00:00: [io  0x0680-0x069f] has been reserved
[    2.681296] system 00:00: [io  0xffff] has been reserved
[    2.681296] system 00:00: [io  0xffff] has been reserved
[    2.681296] system 00:00: [io  0xffff] has been reserved
[    2.681296] system 00:00: [io  0x1800-0x18fe] has been reserved
[    2.681296] system 00:00: [io  0x164e-0x164f] has been reserved
[    2.681296] system 00:01: [io  0x0800-0x087f] has been reserved
[    2.681296] system 00:03: [io  0x1854-0x1857] has been reserved
[    2.683313] system 00:06: [mem 0xfed10000-0xfed17fff] has been reserved
[    2.683317] system 00:06: [mem 0xfed18000-0xfed18fff] has been reserved
[    2.683319] system 00:06: [mem 0xfed19000-0xfed19fff] has been reserved
[    2.683322] system 00:06: [mem 0xe0000000-0xefffffff] has been reserved
[    2.683324] system 00:06: [mem 0xfed20000-0xfed3ffff] has been reserved
[    2.683326] system 00:06: [mem 0xfed90000-0xfed93fff] has been reserved
[    2.683328] system 00:06: [mem 0xfed45000-0xfed8ffff] has been reserved
[    2.683331] system 00:06: [mem 0xff000000-0xffffffff] has been reserved
[    2.683333] system 00:06: [mem 0xfee00000-0xfeefffff] could not be reserved
[    2.683336] system 00:06: [mem 0xdffe0000-0xdfffffff] has been reserved
[    2.683427] system 00:07: [mem 0xfd000000-0xfdabffff] has been reserved
[    2.683430] system 00:07: [mem 0xfdad0000-0xfdadffff] has been reserved
[    2.683432] system 00:07: [mem 0xfdb00000-0xfdffffff] has been reserved
[    2.683435] system 00:07: [mem 0xfe000000-0xfe01ffff] could not be reserved
[    2.683437] system 00:07: [mem 0xfe036000-0xfe03bfff] has been reserved
[    2.683439] system 00:07: [mem 0xfe03d000-0xfe3fffff] has been reserved
[    2.683442] system 00:07: [mem 0xfe410000-0xfe7fffff] has been reserved
[    2.684041] system 00:08: [io  0xff00-0xfffe] has been reserved
[    2.686766] system 00:09: [mem 0xfdaf0000-0xfdafffff] has been reserved
[    2.686770] system 00:09: [mem 0xfdae0000-0xfdaeffff] has been reserved
[    2.686773] system 00:09: [mem 0xfdac0000-0xfdacffff] has been reserved
[    2.691048] pnp: PnP ACPI: found 11 devices
[    2.697395] clocksource: acpi_pm: mask: 0xffffff max_cycles: 0xffffff, max_idle_ns: 2085701024 ns
[    2.697500] NET: Registered PF_INET protocol family
[    2.697865] IP idents hash table entries: 262144 (order: 9, 2097152 bytes, linear)
[    2.701004] tcp_listen_portaddr_hash hash table entries: 16384 (order: 6, 262144 bytes, linear)
[    2.701056] Table-perturb hash table entries: 65536 (order: 6, 262144 bytes, linear)
[    2.701301] TCP established hash table entries: 262144 (order: 9, 2097152 bytes, linear)
[    2.701635] TCP bind hash table entries: 65536 (order: 8, 1048576 bytes, linear)
[    2.701716] TCP: Hash tables configured (established 262144 bind 65536)
[    2.701947] MPTCP token hash table entries: 32768 (order: 7, 786432 bytes, linear)
[    2.702122] UDP hash table entries: 16384 (order: 7, 524288 bytes, linear)
[    2.702238] UDP-Lite hash table entries: 16384 (order: 7, 524288 bytes, linear)
[    2.702333] NET: Registered PF_UNIX/PF_LOCAL protocol family
[    2.702341] NET: Registered PF_XDP protocol family
[    2.702347] pci 0000:00:1d.6: bridge window [io  0x1000-0x0fff] to [bus 06-3e] add_size 1000
[    2.702357] pci 0000:00:1d.6: BAR 13: assigned [io  0x2000-0x2fff]
[    2.702361] pci 0000:00:01.0: PCI bridge to [bus 01]
[    2.702363] pci 0000:00:01.0:   bridge window [io  0xe000-0xefff]
[    2.702370] pci 0000:00:01.0:   bridge window [mem 0xdc000000-0xdd0fffff]
[    2.702375] pci 0000:00:01.0:   bridge window [mem 0xb0000000-0xc1ffffff 64bit pref]
[    2.702385] pci 0000:00:1c.0: PCI bridge to [bus 02]
[    2.702393] pci 0000:00:1c.0:   bridge window [mem 0xddc00000-0xddcfffff]
[    2.702406] pci 0000:00:1c.1: PCI bridge to [bus 03]
[    2.702408] pci 0000:00:1c.1:   bridge window [io  0xd000-0xdfff]
[    2.702415] pci 0000:00:1c.1:   bridge window [mem 0xdd100000-0xddafffff]
[    2.702421] pci 0000:00:1c.1:   bridge window [mem 0xc2100000-0xc2afffff 64bit pref]
[    2.702432] pci 0000:00:1d.0: PCI bridge to [bus 04]
[    2.702441] pci 0000:00:1d.0:   bridge window [mem 0xddb00000-0xddbfffff]
[    2.702454] pci 0000:00:1d.4: PCI bridge to [bus 05]
[    2.702473] pci 0000:00:1d.6: PCI bridge to [bus 06-3e]
[    2.702475] pci 0000:00:1d.6:   bridge window [io  0x2000-0x2fff]
[    2.702482] pci 0000:00:1d.6:   bridge window [mem 0xc4000000-0xda0fffff]
[    2.702488] pci 0000:00:1d.6:   bridge window [mem 0x80000000-0xa1ffffff 64bit pref]
[    2.702498] pci_bus 0000:00: resource 4 [io  0x0000-0x0cf7 window]
[    2.702500] pci_bus 0000:00: resource 5 [io  0x0d00-0xffff window]
[    2.702501] pci_bus 0000:00: resource 6 [mem 0x000a0000-0x000dffff window]
[    2.702503] pci_bus 0000:00: resource 7 [mem 0x000e4000-0x000effff window]
[    2.702504] pci_bus 0000:00: resource 8 [mem 0x40000000-0xdfffffff window]
[    2.702506] pci_bus 0000:00: resource 9 [mem 0xfd000000-0xfe7fffff window]
[    2.702508] pci_bus 0000:01: resource 0 [io  0xe000-0xefff]
[    2.702509] pci_bus 0000:01: resource 1 [mem 0xdc000000-0xdd0fffff]
[    2.702510] pci_bus 0000:01: resource 2 [mem 0xb0000000-0xc1ffffff 64bit pref]
[    2.702512] pci_bus 0000:02: resource 1 [mem 0xddc00000-0xddcfffff]
[    2.702514] pci_bus 0000:03: resource 0 [io  0xd000-0xdfff]
[    2.702515] pci_bus 0000:03: resource 1 [mem 0xdd100000-0xddafffff]
[    2.702517] pci_bus 0000:03: resource 2 [mem 0xc2100000-0xc2afffff 64bit pref]
[    2.702518] pci_bus 0000:04: resource 1 [mem 0xddb00000-0xddbfffff]
[    2.702520] pci_bus 0000:06: resource 0 [io  0x2000-0x2fff]
[    2.702522] pci_bus 0000:06: resource 1 [mem 0xc4000000-0xda0fffff]
[    2.702523] pci_bus 0000:06: resource 2 [mem 0x80000000-0xa1ffffff 64bit pref]
[    2.703261] PCI: CLS 0 bytes, default 64
[    2.703268] PCI-DMA: Using software bounce buffering for IO (SWIOTLB)
[    2.703269] software IO TLB: mapped [mem 0x0000000030ad5000-0x0000000034ad5000] (64MB)
[    2.703315] Trying to unpack rootfs image as initramfs...
[    2.704178] Initialise system trusted keyrings
[    2.704191] Key type blacklist registered
[    2.704229] workingset: timestamp_bits=41 max_order=23 bucket_order=0
[    2.706813] zbud: loaded
[    2.707189] integrity: Platform Keyring initialized
[    2.707191] integrity: Machine keyring initialized
[    2.715577] Key type asymmetric registered
[    2.715578] Asymmetric key parser 'x509' registered
[    3.355433] Freeing initrd memory: 11784K
[    3.358714] alg: self-tests for CTR-KDF (hmac(sha256)) passed
[    3.358740] Block layer SCSI generic (bsg) driver version 0.4 loaded (major 243)
[    3.358772] io scheduler mq-deadline registered
[    3.358774] io scheduler kyber registered
[    3.358825] io scheduler bfq registered
[    3.360897] shpchp: Standard Hot Plug PCI Controller Driver version: 0.4
[    3.362573] ACPI: AC: AC Adapter [AC] (on-line)
[    3.362654] input: Lid Switch as /devices/LNXSYSTM:00/LNXSYBUS:00/PNP0C0D:00/input/input0
[    3.362698] ACPI: button: Lid Switch [LID0]
[    3.362737] input: Power Button as /devices/LNXSYSTM:00/LNXSYBUS:00/PNP0C0C:00/input/input1
[    3.362776] ACPI: button: Power Button [PBTN]
[    3.362814] input: Sleep Button as /devices/LNXSYSTM:00/LNXSYBUS:00/PNP0C0E:00/input/input2
[    3.362839] ACPI: button: Sleep Button [SBTN]
[    3.362878] input: Power Button as /devices/LNXSYSTM:00/LNXPWRBN:00/input/input3
[    3.362945] ACPI: button: Power Button [PWRF]
[    3.365636] thermal LNXTHERM:00: registered as thermal_zone0
[    3.365638] ACPI: thermal: Thermal Zone [THM] (25 C)
[    3.365966] ACPI BIOS Error (bug): Could not resolve symbol [\_SB.PCI0.LPCB.HEC.ECAV], AE_NOT_FOUND (20220331/psargs-330)
[    3.365976] ACPI Error: Aborting method \_TZ.TZ00._TMP due to previous error (AE_NOT_FOUND) (20220331/psparse-529)
[    3.366315] ACPI BIOS Error (bug): Could not resolve symbol [\_SB.PCI0.LPCB.HEC.ECAV], AE_NOT_FOUND (20220331/psargs-330)
[    3.366323] ACPI Error: Aborting method \_TZ.TZ00._TMP due to previous error (AE_NOT_FOUND) (20220331/psparse-529)
[    3.366462] ACPI BIOS Error (bug): Could not resolve symbol [\_SB.PCI0.LPCB.HEC.ECAV], AE_NOT_FOUND (20220331/psargs-330)
[    3.366469] ACPI Error: Aborting method \_TZ.TZ01._TMP due to previous error (AE_NOT_FOUND) (20220331/psparse-529)
[    3.366595] ACPI BIOS Error (bug): Could not resolve symbol [\_SB.PCI0.LPCB.HEC.ECAV], AE_NOT_FOUND (20220331/psargs-330)
[    3.366602] ACPI Error: Aborting method \_TZ.TZ01._TMP due to previous error (AE_NOT_FOUND) (20220331/psparse-529)
[    3.367003] Serial: 8250/16550 driver, 32 ports, IRQ sharing enabled
[    3.370686] Non-volatile memory driver v1.3
[    3.370687] Linux agpgart interface v0.103
[    3.370689] AMD-Vi: AMD IOMMUv2 functionality not available on this system - This is not a bug.
[    3.370740] ACPI: bus type drm_connector registered
[    3.371799] ahci 0000:00:17.0: version 3.0
[    3.372302] ahci 0000:00:17.0: SSS flag set, parallel bus scan disabled
[    3.372361] ahci 0000:00:17.0: AHCI 0001.0301 32 slots 1 ports 6 Gbps 0x2 impl SATA mode
[    3.372364] ahci 0000:00:17.0: flags: 64bit ncq sntf stag pm led clo only pio slum part ems deso sadm sds apst 
[    3.373427] scsi host0: ahci
[    3.373655] scsi host1: ahci
[    3.373714] ata1: DUMMY
[    3.373717] ata2: SATA max UDMA/133 abar m2048@0xddd33000 port 0xddd33180 irq 126
[    3.373764] ehci_hcd: USB 2.0 'Enhanced' Host Controller (EHCI) Driver
[    3.373767] ehci-pci: EHCI PCI platform driver
[    3.373778] ohci_hcd: USB 1.1 'Open' Host Controller (OHCI) Driver
[    3.373784] ohci-pci: OHCI PCI platform driver
[    3.373794] uhci_hcd: USB Universal Host Controller Interface driver
[    3.373858] usbcore: registered new interface driver usbserial_generic
[    3.373863] usbserial: USB Serial support registered for generic
[    3.374323] rtc_cmos 00:02: RTC can wake from S4
[    3.375076] rtc_cmos 00:02: registered as rtc0
[    3.375212] rtc_cmos 00:02: setting system clock to 2022-09-20T16:09:19 UTC (1663690159)
[    3.375230] rtc_cmos 00:02: alarms up to one month, y3k, 242 bytes nvram, hpet irqs
[    3.376265] intel_pstate: Intel P-state driver initializing
[    3.376667] intel_pstate: HWP enabled
[    3.377160] ledtrig-cpu: registered to indicate activity on CPUs
[    3.377676] efifb: probing for efifb
[    3.377687] efifb: framebuffer at 0x70000000, using 8128k, total 8128k
[    3.377689] efifb: mode is 1920x1080x32, linelength=7680, pages=1
[    3.377690] efifb: scrolling: redraw
[    3.377691] efifb: Truecolor: size=8:8:8:8, shift=24:16:8:0
[    3.377733] fbcon: Deferring console take-over
[    3.377734] fb0: EFI VGA frame buffer device
[    3.377762] hid: raw HID events driver (C) Jiri Kosina
[    3.378212] intel_pmc_core INT33A1:00:  initialized
[    3.378294] drop_monitor: Initializing network drop monitor service
[    3.391302] Initializing XFRM netlink socket
[    3.391448] NET: Registered PF_INET6 protocol family
[    3.395390] Segment Routing with IPv6
[    3.395391] RPL Segment Routing with IPv6
[    3.395400] In-situ OAM (IOAM) with IPv6
[    3.395421] NET: Registered PF_PACKET protocol family
[    3.396383] microcode: sig=0x506e3, pf=0x20, revision=0xf0
[    3.396423] microcode: Microcode Update Driver: v2.2.
[    3.396428] IPI shorthand broadcast: enabled
[    3.396451] sched_clock: Marking stable (3395493089, 653152)->(3399100530, -2954289)
[    3.396943] registered taskstats version 1
[    3.397108] Loading compiled-in X.509 certificates
[    3.401662] Loaded X.509 cert 'Build time autogenerated kernel key: 2b6db7b3d7e9306fd35cdcf8aac31466d2232c4e'
[    3.402578] zswap: loaded using pool lz4/z3fold
[    3.403142] Key type ._fscrypt registered
[    3.403143] Key type .fscrypt registered
[    3.403144] Key type fscrypt-provisioning registered
[    3.403406] integrity: Loading X.509 certificate: UEFI:db
[    3.403438] integrity: Loaded X.509 cert 'Microsoft Windows Production PCA 2011: a92902398e16c49778cd90f99e4f9ae17c55af53'
[    3.403439] integrity: Loading X.509 certificate: UEFI:db
[    3.403460] integrity: Loaded X.509 cert 'Microsoft Corporation UEFI CA 2011: 13adbf4309bd82709c8cd54f316ed522988a1bd4'
[    3.407239] PM:   Magic number: 6:834:186
[    3.407266] acpi LNXTHERM:02: hash matches
[    3.407277] acpi device:45: hash matches
[    3.407430] RAS: Correctable Errors collector initialized.
[    3.415317] ACPI: battery: Slot [BAT0] (battery present)
[    3.714857] tsc: Refined TSC clocksource calibration: 2807.999 MHz
[    3.714872] clocksource: tsc: mask: 0xffffffffffffffff max_cycles: 0x2879c523a63, max_idle_ns: 440795252908 ns
[    3.714934] clocksource: Switched to clocksource tsc
[    3.725502] ata2: SATA link down (SStatus 4 SControl 300)
[    3.731351] Freeing unused decrypted memory: 2036K
[    3.731724] Freeing unused kernel image (initmem) memory: 2116K
[    3.741526] Write protecting the kernel read-only data: 28672k
[    3.742165] Freeing unused kernel image (text/rodata gap) memory: 2040K
[    3.742462] Freeing unused kernel image (rodata/data gap) memory: 1112K
[    3.793610] x86/mm: Checked W+X mappings: passed, no W+X pages found.
[    3.793613] rodata_test: all tests were successful
[    3.793614] x86/mm: Checking user space page tables
[    3.833129] x86/mm: Checked W+X mappings: passed, no W+X pages found.
[    3.833136] Run /init as init process
[    3.833137]   with arguments:
[    3.833138]     /init
[    3.833139]   with environment:
[    3.833139]     HOME=/
[    3.833140]     TERM=linux
[    3.833141]     BOOT_IMAGE=/boot/vmlinuz-linux
[    3.833141]     sm=landlock,lockdown,yama,apparmor,bpf
[    3.833142]     pti=on
[    3.860591] fbcon: Taking over console
[    3.860662] Console: switching to colour frame buffer device 240x67
[    4.005021] i8042: PNP: PS/2 Controller [PNP0303:PS2K,PNP0f13:PS2M] at 0x60,0x64 irq 1,12
[    4.005289] i8042: Warning: Keylock active
[    4.007713] serio: i8042 KBD port at 0x60,0x64 irq 1
[    4.007793] serio: i8042 AUX port at 0x60,0x64 irq 12
[    4.019632] xhci_hcd 0000:00:14.0: xHCI Host Controller
[    4.019638] xhci_hcd 0000:00:14.0: new USB bus registered, assigned bus number 1
[    4.020716] xhci_hcd 0000:00:14.0: hcc params 0x200077c1 hci version 0x100 quirks 0x0000000001109810
[    4.021083] xhci_hcd 0000:00:14.0: xHCI Host Controller
[    4.021087] xhci_hcd 0000:00:14.0: new USB bus registered, assigned bus number 2
[    4.021090] xhci_hcd 0000:00:14.0: Host supports USB 3.0 SuperSpeed
[    4.021129] usb usb1: New USB device found, idVendor=1d6b, idProduct=0002, bcdDevice= 5.19
[    4.021131] usb usb1: New USB device strings: Mfr=3, Product=2, SerialNumber=1
[    4.021133] usb usb1: Product: xHCI Host Controller
[    4.021134] usb usb1: Manufacturer: Linux 5.19.9-arch1-1 xhci-hcd
[    4.021135] usb usb1: SerialNumber: 0000:00:14.0
[    4.021399] hub 1-0:1.0: USB hub found
[    4.021417] hub 1-0:1.0: 16 ports detected
[    4.026266] usb usb2: New USB device found, idVendor=1d6b, idProduct=0003, bcdDevice= 5.19
[    4.026268] usb usb2: New USB device strings: Mfr=3, Product=2, SerialNumber=1
[    4.026270] usb usb2: Product: xHCI Host Controller
[    4.026271] usb usb2: Manufacturer: Linux 5.19.9-arch1-1 xhci-hcd
[    4.026272] usb usb2: SerialNumber: 0000:00:14.0
[    4.026374] hub 2-0:1.0: USB hub found
[    4.026389] hub 2-0:1.0: 10 ports detected
[    4.028364] nvme nvme0: pci function 0000:04:00.0
[    4.028569] usb: port power management may be unreliable
[    4.033758] nvme nvme0: 4/0/0 default/read/poll queues
[    4.034843]  nvme0n1: p1 p2 p3
[    4.062914] input: AT Translated Set 2 keyboard as /devices/platform/i8042/serio0/input/input4
[    4.188835] PM: Image not found (code -22)
[    4.278008] usb 1-4: new full-speed USB device number 2 using xhci_hcd
[    4.419642] usb 1-4: New USB device found, idVendor=8087, idProduct=0a2b, bcdDevice= 0.01
[    4.419646] usb 1-4: New USB device strings: Mfr=0, Product=0, SerialNumber=0
[    4.544660] usb 1-12: new high-speed USB device number 3 using xhci_hcd
[    4.720401] usb 1-12: New USB device found, idVendor=0c45, idProduct=6713, bcdDevice=56.05
[    4.720406] usb 1-12: New USB device strings: Mfr=2, Product=1, SerialNumber=0
[    4.720407] usb 1-12: Product: Integrated_Webcam_HD
[    4.720408] usb 1-12: Manufacturer: CN045G2872487664B1NNA01
[    5.510250] EXT4-fs (nvme0n1p2): mounted filesystem with ordered data mode. Quota mode: none.
[    5.585409] systemd[1]: systemd 251.4-1-arch running in system mode (+PAM +AUDIT -SELINUX -APPARMOR -IMA +SMACK +SECCOMP +GCRYPT +GNUTLS +OPENSSL +ACL +BLKID +CURL +ELFUTILS +FIDO2 +IDN2 -IDN +IPTC +KMOD +LIBCRYPTSETUP +LIBFDISK +PCRE2 -PWQUALITY +P11KIT -QRENCODE +TPM2 +BZIP2 +LZ4 +XZ +ZLIB +ZSTD -BPF_FRAMEWORK +XKBCOMMON +UTMP -SYSVINIT default-hierarchy=unified)
[    5.585415] systemd[1]: Detected architecture x86-64.
[    5.585817] systemd[1]: Hostname set to <precision5510>.
[    5.671893] systemd[1]: Queued start job for default target Graphical Interface.
[    5.673148] systemd[1]: Created slice Slice /system/getty.
[    5.673455] systemd[1]: Created slice Slice /system/modprobe.
[    5.673716] systemd[1]: Created slice Slice /system/systemd-fsck.
[    5.673940] systemd[1]: Created slice User and Session Slice.
[    5.674011] systemd[1]: Started Dispatch Password Requests to Console Directory Watch.
[    5.674072] systemd[1]: Started Forward Password Requests to Wall Directory Watch.
[    5.674219] systemd[1]: Set up automount Arbitrary Executable File Formats File System Automount Point.
[    5.674249] systemd[1]: Reached target Local Encrypted Volumes.
[    5.674260] systemd[1]: Reached target Login Prompts.
[    5.674270] systemd[1]: Reached target Local Integrity Protected Volumes.
[    5.674287] systemd[1]: Reached target Path Units.
[    5.674300] systemd[1]: Reached target Remote File Systems.
[    5.674308] systemd[1]: Reached target Slice Units.
[    5.674326] systemd[1]: Reached target Local Verity Protected Volumes.
[    5.674395] systemd[1]: Listening on Device-mapper event daemon FIFOs.
[    5.674594] systemd[1]: Listening on LVM2 poll daemon socket.
[    5.675451] systemd[1]: Listening on Process Core Dump Socket.
[    5.677574] systemd[1]: Journal Audit Socket was skipped because of a failed condition check (ConditionSecurity=audit).
[    5.677909] systemd[1]: Listening on Journal Socket (/dev/log).
[    5.678087] systemd[1]: Listening on Journal Socket.
[    5.678321] systemd[1]: Listening on udev Control Socket.
[    5.678417] systemd[1]: Listening on udev Kernel Socket.
[    5.679262] systemd[1]: Mounting Huge Pages File System...
[    5.680187] systemd[1]: Mounting POSIX Message Queue File System...
[    5.681115] systemd[1]: Mounting Kernel Debug File System...
[    5.682076] systemd[1]: Mounting Kernel Trace File System...
[    5.682170] systemd[1]: Load AppArmor profiles was skipped because of a failed condition check (ConditionSecurity=apparmor).
[    5.683136] systemd[1]: Starting Create List of Static Device Nodes...
[    5.683978] systemd[1]: Starting Monitoring of LVM2 mirrors, snapshots etc. using dmeventd or progress polling...
[    5.685003] systemd[1]: Starting Load Kernel Module configfs...
[    5.686027] systemd[1]: Starting Load Kernel Module drm...
[    5.686965] systemd[1]: Starting Load Kernel Module fuse...
[    5.687031] systemd[1]: File System Check on Root Device was skipped because of a failed condition check (ConditionPathIsReadWrite=!/).
[    5.688858] systemd[1]: Starting Journal Service...
[    5.690355] systemd[1]: Starting Load Kernel Modules...
[    5.691242] systemd[1]: Starting Remount Root and Kernel File Systems...
[    5.691320] systemd[1]: Repartition Root Disk was skipped because all trigger condition checks failed.
[    5.692189] systemd[1]: Starting Coldplug All udev Devices...
[    5.693671] systemd[1]: Mounted Huge Pages File System.
[    5.693770] systemd[1]: Mounted POSIX Message Queue File System.
[    5.693858] systemd[1]: Mounted Kernel Debug File System.
[    5.693945] systemd[1]: Mounted Kernel Trace File System.
[    5.694136] systemd[1]: Finished Create List of Static Device Nodes.
[    5.698099] fuse: init (API version 7.36)
[    5.701532] EXT4-fs (nvme0n1p2): re-mounted. Quota mode: none.
[    5.702358] systemd[1]: modprobe@configfs.service: Deactivated successfully.
[    5.704727] systemd[1]: Finished Load Kernel Module configfs.
[    5.705572] systemd[1]: modprobe@drm.service: Deactivated successfully.
[    5.705701] systemd[1]: Finished Load Kernel Module drm.
[    5.705958] systemd[1]: modprobe@fuse.service: Deactivated successfully.
[    5.706078] systemd[1]: Finished Load Kernel Module fuse.
[    5.706289] systemd[1]: Finished Load Kernel Modules.
[    5.707485] systemd[1]: Mounting FUSE Control File System...
[    5.708437] systemd[1]: Mounting Kernel Configuration File System...
[    5.709355] systemd[1]: Starting Apply Kernel Variables...
[    5.710190] systemd[1]: Finished Remount Root and Kernel File Systems.
[    5.710333] systemd[1]: Mounted FUSE Control File System.
[    5.710483] systemd[1]: First Boot Wizard was skipped because of a failed condition check (ConditionFirstBoot=yes).
[    5.710845] systemd[1]: Rebuild Hardware Database was skipped because all trigger condition checks failed.
[    5.711705] systemd[1]: Starting Load/Save Random Seed...
[    5.712682] systemd[1]: Starting Create System Users...
[    5.713402] systemd[1]: Mounted Kernel Configuration File System.
[    5.720166] systemd[1]: Finished Apply Kernel Variables.
[    5.727823] systemd[1]: Finished Load/Save Random Seed.
[    5.727937] systemd[1]: First Boot Complete was skipped because of a failed condition check (ConditionFirstBoot=yes).
[    5.740365] systemd[1]: Finished Create System Users.
[    5.741308] systemd[1]: Starting Create Static Device Nodes in /dev...
[    5.742911] systemd[1]: Started Journal Service.
[    5.749345] systemd-journald[228]: Received client request to flush runtime journal.
[    5.948224] Consider using thermal netlink events interface
[    5.954243] ACPI Warning: \_SB.IETM._ART: Return Package type mismatch at index 0 - found Integer, expected Reference (20220331/nspredef-260)
[    5.954355] _ART package 0 is invalid, ignored
[    5.955141] ACPI Warning: \_SB.IETM._TRT: Return Package has no elements (empty) (20220331/nsprepkg-94)
[    5.958080] wmi_bus wmi_bus-PNP0C14:02: WQBC data block query control method not found
[    6.027845] Adding 35994228k swap on /dev/nvme0n1p3.  Priority:-2 extents:1 across:35994228k SSFS
[    6.091105] EDAC MC0: Giving out device to module ie31200_edac controller IE31200: DEV 0000:00:00.0 (POLLED)
[    6.192897] tpm_tis 00:0a: 1.2 TPM (device-id 0xFE, rev-id 2)
[    6.196357] mc: Linux media interface: v0.10
[    6.203008] intel-lpss 0000:00:15.0: enabling device (0000 -> 0002)
[    6.203844] tpm tpm0: TPM is disabled/deactivated (0x7)
[    6.203897] idma64 idma64.0: Found Intel integrated DMA 64-bit
[    6.252501] mei_me 0000:00:16.0: enabling device (0000 -> 0002)
[    6.276145] intel-lpss 0000:00:15.1: enabling device (0000 -> 0002)
[    6.276969] idma64 idma64.1: Found Intel integrated DMA 64-bit
[    6.337937] i801_smbus 0000:00:1f.4: SPD Write Disable is set
[    6.338204] i801_smbus 0000:00:1f.4: SMBus using PCI interrupt
[    6.354924] videodev: Linux video capture interface: v2.00
[    6.361983] i2c i2c-2: 2/2 memory slots populated (from DMI)
[    6.362461] i2c i2c-2: Successfully instantiated SPD at 0x50
[    6.372132] Bluetooth: Core ver 2.22
[    6.372155] NET: Registered PF_BLUETOOTH protocol family
[    6.372156] Bluetooth: HCI device and connection manager initialized
[    6.372160] Bluetooth: HCI socket layer initialized
[    6.372162] Bluetooth: L2CAP socket layer initialized
[    6.372165] Bluetooth: SCO socket layer initialized
[    6.373927] cfg80211: Loading compiled-in X.509 certificates for regulatory database
[    6.377866] cfg80211: Loaded X.509 cert 'sforshee: 00b28ddf47aef9cea7'
[    6.379395] platform regulatory.0: Direct firmware load for regulatory.db failed with error -2
[    6.379398] cfg80211: failed to load regulatory.db
[    6.384462] RAPL PMU: API unit is 2^-32 Joules, 4 fixed counters, 655360 ms ovfl timer
[    6.384464] RAPL PMU: hw unit of domain pp0-core 2^-14 Joules
[    6.384465] RAPL PMU: hw unit of domain package 2^-14 Joules
[    6.384466] RAPL PMU: hw unit of domain dram 2^-14 Joules
[    6.384467] RAPL PMU: hw unit of domain pp1-gpu 2^-14 Joules
[    6.476114] input: DLL06E5:01 06CB:7A13 Mouse as /devices/pci0000:00/0000:00:15.1/i2c_designware.1/i2c-1/i2c-DLL06E5:01/0018:06CB:7A13.0001/input/input7
[    6.476181] input: DLL06E5:01 06CB:7A13 Touchpad as /devices/pci0000:00/0000:00:15.1/i2c_designware.1/i2c-1/i2c-DLL06E5:01/0018:06CB:7A13.0001/input/input8
[    6.476239] hid-generic 0018:06CB:7A13.0001: input,hidraw0: I2C HID v1.00 Mouse [DLL06E5:01 06CB:7A13] on i2c-DLL06E5:01
[    6.831432] proc_thermal 0000:00:04.0: enabling device (0000 -> 0002)
[    6.831505] dcdbas dcdbas: Dell Systems Management Base Driver (version 5.6.0-3.4)
[    6.836842] cryptd: max_cpu_qlen set to 1000
[    6.840949] intel_rapl_common: Found RAPL domain package
[    6.840951] intel_rapl_common: Found RAPL domain dram
[    6.869510] intel_rapl_common: Found RAPL domain package
[    6.869513] intel_rapl_common: Found RAPL domain core
[    6.869514] intel_rapl_common: Found RAPL domain uncore
[    6.869515] intel_rapl_common: Found RAPL domain dram
[    6.892418] AVX2 version of gcm_enc/dec engaged.
[    6.892447] AES CTR mode by8 optimization enabled
[    6.908894] MXM: GUID detected in BIOS
[    6.908970] ACPI Warning: \_SB.PCI0.GFX0._DSM: Argument #4 type mismatch - Found [Buffer], ACPI requires [Package] (20220331/nsarguments-61)
[    6.909131] ACPI Warning: \_SB.PCI0.PEG0.PEGP._DSM: Argument #4 type mismatch - Found [Buffer], ACPI requires [Package] (20220331/nsarguments-61)
[    6.909768] pci 0000:01:00.0: optimus capabilities: enabled, status dynamic power, hda bios codec supported
[    6.909771] VGA switcheroo: detected Optimus DSM method \_SB_.PCI0.PEG0.PEGP handle
[    6.909772] nouveau: detected PR support, will not use DSM
[    6.909801] nouveau 0000:01:00.0: enabling device (0006 -> 0007)
[    6.910210] Console: switching to colour dummy device 80x25
[    6.910310] nouveau 0000:01:00.0: NVIDIA GM107 (117310a2)
[    6.992863] ee1004 2-0050: 512 byte EE1004-compliant SPD EEPROM, read-only
[    7.001671] acpi INT33D5:00: intel-hid: created platform device
[    7.004929] input: Intel HID events as /devices/platform/INT33D5:00/input/input10
[    7.014294] nouveau 0000:01:00.0: bios: version 82.07.82.00.29
[    7.119909] nouveau 0000:01:00.0: fb: 2048 MiB GDDR5
[    7.119923] nouveau 0000:01:00.0: bus: MMIO read of 00000000 FAULT at 022554 [ PRIVRING ]
[    7.194409] iTCO_vendor_support: vendor-support=0
[    7.196659] Setting dangerous option enable_fbc - tainting kernel
[    7.200056] usbcore: registered new interface driver btusb
[    7.205644] i915 0000:00:02.0: vgaarb: deactivate vga console
[    7.212130] Intel(R) Wireless WiFi driver for Linux
[    7.212183] iwlwifi 0000:02:00.0: enabling device (0000 -> 0002)
[    7.212273] iTCO_wdt iTCO_wdt: Found a Intel PCH TCO device (Version=4, TCOBASE=0x0400)
[    7.212440] Bluetooth: hci0: Firmware revision 0.0 build 14 week 44 2021
[    7.212507] iTCO_wdt iTCO_wdt: initialized. heartbeat=30 sec (nowayout=0)
[    7.218084] i915 0000:00:02.0: vgaarb: changed VGA decodes: olddecodes=io+mem,decodes=io+mem:owns=io+mem
[    7.223187] i915 0000:00:02.0: [drm] Finished loading DMC firmware i915/skl_dmc_ver1_27.bin (v1.27)
[    7.280398] input: DLL06E5:01 06CB:7A13 Mouse as /devices/pci0000:00/0000:00:15.1/i2c_designware.1/i2c-1/i2c-DLL06E5:01/0018:06CB:7A13.0001/input/input11
[    7.280461] input: DLL06E5:01 06CB:7A13 Touchpad as /devices/pci0000:00/0000:00:15.1/i2c_designware.1/i2c-1/i2c-DLL06E5:01/0018:06CB:7A13.0001/input/input12
[    7.280525] hid-multitouch 0018:06CB:7A13.0001: input,hidraw0: I2C HID v1.00 Mouse [DLL06E5:01 06CB:7A13] on i2c-DLL06E5:01
[    7.283116] iwlwifi 0000:02:00.0: loaded firmware version 36.ca7b901d.0 8000C-36.ucode op_mode iwlmvm
[    7.283218] usb 1-12: Found UVC 1.00 device Integrated_Webcam_HD (0c45:6713)
[    7.292515] input: Dell WMI hotkeys as /devices/platform/PNP0C14:02/wmi_bus/wmi_bus-PNP0C14:02/9DBB5994-A997-11DA-B012-B622A1EF5492/input/input14
[    7.308409] mousedev: PS/2 mouse device common for all mice
[    7.378404] input: Integrated_Webcam_HD: Integrate as /devices/pci0000:00/0000:00:14.0/usb1/1-12/1-12:1.0/input/input15
[    7.378465] usbcore: registered new interface driver uvcvideo
[    7.459918] dell_laptop: Using i8042 filter function for receiving events
[    7.462608] iwlwifi 0000:02:00.0: Detected Intel(R) Dual Band Wireless AC 8260, REV=0x201
[    7.462688] thermal thermal_zone11: failed to read out thermal zone (-61)
[    7.476908] intel_tcc_cooling: Programmable TCC Offset detected
[    7.503226] snd_hda_intel 0000:00:1f.3: DSP detected with PCI class/subclass/prog-if info 0x040380
[    7.503246] snd_hda_intel 0000:00:1f.3: enabling device (0000 -> 0002)
[    7.539193] iwlwifi 0000:02:00.0: base HW address: e4:a4:71:37:3b:d3, OTP minor version: 0x0
[    7.613142] ieee80211 phy0: Selected rate control algorithm 'iwl-mvm-rs'
[    7.616450] iwlwifi 0000:02:00.0 wlp2s0: renamed from wlan0
[    8.249716] nouveau 0000:01:00.0: DRM: VRAM: 2048 MiB
[    8.249720] nouveau 0000:01:00.0: DRM: GART: 1048576 MiB
[    8.249722] nouveau 0000:01:00.0: DRM: Pointer to TMDS table not found
[    8.249723] nouveau 0000:01:00.0: DRM: DCB version 4.0
[    8.250070] nouveau 0000:01:00.0: DRM: MM: using COPY for buffer copies
[    8.250529] [drm] Initialized nouveau 1.3.1 20120801 for 0000:01:00.0 on minor 0
[    8.250549] nouveau 0000:01:00.0: DRM: Disabling PCI power management to avoid bug
[    8.476637] [drm] Initialized i915 1.6.0 20201103 for 0000:00:02.0 on minor 1
[    8.480238] ACPI: video: Video Device [GFX0] (multi-head: yes  rom: no  post: no)
[    8.481189] input: Video Bus as /devices/LNXSYSTM:00/LNXSYBUS:00/PNP0A08:00/LNXVIDEO:00/input/input16
[    8.482307] ACPI: video: Video Device [PEGP] (multi-head: no  rom: yes  post: no)
[    8.482353] input: Video Bus as /devices/LNXSYSTM:00/LNXSYBUS:00/PNP0A08:00/device:0a/LNXVIDEO:01/input/input17
[    8.483662] snd_hda_intel 0000:00:1f.3: bound 0000:00:02.0 (ops i915_audio_component_bind_ops [i915])
[    8.483837] vga_switcheroo: enabled
[    8.492720] fbcon: i915drmfb (fb0) is primary device
[    8.508056] Console: switching to colour frame buffer device 240x67
[    8.526188] i915 0000:00:02.0: [drm] fb0: i915drmfb frame buffer device
[    8.587968] snd_hda_codec_realtek hdaudioC0D0: autoconfig for ALC3266: line_outs=1 (0x17/0x0/0x0/0x0/0x0) type:speaker
[    8.587972] snd_hda_codec_realtek hdaudioC0D0:    speaker_outs=0 (0x0/0x0/0x0/0x0/0x0)
[    8.587974] snd_hda_codec_realtek hdaudioC0D0:    hp_outs=1 (0x21/0x0/0x0/0x0/0x0)
[    8.587976] snd_hda_codec_realtek hdaudioC0D0:    mono: mono_out=0x0
[    8.587977] snd_hda_codec_realtek hdaudioC0D0:    inputs:
[    8.587978] snd_hda_codec_realtek hdaudioC0D0:      Headset Mic=0x18
[    8.587979] snd_hda_codec_realtek hdaudioC0D0:      Headphone Mic=0x1a
[    8.587981] snd_hda_codec_realtek hdaudioC0D0:      Internal Mic=0x12
[    8.651629] input: HDA Intel PCH Headphone Mic as /devices/pci0000:00/0000:00:1f.3/sound/card0/input18
[    8.651683] input: HDA Intel PCH HDMI/DP,pcm=3 as /devices/pci0000:00/0000:00:1f.3/sound/card0/input19
[    8.651737] input: HDA Intel PCH HDMI/DP,pcm=7 as /devices/pci0000:00/0000:00:1f.3/sound/card0/input20
[    8.651785] input: HDA Intel PCH HDMI/DP,pcm=8 as /devices/pci0000:00/0000:00:1f.3/sound/card0/input21
[    8.651829] input: HDA Intel PCH HDMI/DP,pcm=9 as /devices/pci0000:00/0000:00:1f.3/sound/card0/input22
[    8.651887] input: HDA Intel PCH HDMI/DP,pcm=10 as /devices/pci0000:00/0000:00:1f.3/sound/card0/input23
[   10.675249] nouveau 0000:01:00.0: bus: MMIO read of 00000000 FAULT at 619444 [ PRIVRING ]
[   29.974385] Iptables: deny - IN= OUT=lo SRC=127.0.0.1 DST=127.0.0.1 LEN=88 TOS=0x00 PREC=0xC0 TTL=64 ID=65450 PROTO=ICMP TYPE=3 CODE=3 [SRC=127.0.0.1 DST=127.0.0.1 LEN=60 TOS=0x00 PREC=0x00 TTL=64 ID=21176 DF PROTO=UDP SPT=59903 DPT=53 LEN=40 ] 
[   31.206078] Iptables: deny - IN= OUT=lo SRC=127.0.0.1 DST=127.0.0.1 LEN=84 TOS=0x00 PREC=0xC0 TTL=64 ID=24 PROTO=ICMP TYPE=3 CODE=3 [SRC=127.0.0.1 DST=127.0.0.1 LEN=56 TOS=0x00 PREC=0x00 TTL=64 ID=22795 DF PROTO=UDP SPT=34971 DPT=53 LEN=36 ] 
[   31.206839] Iptables: deny - IN= OUT=lo SRC=127.0.0.1 DST=127.0.0.1 LEN=84 TOS=0x00 PREC=0xC0 TTL=64 ID=25 PROTO=ICMP TYPE=3 CODE=3 [SRC=127.0.0.1 DST=127.0.0.1 LEN=56 TOS=0x00 PREC=0x00 TTL=64 ID=22796 DF PROTO=UDP SPT=34971 DPT=53 LEN=36 ] 
[   32.006165] Iptables: deny - IN= OUT=lo SRC=127.0.0.1 DST=127.0.0.1 LEN=87 TOS=0x00 PREC=0xC0 TTL=64 ID=232 PROTO=ICMP TYPE=3 CODE=3 [SRC=127.0.0.1 DST=127.0.0.1 LEN=59 TOS=0x00 PREC=0x00 TTL=64 ID=5108 DF PROTO=UDP SPT=49496 DPT=53 LEN=39 ] 
[   32.007869] Iptables: deny - IN= OUT=lo SRC=127.0.0.1 DST=127.0.0.1 LEN=87 TOS=0x00 PREC=0xC0 TTL=64 ID=233 PROTO=ICMP TYPE=3 CODE=3 [SRC=127.0.0.1 DST=127.0.0.1 LEN=59 TOS=0x00 PREC=0x00 TTL=64 ID=5109 DF PROTO=UDP SPT=49496 DPT=53 LEN=39 ] 
[   33.012361] Iptables: deny - IN= OUT=lo SRC=127.0.0.1 DST=127.0.0.1 LEN=88 TOS=0x00 PREC=0xC0 TTL=64 ID=398 PROTO=ICMP TYPE=3 CODE=3 [SRC=127.0.0.1 DST=127.0.0.1 LEN=60 TOS=0x00 PREC=0x00 TTL=64 ID=21178 DF PROTO=UDP SPT=59903 DPT=53 LEN=40 ] 
[   33.013119] Iptables: deny - IN= OUT=lo SRC=127.0.0.1 DST=127.0.0.1 LEN=88 TOS=0x00 PREC=0xC0 TTL=64 ID=399 PROTO=ICMP TYPE=3 CODE=3 [SRC=127.0.0.1 DST=127.0.0.1 LEN=60 TOS=0x00 PREC=0x00 TTL=64 ID=21179 DF PROTO=UDP SPT=59903 DPT=53 LEN=40 ] 
[   33.013808] Iptables: deny - IN= OUT=lo SRC=127.0.0.1 DST=127.0.0.1 LEN=88 TOS=0x00 PREC=0xC0 TTL=64 ID=400 PROTO=ICMP TYPE=3 CODE=3 [SRC=127.0.0.1 DST=127.0.0.1 LEN=60 TOS=0x00 PREC=0x00 TTL=64 ID=31010 DF PROTO=UDP SPT=42958 DPT=53 LEN=40 ] 
[   33.014471] Iptables: deny - IN= OUT=lo SRC=127.0.0.1 DST=127.0.0.1 LEN=88 TOS=0x00 PREC=0xC0 TTL=64 ID=401 PROTO=ICMP TYPE=3 CODE=3 [SRC=127.0.0.1 DST=127.0.0.1 LEN=60 TOS=0x00 PREC=0x00 TTL=64 ID=31011 DF PROTO=UDP SPT=42958 DPT=53 LEN=40 ] 
[   33.605829] Iptables: deny - IN= OUT=lo SRC=127.0.0.1 DST=127.0.0.1 LEN=102 TOS=0x00 PREC=0xC0 TTL=64 ID=556 PROTO=ICMP TYPE=3 CODE=3 [SRC=127.0.0.1 DST=127.0.0.1 LEN=74 TOS=0x00 PREC=0x00 TTL=64 ID=51799 DF PROTO=UDP SPT=39394 DPT=53 LEN=54 ] 
[   33.606498] Iptables: deny - IN= OUT=lo SRC=127.0.0.1 DST=127.0.0.1 LEN=102 TOS=0x00 PREC=0xC0 TTL=64 ID=557 PROTO=ICMP TYPE=3 CODE=3 [SRC=127.0.0.1 DST=127.0.0.1 LEN=74 TOS=0x00 PREC=0x00 TTL=64 ID=51800 DF PROTO=UDP SPT=39394 DPT=53 LEN=54 ] 
[   33.808917] Iptables: deny - IN= OUT=lo SRC=127.0.0.1 DST=127.0.0.1 LEN=83 TOS=0x00 PREC=0xC0 TTL=64 ID=596 PROTO=ICMP TYPE=3 CODE=3 [SRC=127.0.0.1 DST=127.0.0.1 LEN=55 TOS=0x00 PREC=0x00 TTL=64 ID=11581 DF PROTO=UDP SPT=59746 DPT=53 LEN=35 ] 
[   33.809632] Iptables: deny - IN= OUT=lo SRC=127.0.0.1 DST=127.0.0.1 LEN=83 TOS=0x00 PREC=0xC0 TTL=64 ID=597 PROTO=ICMP TYPE=3 CODE=3 [SRC=127.0.0.1 DST=127.0.0.1 LEN=55 TOS=0x00 PREC=0x00 TTL=64 ID=11582 DF PROTO=UDP SPT=59746 DPT=53 LEN=35 ] 
[   34.405296] Iptables: deny - IN= OUT=lo SRC=127.0.0.1 DST=127.0.0.1 LEN=98 TOS=0x00 PREC=0xC0 TTL=64 ID=724 PROTO=ICMP TYPE=3 CODE=3 [SRC=127.0.0.1 DST=127.0.0.1 LEN=70 TOS=0x00 PREC=0x00 TTL=64 ID=63071 DF PROTO=UDP SPT=34117 DPT=53 LEN=50 ] 
[   34.405885] Iptables: deny - IN= OUT=lo SRC=127.0.0.1 DST=127.0.0.1 LEN=98 TOS=0x00 PREC=0xC0 TTL=64 ID=725 PROTO=ICMP TYPE=3 CODE=3 [SRC=127.0.0.1 DST=127.0.0.1 LEN=70 TOS=0x00 PREC=0x00 TTL=64 ID=63072 DF PROTO=UDP SPT=34117 DPT=53 LEN=50 ] 
[   34.608921] Iptables: deny - IN= OUT=lo SRC=127.0.0.1 DST=127.0.0.1 LEN=100 TOS=0x00 PREC=0xC0 TTL=64 ID=747 PROTO=ICMP TYPE=3 CODE=3 [SRC=127.0.0.1 DST=127.0.0.1 LEN=72 TOS=0x00 PREC=0x00 TTL=64 ID=41261 DF PROTO=UDP SPT=36496 DPT=53 LEN=52 ] 
[   34.609650] Iptables: deny - IN= OUT=lo SRC=127.0.0.1 DST=127.0.0.1 LEN=100 TOS=0x00 PREC=0xC0 TTL=64 ID=748 PROTO=ICMP TYPE=3 CODE=3 [SRC=127.0.0.1 DST=127.0.0.1 LEN=72 TOS=0x00 PREC=0x00 TTL=64 ID=41262 DF PROTO=UDP SPT=36496 DPT=53 LEN=52 ] 
[   34.610170] Iptables: deny - IN= OUT=lo SRC=127.0.0.1 DST=127.0.0.1 LEN=109 TOS=0x00 PREC=0xC0 TTL=64 ID=749 PROTO=ICMP TYPE=3 CODE=3 [SRC=127.0.0.1 DST=127.0.0.1 LEN=81 TOS=0x00 PREC=0x00 TTL=64 ID=42197 DF PROTO=UDP SPT=58127 DPT=53 LEN=61 ] 
[   34.610626] Iptables: deny - IN= OUT=lo SRC=127.0.0.1 DST=127.0.0.1 LEN=109 TOS=0x00 PREC=0xC0 TTL=64 ID=750 PROTO=ICMP TYPE=3 CODE=3 [SRC=127.0.0.1 DST=127.0.0.1 LEN=81 TOS=0x00 PREC=0x00 TTL=64 ID=42198 DF PROTO=UDP SPT=58127 DPT=53 LEN=61 ] 
[   36.208899] Iptables: deny - IN= OUT=lo SRC=127.0.0.1 DST=127.0.0.1 LEN=84 TOS=0x00 PREC=0xC0 TTL=64 ID=842 PROTO=ICMP TYPE=3 CODE=3 [SRC=127.0.0.1 DST=127.0.0.1 LEN=56 TOS=0x00 PREC=0x00 TTL=64 ID=22797 DF PROTO=UDP SPT=34971 DPT=53 LEN=36 ] 
[   36.209584] Iptables: deny - IN= OUT=lo SRC=127.0.0.1 DST=127.0.0.1 LEN=84 TOS=0x00 PREC=0xC0 TTL=64 ID=843 PROTO=ICMP TYPE=3 CODE=3 [SRC=127.0.0.1 DST=127.0.0.1 LEN=56 TOS=0x00 PREC=0x00 TTL=64 ID=22798 DF PROTO=UDP SPT=34971 DPT=53 LEN=36 ] 
