[Mar25 14:40] Linux version 6.6.22-1-lts (linux-lts@archlinux) (gcc (GCC) 13.2.1 20230801, GNU ld (GNU Binutils) 2.42.0) #1 SMP PREEMPT_DYNAMIC Sat, 16 Mar 2024 06:20:33 +0000
[  +0.000000] Command line: BOOT_IMAGE=/vmlinuz-linux-lts root=UUID=7bf17edb-b8bf-4757-9cc5-921e34440e42 rw rd.udev.log_priority=3 loglevel=3 audit=0 console=tty0 noreplace-smp rcupdate.rcu_expedited=1 tsc=unstable lsm=capability,yama,safesetid,landlock,lockdown,apparmor,bpf lockdown=integrity apparmor=1 module.sig_enforce=1 mitigations=auto,nosmt l1tf=flush,nosmt mds=full,nosmt tsx_async_abort=full,nosmt mmio_stale_data=full,nosmt retbleed=auto,nosmt nosmt=force pcie_aspm=force init_on_alloc=1 init_on_free=1 page_alloc.shuffle=1 vsyscall=none mce=0 debugfs=on randomize_kstack_offset=on kasan_multi_shot=on slab_nomerge pti=on slub_debug=ZF slub_debug=P page_poison=on fsck.mode=force mem_encrypt=on vsyscall=none amd_iommu=force_isolation amdgpu.gpu_recovery=1 amdgpu.audio=0 amdgpu.lbpw=1 amdgpu.tmz=1 amdgpu.freesync_video=1 iommu.strict=1 iomem=strict fsck.mode=force fsck.repair=yes pci.pcie_scan_all=1 extra_latent_entropy trace_clock=local noexec=on mce=recovery
[  +0.000000] BIOS-provided physical RAM map:
[  +0.000000] BIOS-e820: [mem 0x0000000000000000-0x000000000009ffff] usable
[  +0.000000] BIOS-e820: [mem 0x00000000000a0000-0x00000000000fffff] reserved
[  +0.000000] BIOS-e820: [mem 0x0000000000100000-0x0000000009d1efff] usable
[  +0.000000] BIOS-e820: [mem 0x0000000009d1f000-0x0000000009ffffff] reserved
[  +0.000000] BIOS-e820: [mem 0x000000000a000000-0x000000000a1fffff] usable
[  +0.000000] BIOS-e820: [mem 0x000000000a200000-0x000000000a20efff] ACPI NVS
[  +0.000000] BIOS-e820: [mem 0x000000000a20f000-0x000000000affffff] usable
[  +0.000000] BIOS-e820: [mem 0x000000000b000000-0x000000000b01ffff] reserved
[  +0.000000] BIOS-e820: [mem 0x000000000b020000-0x00000000be278fff] usable
[  +0.000000] BIOS-e820: [mem 0x00000000be279000-0x00000000be279fff] reserved
[  +0.000000] BIOS-e820: [mem 0x00000000be27a000-0x00000000c3c89fff] usable
[  +0.000000] BIOS-e820: [mem 0x00000000c3c8a000-0x00000000c3f92fff] reserved
[  +0.000000] BIOS-e820: [mem 0x00000000c3f93000-0x00000000c3fe3fff] ACPI data
[  +0.000000] BIOS-e820: [mem 0x00000000c3fe4000-0x00000000c574afff] ACPI NVS
[  +0.000000] BIOS-e820: [mem 0x00000000c574b000-0x00000000c69fefff] reserved
[  +0.000000] BIOS-e820: [mem 0x00000000c69ff000-0x00000000c7ffffff] usable
[  +0.000000] BIOS-e820: [mem 0x00000000c8000000-0x00000000caffffff] reserved
[  +0.000000] BIOS-e820: [mem 0x00000000cf000000-0x00000000cfffffff] reserved
[  +0.000000] BIOS-e820: [mem 0x00000000f0000000-0x00000000f7ffffff] reserved
[  +0.000000] BIOS-e820: [mem 0x00000000fd200000-0x00000000fd2fffff] reserved
[  +0.000000] BIOS-e820: [mem 0x00000000fd600000-0x00000000fd6fffff] reserved
[  +0.000000] BIOS-e820: [mem 0x00000000fea00000-0x00000000fea0ffff] reserved
[  +0.000000] BIOS-e820: [mem 0x00000000feb80000-0x00000000fec01fff] reserved
[  +0.000000] BIOS-e820: [mem 0x00000000fec10000-0x00000000fec10fff] reserved
[  +0.000000] BIOS-e820: [mem 0x00000000fec30000-0x00000000fec30fff] reserved
[  +0.000000] BIOS-e820: [mem 0x00000000fed00000-0x00000000fed00fff] reserved
[  +0.000000] BIOS-e820: [mem 0x00000000fed40000-0x00000000fed44fff] reserved
[  +0.000000] BIOS-e820: [mem 0x00000000fed80000-0x00000000fed8ffff] reserved
[  +0.000000] BIOS-e820: [mem 0x00000000fedc2000-0x00000000fedcffff] reserved
[  +0.000000] BIOS-e820: [mem 0x00000000fedd4000-0x00000000fedd5fff] reserved
[  +0.000000] BIOS-e820: [mem 0x00000000ff000000-0x00000000ffffffff] reserved
[  +0.000000] BIOS-e820: [mem 0x0000000100000000-0x000000040e2fffff] usable
[  +0.000000] BIOS-e820: [mem 0x000000040e300000-0x000000042fffffff] reserved
[  +0.000000] Kernel is locked down from command line; see man kernel_lockdown.7
[  +0.000000] SMT: Force disabled
[  +0.000000] NX (Execute Disable) protection: active
[  +0.000000] APIC: Static calls initialized
[  +0.000000] e820: update [mem 0xb4a32018-0xb4a3f857] usable ==> usable
[  +0.000000] e820: update [mem 0xb4a32018-0xb4a3f857] usable ==> usable
[  +0.000000] extended physical RAM map:
[  +0.000000] reserve setup_data: [mem 0x0000000000000000-0x000000000009ffff] usable
[  +0.000000] reserve setup_data: [mem 0x00000000000a0000-0x00000000000fffff] reserved
[  +0.000000] reserve setup_data: [mem 0x0000000000100000-0x0000000009d1efff] usable
[  +0.000000] reserve setup_data: [mem 0x0000000009d1f000-0x0000000009ffffff] reserved
[  +0.000000] reserve setup_data: [mem 0x000000000a000000-0x000000000a1fffff] usable
[  +0.000000] reserve setup_data: [mem 0x000000000a200000-0x000000000a20efff] ACPI NVS
[  +0.000000] reserve setup_data: [mem 0x000000000a20f000-0x000000000affffff] usable
[  +0.000000] reserve setup_data: [mem 0x000000000b000000-0x000000000b01ffff] reserved
[  +0.000000] reserve setup_data: [mem 0x000000000b020000-0x00000000b4a32017] usable
[  +0.000000] reserve setup_data: [mem 0x00000000b4a32018-0x00000000b4a3f857] usable
[  +0.000000] reserve setup_data: [mem 0x00000000b4a3f858-0x00000000be278fff] usable
[  +0.000000] reserve setup_data: [mem 0x00000000be279000-0x00000000be279fff] reserved
[  +0.000000] reserve setup_data: [mem 0x00000000be27a000-0x00000000c3c89fff] usable
[  +0.000000] reserve setup_data: [mem 0x00000000c3c8a000-0x00000000c3f92fff] reserved
[  +0.000000] reserve setup_data: [mem 0x00000000c3f93000-0x00000000c3fe3fff] ACPI data
[  +0.000000] reserve setup_data: [mem 0x00000000c3fe4000-0x00000000c574afff] ACPI NVS
[  +0.000000] reserve setup_data: [mem 0x00000000c574b000-0x00000000c69fefff] reserved
[  +0.000000] reserve setup_data: [mem 0x00000000c69ff000-0x00000000c7ffffff] usable
[  +0.000000] reserve setup_data: [mem 0x00000000c8000000-0x00000000caffffff] reserved
[  +0.000000] reserve setup_data: [mem 0x00000000cf000000-0x00000000cfffffff] reserved
[  +0.000000] reserve setup_data: [mem 0x00000000f0000000-0x00000000f7ffffff] reserved
[  +0.000000] reserve setup_data: [mem 0x00000000fd200000-0x00000000fd2fffff] reserved
[  +0.000000] reserve setup_data: [mem 0x00000000fd600000-0x00000000fd6fffff] reserved
[  +0.000000] reserve setup_data: [mem 0x00000000fea00000-0x00000000fea0ffff] reserved
[  +0.000000] reserve setup_data: [mem 0x00000000feb80000-0x00000000fec01fff] reserved
[  +0.000000] reserve setup_data: [mem 0x00000000fec10000-0x00000000fec10fff] reserved
[  +0.000000] reserve setup_data: [mem 0x00000000fec30000-0x00000000fec30fff] reserved
[  +0.000000] reserve setup_data: [mem 0x00000000fed00000-0x00000000fed00fff] reserved
[  +0.000000] reserve setup_data: [mem 0x00000000fed40000-0x00000000fed44fff] reserved
[  +0.000000] reserve setup_data: [mem 0x00000000fed80000-0x00000000fed8ffff] reserved
[  +0.000000] reserve setup_data: [mem 0x00000000fedc2000-0x00000000fedcffff] reserved
[  +0.000000] reserve setup_data: [mem 0x00000000fedd4000-0x00000000fedd5fff] reserved
[  +0.000000] reserve setup_data: [mem 0x00000000ff000000-0x00000000ffffffff] reserved
[  +0.000000] reserve setup_data: [mem 0x0000000100000000-0x000000040e2fffff] usable
[  +0.000000] reserve setup_data: [mem 0x000000040e300000-0x000000042fffffff] reserved
[  +0.000000] efi: EFI v2.7 by American Megatrends
[  +0.000000] efi: ACPI=0xc3fe3000 ACPI 2.0=0xc3fe3014 SMBIOS=0xc67f0000 SMBIOS 3.0=0xc67ef000 MEMATTR=0xc09f5018 ESRT=0xc2318b18 INITRD=0xbb28ff18 RNG=0xc3fc3c18 
[  +0.000000] random: crng init done
[  +0.000000] efi: Remove mem71: MMIO range=[0xf0000000-0xf7ffffff] (128MB) from e820 map
[  +0.000000] e820: remove [mem 0xf0000000-0xf7ffffff] reserved
[  +0.000000] efi: Remove mem72: MMIO range=[0xfd200000-0xfd2fffff] (1MB) from e820 map
[  +0.000000] e820: remove [mem 0xfd200000-0xfd2fffff] reserved
[  +0.000000] efi: Remove mem73: MMIO range=[0xfd600000-0xfd6fffff] (1MB) from e820 map
[  +0.000000] e820: remove [mem 0xfd600000-0xfd6fffff] reserved
[  +0.000000] efi: Not removing mem74: MMIO range=[0xfea00000-0xfea0ffff] (64KB) from e820 map
[  +0.000000] efi: Remove mem75: MMIO range=[0xfeb80000-0xfec01fff] (0MB) from e820 map
[  +0.000000] e820: remove [mem 0xfeb80000-0xfec01fff] reserved
[  +0.000000] efi: Not removing mem76: MMIO range=[0xfec10000-0xfec10fff] (4KB) from e820 map
[  +0.000000] efi: Not removing mem77: MMIO range=[0xfec30000-0xfec30fff] (4KB) from e820 map
[  +0.000000] efi: Not removing mem78: MMIO range=[0xfed00000-0xfed00fff] (4KB) from e820 map
[  +0.000000] efi: Not removing mem79: MMIO range=[0xfed40000-0xfed44fff] (20KB) from e820 map
[  +0.000000] efi: Not removing mem80: MMIO range=[0xfed80000-0xfed8ffff] (64KB) from e820 map
[  +0.000000] efi: Not removing mem81: MMIO range=[0xfedc2000-0xfedcffff] (56KB) from e820 map
[  +0.000000] efi: Not removing mem82: MMIO range=[0xfedd4000-0xfedd5fff] (8KB) from e820 map
[  +0.000000] efi: Remove mem83: MMIO range=[0xff000000-0xffffffff] (16MB) from e820 map
[  +0.000000] e820: remove [mem 0xff000000-0xffffffff] reserved
[  +0.000000] SMBIOS 3.3.0 present.
[  +0.000000] DMI: ASUS System Product Name/ROG STRIX B550-F GAMING, BIOS 3405 12/13/2023
[  +0.000000] tsc: Fast TSC calibration using PIT
[  +0.000000] tsc: Detected 3792.835 MHz processor
[  +0.000000] e820: update [mem 0x00000000-0x00000fff] usable ==> reserved
[  +0.000001] e820: remove [mem 0x000a0000-0x000fffff] usable
[  +0.000006] last_pfn = 0x40e300 max_arch_pfn = 0x400000000
[  +0.000006] MTRR map: 6 entries (4 fixed + 2 variable; max 21), built from 9 variable MTRRs
[  +0.000001] x86/PAT: Configuration [0-7]: WB  WC  UC- UC  WB  WP  UC- WT  
[  +0.000263] e820: update [mem 0xd0000000-0xffffffff] usable ==> reserved
[  +0.000005] last_pfn = 0xc8000 max_arch_pfn = 0x400000000
[  +0.002677] esrt: Reserving ESRT space from 0x00000000c2318b18 to 0x00000000c2318b50.
[  +0.000005] e820: update [mem 0xc2318000-0xc2318fff] usable ==> reserved
[  +0.000012] Kernel/User page tables isolation: force enabled on command line.
[  +0.000002] Using GB pages for direct mapping
[  +0.000608] Secure boot disabled
[  +0.000000] RAMDISK: [mem 0xb5846000-0xb77effff]
[  +0.000005] ACPI: Early table checksum verification disabled
[  +0.000002] ACPI: RSDP 0x00000000C3FE3014 000024 (v02 ALASKA)
[  +0.000003] ACPI: XSDT 0x00000000C3FE2728 0000CC (v01 ALASKA A M I    01072009 AMI  01000013)
[  +0.000004] ACPI: FACP 0x00000000C3FD3000 000114 (v06 ALASKA A M I    01072009 AMI  00010013)
[  +0.000004] ACPI: DSDT 0x00000000C3FC8000 00ACC1 (v02 ALASKA A M I    01072009 INTL 20120913)
[  +0.000001] ACPI: FACS 0x00000000C4730000 000040
[  +0.000002] ACPI: IVRS 0x00000000C3FE1000 0000D0 (v02 AMD    AmdTable 00000001 AMD  00000001)
[  +0.000001] ACPI: SSDT 0x00000000C3FD9000 0072B0 (v02 AMD    Artic    00000002 MSFT 04000000)
[  +0.000002] ACPI: SSDT 0x00000000C3FD5000 003B8E (v02 AMD    AMD AOD  00000001 INTL 20120913)
[  +0.000001] ACPI: SSDT 0x00000000C3FD4000 000139 (v02 ALASKA CPUSSDT  01072009 AMI  01072009)
[  +0.000002] ACPI: FIDT 0x00000000C3FC7000 00009C (v01 ALASKA A M I    01072009 AMI  00010013)
[  +0.000001] ACPI: FPDT 0x00000000C3FA3000 000044 (v01 ALASKA A M I    01072009 AMI  01000013)
[  +0.000002] ACPI: MCFG 0x00000000C3FC5000 00003C (v01 ALASKA A M I    01072009 MSFT 00010013)
[  +0.000001] ACPI: HPET 0x00000000C3FC4000 000038 (v01 ALASKA A M I    01072009 AMI  00000005)
[  +0.000002] ACPI: VFCT 0x00000000C3FB5000 00D884 (v01 ALASKA A M I    00000001 AMD  31504F47)
[  +0.000001] ACPI: BGRT 0x00000000C3FB4000 000038 (v01 ALASKA A M I    01072009 AMI  00010013)
[  +0.000002] ACPI: SSDT 0x00000000C3FB1000 0028A4 (v02 AMD    AmdTable 00000001 AMD  00000001)
[  +0.000001] ACPI: CRAT 0x00000000C3FB0000 000EE8 (v01 AMD    AmdTable 00000001 AMD  00000001)
[  +0.000002] ACPI: CDIT 0x00000000C3FAF000 000029 (v01 AMD    AmdTable 00000001 AMD  00000001)
[  +0.000001] ACPI: SSDT 0x00000000C3FAE000 000D53 (v02 AMD    ArticIG2 00000001 INTL 20120913)
[  +0.000001] ACPI: SSDT 0x00000000C3FAC000 0010C1 (v02 AMD    ArticTPX 00000001 INTL 20120913)
[  +0.000002] ACPI: SSDT 0x00000000C3FA8000 003E6E (v02 AMD    ArticN   00000001 INTL 20120913)
[  +0.000001] ACPI: WSMT 0x00000000C3FA7000 000028 (v01 ALASKA A M I    01072009 AMI  00010013)
[  +0.000002] ACPI: APIC 0x00000000C3FA6000 00015E (v04 ALASKA A M I    01072009 AMI  00010013)
[  +0.000001] ACPI: SSDT 0x00000000C3FA5000 00007D (v02 AMD    ArticDIS 00000001 INTL 20120913)
[  +0.000002] ACPI: SSDT 0x00000000C3FA4000 0000BF (v01 AMD    AmdTable 00001000 INTL 20120913)
[  +0.000001] ACPI: Reserving FACP table memory at [mem 0xc3fd3000-0xc3fd3113]
[  +0.000001] ACPI: Reserving DSDT table memory at [mem 0xc3fc8000-0xc3fd2cc0]
[  +0.000000] ACPI: Reserving FACS table memory at [mem 0xc4730000-0xc473003f]
[  +0.000000] ACPI: Reserving IVRS table memory at [mem 0xc3fe1000-0xc3fe10cf]
[  +0.000001] ACPI: Reserving SSDT table memory at [mem 0xc3fd9000-0xc3fe02af]
[  +0.000000] ACPI: Reserving SSDT table memory at [mem 0xc3fd5000-0xc3fd8b8d]
[  +0.000001] ACPI: Reserving SSDT table memory at [mem 0xc3fd4000-0xc3fd4138]
[  +0.000000] ACPI: Reserving FIDT table memory at [mem 0xc3fc7000-0xc3fc709b]
[  +0.000000] ACPI: Reserving FPDT table memory at [mem 0xc3fa3000-0xc3fa3043]
[  +0.000001] ACPI: Reserving MCFG table memory at [mem 0xc3fc5000-0xc3fc503b]
[  +0.000000] ACPI: Reserving HPET table memory at [mem 0xc3fc4000-0xc3fc4037]
[  +0.000001] ACPI: Reserving VFCT table memory at [mem 0xc3fb5000-0xc3fc2883]
[  +0.000000] ACPI: Reserving BGRT table memory at [mem 0xc3fb4000-0xc3fb4037]
[  +0.000000] ACPI: Reserving SSDT table memory at [mem 0xc3fb1000-0xc3fb38a3]
[  +0.000001] ACPI: Reserving CRAT table memory at [mem 0xc3fb0000-0xc3fb0ee7]
[  +0.000000] ACPI: Reserving CDIT table memory at [mem 0xc3faf000-0xc3faf028]
[  +0.000001] ACPI: Reserving SSDT table memory at [mem 0xc3fae000-0xc3faed52]
[  +0.000000] ACPI: Reserving SSDT table memory at [mem 0xc3fac000-0xc3fad0c0]
[  +0.000000] ACPI: Reserving SSDT table memory at [mem 0xc3fa8000-0xc3fabe6d]
[  +0.000001] ACPI: Reserving WSMT table memory at [mem 0xc3fa7000-0xc3fa7027]
[  +0.000000] ACPI: Reserving APIC table memory at [mem 0xc3fa6000-0xc3fa615d]
[  +0.000000] ACPI: Reserving SSDT table memory at [mem 0xc3fa5000-0xc3fa507c]
[  +0.000001] ACPI: Reserving SSDT table memory at [mem 0xc3fa4000-0xc3fa40be]
[  +0.000051] No NUMA configuration found
[  +0.000001] Faking a node at [mem 0x0000000000000000-0x000000040e2fffff]
[  +0.000002] NODE_DATA(0) allocated [mem 0x40e2fb000-0x40e2fffff]
[  +0.000022] Zone ranges:
[  +0.000001]   DMA      [mem 0x0000000000001000-0x0000000000ffffff]
[  +0.000001]   DMA32    [mem 0x0000000001000000-0x00000000ffffffff]
[  +0.000001]   Normal   [mem 0x0000000100000000-0x000000040e2fffff]
[  +0.000000]   Device   empty
[  +0.000001] Movable zone start for each node
[  +0.000000] Early memory node ranges
[  +0.000001]   node   0: [mem 0x0000000000001000-0x000000000009ffff]
[  +0.000001]   node   0: [mem 0x0000000000100000-0x0000000009d1efff]
[  +0.000000]   node   0: [mem 0x000000000a000000-0x000000000a1fffff]
[  +0.000001]   node   0: [mem 0x000000000a20f000-0x000000000affffff]
[  +0.000000]   node   0: [mem 0x000000000b020000-0x00000000be278fff]
[  +0.000001]   node   0: [mem 0x00000000be27a000-0x00000000c3c89fff]
[  +0.000000]   node   0: [mem 0x00000000c69ff000-0x00000000c7ffffff]
[  +0.000000]   node   0: [mem 0x0000000100000000-0x000000040e2fffff]
[  +0.000001] Initmem setup node 0 [mem 0x0000000000001000-0x000000040e2fffff]
[  +0.000003] On node 0, zone DMA: 1 pages in unavailable ranges
[  +0.000011] On node 0, zone DMA: 96 pages in unavailable ranges
[  +0.000094] On node 0, zone DMA32: 737 pages in unavailable ranges
[  +0.000011] On node 0, zone DMA32: 15 pages in unavailable ranges
[  +0.003128] On node 0, zone DMA32: 32 pages in unavailable ranges
[  +0.000117] On node 0, zone DMA32: 1 pages in unavailable ranges
[  +0.000091] On node 0, zone DMA32: 11637 pages in unavailable ranges
[  +0.015738] On node 0, zone Normal: 7424 pages in unavailable ranges
[  +0.000415] ACPI: PM-Timer IO Port: 0x808
[  +0.000007] ACPI: LAPIC_NMI (acpi_id[0xff] high edge lint[0x1])
[  +0.000012] IOAPIC[0]: apic_id 9, version 33, address 0xfec00000, GSI 0-23
[  +0.000005] IOAPIC[1]: apic_id 10, version 33, address 0xfec01000, GSI 24-55
[  +0.000001] ACPI: INT_SRC_OVR (bus 0 bus_irq 0 global_irq 2 dfl dfl)
[  +0.000002] ACPI: INT_SRC_OVR (bus 0 bus_irq 9 global_irq 9 low level)
[  +0.000002] ACPI: Using ACPI (MADT) for SMP configuration information
[  +0.000001] ACPI: HPET id: 0x10228201 base: 0xfed00000
[  +0.000007] e820: update [mem 0xc0292000-0xc0385fff] usable ==> reserved
[  +0.000009] smpboot: Allowing 32 CPUs, 24 hotplug CPUs
[  +0.000017] PM: hibernation: Registered nosave memory: [mem 0x00000000-0x00000fff]
[  +0.000002] PM: hibernation: Registered nosave memory: [mem 0x000a0000-0x000fffff]
[  +0.000001] PM: hibernation: Registered nosave memory: [mem 0x09d1f000-0x09ffffff]
[  +0.000001] PM: hibernation: Registered nosave memory: [mem 0x0a200000-0x0a20efff]
[  +0.000000] PM: hibernation: Registered nosave memory: [mem 0x0b000000-0x0b01ffff]
[  +0.000001] PM: hibernation: Registered nosave memory: [mem 0xb4a32000-0xb4a32fff]
[  +0.000001] PM: hibernation: Registered nosave memory: [mem 0xb4a3f000-0xb4a3ffff]
[  +0.000001] PM: hibernation: Registered nosave memory: [mem 0xbe279000-0xbe279fff]
[  +0.000001] PM: hibernation: Registered nosave memory: [mem 0xc0292000-0xc0385fff]
[  +0.000001] PM: hibernation: Registered nosave memory: [mem 0xc2318000-0xc2318fff]
[  +0.000001] PM: hibernation: Registered nosave memory: [mem 0xc3c8a000-0xc3f92fff]
[  +0.000000] PM: hibernation: Registered nosave memory: [mem 0xc3f93000-0xc3fe3fff]
[  +0.000001] PM: hibernation: Registered nosave memory: [mem 0xc3fe4000-0xc574afff]
[  +0.000000] PM: hibernation: Registered nosave memory: [mem 0xc574b000-0xc69fefff]
[  +0.000001] PM: hibernation: Registered nosave memory: [mem 0xc8000000-0xcaffffff]
[  +0.000000] PM: hibernation: Registered nosave memory: [mem 0xcb000000-0xceffffff]
[  +0.000000] PM: hibernation: Registered nosave memory: [mem 0xcf000000-0xcfffffff]
[  +0.000001] PM: hibernation: Registered nosave memory: [mem 0xd0000000-0xfe9fffff]
[  +0.000000] PM: hibernation: Registered nosave memory: [mem 0xfea00000-0xfea0ffff]
[  +0.000000] PM: hibernation: Registered nosave memory: [mem 0xfea10000-0xfec0ffff]
[  +0.000001] PM: hibernation: Registered nosave memory: [mem 0xfec10000-0xfec10fff]
[  +0.000000] PM: hibernation: Registered nosave memory: [mem 0xfec11000-0xfec2ffff]
[  +0.000000] PM: hibernation: Registered nosave memory: [mem 0xfec30000-0xfec30fff]
[  +0.000001] PM: hibernation: Registered nosave memory: [mem 0xfec31000-0xfecfffff]
[  +0.000000] PM: hibernation: Registered nosave memory: [mem 0xfed00000-0xfed00fff]
[  +0.000000] PM: hibernation: Registered nosave memory: [mem 0xfed01000-0xfed3ffff]
[  +0.000001] PM: hibernation: Registered nosave memory: [mem 0xfed40000-0xfed44fff]
[  +0.000000] PM: hibernation: Registered nosave memory: [mem 0xfed45000-0xfed7ffff]
[  +0.000000] PM: hibernation: Registered nosave memory: [mem 0xfed80000-0xfed8ffff]
[  +0.000001] PM: hibernation: Registered nosave memory: [mem 0xfed90000-0xfedc1fff]
[  +0.000000] PM: hibernation: Registered nosave memory: [mem 0xfedc2000-0xfedcffff]
[  +0.000000] PM: hibernation: Registered nosave memory: [mem 0xfedd0000-0xfedd3fff]
[  +0.000001] PM: hibernation: Registered nosave memory: [mem 0xfedd4000-0xfedd5fff]
[  +0.000000] PM: hibernation: Registered nosave memory: [mem 0xfedd6000-0xffffffff]
[  +0.000001] [mem 0xd0000000-0xfe9fffff] available for PCI devices
[  +0.000001] Booting paravirtualized kernel on bare hardware
[  +0.000002] clocksource: refined-jiffies: mask: 0xffffffff max_cycles: 0xffffffff, max_idle_ns: 6370452778343963 ns
[  +0.002978] setup_percpu: NR_CPUS:320 nr_cpumask_bits:32 nr_cpu_ids:32 nr_node_ids:1
[  +0.000835] percpu: Embedded 64 pages/cpu s225280 r8192 d28672 u262144
[  +0.000004] pcpu-alloc: s225280 r8192 d28672 u262144 alloc=1*2097152
[  +0.000002] pcpu-alloc: [0] 00 01 02 03 04 05 06 07 [0] 08 09 10 11 12 13 14 15 
[  +0.000005] pcpu-alloc: [0] 16 17 18 19 20 21 22 23 [0] 24 25 26 27 28 29 30 31 
[  +0.000015] Kernel command line: BOOT_IMAGE=/vmlinuz-linux-lts root=UUID=7bf17edb-b8bf-4757-9cc5-921e34440e42 rw rd.udev.log_priority=3 loglevel=3 audit=0 console=tty0 noreplace-smp rcupdate.rcu_expedited=1 tsc=unstable lsm=capability,yama,safesetid,landlock,lockdown,apparmor,bpf lockdown=integrity apparmor=1 module.sig_enforce=1 mitigations=auto,nosmt l1tf=flush,nosmt mds=full,nosmt tsx_async_abort=full,nosmt mmio_stale_data=full,nosmt retbleed=auto,nosmt nosmt=force pcie_aspm=force init_on_alloc=1 init_on_free=1 page_alloc.shuffle=1 vsyscall=none mce=0 debugfs=on randomize_kstack_offset=on kasan_multi_shot=on slab_nomerge pti=on slub_debug=ZF slub_debug=P page_poison=on fsck.mode=force mem_encrypt=on vsyscall=none amd_iommu=force_isolation amdgpu.gpu_recovery=1 amdgpu.audio=0 amdgpu.lbpw=1 amdgpu.tmz=1 amdgpu.freesync_video=1 iommu.strict=1 iomem=strict fsck.mode=force fsck.repair=yes pci.pcie_scan_all=1 extra_latent_entropy trace_clock=local noexec=on mce=recovery
[  +0.000070] audit: disabled (until reboot)
[  +0.000013] tsc: Marking TSC unstable due to boot parameter
[  +0.000065] PCIe ASPM is forcibly enabled
[  +0.000079] mem auto-init: SLAB_POISON will take precedence over init_on_alloc/init_on_free
[  +0.000111] Unknown kernel command line parameters "extra_latent_entropy BOOT_IMAGE=/vmlinuz-linux-lts kasan_multi_shot=on pti=on mem_encrypt=on noexec=on", will be passed to user space.
[  +0.000020] printk: log_buf_len individual max cpu contribution: 4096 bytes
[  +0.000001] printk: log_buf_len total cpu_extra contributions: 126976 bytes
[  +0.000000] printk: log_buf_len min size: 131072 bytes
[  +0.000126] printk: log_buf_len: 262144 bytes
[  +0.000001] printk: early log buf free: 110376(84%)
[  +0.001168] Dentry cache hash table entries: 2097152 (order: 12, 16777216 bytes, linear)
[  +0.000645] Inode-cache hash table entries: 1048576 (order: 11, 8388608 bytes, linear)
[  +0.000073] Fallback order for Node 0: 0 
[  +0.000004] Built 1 zonelists, mobility grouping on.  Total pages: 3947696
[  +0.000001] Policy zone: Normal
[  +0.000006] mem auto-init: CONFIG_PAGE_POISONING is on, will take precedence over init_on_alloc and init_on_free
[  +0.000198] mem auto-init: stack:all(zero), heap alloc:off, heap free:off
[  +0.000042] software IO TLB: area num 32.
[  +1.170099] Memory: 15538416K/16042084K available (16384K kernel code, 2136K rwdata, 13084K rodata, 3412K init, 3840K bss, 503412K reserved, 0K cma-reserved)
[  +0.000004] **********************************************************
[  +0.000000] **   NOTICE NOTICE NOTICE NOTICE NOTICE NOTICE NOTICE   **
[  +0.000000] **                                                      **
[  +0.000001] ** This system shows unhashed kernel memory addresses   **
[  +0.000000] ** via the console, logs, and other interfaces. This    **
[  +0.000000] ** might reduce the security of your system.            **
[  +0.000001] **                                                      **
[  +0.000000] ** If you see this message and you are not debugging    **
[  +0.000000] ** the kernel, report this immediately to your system   **
[  +0.000000] ** administrator!                                       **
[  +0.000000] **                                                      **
[  +0.000001] **   NOTICE NOTICE NOTICE NOTICE NOTICE NOTICE NOTICE   **
[  +0.000000] **********************************************************
[  +0.000131] SLUB: HWalign=64, Order=0-3, MinObjects=0, CPUs=32, Nodes=1
[  +0.000010] Kernel/User page tables isolation: enabled
[  +0.000030] ftrace: allocating 48885 entries in 191 pages
[  +0.008500] ftrace: allocated 191 pages with 7 groups
[  +0.000574] Dynamic Preempt: voluntary
[  +0.000081] rcu: Preemptible hierarchical RCU implementation.
[  +0.000001] rcu: 	RCU restricting CPUs from NR_CPUS=320 to nr_cpu_ids=32.
[  +0.000001] rcu: 	RCU priority boosting: priority 1 delay 500 ms.
[  +0.000000] 	All grace periods are expedited (rcu_expedited).
[  +0.000001] 	Trampoline variant of Tasks RCU enabled.
[  +0.000000] 	Rude variant of Tasks RCU enabled.
[  +0.000000] 	Tracing variant of Tasks RCU enabled.
[  +0.000000] rcu: RCU calculated value of scheduler-enlistment delay is 30 jiffies.
[  +0.000001] rcu: Adjusting geometry for rcu_fanout_leaf=16, nr_cpu_ids=32
[  +0.001651] NR_IRQS: 20736, nr_irqs: 1224, preallocated irqs: 16
[  +0.000187] rcu: srcu_init: Setting srcu_struct sizes based on contention.
[  +0.000092] kfence: initialized - using 2097152 bytes for 255 objects at 0xffff8883fc950000-0xffff8883fcb50000
[  +0.000034] Console: colour dummy device 80x25
[  +0.000002] printk: console [tty0] enabled
[  +0.000037] ACPI: Core revision 20230628
[  +0.000114] clocksource: hpet: mask: 0xffffffff max_cycles: 0xffffffff, max_idle_ns: 133484873504 ns
[  +0.000016] APIC: Switch to symmetric I/O mode setup
[  +0.000674] AMD-Vi: Using global IVHD EFR:0x206d73ef22254ade, EFR2:0x0
[  +0.000262] x2apic enabled
[  +0.000045] APIC: Switched APIC routing to: cluster x2apic
[  +0.000612] ..TIMER: vector=0x30 apic1=0 pin1=2 apic2=-1 pin2=-1
[  +0.015083] Calibrating delay loop (skipped), value calculated using timer frequency.. 7588.73 BogoMIPS (lpj=12642783)
[  +0.000015] x86/cpu: User Mode Instruction Prevention (UMIP) activated
[  +0.000030] LVT offset 1 assigned for vector 0xf9
[  +0.000107] LVT offset 2 assigned for vector 0xf4
[  +0.000024] process: using mwait in idle threads
[  +0.000002] Last level iTLB entries: 4KB 512, 2MB 512, 4MB 256
[  +0.000001] Last level dTLB entries: 4KB 2048, 2MB 2048, 4MB 1024, 1GB 0
[  +0.000003] Spectre V1 : Mitigation: usercopy/swapgs barriers and __user pointer sanitization
[  +0.000004] Spectre V2 : Mitigation: Retpolines
[  +0.000000] Spectre V2 : Spectre v2 / SpectreRSB mitigation: Filling RSB on context switch
[  +0.000001] Spectre V2 : Spectre v2 / SpectreRSB : Filling RSB on VMEXIT
[  +0.000001] Spectre V2 : Enabling Restricted Speculation for firmware calls
[  +0.000002] Spectre V2 : mitigation: Enabling conditional Indirect Branch Prediction Barrier
[  +0.000003] Speculative Store Bypass: Mitigation: Speculative Store Bypass disabled via prctl
[  +0.000001] Speculative Return Stack Overflow: Mitigation: Safe RET
[  +0.000004] x86/fpu: Supporting XSAVE feature 0x001: 'x87 floating point registers'
[  +0.000002] x86/fpu: Supporting XSAVE feature 0x002: 'SSE registers'
[  +0.000000] x86/fpu: Supporting XSAVE feature 0x004: 'AVX registers'
[  +0.000001] x86/fpu: Supporting XSAVE feature 0x200: 'Protection Keys User registers'
[  +0.000000] x86/fpu: Supporting XSAVE feature 0x800: 'Control-flow User registers'
[  +0.000001] x86/fpu: xstate_offset[2]:  576, xstate_sizes[2]:  256
[  +0.000001] x86/fpu: xstate_offset[9]:  832, xstate_sizes[9]:    8
[  +0.000001] x86/fpu: xstate_offset[11]:  840, xstate_sizes[11]:   16
[  +0.000001] x86/fpu: Enabled xstate features 0xa07, context size is 856 bytes, using 'compacted' format.
[  +0.018227] Freeing SMP alternatives memory: 40K
[  +0.000003] pid_max: default: 32768 minimum: 301
[  +0.007691] LSM: initializing lsm=capability,yama,safesetid,landlock,lockdown,apparmor,bpf,integrity
[  +0.000020] Yama: becoming mindful.
[  +0.000007] landlock: Up and running.
[  +0.000031] AppArmor: AppArmor initialized
[  +0.000003] LSM support for eBPF active
[  +0.000061] Mount-cache hash table entries: 32768 (order: 6, 262144 bytes, linear)
[  +0.000028] Mountpoint-cache hash table entries: 32768 (order: 6, 262144 bytes, linear)
[  +0.107207] smpboot: CPU0: AMD Ryzen 7 5700G with Radeon Graphics (family: 0x19, model: 0x50, stepping: 0x0)
[  +0.000228] RCU Tasks: Setting shift to 5 and lim to 1 rcu_task_cb_adjust=1.
[  +0.000016] RCU Tasks Rude: Setting shift to 5 and lim to 1 rcu_task_cb_adjust=1.
[  +0.000027] RCU Tasks Trace: Setting shift to 5 and lim to 1 rcu_task_cb_adjust=1.
[  +0.000021] Performance Events: Fam17h+ core perfctr, AMD PMU driver.
[  +0.000006] ... version:                0
[  +0.000000] ... bit width:              48
[  +0.000001] ... generic registers:      6
[  +0.000001] ... value mask:             0000ffffffffffff
[  +0.000001] ... max period:             00007fffffffffff
[  +0.000000] ... fixed-purpose events:   0
[  +0.000001] ... event mask:             000000000000003f
[  +0.000103] signal: max sigframe size: 3376
[  +0.000028] rcu: Hierarchical SRCU implementation.
[  +0.000001] rcu: 	Max phase no-delay instances is 1000.
[  +0.002462] NMI watchdog: Enabled. Permanently consumes one hw-PMU counter.
[  +0.000285] smp: Bringing up secondary CPUs ...
[  +0.000051] smpboot: x86: Booting SMP configuration:
[  +0.000001] .... node  #0, CPUs:        #1  #2  #3  #4  #5  #6  #7
[  +0.001943] smp: Brought up 1 node, 8 CPUs
[  +0.000000] smpboot: Max logical packages: 4
[  +0.000000] smpboot: Total of 8 processors activated (60709.91 BogoMIPS)
[  +0.002393] devtmpfs: initialized
[  +0.000000] x86/mm: Memory block size: 128MB
[  +0.003219] ACPI: PM: Registering ACPI NVS region [mem 0x0a200000-0x0a20efff] (61440 bytes)
[  +0.000000] ACPI: PM: Registering ACPI NVS region [mem 0xc3fe4000-0xc574afff] (24539136 bytes)
[  +0.000559] clocksource: jiffies: mask: 0xffffffff max_cycles: 0xffffffff, max_idle_ns: 6370867519511994 ns
[  +0.000026] futex hash table entries: 8192 (order: 7, 524288 bytes, linear)
[  +0.000093] pinctrl core: initialized pinctrl subsystem
[  +0.000138] PM: RTC time: 00:02:08, date: 2019-01-01
[  +0.000393] NET: Registered PF_NETLINK/PF_ROUTE protocol family
[  +0.001458] DMA: preallocated 2048 KiB GFP_KERNEL pool for atomic allocations
[  +0.000095] DMA: preallocated 2048 KiB GFP_KERNEL|GFP_DMA pool for atomic allocations
[  +0.000096] DMA: preallocated 2048 KiB GFP_KERNEL|GFP_DMA32 pool for atomic allocations
[  +0.000137] thermal_sys: Registered thermal governor 'fair_share'
[  +0.000001] thermal_sys: Registered thermal governor 'bang_bang'
[  +0.000001] thermal_sys: Registered thermal governor 'step_wise'
[  +0.000001] thermal_sys: Registered thermal governor 'user_space'
[  +0.000001] thermal_sys: Registered thermal governor 'power_allocator'
[  +0.000037] cpuidle: using governor ladder
[  +0.000008] cpuidle: using governor menu
[  +0.000026] acpiphp: ACPI Hot Plug PCI Controller Driver version: 0.5
[  +0.000000] PCI: MMCONFIG for domain 0000 [bus 00-7f] at [mem 0xf0000000-0xf7ffffff] (base 0xf0000000)
[  +0.000000] PCI: not using MMCONFIG
[  +0.000000] PCI: Using configuration type 1 for base access
[  +0.000000] PCI: Using configuration type 1 for extended access
[  +0.000394] kprobes: kprobe jump-optimization is enabled. All kprobes are optimized if possible.
[  +0.002304] HugeTLB: registered 1.00 GiB page size, pre-allocated 0 pages
[  +0.000000] HugeTLB: 16380 KiB vmemmap can be freed for a 1.00 GiB page
[  +0.000000] HugeTLB: registered 2.00 MiB page size, pre-allocated 0 pages
[  +0.000000] HugeTLB: 28 KiB vmemmap can be freed for a 2.00 MiB page
[  +0.002378] ACPI: Added _OSI(Module Device)
[  +0.000000] ACPI: Added _OSI(Processor Device)
[  +0.000000] ACPI: Added _OSI(3.0 _SCP Extensions)
[  +0.000000] ACPI: Added _OSI(Processor Aggregator Device)
[  +0.023179] ACPI: 10 ACPI AML tables successfully acquired and loaded
[  +0.002472] ACPI: [Firmware Bug]: BIOS _OSI(Linux) query ignored
[  +0.003930] ACPI: _OSC evaluation for CPUs failed, trying _PDC
[  +0.000912] ACPI: Interpreter enabled
[  +0.000015] ACPI: PM: (supports S0 S4 S5)
[  +0.000001] ACPI: Using IOAPIC for interrupt routing
[  +0.001485] PCI: MMCONFIG for domain 0000 [bus 00-7f] at [mem 0xf0000000-0xf7ffffff] (base 0xf0000000)
[  +0.000060] PCI: MMCONFIG at [mem 0xf0000000-0xf7ffffff] reserved as ACPI motherboard resource
[  +0.000009] PCI: Using host bridge windows from ACPI; if necessary, use "pci=nocrs" and report a bug
[  +0.000001] PCI: Ignoring E820 reservations for host bridge windows
[  +0.000504] ACPI: Enabled 4 GPEs in block 00 to 1F
[  +0.034180] ACPI: PCI Root Bridge [PCI0] (domain 0000 [bus 00-ff])
[  +0.000006] acpi PNP0A08:00: _OSC: OS supports [ExtendedConfig ASPM ClockPM Segments MSI EDR HPX-Type3]
[  +0.000192] acpi PNP0A08:00: _OSC: platform does not support [PCIeHotplug SHPCHotplug PME LTR DPC]
[  +0.000361] acpi PNP0A08:00: _OSC: OS now controls [AER PCIeCapability]
[  +0.000012] acpi PNP0A08:00: [Firmware Info]: MMCONFIG for domain 0000 [bus 00-7f] only partially covers this bridge
[  +0.000632] PCI host bridge to bus 0000:00
[  +0.000002] pci_bus 0000:00: root bus resource [io  0x0000-0x03af window]
[  +0.000002] pci_bus 0000:00: root bus resource [io  0x03e0-0x0cf7 window]
[  +0.000001] pci_bus 0000:00: root bus resource [io  0x03b0-0x03df window]
[  +0.000002] pci_bus 0000:00: root bus resource [io  0x0d00-0xffff window]
[  +0.000001] pci_bus 0000:00: root bus resource [mem 0x000a0000-0x000dffff window]
[  +0.000002] pci_bus 0000:00: root bus resource [mem 0xd0000000-0xfec2ffff window]
[  +0.000001] pci_bus 0000:00: root bus resource [mem 0xfee00000-0xffffffff window]
[  +0.000002] pci_bus 0000:00: root bus resource [bus 00-ff]
[  +0.000016] pci 0000:00:00.0: [1022:1630] type 00 class 0x060000
[  +0.000126] pci 0000:00:00.2: [1022:1631] type 00 class 0x080600
[  +0.000126] pci 0000:00:01.0: [1022:1632] type 00 class 0x060000
[  +0.000068] pci 0000:00:02.0: [1022:1632] type 00 class 0x060000
[  +0.000063] pci 0000:00:02.1: [1022:1634] type 01 class 0x060400
[  +0.000022] pci 0000:00:02.1: enabling Extended Tags
[  +0.000035] pci 0000:00:02.1: PME# supported from D0 D3hot D3cold
[  +0.000162] pci 0000:00:02.2: [1022:1634] type 01 class 0x060400
[  +0.000053] pci 0000:00:02.2: PME# supported from D0 D3hot D3cold
[  +0.000127] pci 0000:00:08.0: [1022:1632] type 00 class 0x060000
[  +0.000062] pci 0000:00:08.1: [1022:1635] type 01 class 0x060400
[  +0.000021] pci 0000:00:08.1: enabling Extended Tags
[  +0.000032] pci 0000:00:08.1: PME# supported from D0 D3hot D3cold
[  +0.000170] pci 0000:00:14.0: [1022:790b] type 00 class 0x0c0500
[  +0.000146] pci 0000:00:14.3: [1022:790e] type 00 class 0x060100
[  +0.000170] pci 0000:00:18.0: [1022:166a] type 00 class 0x060000
[  +0.000041] pci 0000:00:18.1: [1022:166b] type 00 class 0x060000
[  +0.000041] pci 0000:00:18.2: [1022:166c] type 00 class 0x060000
[  +0.000041] pci 0000:00:18.3: [1022:166d] type 00 class 0x060000
[  +0.000044] pci 0000:00:18.4: [1022:166e] type 00 class 0x060000
[  +0.000041] pci 0000:00:18.5: [1022:166f] type 00 class 0x060000
[  +0.000044] pci 0000:00:18.6: [1022:1670] type 00 class 0x060000
[  +0.000043] pci 0000:00:18.7: [1022:1671] type 00 class 0x060000
[  +0.000124] pci 0000:01:00.0: [1022:43ee] type 00 class 0x0c0330
[  +0.000017] pci 0000:01:00.0: reg 0x10: [mem 0xfcea0000-0xfcea7fff 64bit]
[  +0.000039] pci 0000:01:00.0: enabling Extended Tags
[  +0.000054] pci 0000:01:00.0: PME# supported from D3hot D3cold
[  +0.000193] pci 0000:01:00.1: [1022:43eb] type 00 class 0x010601
[  +0.000045] pci 0000:01:00.1: reg 0x24: [mem 0xfce80000-0xfce9ffff]
[  +0.000007] pci 0000:01:00.1: reg 0x30: [mem 0xfce00000-0xfce7ffff pref]
[  +0.000007] pci 0000:01:00.1: enabling Extended Tags
[  +0.000042] pci 0000:01:00.1: PME# supported from D3hot D3cold
[  +0.000115] pci 0000:01:00.2: [1022:43e9] type 01 class 0x060400
[  +0.000042] pci 0000:01:00.2: enabling Extended Tags
[  +0.000046] pci 0000:01:00.2: PME# supported from D3hot D3cold
[  +0.000130] pci 0000:00:02.1: PCI bridge to [bus 01-08]
[  +0.000004] pci 0000:00:02.1:   bridge window [io  0xf000-0xffff]
[  +0.000002] pci 0000:00:02.1:   bridge window [mem 0xfcd00000-0xfcefffff]
[  +0.000003] pci 0000:00:02.1:   bridge window [mem 0xe0300000-0xe03fffff 64bit pref]
[  +0.000155] pci 0000:02:00.0: [1022:43ea] type 01 class 0x060400
[  +0.000044] pci 0000:02:00.0: enabling Extended Tags
[  +0.000059] pci 0000:02:00.0: PME# supported from D3hot D3cold
[  +0.000144] pci 0000:02:01.0: [1022:43ea] type 01 class 0x060400
[  +0.000046] pci 0000:02:01.0: enabling Extended Tags
[  +0.000056] pci 0000:02:01.0: PME# supported from D3hot D3cold
[  +0.000135] pci 0000:02:02.0: [1022:43ea] type 01 class 0x060400
[  +0.000045] pci 0000:02:02.0: enabling Extended Tags
[  +0.000057] pci 0000:02:02.0: PME# supported from D3hot D3cold
[  +0.000134] pci 0000:02:03.0: [1022:43ea] type 01 class 0x060400
[  +0.000045] pci 0000:02:03.0: enabling Extended Tags
[  +0.000057] pci 0000:02:03.0: PME# supported from D3hot D3cold
[  +0.000137] pci 0000:02:04.0: [1022:43ea] type 01 class 0x060400
[  +0.000045] pci 0000:02:04.0: enabling Extended Tags
[  +0.000056] pci 0000:02:04.0: PME# supported from D3hot D3cold
[  +0.000144] pci 0000:02:08.0: [1022:43ea] type 01 class 0x060400
[  +0.000046] pci 0000:02:08.0: enabling Extended Tags
[  +0.000056] pci 0000:02:08.0: PME# supported from D3hot D3cold
[  +0.000152] pci 0000:01:00.2: PCI bridge to [bus 02-08]
[  +0.000005] pci 0000:01:00.2:   bridge window [io  0xf000-0xffff]
[  +0.000003] pci 0000:01:00.2:   bridge window [mem 0xfcd00000-0xfcdfffff]
[  +0.000005] pci 0000:01:00.2:   bridge window [mem 0xe0300000-0xe03fffff 64bit pref]
[  +0.000049] pci 0000:02:00.0: PCI bridge to [bus 03]
[  +0.000062] pci 0000:02:01.0: PCI bridge to [bus 04]
[  +0.000087] pci 0000:05:00.0: [10ec:8168] type 00 class 0x020000
[  +0.000023] pci 0000:05:00.0: reg 0x10: [io  0xf000-0xf0ff]
[  +0.000029] pci 0000:05:00.0: reg 0x18: [mem 0xe0304000-0xe0304fff 64bit pref]
[  +0.000019] pci 0000:05:00.0: reg 0x20: [mem 0xe0300000-0xe0303fff 64bit pref]
[  +0.000138] pci 0000:05:00.0: supports D1 D2
[  +0.000001] pci 0000:05:00.0: PME# supported from D0 D1 D2 D3hot D3cold
[  +0.000244] pci 0000:02:02.0: PCI bridge to [bus 05]
[  +0.000005] pci 0000:02:02.0:   bridge window [io  0xf000-0xffff]
[  +0.000007] pci 0000:02:02.0:   bridge window [mem 0xe0300000-0xe03fffff 64bit pref]
[  +0.000053] pci 0000:02:03.0: PCI bridge to [bus 06]
[  +0.000085] pci 0000:07:00.0: [1344:5404] type 00 class 0x010802
[  +0.000030] pci 0000:07:00.0: reg 0x10: [mem 0xfcd00000-0xfcd03fff 64bit]
[  +0.000404] pci 0000:02:04.0: PCI bridge to [bus 07]
[  +0.000007] pci 0000:02:04.0:   bridge window [mem 0xfcd00000-0xfcdfffff]
[  +0.000044] pci 0000:02:08.0: PCI bridge to [bus 08]
[  +0.000092] pci 0000:09:00.0: [1179:010f] type 00 class 0x010802
[  +0.000014] pci 0000:09:00.0: reg 0x10: [mem 0xfcf00000-0xfcf03fff 64bit]
[  +0.000183] pci 0000:00:02.2: PCI bridge to [bus 09]
[  +0.000004] pci 0000:00:02.2:   bridge window [mem 0xfcf00000-0xfcffffff]
[  +0.000102] pci 0000:0a:00.0: [1002:1638] type 00 class 0x030000
[  +0.000011] pci 0000:0a:00.0: reg 0x10: [mem 0xd0000000-0xdfffffff 64bit pref]
[  +0.000007] pci 0000:0a:00.0: reg 0x18: [mem 0xe0000000-0xe01fffff 64bit pref]
[  +0.000006] pci 0000:0a:00.0: reg 0x20: [io  0xe000-0xe0ff]
[  +0.000005] pci 0000:0a:00.0: reg 0x24: [mem 0xfcc00000-0xfcc7ffff]
[  +0.000009] pci 0000:0a:00.0: enabling Extended Tags
[  +0.000013] pci 0000:0a:00.0: BAR 0: assigned to efifb
[  +0.000039] pci 0000:0a:00.0: PME# supported from D1 D2 D3hot D3cold
[  +0.000038] pci 0000:0a:00.0: 126.016 Gb/s available PCIe bandwidth, limited by 8.0 GT/s PCIe x16 link at 0000:00:08.1 (capable of 252.048 Gb/s with 16.0 GT/s PCIe x16 link)
[  +0.000108] pci 0000:0a:00.1: [1002:1637] type 00 class 0x040300
[  +0.000008] pci 0000:0a:00.1: reg 0x10: [mem 0xfcc88000-0xfcc8bfff]
[  +0.000021] pci 0000:0a:00.1: enabling Extended Tags
[  +0.000032] pci 0000:0a:00.1: PME# supported from D1 D2 D3hot D3cold
[  +0.000104] pci 0000:0a:00.2: [1022:15df] type 00 class 0x108000
[  +0.000016] pci 0000:0a:00.2: reg 0x18: [mem 0xfcb00000-0xfcbfffff]
[  +0.000009] pci 0000:0a:00.2: reg 0x24: [mem 0xfcc8c000-0xfcc8dfff]
[  +0.000008] pci 0000:0a:00.2: enabling Extended Tags
[  +0.000128] pci 0000:0a:00.3: [1022:1639] type 00 class 0x0c0330
[  +0.000011] pci 0000:0a:00.3: reg 0x10: [mem 0xfca00000-0xfcafffff 64bit]
[  +0.000023] pci 0000:0a:00.3: enabling Extended Tags
[  +0.000034] pci 0000:0a:00.3: PME# supported from D0 D3hot D3cold
[  +0.000110] pci 0000:0a:00.4: [1022:1639] type 00 class 0x0c0330
[  +0.000010] pci 0000:0a:00.4: reg 0x10: [mem 0xfc900000-0xfc9fffff 64bit]
[  +0.000024] pci 0000:0a:00.4: enabling Extended Tags
[  +0.000034] pci 0000:0a:00.4: PME# supported from D0 D3hot D3cold
[  +0.000107] pci 0000:0a:00.6: [1022:15e3] type 00 class 0x040300
[  +0.000007] pci 0000:0a:00.6: reg 0x10: [mem 0xfcc80000-0xfcc87fff]
[  +0.000021] pci 0000:0a:00.6: enabling Extended Tags
[  +0.000032] pci 0000:0a:00.6: PME# supported from D0 D3hot D3cold
[  +0.000125] pci 0000:00:08.1: PCI bridge to [bus 0a]
[  +0.000003] pci 0000:00:08.1:   bridge window [io  0xe000-0xefff]
[  +0.000002] pci 0000:00:08.1:   bridge window [mem 0xfc900000-0xfccfffff]
[  +0.000003] pci 0000:00:08.1:   bridge window [mem 0xd0000000-0xe01fffff 64bit pref]
[  +0.000745] ACPI: PCI: Interrupt link LNKA configured for IRQ 0
[  +0.000085] ACPI: PCI: Interrupt link LNKB configured for IRQ 0
[  +0.000077] ACPI: PCI: Interrupt link LNKC configured for IRQ 0
[  +0.000090] ACPI: PCI: Interrupt link LNKD configured for IRQ 0
[  +0.000083] ACPI: PCI: Interrupt link LNKE configured for IRQ 0
[  +0.000069] ACPI: PCI: Interrupt link LNKF configured for IRQ 0
[  +0.000069] ACPI: PCI: Interrupt link LNKG configured for IRQ 0
[  +0.000069] ACPI: PCI: Interrupt link LNKH configured for IRQ 0
[  +0.001360] iommu: Default domain type: Translated
[  +0.000000] iommu: DMA domain TLB invalidation policy: strict mode (set via kernel command line)
[  +0.000129] SCSI subsystem initialized
[  +0.000016] libata version 3.00 loaded.
[  +0.000000] ACPI: bus type USB registered
[  +0.000000] usbcore: registered new interface driver usbfs
[  +0.000000] usbcore: registered new interface driver hub
[  +0.000000] usbcore: registered new device driver usb
[  +0.003779] pps_core: LinuxPPS API ver. 1 registered
[  +0.000002] pps_core: Software ver. 5.3.6 - Copyright 2005-2007 Rodolfo Giometti <giometti@linux.it>
[  +0.000003] PTP clock support registered
[  +0.000009] EDAC MC: Ver: 3.0.0
[  +0.000091] efivars: Registered efivars operations
[  +0.000000] NetLabel: Initializing
[  +0.000000] NetLabel:  domain hash size = 128
[  +0.000000] NetLabel:  protocols = UNLABELED CIPSOv4 CALIPSO
[  +0.000000] NetLabel:  unlabeled traffic allowed by default
[  +0.000000] mctp: management component transport protocol core
[  +0.000000] NET: Registered PF_MCTP protocol family
[  +0.000000] PCI: Using ACPI for IRQ routing
[  +0.004511] PCI: pci_cache_line_size set to 64 bytes
[  +0.000056] e820: reserve RAM buffer [mem 0x09d1f000-0x0bffffff]
[  +0.000014] e820: reserve RAM buffer [mem 0x0a200000-0x0bffffff]
[  +0.000001] e820: reserve RAM buffer [mem 0x0b000000-0x0bffffff]
[  +0.000002] e820: reserve RAM buffer [mem 0xb4a32018-0xb7ffffff]
[  +0.000001] e820: reserve RAM buffer [mem 0xbe279000-0xbfffffff]
[  +0.000001] e820: reserve RAM buffer [mem 0xc0292000-0xc3ffffff]
[  +0.000001] e820: reserve RAM buffer [mem 0xc2318000-0xc3ffffff]
[  +0.000001] e820: reserve RAM buffer [mem 0xc3c8a000-0xc3ffffff]
[  +0.000002] e820: reserve RAM buffer [mem 0x40e300000-0x40fffffff]
[  +0.001386] pci 0000:0a:00.0: vgaarb: setting as boot VGA device
[  +0.000001] pci 0000:0a:00.0: vgaarb: bridge control possible
[  +0.000001] pci 0000:0a:00.0: vgaarb: VGA device added: decodes=io+mem,owns=none,locks=none
[  +0.000003] vgaarb: loaded
[  +0.000276] hpet0: at MMIO 0xfed00000, IRQs 2, 8, 0
[  +0.000010] hpet0: 3 comparators, 32-bit 14.318180 MHz counter
[  +0.001008] clocksource: Switched to clocksource hpet
[  +0.000968] VFS: Disk quotas dquot_6.6.0
[  +0.000014] VFS: Dquot-cache hash table entries: 512 (order 0, 4096 bytes)
[  +0.000164] AppArmor: AppArmor Filesystem Enabled
[  +0.000040] pnp: PnP ACPI init
[  +0.000107] system 00:00: [mem 0xf0000000-0xf7ffffff] has been reserved
[  +0.000100] system 00:01: [mem 0x410000000-0x42fffffff window] has been reserved
[  +0.000295] system 00:03: [io  0x0290-0x029f] has been reserved
[  +0.000002] system 00:03: [io  0x0200-0x021f] has been reserved
[  +0.000243] system 00:04: [io  0x04d0-0x04d1] has been reserved
[  +0.000000] system 00:04: [io  0x040b] has been reserved
[  +0.000000] system 00:04: [io  0x04d6] has been reserved
[  +0.000000] system 00:04: [io  0x0c00-0x0c01] has been reserved
[  +0.000000] system 00:04: [io  0x0c14] has been reserved
[  +0.000000] system 00:04: [io  0x0c50-0x0c51] has been reserved
[  +0.000000] system 00:04: [io  0x0c52] has been reserved
[  +0.000000] system 00:04: [io  0x0c6c] has been reserved
[  +0.000000] system 00:04: [io  0x0c6f] has been reserved
[  +0.000000] system 00:04: [io  0x0cd8-0x0cdf] has been reserved
[  +0.000000] system 00:04: [io  0x0800-0x089f] has been reserved
[  +0.000000] system 00:04: [io  0x0b00-0x0b0f] has been reserved
[  +0.000000] system 00:04: [io  0x0b20-0x0b3f] has been reserved
[  +0.000000] system 00:04: [io  0x0900-0x090f] has been reserved
[  +0.000000] system 00:04: [io  0x0910-0x091f] has been reserved
[  +0.000000] system 00:04: [mem 0xfec00000-0xfec00fff] could not be reserved
[  +0.000000] system 00:04: [mem 0xfec01000-0xfec01fff] could not be reserved
[  +0.000000] system 00:04: [mem 0xfedc0000-0xfedc0fff] has been reserved
[  +0.000000] system 00:04: [mem 0xfee00000-0xfee00fff] has been reserved
[  +0.000000] system 00:04: [mem 0xfed80000-0xfed8ffff] could not be reserved
[  +0.000000] system 00:04: [mem 0xfec10000-0xfec10fff] has been reserved
[  +0.000000] system 00:04: [mem 0xff000000-0xffffffff] has been reserved
[  +0.000280] pnp: PnP ACPI: found 5 devices
[  +0.006453] clocksource: acpi_pm: mask: 0xffffff max_cycles: 0xffffff, max_idle_ns: 2085701024 ns
[  +0.000103] NET: Registered PF_INET protocol family
[  +0.000279] IP idents hash table entries: 262144 (order: 9, 2097152 bytes, linear)
[  +0.001996] tcp_listen_portaddr_hash hash table entries: 8192 (order: 5, 131072 bytes, linear)
[  +0.000022] Table-perturb hash table entries: 65536 (order: 6, 262144 bytes, linear)
[  +0.000076] TCP established hash table entries: 131072 (order: 8, 1048576 bytes, linear)
[  +0.000199] TCP bind hash table entries: 65536 (order: 9, 2097152 bytes, linear)
[  +0.000080] TCP: Hash tables configured (established 131072 bind 65536)
[  +0.000136] MPTCP token hash table entries: 16384 (order: 6, 393216 bytes, linear)
[  +0.000034] UDP hash table entries: 8192 (order: 6, 262144 bytes, linear)
[  +0.000034] UDP-Lite hash table entries: 8192 (order: 6, 262144 bytes, linear)
[  +0.000191] NET: Registered PF_UNIX/PF_LOCAL protocol family
[  +0.000007] NET: Registered PF_XDP protocol family
[  +0.000010] pci 0000:02:00.0: PCI bridge to [bus 03]
[  +0.000016] pci 0000:02:01.0: PCI bridge to [bus 04]
[  +0.000010] pci 0000:02:02.0: PCI bridge to [bus 05]
[  +0.000002] pci 0000:02:02.0:   bridge window [io  0xf000-0xffff]
[  +0.000006] pci 0000:02:02.0:   bridge window [mem 0xe0300000-0xe03fffff 64bit pref]
[  +0.000005] pci 0000:02:03.0: PCI bridge to [bus 06]
[  +0.000010] pci 0000:02:04.0: PCI bridge to [bus 07]
[  +0.000004] pci 0000:02:04.0:   bridge window [mem 0xfcd00000-0xfcdfffff]
[  +0.000007] pci 0000:02:08.0: PCI bridge to [bus 08]
[  +0.000010] pci 0000:01:00.2: PCI bridge to [bus 02-08]
[  +0.000002] pci 0000:01:00.2:   bridge window [io  0xf000-0xffff]
[  +0.000004] pci 0000:01:00.2:   bridge window [mem 0xfcd00000-0xfcdfffff]
[  +0.000003] pci 0000:01:00.2:   bridge window [mem 0xe0300000-0xe03fffff 64bit pref]
[  +0.000005] pci 0000:00:02.1: PCI bridge to [bus 01-08]
[  +0.000002] pci 0000:00:02.1:   bridge window [io  0xf000-0xffff]
[  +0.000002] pci 0000:00:02.1:   bridge window [mem 0xfcd00000-0xfcefffff]
[  +0.000002] pci 0000:00:02.1:   bridge window [mem 0xe0300000-0xe03fffff 64bit pref]
[  +0.000003] pci 0000:00:02.2: PCI bridge to [bus 09]
[  +0.000003] pci 0000:00:02.2:   bridge window [mem 0xfcf00000-0xfcffffff]
[  +0.000005] pci 0000:00:08.1: PCI bridge to [bus 0a]
[  +0.000001] pci 0000:00:08.1:   bridge window [io  0xe000-0xefff]
[  +0.000003] pci 0000:00:08.1:   bridge window [mem 0xfc900000-0xfccfffff]
[  +0.000002] pci 0000:00:08.1:   bridge window [mem 0xd0000000-0xe01fffff 64bit pref]
[  +0.000003] pci_bus 0000:00: resource 4 [io  0x0000-0x03af window]
[  +0.000002] pci_bus 0000:00: resource 5 [io  0x03e0-0x0cf7 window]
[  +0.000001] pci_bus 0000:00: resource 6 [io  0x03b0-0x03df window]
[  +0.000001] pci_bus 0000:00: resource 7 [io  0x0d00-0xffff window]
[  +0.000002] pci_bus 0000:00: resource 8 [mem 0x000a0000-0x000dffff window]
[  +0.000001] pci_bus 0000:00: resource 9 [mem 0xd0000000-0xfec2ffff window]
[  +0.000001] pci_bus 0000:00: resource 10 [mem 0xfee00000-0xffffffff window]
[  +0.000002] pci_bus 0000:01: resource 0 [io  0xf000-0xffff]
[  +0.000001] pci_bus 0000:01: resource 1 [mem 0xfcd00000-0xfcefffff]
[  +0.000001] pci_bus 0000:01: resource 2 [mem 0xe0300000-0xe03fffff 64bit pref]
[  +0.000001] pci_bus 0000:02: resource 0 [io  0xf000-0xffff]
[  +0.000002] pci_bus 0000:02: resource 1 [mem 0xfcd00000-0xfcdfffff]
[  +0.000001] pci_bus 0000:02: resource 2 [mem 0xe0300000-0xe03fffff 64bit pref]
[  +0.000001] pci_bus 0000:05: resource 0 [io  0xf000-0xffff]
[  +0.000001] pci_bus 0000:05: resource 2 [mem 0xe0300000-0xe03fffff 64bit pref]
[  +0.000002] pci_bus 0000:07: resource 1 [mem 0xfcd00000-0xfcdfffff]
[  +0.000001] pci_bus 0000:09: resource 1 [mem 0xfcf00000-0xfcffffff]
[  +0.000001] pci_bus 0000:0a: resource 0 [io  0xe000-0xefff]
[  +0.000002] pci_bus 0000:0a: resource 1 [mem 0xfc900000-0xfccfffff]
[  +0.000001] pci_bus 0000:0a: resource 2 [mem 0xd0000000-0xe01fffff 64bit pref]
[  +0.000286] pci 0000:0a:00.1: D0 power state depends on 0000:0a:00.0
[  +0.000008] pci 0000:0a:00.3: extending delay after power-on from D3hot to 20 msec
[  +0.000169] pci 0000:0a:00.4: extending delay after power-on from D3hot to 20 msec
[  +0.000095] PCI: CLS 64 bytes, default 64
[  +0.000009] pci 0000:00:00.2: AMD-Vi: IOMMU performance counters supported
[  +0.000042] Trying to unpack rootfs image as initramfs...
[  +0.000001] pci 0000:00:01.0: Adding to iommu group 0
[  +0.000023] pci 0000:00:02.0: Adding to iommu group 1
[  +0.000018] pci 0000:00:02.1: Adding to iommu group 2
[  +0.000014] pci 0000:00:02.2: Adding to iommu group 3
[  +0.000022] pci 0000:00:08.0: Adding to iommu group 4
[  +0.000016] pci 0000:00:08.1: Adding to iommu group 5
[  +0.000024] pci 0000:00:14.0: Adding to iommu group 6
[  +0.000012] pci 0000:00:14.3: Adding to iommu group 6
[  +0.000056] pci 0000:00:18.0: Adding to iommu group 7
[  +0.000015] pci 0000:00:18.1: Adding to iommu group 7
[  +0.000016] pci 0000:00:18.2: Adding to iommu group 7
[  +0.000012] pci 0000:00:18.3: Adding to iommu group 7
[  +0.000018] pci 0000:00:18.4: Adding to iommu group 7
[  +0.000013] pci 0000:00:18.5: Adding to iommu group 7
[  +0.000013] pci 0000:00:18.6: Adding to iommu group 7
[  +0.000013] pci 0000:00:18.7: Adding to iommu group 7
[  +0.000034] pci 0000:01:00.0: Adding to iommu group 8
[  +0.000014] pci 0000:01:00.1: Adding to iommu group 8
[  +0.000015] pci 0000:01:00.2: Adding to iommu group 8
[  +0.000006] pci 0000:02:00.0: Adding to iommu group 8
[  +0.000006] pci 0000:02:01.0: Adding to iommu group 8
[  +0.000005] pci 0000:02:02.0: Adding to iommu group 8
[  +0.000006] pci 0000:02:03.0: Adding to iommu group 8
[  +0.000007] pci 0000:02:04.0: Adding to iommu group 8
[  +0.000006] pci 0000:02:08.0: Adding to iommu group 8
[  +0.000006] pci 0000:05:00.0: Adding to iommu group 8
[  +0.000005] pci 0000:07:00.0: Adding to iommu group 8
[  +0.000015] pci 0000:09:00.0: Adding to iommu group 9
[  +0.000023] pci 0000:0a:00.0: Adding to iommu group 10
[  +0.000018] pci 0000:0a:00.1: Adding to iommu group 11
[  +0.000015] pci 0000:0a:00.2: Adding to iommu group 12
[  +0.000016] pci 0000:0a:00.3: Adding to iommu group 13
[  +0.000018] pci 0000:0a:00.4: Adding to iommu group 14
[  +0.000016] pci 0000:0a:00.6: Adding to iommu group 15
[  +0.003472] pci 0000:00:00.2: can't derive routing for PCI INT A
[  +0.000001] pci 0000:00:00.2: PCI INT A: not connected
[  +0.000191] pci 0000:00:00.2: AMD-Vi: Found IOMMU cap 0x40
[  +0.000001] AMD-Vi: Extended features (0x206d73ef22254ade, 0x0): PPR X2APIC NX GT IA GA PC GA_vAPIC
[  +0.000007] AMD-Vi: Interrupt remapping enabled
[  +0.000001] AMD-Vi: X2APIC enabled
[  +0.000174] AMD-Vi: Virtual APIC enabled
[  +0.000014] PCI-DMA: Using software bounce buffering for IO (SWIOTLB)
[  +0.000002] software IO TLB: mapped [mem 0x00000000b0a32000-0x00000000b4a32000] (64MB)
[  +0.000292] LVT offset 0 assigned for vector 0x400
[  +0.003544] perf: AMD IBS detected (0x000003ff)
[  +0.000008] perf/amd_iommu: Detected AMD IOMMU #0 (2 banks, 4 counters/bank).
[  +0.001554] Initialise system trusted keyrings
[  +0.000012] Key type blacklist registered
[  +0.000048] workingset: timestamp_bits=41 max_order=22 bucket_order=0
[  +0.000013] zbud: loaded
[  +0.000264] integrity: Platform Keyring initialized
[  +0.000003] integrity: Machine keyring initialized
[  +0.006542] Key type asymmetric registered
[  +0.000002] Asymmetric key parser 'x509' registered
[  +0.000013] Block layer SCSI generic (bsg) driver version 0.4 loaded (major 242)
[  +0.000070] io scheduler mq-deadline registered
[  +0.000002] io scheduler kyber registered
[  +0.000011] io scheduler bfq registered
[  +0.002511] shpchp: Standard Hot Plug PCI Controller Driver version: 0.4
[  +0.000140] input: Power Button as /devices/LNXSYSTM:00/LNXSYBUS:00/PNP0C0C:00/input/input0
[  +0.000027] ACPI: button: Power Button [PWRB]
[  +0.000036] input: Power Button as /devices/LNXSYSTM:00/LNXPWRBN:00/input/input1
[  +0.000058] ACPI: button: Power Button [PWRF]
[  +0.000100] Estimated ratio of average max frequency by base frequency (times 1024): 1141
[  +0.000019] Monitor-Mwait will be used to enter C-1 state
[  +0.000007] ACPI: \_SB_.PLTF.C000: Found 3 idle states
[  +0.000139] ACPI: \_SB_.PLTF.C001: Found 3 idle states
[  +0.000236] ACPI: \_SB_.PLTF.C002: Found 3 idle states
[  +0.000169] ACPI: \_SB_.PLTF.C003: Found 3 idle states
[  +0.000161] ACPI: \_SB_.PLTF.C004: Found 3 idle states
[  +0.000193] ACPI: \_SB_.PLTF.C005: Found 3 idle states
[  +0.000202] ACPI: \_SB_.PLTF.C006: Found 3 idle states
[  +0.000208] ACPI: \_SB_.PLTF.C007: Found 3 idle states
[  +0.000351] Serial: 8250/16550 driver, 32 ports, IRQ sharing enabled
[  +0.000238] serial8250: ttyS0 at I/O 0x3f8 (irq = 4, base_baud = 115200) is a 16550A
[  +0.002732] Non-volatile memory driver v1.3
[  +0.000002] Linux agpgart interface v0.103
[  +0.000104] AMD-Vi: AMD IOMMUv2 loaded and initialized
[  +0.000049] ACPI: bus type drm_connector registered
[  +0.001352] ahci 0000:01:00.1: version 3.0
[  +0.000127] ahci 0000:01:00.1: SSS flag set, parallel bus scan disabled
[  +0.000047] ahci 0000:01:00.1: AHCI 0001.0301 32 slots 6 ports 6 Gbps 0x3f impl SATA mode
[  +0.000002] ahci 0000:01:00.1: flags: 64bit ncq sntf stag pm led clo only pmp pio slum part sxs deso sadm sds apst 
[  +0.000683] scsi host0: ahci
[  +0.000203] scsi host1: ahci
[  +0.000193] scsi host2: ahci
[  +0.000160] scsi host3: ahci
[  +0.000154] scsi host4: ahci
[  +0.000163] scsi host5: ahci
[  +0.000054] ata1: SATA max UDMA/133 abar m131072@0xfce80000 port 0xfce80100 irq 41
[  +0.000002] ata2: SATA max UDMA/133 abar m131072@0xfce80000 port 0xfce80180 irq 41
[  +0.000002] ata3: SATA max UDMA/133 abar m131072@0xfce80000 port 0xfce80200 irq 41
[  +0.000002] ata4: SATA max UDMA/133 abar m131072@0xfce80000 port 0xfce80280 irq 41
[  +0.000002] ata5: SATA max UDMA/133 abar m131072@0xfce80000 port 0xfce80300 irq 41
[  +0.000001] ata6: SATA max UDMA/133 abar m131072@0xfce80000 port 0xfce80380 irq 41
[  +0.000099] usbcore: registered new interface driver usbserial_generic
[  +0.000009] usbserial: USB Serial support registered for generic
[  +0.000076] rtc_cmos 00:02: RTC can wake from S4
[  +0.000247] rtc_cmos 00:02: registered as rtc0
[  +0.000038] rtc_cmos 00:02: setting system clock to 2019-01-01T00:02:08 UTC (1546300928)
[  +0.000029] rtc_cmos 00:02: alarms up to one month, y3k, 114 bytes nvram
[  +0.001530] ledtrig-cpu: registered to indicate activity on CPUs
[  +0.000511] [drm] Initialized simpledrm 1.0.0 20200625 for simple-framebuffer.0 on minor 0
[  +0.000942] fbcon: Deferring console take-over
[  +0.000002] simple-framebuffer simple-framebuffer.0: [drm] fb0: simpledrmdrmfb frame buffer device
[  +0.000048] hid: raw HID events driver (C) Jiri Kosina
[  +0.000107] drop_monitor: Initializing network drop monitor service
[  +0.009672] Initializing XFRM netlink socket
[  +0.000036] NET: Registered PF_INET6 protocol family
[  +0.033659] Freeing initrd memory: 32424K
[  +0.006258] Segment Routing with IPv6
[  +0.000002] RPL Segment Routing with IPv6
[  +0.000016] In-situ OAM (IOAM) with IPv6
[  +0.000037] NET: Registered PF_PACKET protocol family
[  +0.001612] microcode: CPU1: patch_level=0x0a50000f
[  +0.000009] microcode: CPU2: patch_level=0x0a50000f
[  +0.000002] microcode: CPU3: patch_level=0x0a50000f
[  +0.000002] microcode: CPU0: patch_level=0x0a50000f
[  -0.000001] microcode: CPU6: patch_level=0x0a50000f
[  +0.000002] microcode: CPU5: patch_level=0x0a50000f
[  +0.000000] microcode: CPU4: patch_level=0x0a50000f
[  +0.000002] microcode: CPU7: patch_level=0x0a50000f
[  +0.000023] microcode: Microcode Update Driver: v2.2.
[  +0.000212] resctrl: L3 allocation detected
[  +0.000002] resctrl: MB allocation detected
[  +0.000000] resctrl: L3 monitoring detected
[  +0.000004] IPI shorthand broadcast: enabled
[  +0.002757] registered taskstats version 1
[  +0.001031] Loading compiled-in X.509 certificates
[  +0.002191] Loaded X.509 cert 'Build time autogenerated kernel key: 0478c534fdc2dc64881c421b8f873d9cf7366403'
[  +0.003795] zswap: loaded using pool zstd/zsmalloc
[  +0.005158] Key type .fscrypt registered
[  +0.000002] Key type fscrypt-provisioning registered
[  +0.000051] AppArmor: AppArmor sha1 policy hashing enabled
[  +0.000092] integrity: Loading X.509 certificate: UEFI:db
[  +0.000229] integrity: Loaded X.509 cert 'ASUSTeK MotherBoard SW Key Certificate: da83b990422ebc8c441f8d8b039a65a2'
[  +0.000001] integrity: Loading X.509 certificate: UEFI:db
[  +0.000112] integrity: Loaded X.509 cert 'ASUSTeK Notebook SW Key Certificate: b8e581e4df77a5bb4282d5ccfc00c071'
[  +0.000001] integrity: Loading X.509 certificate: UEFI:db
[  +0.000015] integrity: Loaded X.509 cert 'Microsoft Corporation UEFI CA 2011: 13adbf4309bd82709c8cd54f316ed522988a1bd4'
[  +0.000001] integrity: Loading X.509 certificate: UEFI:db
[  +0.000015] integrity: Loaded X.509 cert 'Microsoft Windows Production PCA 2011: a92902398e16c49778cd90f99e4f9ae17c55af53'
[  +0.000001] integrity: Loading X.509 certificate: UEFI:db
[  +0.000103] integrity: Loaded X.509 cert 'Canonical Ltd. Master Certificate Authority: ad91990bc22ab1f517048c23b6655a268e345a63'
[  +0.000686] PM:   Magic number: 3:1:0
[  +0.000079] memory memory48: hash matches
[  +0.004001] RAS: Correctable Errors collector initialized.
[  +0.000037] Lockdown: swapper/0: hibernation is restricted; see man kernel_lockdown.7
[  +0.000048] clk: Disabling unused clocks
[  +0.239740] ata1: SATA link down (SStatus 0 SControl 300)
[  +0.313345] ata2: SATA link down (SStatus 0 SControl 300)
[  +0.313230] ata3: SATA link down (SStatus 0 SControl 330)
[  +0.313438] ata4: SATA link down (SStatus 0 SControl 330)
[  +0.313336] ata5: SATA link down (SStatus 0 SControl 330)
[  +0.313223] ata6: SATA link down (SStatus 0 SControl 330)
[  +0.002392] Freeing unused decrypted memory: 2028K
[  +0.000471] Freeing unused kernel image (initmem) memory: 3412K
[  +0.000050] Write protecting the kernel read-only data: 30720k
[  +0.000495] Freeing unused kernel image (rodata/data gap) memory: 1252K
[  +0.040077] x86/mm: Checked W+X mappings: passed, no W+X pages found.
[  +0.000006] rodata_test: all tests were successful
[  +0.000002] x86/mm: Checking user space page tables
[  +0.038341] x86/mm: Checked W+X mappings: passed, no W+X pages found.
[  +0.000017] Run /init as init process
[  +0.000002]   with arguments:
[  +0.000001]     /init
[  +0.000002]     extra_latent_entropy
[  +0.000001]   with environment:
[  +0.000001]     HOME=/
[  +0.000001]     TERM=linux
[  +0.000000]     BOOT_IMAGE=/vmlinuz-linux-lts
[  +0.000001]     kasan_multi_shot=on
[  +0.000001]     pti=on
[  +0.000001]     mem_encrypt=on
[  +0.000001]     noexec=on
[  +0.015467] fbcon: Taking over console
[  +0.003665] Console: switching to colour frame buffer device 240x67
[  +0.143460] xhci_hcd 0000:01:00.0: xHCI Host Controller
[  +0.000009] xhci_hcd 0000:01:00.0: new USB bus registered, assigned bus number 1
[  +0.010183] nvme 0000:07:00.0: platform quirk: setting simple suspend
[  +0.000079] nvme nvme0: pci function 0000:07:00.0
[  +0.001709] nvme 0000:09:00.0: platform quirk: setting simple suspend
[  +0.000061] nvme nvme1: pci function 0000:09:00.0
[  +0.005792] nvme nvme1: 7/0/0 default/read/poll queues
[  +0.001601]  nvme1n1: p1 p2 p3
[  +0.012322] nvme nvme0: 15/0/0 default/read/poll queues
[  +0.006637]  nvme0n1: p1
[  +0.017396] xhci_hcd 0000:01:00.0: hcc params 0x0200ef81 hci version 0x110 quirks 0x0000000000000410
[  +0.000580] xhci_hcd 0000:01:00.0: xHCI Host Controller
[  +0.000005] xhci_hcd 0000:01:00.0: new USB bus registered, assigned bus number 2
[  +0.000004] xhci_hcd 0000:01:00.0: Host supports USB 3.1 Enhanced SuperSpeed
[  +0.000072] usb usb1: New USB device found, idVendor=1d6b, idProduct=0002, bcdDevice= 6.06
[  +0.000003] usb usb1: New USB device strings: Mfr=3, Product=2, SerialNumber=1
[  +0.000002] usb usb1: Product: xHCI Host Controller
[  +0.000001] usb usb1: Manufacturer: Linux 6.6.22-1-lts xhci-hcd
[  +0.000002] usb usb1: SerialNumber: 0000:01:00.0
[  +0.000202] hub 1-0:1.0: USB hub found
[  +0.000015] hub 1-0:1.0: 10 ports detected
[  +0.017805] usb usb2: We don't know the algorithms for LPM for this host, disabling LPM.
[  +0.000029] usb usb2: New USB device found, idVendor=1d6b, idProduct=0003, bcdDevice= 6.06
[  +0.000002] usb usb2: New USB device strings: Mfr=3, Product=2, SerialNumber=1
[  +0.000002] usb usb2: Product: xHCI Host Controller
[  +0.000001] usb usb2: Manufacturer: Linux 6.6.22-1-lts xhci-hcd
[  +0.000001] usb usb2: SerialNumber: 0000:01:00.0
[  +0.000281] hub 2-0:1.0: USB hub found
[  +0.000010] hub 2-0:1.0: 4 ports detected
[  +0.008012] xhci_hcd 0000:0a:00.3: xHCI Host Controller
[  +0.000006] xhci_hcd 0000:0a:00.3: new USB bus registered, assigned bus number 3
[  +0.000105] xhci_hcd 0000:0a:00.3: hcc params 0x0268ffe5 hci version 0x110 quirks 0x0000020000000410
[  +0.000462] xhci_hcd 0000:0a:00.3: xHCI Host Controller
[  +0.000003] xhci_hcd 0000:0a:00.3: new USB bus registered, assigned bus number 4
[  +0.000002] xhci_hcd 0000:0a:00.3: Host supports USB 3.1 Enhanced SuperSpeed
[  +0.000036] usb usb3: New USB device found, idVendor=1d6b, idProduct=0002, bcdDevice= 6.06
[  +0.000001] usb usb3: New USB device strings: Mfr=3, Product=2, SerialNumber=1
[  +0.000002] usb usb3: Product: xHCI Host Controller
[  +0.000001] usb usb3: Manufacturer: Linux 6.6.22-1-lts xhci-hcd
[  +0.000001] usb usb3: SerialNumber: 0000:0a:00.3
[  +0.000151] hub 3-0:1.0: USB hub found
[  +0.000008] hub 3-0:1.0: 4 ports detected
[  +0.000211] usb usb4: We don't know the algorithms for LPM for this host, disabling LPM.
[  +0.000024] usb usb4: New USB device found, idVendor=1d6b, idProduct=0003, bcdDevice= 6.06
[  +0.000002] usb usb4: New USB device strings: Mfr=3, Product=2, SerialNumber=1
[  +0.000001] usb usb4: Product: xHCI Host Controller
[  +0.000001] usb usb4: Manufacturer: Linux 6.6.22-1-lts xhci-hcd
[  +0.000001] usb usb4: SerialNumber: 0000:0a:00.3
[  +0.000134] hub 4-0:1.0: USB hub found
[  +0.000007] hub 4-0:1.0: 2 ports detected
[  +0.000220] xhci_hcd 0000:0a:00.4: xHCI Host Controller
[  +0.000005] xhci_hcd 0000:0a:00.4: new USB bus registered, assigned bus number 5
[  +0.000116] xhci_hcd 0000:0a:00.4: hcc params 0x0268ffe5 hci version 0x110 quirks 0x0000020000000410
[  +0.000419] xhci_hcd 0000:0a:00.4: xHCI Host Controller
[  +0.000003] xhci_hcd 0000:0a:00.4: new USB bus registered, assigned bus number 6
[  +0.000006] xhci_hcd 0000:0a:00.4: Host supports USB 3.1 Enhanced SuperSpeed
[  +0.000039] usb usb5: New USB device found, idVendor=1d6b, idProduct=0002, bcdDevice= 6.06
[  +0.000002] usb usb5: New USB device strings: Mfr=3, Product=2, SerialNumber=1
[  +0.000001] usb usb5: Product: xHCI Host Controller
[  +0.000002] usb usb5: Manufacturer: Linux 6.6.22-1-lts xhci-hcd
[  +0.000001] usb usb5: SerialNumber: 0000:0a:00.4
[  +0.000149] hub 5-0:1.0: USB hub found
[  +0.000007] hub 5-0:1.0: 4 ports detected
[  +0.000239] usb usb6: We don't know the algorithms for LPM for this host, disabling LPM.
[  +0.000025] usb usb6: New USB device found, idVendor=1d6b, idProduct=0003, bcdDevice= 6.06
[  +0.000001] usb usb6: New USB device strings: Mfr=3, Product=2, SerialNumber=1
[  +0.000002] usb usb6: Product: xHCI Host Controller
[  +0.000001] usb usb6: Manufacturer: Linux 6.6.22-1-lts xhci-hcd
[  +0.000001] usb usb6: SerialNumber: 0000:0a:00.4
[  +0.000135] hub 6-0:1.0: USB hub found
[  +0.000007] hub 6-0:1.0: 2 ports detected
[  +0.238853] usb 1-6: new full-speed USB device number 2 using xhci_hcd
[  +0.006667] usb 3-1: new low-speed USB device number 2 using xhci_hcd
[  +0.157678] usb 3-1: New USB device found, idVendor=09da, idProduct=2268, bcdDevice= 1.04
[  +0.000003] usb 3-1: New USB device strings: Mfr=1, Product=2, SerialNumber=0
[  +0.000002] usb 3-1: Product: USB Keyboard
[  +0.000002] usb 3-1: Manufacturer: SONiX
[  +0.142699] usb 3-2: new low-speed USB device number 3 using xhci_hcd
[  +0.003606] usb 1-6: config 1 has an invalid interface number: 2 but max is 1
[  +0.000003] usb 1-6: config 1 has no interface number 1
[  +0.011976] usb 1-6: New USB device found, idVendor=0b05, idProduct=1939, bcdDevice= 1.00
[  +0.000004] usb 1-6: New USB device strings: Mfr=1, Product=2, SerialNumber=3
[  +0.000002] usb 1-6: Product: AURA LED Controller
[  +0.000001] usb 1-6: Manufacturer: AsusTek Computer Inc.
[  +0.000002] usb 1-6: SerialNumber: 9876543210
[  +0.130683] usb 1-7: new high-speed USB device number 3 using xhci_hcd
[  +0.008001] usb 3-2: New USB device found, idVendor=1bcf, idProduct=0005, bcdDevice= 0.90
[  +0.000003] usb 3-2: New USB device strings: Mfr=0, Product=2, SerialNumber=0
[  +0.000002] usb 3-2: Product: USB Optical Mouse
[  +0.155804] usb 1-7: New USB device found, idVendor=05e3, idProduct=0608, bcdDevice=60.90
[  +0.000005] usb 1-7: New USB device strings: Mfr=0, Product=1, SerialNumber=0
[  +0.000002] usb 1-7: Product: USB2.0 Hub
[  +0.007733] hub 1-7:1.0: USB hub found
[  +0.003970] hub 1-7:1.0: 4 ports detected
[  +0.411083] amdgpu: unknown parameter 'freesync_video' ignored
[  +0.001610] input: SONiX USB Keyboard as /devices/pci0000:00/0000:00:08.1/0000:0a:00.3/usb3/3-1/3-1:1.0/0003:09DA:2268.0001/input/input2
[  +0.001057] [drm] amdgpu kernel modesetting enabled.
[  +0.014497] amdgpu: Virtual CRAT table created for CPU
[  +0.000024] amdgpu: Topology: Add CPU node
[  +0.000149] amdgpu 0000:0a:00.0: enabling device (0006 -> 0007)
[  +0.000056] [drm] initializing kernel modesetting (RENOIR 0x1002:0x1638 0x1043:0x8809 0xC8).
[  +0.000009] [drm] register mmio base: 0xFCC00000
[  +0.000001] [drm] register mmio size: 524288
[  +0.002945] [drm] add ip block number 0 <soc15_common>
[  +0.000002] [drm] add ip block number 1 <gmc_v9_0>
[  +0.000001] [drm] add ip block number 2 <vega10_ih>
[  +0.000002] [drm] add ip block number 3 <psp>
[  +0.000001] [drm] add ip block number 4 <smu>
[  +0.000001] [drm] add ip block number 5 <dm>
[  +0.000001] [drm] add ip block number 6 <gfx_v9_0>
[  +0.000002] [drm] add ip block number 7 <sdma_v4_0>
[  +0.000001] [drm] add ip block number 8 <vcn_v2_0>
[  +0.000001] [drm] add ip block number 9 <jpeg_v2_0>
[  +0.000012] amdgpu 0000:0a:00.0: amdgpu: Fetched VBIOS from VFCT
[  +0.000007] amdgpu: ATOM BIOS: 113-CEZANNE-018
[  +0.003308] [drm] VCN decode is enabled in VM mode
[  +0.000002] [drm] VCN encode is enabled in VM mode
[  +0.001602] [drm] JPEG decode is enabled in VM mode
[  +0.000167] Console: switching to colour dummy device 80x25
[  +0.001475] amdgpu 0000:0a:00.0: vgaarb: deactivate vga console
[  +0.000003] amdgpu 0000:0a:00.0: amdgpu: Trusted Memory Zone (TMZ) feature enabled
[  +0.000002] amdgpu 0000:0a:00.0: amdgpu: MODE2 reset
[  +0.000523] [drm] vm size is 262144 GB, 4 levels, block size is 9-bit, fragment size is 9-bit
[  +0.000005] amdgpu 0000:0a:00.0: amdgpu: VRAM: 512M 0x000000F400000000 - 0x000000F41FFFFFFF (512M used)
[  +0.000002] amdgpu 0000:0a:00.0: amdgpu: GART: 1024M 0x0000000000000000 - 0x000000003FFFFFFF
[  +0.000002] amdgpu 0000:0a:00.0: amdgpu: AGP: 267419648M 0x000000F800000000 - 0x0000FFFFFFFFFFFF
[  +0.000005] [drm] Detected VRAM RAM=512M, BAR=512M
[  +0.000001] [drm] RAM width 128bits DDR4
[  +0.000177] [drm] amdgpu: 512M of VRAM memory ready
[  +0.000001] [drm] amdgpu: 7640M of GTT memory ready.
[  +0.000018] [drm] GART: num cpu pages 262144, num gpu pages 262144
[  +0.000092] [drm] PCIE GART of 1024M enabled.
[  +0.000002] [drm] PTB located at 0x000000F41FC00000
[  +0.000235] [drm] Loading DMUB firmware via PSP: version=0x01010028
[  +0.000509] [drm] Found VCN firmware Version ENC: 1.21 DEC: 7 VEP: 0 Revision: 2
[  +0.000011] amdgpu 0000:0a:00.0: amdgpu: Will use PSP to load VCN firmware
[  +0.028786] hid-generic 0003:09DA:2268.0001: input,hidraw0: USB HID v1.11 Keyboard [SONiX USB Keyboard] on usb-0000:0a:00.3-1/input0
[  +0.005259] input: SONiX USB Keyboard Consumer Control as /devices/pci0000:00/0000:00:08.1/0000:0a:00.3/usb3/3-1/3-1:1.1/0003:09DA:2268.0002/input/input3
[  +0.054343] input: SONiX USB Keyboard System Control as /devices/pci0000:00/0000:00:08.1/0000:0a:00.3/usb3/3-1/3-1:1.1/0003:09DA:2268.0002/input/input4
[  +0.000443] hid-generic 0003:09DA:2268.0002: input,hidraw1: USB HID v1.11 Device [SONiX USB Keyboard] on usb-0000:0a:00.3-1/input1
[  +0.007655] hid-generic 0003:0B05:1939.0003: hiddev96,hidraw2: USB HID v1.11 Device [AsusTek Computer Inc. AURA LED Controller] on usb-0000:01:00.0-6/input2
[  +0.004507] input: USB Optical Mouse as /devices/pci0000:00/0000:00:08.1/0000:0a:00.3/usb3/3-2/3-2:1.0/0003:1BCF:0005.0004/input/input5
[  +0.000454] hid-generic 0003:1BCF:0005.0004: input,hidraw3: USB HID v1.10 Mouse [USB Optical Mouse] on usb-0000:0a:00.3-2/input0
[  +0.000036] usbcore: registered new interface driver usbhid
[  +0.000002] usbhid: USB HID core driver
[  +0.612480] [drm] reserve 0x400000 from 0xf41f800000 for PSP TMR
[  +0.087897] amdgpu 0000:0a:00.0: amdgpu: RAS: optional ras ta ucode is not available
[  +0.011089] amdgpu 0000:0a:00.0: amdgpu: RAP: optional rap ta ucode is not available
[  +0.000002] amdgpu 0000:0a:00.0: amdgpu: SECUREDISPLAY: securedisplay ta ucode is not available
[  +0.000380] amdgpu 0000:0a:00.0: amdgpu: SMU is initialized successfully!
[  +0.000283] [drm] Display Core v3.2.247 initialized on DCN 2.1
[  +0.000003] [drm] DP-HDMI FRL PCON supported
[  +0.000553] [drm] DMUB hardware initialized: version=0x01010028
[  +0.063381] [drm] kiq ring mec 2 pipe 1 q 0
[  +0.003004] [drm] VCN decode and encode initialized successfully(under DPG Mode).
[  +0.000016] [drm] JPEG decode initialized successfully.
[  +0.002787] amdgpu: HMM registered 512MB device memory
[  +0.001094] kfd kfd: amdgpu: Allocated 3969056 bytes on gart
[  +0.000011] kfd kfd: amdgpu: Total number of KFD nodes to be created: 1
[  +0.000083] amdgpu: Virtual CRAT table created for GPU
[  +0.000112] amdgpu: Topology: Add dGPU node [0x1638:0x1002]
[  +0.000002] kfd kfd: amdgpu: added device 1002:1638
[  +0.000007] amdgpu 0000:0a:00.0: amdgpu: SE 1, SH per SE 1, CU per SH 8, active_cu_number 8
[  +0.000719] amdgpu 0000:0a:00.0: amdgpu: ring gfx uses VM inv eng 0 on hub 0
[  +0.000002] amdgpu 0000:0a:00.0: amdgpu: ring gfx_low uses VM inv eng 1 on hub 0
[  +0.000001] amdgpu 0000:0a:00.0: amdgpu: ring gfx_high uses VM inv eng 4 on hub 0
[  +0.000001] amdgpu 0000:0a:00.0: amdgpu: ring comp_1.0.0 uses VM inv eng 5 on hub 0
[  +0.000001] amdgpu 0000:0a:00.0: amdgpu: ring comp_1.1.0 uses VM inv eng 6 on hub 0
[  +0.000001] amdgpu 0000:0a:00.0: amdgpu: ring comp_1.2.0 uses VM inv eng 7 on hub 0
[  +0.000002] amdgpu 0000:0a:00.0: amdgpu: ring comp_1.3.0 uses VM inv eng 8 on hub 0
[  +0.000001] amdgpu 0000:0a:00.0: amdgpu: ring comp_1.0.1 uses VM inv eng 9 on hub 0
[  +0.000001] amdgpu 0000:0a:00.0: amdgpu: ring comp_1.1.1 uses VM inv eng 10 on hub 0
[  +0.000001] amdgpu 0000:0a:00.0: amdgpu: ring comp_1.2.1 uses VM inv eng 11 on hub 0
[  +0.000001] amdgpu 0000:0a:00.0: amdgpu: ring comp_1.3.1 uses VM inv eng 12 on hub 0
[  +0.000002] amdgpu 0000:0a:00.0: amdgpu: ring kiq_0.2.1.0 uses VM inv eng 13 on hub 0
[  +0.000001] amdgpu 0000:0a:00.0: amdgpu: ring sdma0 uses VM inv eng 0 on hub 8
[  +0.000001] amdgpu 0000:0a:00.0: amdgpu: ring vcn_dec uses VM inv eng 1 on hub 8
[  +0.000001] amdgpu 0000:0a:00.0: amdgpu: ring vcn_enc0 uses VM inv eng 4 on hub 8
[  +0.000001] amdgpu 0000:0a:00.0: amdgpu: ring vcn_enc1 uses VM inv eng 5 on hub 8
[  +0.000001] amdgpu 0000:0a:00.0: amdgpu: ring jpeg_dec uses VM inv eng 6 on hub 8
[  +0.000934] [drm] Initialized amdgpu 3.54.0 20150101 for 0000:0a:00.0 on minor 1
[  +0.006947] fbcon: amdgpudrmfb (fb0) is primary device
[  +0.000185] [drm] DSC precompute is not needed.
[  +0.052582] Console: switching to colour frame buffer device 240x67
[  +0.017717] amdgpu 0000:0a:00.0: [drm] fb0: amdgpudrmfb frame buffer device
[  +1.552951] EXT4-fs (nvme1n1p3): mounted filesystem 7bf17edb-b8bf-4757-9cc5-921e34440e42 r/w with ordered data mode. Quota mode: none.
[  +0.050090] systemd[1]: System time before build time, advancing clock.
[  +0.027398] systemd[1]: systemd 255.4-2-arch running in system mode (+PAM +AUDIT -SELINUX -APPARMOR -IMA +SMACK +SECCOMP +GCRYPT +GNUTLS +OPENSSL +ACL +BLKID +CURL +ELFUTILS +FIDO2 +IDN2 -IDN +IPTC +KMOD +LIBCRYPTSETUP +LIBFDISK +PCRE2 +PWQUALITY +P11KIT +QRENCODE +TPM2 +BZIP2 +LZ4 +XZ +ZLIB +ZSTD +BPF_FRAMEWORK +XKBCOMMON +UTMP -SYSVINIT default-hierarchy=unified)
[  +0.000008] systemd[1]: Detected architecture x86-64.
[  +0.001461] systemd[1]: Hostname set to <klimenkomaximsergievich>.
[  +0.269644] systemd[1]: bpf-lsm: LSM BPF program attached
[  +0.023518] systemd-fstab-generator[290]: Checking was requested for "/home", but it is not a device.
[  +0.000406] systemd-fstab-generator[290]: Checking was requested for "/var", but it is not a device.
[  +0.064244] systemd[1]: Queued start job for default target Graphical Interface.
[  +0.007016] systemd[1]: Created slice Slice /system/dirmngr.
[  +0.000406] systemd[1]: Created slice Slice /system/getty.
[  +0.000337] systemd[1]: Created slice Slice /system/gpg-agent.
[  +0.000341] systemd[1]: Created slice Slice /system/gpg-agent-browser.
[  +0.000343] systemd[1]: Created slice Slice /system/gpg-agent-extra.
[  +0.000354] systemd[1]: Created slice Slice /system/gpg-agent-ssh.
[  +0.000356] systemd[1]: Created slice Slice /system/keyboxd.
[  +0.000357] systemd[1]: Created slice Slice /system/modprobe.
[  +0.000342] systemd[1]: Created slice Slice /system/systemd-fsck.
[  +0.000317] systemd[1]: Created slice User and Session Slice.
[  +0.000105] systemd[1]: Started Dispatch Password Requests to Console Directory Watch.
[  +0.000097] systemd[1]: Started Forward Password Requests to Wall Directory Watch.
[  +0.000211] systemd[1]: Set up automount Arbitrary Executable File Formats File System Automount Point.
[  +0.000067] systemd[1]: Expecting device /dev/disk/by-uuid/67794419-6020-4e6c-8920-9b3691b421a5...
[  +0.000047] systemd[1]: Expecting device /dev/disk/by-uuid/ADA6-5BBC...
[  +0.000040] systemd[1]: Expecting device /dev/disk/by-uuid/eb228b0e-b75d-444e-8d3e-ed1bdc1f5682...
[  +0.000050] systemd[1]: Reached target Local Encrypted Volumes.
[  +0.000046] systemd[1]: Reached target Login Prompts.
[  +0.000048] systemd[1]: Reached target Local Integrity Protected Volumes.
[  +0.000051] systemd[1]: Reached target Path Units.
[  +0.000044] systemd[1]: Reached target Remote File Systems.
[  +0.000045] systemd[1]: Reached target Slice Units.
[  +0.000056] systemd[1]: Reached target Local Verity Protected Volumes.
[  +0.000102] systemd[1]: Listening on Device-mapper event daemon FIFOs.
[  +0.000153] systemd[1]: Listening on LVM2 poll daemon socket.
[  +0.001351] systemd[1]: Listening on Process Core Dump Socket.
[  +0.000187] systemd[1]: Listening on Journal Socket (/dev/log).
[  +0.000164] systemd[1]: Listening on Journal Socket.
[  +0.000070] systemd[1]: TPM2 PCR Extension (Varlink) was skipped because of an unmet condition check (ConditionSecurity=measured-uki).
[  +0.000251] systemd[1]: Listening on udev Control Socket.
[  +0.000142] systemd[1]: Listening on udev Kernel Socket.
[  +0.000979] systemd[1]: Mounting Huge Pages File System...
[  +0.000697] systemd[1]: Mounting POSIX Message Queue File System...
[  +0.000627] systemd[1]: Mounting /dev/tmp...
[  +0.000665] systemd[1]: Mounting Kernel Debug File System...
[  +0.000732] systemd[1]: Mounting Kernel Trace File System...
[  +0.000752] systemd[1]: Starting Create List of Static Device Nodes...
[  +0.000766] systemd[1]: Starting Monitoring of LVM2 mirrors, snapshots etc. using dmeventd or progress polling...
[  +0.000727] systemd[1]: Starting Load Kernel Module configfs...
[  +0.002303] systemd[1]: Starting Load Kernel Module dm_mod...
[  +0.000798] systemd[1]: Starting Load Kernel Module drm...
[  +0.000767] systemd[1]: Starting Load Kernel Module fuse...
[  +0.000706] systemd[1]: Starting Load Kernel Module loop...
[  +0.000083] systemd[1]: File System Check on Root Device was skipped because of an unmet condition check (ConditionPathIsReadWrite=!/).
[  +0.001379] systemd[1]: Starting Journal Service...
[  +0.001529] systemd[1]: Starting Load Kernel Modules...
[  +0.000063] systemd[1]: TPM2 PCR Machine ID Measurement was skipped because of an unmet condition check (ConditionSecurity=measured-uki).
[  +0.000661] systemd[1]: Starting Remount Root and Kernel File Systems...
[  +0.000068] systemd[1]: TPM2 SRK Setup (Early) was skipped because of an unmet condition check (ConditionSecurity=measured-uki).
[  +0.000746] systemd[1]: Starting Coldplug All udev Devices...
[  +0.001211] systemd[1]: Mounted Huge Pages File System.
[  +0.000155] systemd[1]: Mounted POSIX Message Queue File System.
[  +0.000144] systemd[1]: Mounted /dev/tmp.
[  +0.000586] systemd[1]: Mounted Kernel Debug File System.
[  +0.000516] systemd[1]: Mounted Kernel Trace File System.
[  +0.000717] systemd[1]: Finished Create List of Static Device Nodes.
[  +0.002134] systemd[1]: modprobe@configfs.service: Deactivated successfully.
[  +0.000058] device-mapper: uevent: version 1.0.3
[  +0.000224] systemd[1]: Finished Load Kernel Module configfs.
[  +0.000374] loop: module loaded
[  +0.000059] device-mapper: ioctl: 4.48.0-ioctl (2023-03-01) initialised: dm-devel@redhat.com
[  +0.000331] systemd[1]: modprobe@drm.service: Deactivated successfully.
[  +0.000200] systemd[1]: Finished Load Kernel Module drm.
[  +0.000667] systemd[1]: modprobe@dm_mod.service: Deactivated successfully.
[  +0.000423] systemd[1]: Finished Load Kernel Module dm_mod.
[  +0.000245] fuse: init (API version 7.39)
[  +0.000552] EXT4-fs (nvme1n1p3): re-mounted 7bf17edb-b8bf-4757-9cc5-921e34440e42 r/w. Quota mode: none.
[  +0.000475] systemd[1]: modprobe@fuse.service: Deactivated successfully.
[  +0.000203] systemd[1]: Finished Load Kernel Module fuse.
[  +0.000089] systemd-journald[312]: Collecting audit messages is disabled.
[  +0.000548] systemd[1]: modprobe@loop.service: Deactivated successfully.
[  +0.000197] systemd[1]: Finished Load Kernel Module loop.
[  +0.000616] systemd[1]: Finished Load Kernel Modules.
[  +0.000578] systemd[1]: Finished Remount Root and Kernel File Systems.
[  +0.001441] systemd[1]: Mounting FUSE Control File System...
[  +0.000930] systemd[1]: Mounting Kernel Configuration File System...
[  +0.000653] systemd[1]: Rebuild Hardware Database was skipped because of an unmet condition check (ConditionNeedsUpdate=/etc).
[  +0.000084] systemd[1]: Repartition Root Disk was skipped because no trigger condition checks were met.
[  +0.000883] systemd[1]: Starting Apply Kernel Variables...
[  +0.001113] systemd[1]: Starting Create Static Device Nodes in /dev gracefully...
[  +0.003155] systemd[1]: Mounted FUSE Control File System.
[  +0.000609] systemd[1]: Mounted Kernel Configuration File System.
[  +0.005556] systemd[1]: Finished Apply Kernel Variables.
[  +0.021774] systemd[1]: Finished Create Static Device Nodes in /dev gracefully.
[  +0.001014] systemd[1]: Create System Users was skipped because no trigger condition checks were met.
[  +0.000766] systemd[1]: Starting Create Static Device Nodes in /dev...
[  +0.012109] systemd[1]: Finished Monitoring of LVM2 mirrors, snapshots etc. using dmeventd or progress polling.
[  +0.013442] systemd[1]: Finished Create Static Device Nodes in /dev.
[  +0.000564] systemd[1]: Reached target Preparation for Local File Systems.
[  +0.000503] systemd[1]: home.mount: Directory /home to mount over is not empty, mounting anyway.
[  +0.000786] systemd[1]: Mounting /home...
[  +0.000475] systemd[1]: var.mount: Directory /var to mount over is not empty, mounting anyway.
[  +0.000577] systemd[1]: Mounting /var...
[  +0.001112] systemd[1]: Starting Rule-based Manager for Device Events and Files...
[  +0.000392] systemd[1]: Started Journal Service.
[  +0.021838] systemd-journald[312]: Received client request to flush runtime journal.
[  +0.022837] systemd-journald[312]: /var/log/journal/749ac78a84c54f12b1c0fc65231f173b/system.journal: Realtime clock jumped backwards relative to last journal entry, rotating.
[  +0.000007] systemd-journald[312]: Rotating system journal.
[  +0.086113] Adding 17825788k swap on /dev/nvme1n1p2.  Priority:-2 extents:1 across:17825788k SS
[  +0.027566] piix4_smbus 0000:00:14.0: SMBus Host Controller at 0xb00, revision 0
[  +0.000005] piix4_smbus 0000:00:14.0: Using register 0x02 for SMBus port selection
[  +0.006572] piix4_smbus 0000:00:14.0: Auxiliary SMBus Host Controller at 0xb20
[  +0.002488] ccp 0000:0a:00.2: enabling device (0000 -> 0002)
[  +0.005801] ccp 0000:0a:00.2: ccp: unable to access the device: you might be running a broken BIOS.
[  +0.003692] sp5100_tco: SP5100/SB800 TCO WatchDog Timer Driver
[  +0.000085] sp5100-tco sp5100-tco: Using 0xfeb00000 for watchdog MMIO address
[  +0.005065] sp5100-tco sp5100-tco: initialized. heartbeat=60 sec (nowayout=0)
[  +0.001317] ccp 0000:0a:00.2: tee enabled
[  +0.000091] ccp 0000:0a:00.2: psp enabled
[  +0.025991] RAPL PMU: API unit is 2^-32 Joules, 1 fixed counters, 163840 ms ovfl timer
[  +0.000004] RAPL PMU: hw unit of domain package 2^-16 Joules
[  +0.005521] cryptd: max_cpu_qlen set to 1000
[  +0.003418] i8042: PNP: No PS/2 controller found.
[  +0.009118] r8169 0000:05:00.0: enabling device (0000 -> 0003)
[  +0.010739] AVX2 version of gcm_enc/dec engaged.
[  +0.000075] AES CTR mode by8 optimization enabled
[  +0.016012] asus_wmi: ASUS WMI generic driver loaded
[  +0.011590] asus_wmi: Initialization: 0x0
[  +0.000060] asus_wmi: BIOS WMI version: 0.9
[  +0.000330] asus_wmi: SFUN value: 0x0
[  +0.000002] eeepc-wmi eeepc-wmi: Detected ASUSWMI, use DCTS
[  +0.012907] input: Eee PC WMI hotkeys as /devices/platform/eeepc-wmi/input/input6
[  +0.009244] r8169 0000:05:00.0 eth0: RTL8168e/8111e, 08:be:ac:22:9f:b4, XID 2c2, IRQ 94
[  +0.000004] r8169 0000:05:00.0 eth0: jumbo features [frames: 9194 bytes, tx checksumming: ko]
[  +0.008165] snd_hda_intel 0000:0a:00.1: enabling device (0000 -> 0002)
[  +0.000092] snd_hda_intel 0000:0a:00.1: Handle vga_switcheroo audio client
[  +0.003656] snd_hda_intel 0000:0a:00.6: enabling device (0000 -> 0002)
[  +0.020112] r8169 0000:05:00.0 enp5s0: renamed from eth0
[  +0.000672] MCE: In-kernel MCE decoding enabled.
[  +0.006035] input: HD-Audio Generic HDMI/DP,pcm=3 as /devices/pci0000:00/0000:00:08.1/0000:0a:00.1/sound/card0/input7
[  +0.000065] input: HD-Audio Generic HDMI/DP,pcm=7 as /devices/pci0000:00/0000:00:08.1/0000:0a:00.1/sound/card0/input8
[  +0.004044] intel_rapl_common: Found RAPL domain package
[  +0.000002] intel_rapl_common: Found RAPL domain core
[  +0.016837] snd_hda_codec_realtek hdaudioC1D0: autoconfig for ALC1220: line_outs=3 (0x14/0x15/0x16/0x0/0x0) type:line
[  +0.000005] snd_hda_codec_realtek hdaudioC1D0:    speaker_outs=0 (0x0/0x0/0x0/0x0/0x0)
[  +0.000001] snd_hda_codec_realtek hdaudioC1D0:    hp_outs=1 (0x1b/0x0/0x0/0x0/0x0)
[  +0.000002] snd_hda_codec_realtek hdaudioC1D0:    mono: mono_out=0x0
[  +0.000001] snd_hda_codec_realtek hdaudioC1D0:    dig-out=0x1e/0x0
[  +0.000001] snd_hda_codec_realtek hdaudioC1D0:    inputs:
[  +0.000002] snd_hda_codec_realtek hdaudioC1D0:      Front Mic=0x19
[  +0.000001] snd_hda_codec_realtek hdaudioC1D0:      Rear Mic=0x18
[  +0.000001] snd_hda_codec_realtek hdaudioC1D0:      Line=0x1a
[  +0.022612] input: HD-Audio Generic Front Mic as /devices/pci0000:00/0000:00:08.1/0000:0a:00.6/sound/card1/input9
[  +0.000062] input: HD-Audio Generic Rear Mic as /devices/pci0000:00/0000:00:08.1/0000:0a:00.6/sound/card1/input10
[  +0.000903] input: HD-Audio Generic Line as /devices/pci0000:00/0000:00:08.1/0000:0a:00.6/sound/card1/input11
[  +0.000087] input: HD-Audio Generic Line Out Front as /devices/pci0000:00/0000:00:08.1/0000:0a:00.6/sound/card1/input12
[  +0.000997] input: HD-Audio Generic Line Out Surround as /devices/pci0000:00/0000:00:08.1/0000:0a:00.6/sound/card1/input13
[  +0.000067] input: HD-Audio Generic Line Out CLFE as /devices/pci0000:00/0000:00:08.1/0000:0a:00.6/sound/card1/input14
[  +0.000056] input: HD-Audio Generic Front Headphone as /devices/pci0000:00/0000:00:08.1/0000:0a:00.6/sound/card1/input15
[  +0.911536] mousedev: PS/2 mouse device common for all mice
[  +1.655972] EXT4-fs (nvme0n1p1): mounted filesystem eb228b0e-b75d-444e-8d3e-ed1bdc1f5682 r/w with ordered data mode. Quota mode: none.
[  +0.261724] xt_connbytes: Forcing CT accounting to be enabled
[  +0.156878] RTL8211DN Gigabit Ethernet r8169-0-500:00: attached PHY driver (mii_bus:phy_addr=r8169-0-500:00, irq=MAC)
[  +0.274163] r8169 0000:05:00.0 enp5s0: Link is Down
[  +0.169096] Lockdown: Xorg: raw io port access is restricted; see man kernel_lockdown.7
[  +0.747420] Lockdown: systemd-logind: hibernation is restricted; see man kernel_lockdown.7
[  +0.001377] Lockdown: systemd-logind: hibernation is restricted; see man kernel_lockdown.7
[  +0.000303] Lockdown: systemd-logind: hibernation is restricted; see man kernel_lockdown.7
[  +0.039028] sddm-greeter[963]: memfd_create() called without MFD_EXEC or MFD_NOEXEC_SEAL set
[  +6.421013] systemd-journald[312]: /var/log/journal/749ac78a84c54f12b1c0fc65231f173b/user-1000.journal: Journal file uses a different sequence number ID, rotating.
[Mar25 14:41] Iptables: IPT OUTPUT packet dIN= OUT=lo SRC=127.0.0.1 DST=127.0.0.1 LEN=61 TOS=0x00 PREC=0x00 TTL=64 ID=34505 DF PROTO=UDP SPT=57670 DPT=53 LEN=41 
[  +3.039655] Iptables: IPT OUTPUT packet dIN= OUT=lo SRC=127.0.0.1 DST=127.0.0.1 LEN=72 TOS=0x00 PREC=0x00 TTL=64 ID=18869 DF PROTO=UDP SPT=50594 DPT=53 LEN=52 
[  +0.044685] Iptables: IPT OUTPUT packet dIN= OUT=lo SRC=127.0.0.1 DST=127.0.0.1 LEN=61 TOS=0x00 PREC=0x00 TTL=64 ID=34506 DF PROTO=UDP SPT=57670 DPT=53 LEN=41 
[ +17.025115] Iptables: IPT OUTPUT packet dIN= OUT=lo SRC=127.0.0.1 DST=127.0.0.1 LEN=55 TOS=0x00 PREC=0x00 TTL=64 ID=27619 DF PROTO=UDP SPT=60477 DPT=53 LEN=35 
[ +20.131142] Iptables: IPT OUTPUT packet dIN= OUT=lo SRC=127.0.0.1 DST=127.0.0.1 LEN=61 TOS=0x00 PREC=0x00 TTL=64 ID=34613 DF PROTO=UDP SPT=42968 DPT=53 LEN=41 
[Mar25 14:42] Iptables: IPT OUTPUT packet dIN= OUT=lo SRC=127.0.0.1 DST=127.0.0.1 LEN=55 TOS=0x00 PREC=0x00 TTL=64 ID=42131 DF PROTO=UDP SPT=49292 DPT=53 LEN=35 
[  +4.978249] r8169 0000:05:00.0 enp5s0: Link is Up - 1Gbps/Full - flow control rx/tx
[  +0.003330] r8169 0000:05:00.0 enp5s0: Link is Up - 1Gbps/Full - flow control rx/tx
[  +0.008152] Iptables: v6Deny: IN= OUT=enp5s0 SRC=0000:0000:0000:0000:0000:0000:0000:0000 DST=ff02:0000:0000:0000:0000:0000:0000:0016 LEN=76 TC=0 HOPLIMIT=1 FLOWLBL=0 PROTO=ICMPv6 TYPE=143 CODE=0 MARK=0xd4 
[  +0.143329] Iptables: v6Deny: IN= OUT=enp5s0 SRC=0000:0000:0000:0000:0000:0000:0000:0000 DST=ff02:0000:0000:0000:0000:0001:ff50:47aa LEN=72 TC=0 HOPLIMIT=255 FLOWLBL=0 PROTO=ICMPv6 TYPE=135 CODE=0 
[  +0.576681] Iptables: v6Deny: IN= OUT=enp5s0 SRC=0000:0000:0000:0000:0000:0000:0000:0000 DST=ff02:0000:0000:0000:0000:0000:0000:0016 LEN=76 TC=0 HOPLIMIT=1 FLOWLBL=0 PROTO=ICMPv6 TYPE=143 CODE=0 MARK=0xd4 
[  +0.450074] Iptables: IPT OUTPUT packet dIN= OUT=enp5s0 SRC=fe80:0000:0000:0000:61da:8e89:7250:47aa DST=ff02:0000:0000:0000:0000:0000:0000:0016 LEN=76 TC=0 HOPLIMIT=1 FLOWLBL=0 PROTO=ICMPv6 TYPE=143 CODE=0 MARK=0xd4 
[  +0.000013] Iptables: v6Deny: IN= OUT=enp5s0 SRC=fe80:0000:0000:0000:61da:8e89:7250:47aa DST=ff02:0000:0000:0000:0000:0000:0000:0016 LEN=76 TC=0 HOPLIMIT=1 FLOWLBL=0 PROTO=ICMPv6 TYPE=143 CODE=0 MARK=0xd4 
[  +0.195141] Iptables: IPT OUTPUT packet dIN= OUT=enp5s0 SRC=fe80:0000:0000:0000:61da:8e89:7250:47aa DST=ff02:0000:0000:0000:0000:0000:0000:0002 LEN=48 TC=0 HOPLIMIT=255 FLOWLBL=85646 PROTO=ICMPv6 TYPE=133 CODE=0 
[  +0.000008] Iptables: v6Deny: IN= OUT=enp5s0 SRC=fe80:0000:0000:0000:61da:8e89:7250:47aa DST=ff02:0000:0000:0000:0000:0000:0000:0002 LEN=48 TC=0 HOPLIMIT=255 FLOWLBL=85646 PROTO=ICMPv6 TYPE=133 CODE=0 
[  +0.391454] Iptables: IPT OUTPUT packet dIN= OUT=enp5s0 SRC=fe80:0000:0000:0000:61da:8e89:7250:47aa DST=ff02:0000:0000:0000:0000:0000:0000:0016 LEN=76 TC=0 HOPLIMIT=1 FLOWLBL=0 PROTO=ICMPv6 TYPE=143 CODE=0 MARK=0xd4 
[  +0.000008] Iptables: v6Deny: IN= OUT=enp5s0 SRC=fe80:0000:0000:0000:61da:8e89:7250:47aa DST=ff02:0000:0000:0000:0000:0000:0000:0016 LEN=76 TC=0 HOPLIMIT=1 FLOWLBL=0 PROTO=ICMPv6 TYPE=143 CODE=0 MARK=0xd4 
[  +0.061588] r8169 0000:05:00.0 enp5s0: Link is Down
[  +1.914169] r8169 0000:05:00.0 enp5s0: Link is Up - 1Gbps/Full - flow control rx/tx
[  +0.010860] Iptables: v6Deny: IN= OUT=enp5s0 SRC=fe80:0000:0000:0000:61da:8e89:7250:47aa DST=ff02:0000:0000:0000:0000:0000:0000:0016 LEN=76 TC=0 HOPLIMIT=1 FLOWLBL=0 PROTO=ICMPv6 TYPE=143 CODE=0 MARK=0xd4 
[  +0.573615] Iptables: v6Deny: IN= OUT=enp5s0 SRC=fe80:0000:0000:0000:61da:8e89:7250:47aa DST=ff02:0000:0000:0000:0000:0000:0000:0016 LEN=76 TC=0 HOPLIMIT=1 FLOWLBL=0 PROTO=ICMPv6 TYPE=143 CODE=0 MARK=0xd4 
[  +1.350650] Iptables: v6Deny: IN= OUT=enp5s0 SRC=fe80:0000:0000:0000:61da:8e89:7250:47aa DST=ff02:0000:0000:0000:0000:0000:0000:0002 LEN=48 TC=0 HOPLIMIT=255 FLOWLBL=85646 PROTO=ICMPv6 TYPE=133 CODE=0 
[  +3.647671] r8169 0000:05:00.0 enp5s0: Link is Down
[  +1.950946] r8169 0000:05:00.0 enp5s0: Link is Up - 1Gbps/Full - flow control rx/tx
[  +0.007117] Iptables: v6Deny: IN= OUT=enp5s0 SRC=fe80:0000:0000:0000:61da:8e89:7250:47aa DST=ff02:0000:0000:0000:0000:0000:0000:0016 LEN=76 TC=0 HOPLIMIT=1 FLOWLBL=0 PROTO=ICMPv6 TYPE=143 CODE=0 MARK=0xd4 
[  +0.483516] Iptables: v6Deny: IN= OUT=enp5s0 SRC=fe80:0000:0000:0000:61da:8e89:7250:47aa DST=ff02:0000:0000:0000:0000:0000:0000:0016 LEN=76 TC=0 HOPLIMIT=1 FLOWLBL=0 PROTO=ICMPv6 TYPE=143 CODE=0 MARK=0xd4 
[  +2.735007] Iptables: v6Deny: IN= OUT=enp5s0 SRC=fe80:0000:0000:0000:61da:8e89:7250:47aa DST=ff02:0000:0000:0000:0000:0000:0000:0002 LEN=48 TC=0 HOPLIMIT=255 FLOWLBL=85646 PROTO=ICMPv6 TYPE=133 CODE=0 
[  +0.722656] Iptables: IPT OUTPUT packet dIN= OUT=lo SRC=127.0.0.1 DST=127.0.0.1 LEN=56 TOS=0x00 PREC=0x00 TTL=64 ID=19218 DF PROTO=UDP SPT=54703 DPT=53 LEN=36 
[ +17.377569] Iptables: IPT OUTPUT packet dIN= OUT=enp5s0 SRC=fe80:0000:0000:0000:61da:8e89:7250:47aa DST=ff02:0000:0000:0000:0000:0000:0000:0002 LEN=48 TC=0 HOPLIMIT=255 FLOWLBL=85646 PROTO=ICMPv6 TYPE=133 CODE=0 
[  +0.000008] Iptables: v6Deny: IN= OUT=enp5s0 SRC=fe80:0000:0000:0000:61da:8e89:7250:47aa DST=ff02:0000:0000:0000:0000:0000:0000:0002 LEN=48 TC=0 HOPLIMIT=255 FLOWLBL=85646 PROTO=ICMPv6 TYPE=133 CODE=0 
[  +2.417601] Iptables: IPT OUTPUT packet dIN= OUT=lo SRC=127.0.0.1 DST=127.0.0.1 LEN=60 TOS=0x00 PREC=0x00 TTL=64 ID=8522 DF PROTO=UDP SPT=57175 DPT=53 LEN=40 
[ +10.593212] r8169 0000:05:00.0 enp5s0: Link is Up - 1Gbps/Full - flow control rx/tx
[  +0.002837] r8169 0000:05:00.0 enp5s0: Link is Up - 1Gbps/Full - flow control rx/tx
[  +0.002328] Iptables: v6Deny: IN= OUT=enp5s0 SRC=0000:0000:0000:0000:0000:0000:0000:0000 DST=ff02:0000:0000:0000:0000:0001:ff50:47aa LEN=72 TC=0 HOPLIMIT=255 FLOWLBL=0 PROTO=ICMPv6 TYPE=135 CODE=0 
[  +0.008606] Iptables: v6Deny: IN= OUT=enp5s0 SRC=0000:0000:0000:0000:0000:0000:0000:0000 DST=ff02:0000:0000:0000:0000:0000:0000:0016 LEN=76 TC=0 HOPLIMIT=1 FLOWLBL=0 PROTO=ICMPv6 TYPE=143 CODE=0 MARK=0xd4 
[  +0.380002] Iptables: v6Deny: IN= OUT=enp5s0 SRC=0000:0000:0000:0000:0000:0000:0000:0000 DST=ff02:0000:0000:0000:0000:0000:0000:0016 LEN=76 TC=0 HOPLIMIT=1 FLOWLBL=0 PROTO=ICMPv6 TYPE=143 CODE=0 MARK=0xd4 
[  +0.613769] Iptables: IPT OUTPUT packet dIN= OUT=enp5s0 SRC=fe80:0000:0000:0000:61da:8e89:7250:47aa DST=ff02:0000:0000:0000:0000:0000:0000:0016 LEN=76 TC=0 HOPLIMIT=1 FLOWLBL=0 PROTO=ICMPv6 TYPE=143 CODE=0 MARK=0xd4 
[  +0.000006] Iptables: v6Deny: IN= OUT=enp5s0 SRC=fe80:0000:0000:0000:61da:8e89:7250:47aa DST=ff02:0000:0000:0000:0000:0000:0000:0016 LEN=76 TC=0 HOPLIMIT=1 FLOWLBL=0 PROTO=ICMPv6 TYPE=143 CODE=0 MARK=0xd4 
[  +0.185284] Iptables: v6Deny: IN= OUT=enp5s0 SRC=fe80:0000:0000:0000:61da:8e89:7250:47aa DST=ff02:0000:0000:0000:0000:0000:0000:0002 LEN=48 TC=0 HOPLIMIT=255 FLOWLBL=85646 PROTO=ICMPv6 TYPE=133 CODE=0 
[  +0.774281] Iptables: v6Deny: IN= OUT=enp5s0 SRC=fe80:0000:0000:0000:61da:8e89:7250:47aa DST=ff02:0000:0000:0000:0000:0000:0000:0016 LEN=76 TC=0 HOPLIMIT=1 FLOWLBL=0 PROTO=ICMPv6 TYPE=143 CODE=0 MARK=0xd4 
[  +3.152253] Iptables: v6Deny: IN= OUT=enp5s0 SRC=fe80:0000:0000:0000:61da:8e89:7250:47aa DST=ff02:0000:0000:0000:0000:0000:0000:0002 LEN=48 TC=0 HOPLIMIT=255 FLOWLBL=85646 PROTO=ICMPv6 TYPE=133 CODE=0 
[Mar25 14:43] Iptables: IPT OUTPUT packet dIN= OUT=lo SRC=127.0.0.1 DST=127.0.0.1 LEN=55 TOS=0x00 PREC=0x00 TTL=64 ID=41075 DF PROTO=UDP SPT=51966 DPT=53 LEN=35 
[  +3.031627] Iptables: v6Deny: IN= OUT=enp5s0 SRC=fe80:0000:0000:0000:61da:8e89:7250:47aa DST=ff02:0000:0000:0000:0000:0000:0000:0002 LEN=48 TC=0 HOPLIMIT=255 FLOWLBL=85646 PROTO=ICMPv6 TYPE=133 CODE=0 
[ +14.926403] Iptables: IPT OUTPUT packet dIN= OUT=enp5s0 SRC=fe80:0000:0000:0000:61da:8e89:7250:47aa DST=ff02:0000:0000:0000:0000:0000:0000:0002 LEN=48 TC=0 HOPLIMIT=255 FLOWLBL=85646 PROTO=ICMPv6 TYPE=133 CODE=0 
[  +0.000006] Iptables: v6Deny: IN= OUT=enp5s0 SRC=fe80:0000:0000:0000:61da:8e89:7250:47aa DST=ff02:0000:0000:0000:0000:0000:0000:0002 LEN=48 TC=0 HOPLIMIT=255 FLOWLBL=85646 PROTO=ICMPv6 TYPE=133 CODE=0 
[  +1.835846] Iptables: IPT OUTPUT packet dIN= OUT=enp5s0 SRC=192.168.1.155 DST=192.168.1.1 LEN=55 TOS=0x00 PREC=0x00 TTL=64 ID=31620 DF PROTO=UDP SPT=47079 DPT=53 LEN=35 
[ +20.080466] Iptables: IPT OUTPUT packet dIN= OUT=enp5s0 SRC=192.168.1.155 DST=192.168.1.1 LEN=61 TOS=0x00 PREC=0x00 TTL=64 ID=59305 DF PROTO=UDP SPT=42229 DPT=53 LEN=41 
[  +6.953648] Iptables: IPT OUTPUT packet dIN= OUT=enp5s0 SRC=fe80:0000:0000:0000:61da:8e89:7250:47aa DST=ff02:0000:0000:0000:0000:0000:0000:0002 LEN=48 TC=0 HOPLIMIT=255 FLOWLBL=85646 PROTO=ICMPv6 TYPE=133 CODE=0 
[  +0.000010] Iptables: v6Deny: IN= OUT=enp5s0 SRC=fe80:0000:0000:0000:61da:8e89:7250:47aa DST=ff02:0000:0000:0000:0000:0000:0000:0002 LEN=48 TC=0 HOPLIMIT=255 FLOWLBL=85646 PROTO=ICMPv6 TYPE=133 CODE=0 
[Mar25 14:44] Iptables: IPT OUTPUT packet dIN= OUT=enp5s0 SRC=192.168.1.155 DST=192.168.1.1 LEN=52 TOS=0x00 PREC=0x00 TTL=64 ID=65231 DF PROTO=TCP SPT=46768 DPT=443 WINDOW=3190 RES=0x00 ACK URGP=0 
[ +20.889793] Iptables: IPT OUTPUT packet dIN= OUT=enp5s0 SRC=192.168.1.155 DST=192.168.1.1 LEN=52 TOS=0x00 PREC=0x00 TTL=64 ID=54026 DF PROTO=TCP SPT=46794 DPT=443 WINDOW=249 RES=0x00 ACK URGP=0 
[ +19.279813] Iptables: IPT OUTPUT packet dIN= OUT=enp5s0 SRC=192.168.1.155 DST=192.168.1.1 LEN=52 TOS=0x00 PREC=0x00 TTL=64 ID=31181 DF PROTO=TCP SPT=46818 DPT=443 WINDOW=249 RES=0x00 ACK URGP=0 
[  +5.156659] Iptables: IPT OUTPUT packet dIN= OUT=enp5s0 SRC=fe80:0000:0000:0000:61da:8e89:7250:47aa DST=ff02:0000:0000:0000:0000:0000:0000:0002 LEN=48 TC=0 HOPLIMIT=255 FLOWLBL=85646 PROTO=ICMPv6 TYPE=133 CODE=0 
[  +0.000010] Iptables: v6Deny: IN= OUT=enp5s0 SRC=fe80:0000:0000:0000:61da:8e89:7250:47aa DST=ff02:0000:0000:0000:0000:0000:0000:0002 LEN=48 TC=0 HOPLIMIT=255 FLOWLBL=85646 PROTO=ICMPv6 TYPE=133 CODE=0 
[Mar25 14:45] Iptables: IPT OUTPUT packet dIN= OUT=enp5s0 SRC=192.168.1.155 DST=192.168.1.1 LEN=52 TOS=0x00 PREC=0x00 TTL=64 ID=149 DF PROTO=TCP SPT=46768 DPT=443 WINDOW=3190 RES=0x00 ACK URGP=0 
[ +19.600290] Iptables: IPT OUTPUT packet dIN= OUT=enp5s0 SRC=192.168.1.155 DST=176.113.72.75 LEN=52 TOS=0x00 PREC=0x00 TTL=64 ID=22431 DF PROTO=TCP SPT=33652 DPT=89 WINDOW=249 RES=0x00 ACK URGP=0 
[ +20.100012] Iptables: IPT OUTPUT packet dIN= OUT=enp5s0 SRC=192.168.1.155 DST=176.113.72.75 LEN=52 TOS=0x00 PREC=0x00 TTL=64 ID=36052 DF PROTO=TCP SPT=42996 DPT=89 WINDOW=249 RES=0x00 ACK URGP=0 
[Mar25 14:46] Iptables: IPT OUTPUT packet dIN= OUT=enp5s0 SRC=192.168.1.155 DST=176.113.72.75 LEN=224 TOS=0x00 PREC=0x00 TTL=64 ID=46588 DF PROTO=TCP SPT=43030 DPT=89 WINDOW=249 RES=0x00 ACK PSH URGP=0 
[ +19.941739] Iptables: IPT OUTPUT packet dIN= OUT=enp5s0 SRC=192.168.1.155 DST=176.113.72.75 LEN=52 TOS=0x00 PREC=0x00 TTL=64 ID=64444 DF PROTO=TCP SPT=38106 DPT=89 WINDOW=249 RES=0x00 ACK URGP=0 
[ +19.999333] Iptables: IPT OUTPUT packet dIN= OUT=enp5s0 SRC=192.168.1.155 DST=176.113.72.75 LEN=52 TOS=0x00 PREC=0x00 TTL=64 ID=46048 DF PROTO=TCP SPT=46060 DPT=89 WINDOW=249 RES=0x00 ACK URGP=0 
[  +3.236896] Iptables: IPT OUTPUT packet dIN= OUT=enp5s0 SRC=fe80:0000:0000:0000:61da:8e89:7250:47aa DST=ff02:0000:0000:0000:0000:0000:0000:0002 LEN=48 TC=0 HOPLIMIT=255 FLOWLBL=85646 PROTO=ICMPv6 TYPE=133 CODE=0 
[  +0.000007] Iptables: v6Deny: IN= OUT=enp5s0 SRC=fe80:0000:0000:0000:61da:8e89:7250:47aa DST=ff02:0000:0000:0000:0000:0000:0000:0002 LEN=48 TC=0 HOPLIMIT=255 FLOWLBL=85646 PROTO=ICMPv6 TYPE=133 CODE=0 
[Mar25 14:47] Iptables: IPT OUTPUT packet dIN= OUT=enp5s0 SRC=192.168.1.155 DST=176.113.72.75 LEN=126 TOS=0x00 PREC=0x00 TTL=64 ID=11344 DF PROTO=TCP SPT=44242 DPT=89 WINDOW=249 RES=0x00 ACK PSH URGP=0 
[ +20.307062] Iptables: IPT OUTPUT packet dIN= OUT=enp5s0 SRC=192.168.1.155 DST=176.113.72.75 LEN=52 TOS=0x00 PREC=0x00 TTL=64 ID=64344 DF PROTO=TCP SPT=40614 DPT=89 WINDOW=249 RES=0x00 ACK URGP=0 
[ +20.539614] Iptables: IPT OUTPUT packet dIN= OUT=enp5s0 SRC=192.168.1.155 DST=149.154.167.41 LEN=52 TOS=0x00 PREC=0x00 TTL=64 ID=22014 DF PROTO=TCP SPT=39594 DPT=443 WINDOW=5278 RES=0x00 ACK URGP=0 
[Mar25 14:48] Iptables: IPT OUTPUT packet dIN= OUT=enp5s0 SRC=192.168.1.155 DST=149.154.167.41 LEN=52 TOS=0x00 PREC=0x00 TTL=64 ID=22022 DF PROTO=TCP SPT=39594 DPT=443 WINDOW=5278 RES=0x00 ACK URGP=0 
[ +19.435654] Iptables: IPT OUTPUT packet dIN= OUT=enp5s0 SRC=192.168.1.155 DST=104.25.94.5 LEN=80 TOS=0x00 PREC=0x00 TTL=64 ID=61141 DF PROTO=TCP SPT=49220 DPT=443 WINDOW=28693 RES=0x00 ACK URGP=0 
[ +20.009175] Iptables: IPT OUTPUT packet dIN= OUT=enp5s0 SRC=192.168.1.155 DST=176.113.72.75 LEN=52 TOS=0x00 PREC=0x00 TTL=64 ID=34484 DF PROTO=TCP SPT=49332 DPT=89 WINDOW=251 RES=0x00 ACK URGP=0 
[Mar25 14:49] Iptables: IPT OUTPUT packet dIN= OUT=enp5s0 SRC=192.168.1.155 DST=176.113.72.75 LEN=60 TOS=0x00 PREC=0x00 TTL=64 ID=28461 DF PROTO=TCP SPT=53438 DPT=89 WINDOW=32120 RES=0x00 SYN URGP=0 
[ +19.811571] Iptables: IPT OUTPUT packet dIN= OUT=enp5s0 SRC=192.168.1.155 DST=176.113.72.75 LEN=1176 TOS=0x00 PREC=0x00 TTL=64 ID=49896 DF PROTO=TCP SPT=37776 DPT=89 WINDOW=249 RES=0x00 ACK PSH URGP=0 
